Archive member included to satisfy reference by file (symbol)

../../../../../../Desktop/capi324v221-v1.09.002R\libcapi324v221.a(CBOT_main.o)
                              c:/program files (x86)/atmel/studio/7.0/toolchain/avr8/avr8-gnu-toolchain/bin/../lib/gcc/avr/5.4.0/../../../../avr/lib/avr5/crtatmega324p.o (main)
../../../../../../Desktop/capi324v221-v1.09.002R\libcapi324v221.a(STEPPER_move.o)
                              src/motor_control.o (STEPPER_move)
../../../../../../Desktop/capi324v221-v1.09.002R\libcapi324v221.a(STEPPER_open.o)
                              main.o (STEPPER_open)
../../../../../../Desktop/capi324v221-v1.09.002R\libcapi324v221.a(STEPPER_run.o)
                              ../../../../../../Desktop/capi324v221-v1.09.002R\libcapi324v221.a(STEPPER_move.o) (STEPPER_run)
../../../../../../Desktop/capi324v221-v1.09.002R\libcapi324v221.a(STEPPER_set_accel.o)
                              ../../../../../../Desktop/capi324v221-v1.09.002R\libcapi324v221.a(STEPPER_move.o) (STEPPER_set_accel)
../../../../../../Desktop/capi324v221-v1.09.002R\libcapi324v221.a(STEPPER_set_dir.o)
                              ../../../../../../Desktop/capi324v221-v1.09.002R\libcapi324v221.a(STEPPER_run.o) (STEPPER_set_dir)
../../../../../../Desktop/capi324v221-v1.09.002R\libcapi324v221.a(STEPPER_set_mode.o)
                              ../../../../../../Desktop/capi324v221-v1.09.002R\libcapi324v221.a(STEPPER_move.o) (STEPPER_set_mode)
../../../../../../Desktop/capi324v221-v1.09.002R\libcapi324v221.a(STEPPER_set_speed.o)
                              ../../../../../../Desktop/capi324v221-v1.09.002R\libcapi324v221.a(STEPPER_run.o) (STEPPER_set_speed)
../../../../../../Desktop/capi324v221-v1.09.002R\libcapi324v221.a(STEPPER_step.o)
                              ../../../../../../Desktop/capi324v221-v1.09.002R\libcapi324v221.a(STEPPER_move.o) (STEPPER_step)
../../../../../../Desktop/capi324v221-v1.09.002R\libcapi324v221.a(STEPPER_stop.o)
                              src/app.o (STEPPER_stop)
../../../../../../Desktop/capi324v221-v1.09.002R\libcapi324v221.a(STEPPER_wait_and_then.o)
                              ../../../../../../Desktop/capi324v221-v1.09.002R\libcapi324v221.a(STEPPER_move.o) (STEPPER_wait_and_then)
../../../../../../Desktop/capi324v221-v1.09.002R\libcapi324v221.a(SYS_set_state.o)
                              ../../../../../../Desktop/capi324v221-v1.09.002R\libcapi324v221.a(STEPPER_open.o) (SYS_set_state)
../../../../../../Desktop/capi324v221-v1.09.002R\libcapi324v221.a(ATTINY_get_IR_state.o)
                              src/app.o (ATTINY_get_IR_state)
../../../../../../Desktop/capi324v221-v1.09.002R\libcapi324v221.a(ATTINY_get_sensors.o)
                              ../../../../../../Desktop/capi324v221-v1.09.002R\libcapi324v221.a(ATTINY_get_IR_state.o) (ATTINY_get_sensors)
../../../../../../Desktop/capi324v221-v1.09.002R\libcapi324v221.a(TMRSRVC_new.o)
                              ../../../../../../Desktop/capi324v221-v1.09.002R\libcapi324v221.a(ATTINY_get_IR_state.o) (TMRSRVC_new)
../../../../../../Desktop/capi324v221-v1.09.002R\libcapi324v221.a(CBOT_init.o)
                              ../../../../../../Desktop/capi324v221-v1.09.002R\libcapi324v221.a(CBOT_main.o) (CBOT_init)
../../../../../../Desktop/capi324v221-v1.09.002R\libcapi324v221.a(CBOT_isr.o)
                              ../../../../../../Desktop/capi324v221-v1.09.002R\libcapi324v221.a(CBOT_main.o) (CBOT_ISR_init)
../../../../../../Desktop/capi324v221-v1.09.002R\libcapi324v221.a(ISR_globals.o)
                              ../../../../../../Desktop/capi324v221-v1.09.002R\libcapi324v221.a(CBOT_isr.o) (CBOT_ISR_vtable)
../../../../../../Desktop/capi324v221-v1.09.002R\libcapi324v221.a(ISR_open.o)
                              ../../../../../../Desktop/capi324v221-v1.09.002R\libcapi324v221.a(CBOT_init.o) (ISR_open)
../../../../../../Desktop/capi324v221-v1.09.002R\libcapi324v221.a(ATMEGA_open.o)
                              ../../../../../../Desktop/capi324v221-v1.09.002R\libcapi324v221.a(CBOT_init.o) (ATMEGA_open)
../../../../../../Desktop/capi324v221-v1.09.002R\libcapi324v221.a(ATMEGA_set_clk_mode.o)
                              ../../../../../../Desktop/capi324v221-v1.09.002R\libcapi324v221.a(ATMEGA_open.o) (ATMEGA_set_clk_mode)
../../../../../../Desktop/capi324v221-v1.09.002R\libcapi324v221.a(SPI_open.o)
                              ../../../../../../Desktop/capi324v221-v1.09.002R\libcapi324v221.a(CBOT_init.o) (SPI_open)
../../../../../../Desktop/capi324v221-v1.09.002R\libcapi324v221.a(SPI_receive.o)
                              ../../../../../../Desktop/capi324v221-v1.09.002R\libcapi324v221.a(ATTINY_get_sensors.o) (SPI_receive)
../../../../../../Desktop/capi324v221-v1.09.002R\libcapi324v221.a(SPI_set_config_func.o)
                              ../../../../../../Desktop/capi324v221-v1.09.002R\libcapi324v221.a(SPI_open.o) (SPI_set_config_func)
[...]
Memory Configuration

Name             Origin             Length             Attributes
text             0x00000000         0x00008000         xr
data             0x00800100         0x00000800         rw !x
eeprom           0x00810000         0x00000400         rw !x
fuse             0x00820000         0x00000003         rw !x
lock             0x00830000         0x00000400         rw !x
signature        0x00840000         0x00000400         rw !x
user_signatures  0x00850000         0x00000400         rw !x
*default*        0x00000000         0xffffffff

Linker script and memory map

Address of section .data set to 0x800100
LOAD c:/program files (x86)/atmel/studio/7.0/toolchain/avr8/avr8-gnu-toolchain/bin/../lib/gcc/avr/5.4.0/../../../../avr/lib/avr5/crtatmega324p.o
LOAD main.o
LOAD src/app.o
LOAD src/motor_control.o
START GROUP
LOAD ../../../../../../Desktop/capi324v221-v1.09.002R\libcapi324v221.a
LOAD c:/program files (x86)/atmel/studio/7.0/toolchain/avr8/avr8-gnu-toolchain/bin/../lib/gcc/avr/5.4.0/../../../../avr/lib/avr5\libprintf_flt.a
LOAD c:/program files (x86)/atmel/studio/7.0/toolchain/avr8/avr8-gnu-toolchain/bin/../lib/gcc/avr/5.4.0/../../../../avr/lib/avr5\libm.a
END GROUP
START GROUP
LOAD c:/program files (x86)/atmel/studio/7.0/toolchain/avr8/avr8-gnu-toolchain/bin/../lib/gcc/avr/5.4.0/avr5\libgcc.a
LOAD c:/program files (x86)/atmel/studio/7.0/toolchain/avr8/avr8-gnu-toolchain/bin/../lib/gcc/avr/5.4.0/../../../../avr/lib/avr5\libm.a
LOAD c:/program files (x86)/atmel/studio/7.0/toolchain/avr8/avr8-gnu-toolchain/bin/../lib/gcc/avr/5.4.0/../../../../avr/lib/avr5\libc.a
LOAD c:/program files (x86)/atmel/studio/7.0/toolchain/avr8/avr8-gnu-toolchain/bin/../lib/gcc/avr/5.4.0/../../../../avr/lib/avr5\libatmega324p.a
END GROUP
                [0x00000000]                __TEXT_REGION_ORIGIN__ = DEFINED (__TEXT_REGION_ORIGIN__)?__TEXT_REGION_ORIGIN__:0x0
                [0x00800100]                __DATA_REGION_ORIGIN__ = DEFINED (__DATA_REGION_ORIGIN__)?__DATA_REGION_ORIGIN__:0x800060
                [0x00008000]                __TEXT_REGION_LENGTH__ = DEFINED (__TEXT_REGION_LENGTH__)?__TEXT_REGION_LENGTH__:0x20000
                [0x00000800]                __DATA_REGION_LENGTH__ = DEFINED (__DATA_REGION_LENGTH__)?__DATA_REGION_LENGTH__:0xffa0
                [0x00000400]                __EEPROM_REGION_LENGTH__ = DEFINED (__EEPROM_REGION_LENGTH__)?__EEPROM_REGION_LENGTH__:0x10000
                [0x00000003]                __FUSE_REGION_LENGTH__ = DEFINED (__FUSE_REGION_LENGTH__)?__FUSE_REGION_LENGTH__:0x400
                0x00000400                __LOCK_REGION_LENGTH__ = DEFINED (__LOCK_REGION_LENGTH__)?__LOCK_REGION_LENGTH__:0x400
                0x00000400                __SIGNATURE_REGION_LENGTH__ = DEFINED (__SIGNATURE_REGION_LENGTH__)?__SIGNATURE_REGION_LENGTH__:0x400
                0x00000400                __USER_SIGNATURE_REGION_LENGTH__ = DEFINED (__USER_SIGNATURE_REGION_LENGTH__)?__USER_SIGNATURE_REGION_LENGTH__:0x400

.hash
 *(.hash)

.dynsym
 *(.dynsym)

.dynstr
 *(.dynstr)

.gnu.version
 *(.gnu.version)

.gnu.version_d
 *(.gnu.version_d)

.gnu.version_r
 *(.gnu.version_r)

.rel.init
 *(.rel.init)

.rela.init
 *(.rela.init)

.rel.text
 *(.rel.text)
 *(.rel.text.*)
 *(.rel.gnu.linkonce.t*)

.rela.text
 *(.rela.text)
 *(.rela.text.*)
 *(.rela.gnu.linkonce.t*)

.rel.fini
 *(.rel.fini)

.rela.fini
 *(.rela.fini)

.rel.rodata
 *(.rel.rodata)
 *(.rel.rodata.*)
 *(.rel.gnu.linkonce.r*)

.rela.rodata
 *(.rela.rodata)
 *(.rela.rodata.*)
 *(.rela.gnu.linkonce.r*)

.rel.data
 *(.rel.data)
 *(.rel.data.*)
 *(.rel.gnu.linkonce.d*)

.rela.data
 *(.rela.data)
 *(.rela.data.*)
 *(.rela.gnu.linkonce.d*)

.rel.ctors
 *(.rel.ctors)

.rela.ctors
 *(.rela.ctors)

.rel.dtors
 *(.rel.dtors)

.rela.dtors
 *(.rela.dtors)

.rel.got
 *(.rel.got)

.rela.got
 *(.rela.got)

.rel.bss
 *(.rel.bss)

.rela.bss
 *(.rela.bss)

.rel.plt
 *(.rel.plt)

.rela.plt
 *(.rela.plt)

.text           0x00000000     0x343a
 *(.vectors)
 .vectors       0x00000000       0x7c c:/program files (x86)/atmel/studio/7.0/toolchain/avr8/avr8-gnu-toolchain/bin/../lib/gcc/avr/5.4.0/../../../../avr/lib/avr5/crtatmega324p.o
                0x00000000                __vector_default
                0x00000000                __vectors
 *(.vectors)
 *(.progmem.gcc*)
 .progmem.gcc_sw_table
                0x0000007c       0x26 ../../../../../../Desktop/capi324v221-v1.09.002R\libcapi324v221.a(SYS_set_state.o)
 .progmem.gcc_sw_table
                0x000000a2       0x26 ../../../../../../Desktop/capi324v221-v1.09.002R\libcapi324v221.a(SYS_get_state.o)
                0x000000c8                . = ALIGN (0x2)
                0x000000c8                __trampolines_start = .
 *(.trampolines)
 .trampolines   0x000000c8        0x0 linker stubs
 *(.trampolines*)
                0x000000c8                __trampolines_end = .
 *libprintf_flt.a:*(.progmem.data)
 .progmem.data  0x000000c8        0x8 c:/program files (x86)/atmel/studio/7.0/toolchain/avr8/avr8-gnu-toolchain/bin/../lib/gcc/avr/5.4.0/../../../../avr/lib/avr5\libprintf_flt.a(vfprintf_flt.o)
 *libc.a:*(.progmem.data)
 .progmem.data  0x000000d0       0xfa c:/program files (x86)/atmel/studio/7.0/toolchain/avr8/avr8-gnu-toolchain/bin/../lib/gcc/avr/5.4.0/../../../../avr/lib/avr5\libc.a(ftoa_engine.o)
 *(.progmem*)
                0x000001ca                . = ALIGN (0x2)
 *(.jumptables)
 *(.jumptables*)
 *(.lowtext)
 *(.lowtext*)
                0x000001ca                __ctors_start = .
 *(.ctors)
                0x000001ca                __ctors_end = .
                0x000001ca                __dtors_start = .
 *(.dtors)
                0x000001ca                __dtors_end = .
 SORT(*)(.ctors)
 SORT(*)(.dtors)
 *(.init0)
 .init0         0x000001ca        0x0 c:/program files (x86)/atmel/studio/7.0/toolchain/avr8/avr8-gnu-toolchain/bin/../lib/gcc/avr/5.4.0/../../../../avr/lib/avr5/crtatmega324p.o
                0x000001ca                __init
 *(.init0)
 *(.init1)
 *(.init1)
 *(.init2)
 .init2         0x000001ca        0xc c:/program files (x86)/atmel/studio/7.0/toolchain/avr8/avr8-gnu-toolchain/bin/../lib/gcc/avr/5.4.0/../../../../avr/lib/avr5/crtatmega324p.o
 *(.init2)
 *(.init3)
 *(.init3)
 *(.init4)
 .init4         0x000001d6       0x16 c:/program files (x86)/atmel/studio/7.0/toolchain/avr8/avr8-gnu-toolchain/bin/../lib/gcc/avr/5.4.0/avr5\libgcc.a(_copy_data.o)
                0x000001d6                __do_copy_data
 .init4         0x000001ec       0x10 c:/program files (x86)/atmel/studio/7.0/toolchain/avr8/avr8-gnu-toolchain/bin/../lib/gcc/avr/5.4.0/avr5\libgcc.a(_clear_bss.o)
                0x000001ec                __do_clear_bss
 *(.init4)
 *(.init5)
 *(.init5)
 *(.init6)
 *(.init6)
 *(.init7)
 *(.init7)
 *(.init8)
 *(.init8)
 *(.init9)
 .init9         0x000001fc        0x8 c:/program files (x86)/atmel/studio/7.0/toolchain/avr8/avr8-gnu-toolchain/bin/../lib/gcc/avr/5.4.0/../../../../avr/lib/avr5/crtatmega324p.o
 *(.init9)
 *(.text)
 .text          0x00000204        0x4 c:/program files (x86)/atmel/studio/7.0/toolchain/avr8/avr8-gnu-toolchain/bin/../lib/gcc/avr/5.4.0/../../../../avr/lib/avr5/crtatmega324p.o
                0x00000204                __vector_22
                0x00000204                __vector_28
                0x00000204                __vector_1
                0x00000204                __vector_24
                0x00000204                __bad_interrupt
                0x00000204                __vector_3
                0x00000204                __vector_23
                0x00000204                __vector_30
                0x00000204                __vector_25
                0x00000204                __vector_19
                0x00000204                __vector_27
                0x00000204                __vector_2
                0x00000204                __vector_21
                0x00000204                __vector_29
                0x00000204                __vector_8
                0x00000204                __vector_26
                0x00000204                __vector_20
 .text          0x00000208        0x8 main.o
                0x00000208                CBOT_main
 .text          0x00000210       0x6c src/app.o
                0x00000210                IR_AVOID
                0x00000262                CRUISE
                0x00000272                app_main
 .text          0x0000027c      0x46c src/motor_control.o
                0x0000027c                steps_per_distance
                0x0000028a                move_forward_in_inches_stwt
                0x0000038e                move_forward_in_inches_stnb
                0x00000474                move_backwards_in_inches_stwt
                0x0000055e                turn_90_degrees
                0x00000624                reverse_backup_60_degrees
 .text          0x000006e8       0x12 ../../../../../../Desktop/capi324v221-v1.09.002R\libcapi324v221.a(CBOT_main.o)
                0x000006e8                main
 .text          0x000006fa      0x2c8 ../../../../../../Desktop/capi324v221-v1.09.002R\libcapi324v221.a(STEPPER_move.o)
                0x00000874                STEPPER_move
 .text          0x000009c2       0xae ../../../../../../Desktop/capi324v221-v1.09.002R\libcapi324v221.a(STEPPER_open.o)
                0x000009c2                STEPPER_open
 .text          0x00000a70       0x2e ../../../../../../Desktop/capi324v221-v1.09.002R\libcapi324v221.a(STEPPER_run.o)
                0x00000a70                STEPPER_run
 .text          0x00000a9e       0x44 ../../../../../../Desktop/capi324v221-v1.09.002R\libcapi324v221.a(STEPPER_set_accel.o)
                0x00000a9e                STEPPER_set_accel
 .text          0x00000ae2       0x2a ../../../../../../Desktop/capi324v221-v1.09.002R\libcapi324v221.a(STEPPER_set_dir.o)
                0x00000ae2                STEPPER_set_dir
 .text          0x00000b0c       0x2a ../../../../../../Desktop/capi324v221-v1.09.002R\libcapi324v221.a(STEPPER_set_mode.o)
                0x00000b0c                STEPPER_set_mode
 .text          0x00000b36       0x44 ../../../../../../Desktop/capi324v221-v1.09.002R\libcapi324v221.a(STEPPER_set_speed.o)
                0x00000b36                STEPPER_set_speed
 .text          0x00000b7a      0x118 ../../../../../../Desktop/capi324v221-v1.09.002R\libcapi324v221.a(STEPPER_step.o)
                0x00000b7a                STEPPER_step
 .text          0x00000c92       0x4a ../../../../../../Desktop/capi324v221-v1.09.002R\libcapi324v221.a(STEPPER_stop.o)
                0x00000c92                STEPPER_stop
 .text          0x00000cdc       0x9c ../../../../../../Desktop/capi324v221-v1.09.002R\libcapi324v221.a(STEPPER_wait_and_then.o)
                0x00000cdc                STEPPER_wait_and_then
 .text          0x00000d78       0x8e ../../../../../../Desktop/capi324v221-v1.09.002R\libcapi324v221.a(SYS_set_state.o)
                0x00000d78                SYS_set_state
 .text          0x00000e06       0x6a ../../../../../../Desktop/capi324v221-v1.09.002R\libcapi324v221.a(ATTINY_get_IR_state.o)
                0x00000e06                ATTINY_get_IR_state
 .text          0x00000e70       0x62 ../../../../../../Desktop/capi324v221-v1.09.002R\libcapi324v221.a(ATTINY_get_sensors.o)
                0x00000e70                ATTINY_get_sensors
 .text          0x00000ed2       0x7c ../../../../../../Desktop/capi324v221-v1.09.002R\libcapi324v221.a(TMRSRVC_new.o)
                0x00000ed2                TMRSRVC_new
 .text          0x00000f4e       0x1c ../../../../../../Desktop/capi324v221-v1.09.002R\libcapi324v221.a(CBOT_init.o)
                0x00000f4e                CBOT_init
 .text          0x00000f6a      0x480 ../../../../../../Desktop/capi324v221-v1.09.002R\libcapi324v221.a(CBOT_isr.o)
                0x00000f6a                CBOT_ISR_init
                0x00000f6e                __vector_16
                0x00000fc0                __vector_17
                0x00001012                __vector_18
                0x00001064                __vector_9
                0x000010b6                __vector_10
                0x00001108                __vector_11
                0x0000115a                __vector_13
                0x000011ac                __vector_14
                0x000011fe                __vector_12
                0x00001250                __vector_15
                0x000012a2                __vector_4
                0x000012f4                __vector_5
                0x00001346                __vector_6
                0x00001398                __vector_7
 .text          0x000013ea       0x28 ../../../../../../Desktop/capi324v221-v1.09.002R\libcapi324v221.a(ISR_open.o)
                0x000013ea                ISR_open
 .text          0x00001412       0x24 ../../../../../../Desktop/capi324v221-v1.09.002R\libcapi324v221.a(ATMEGA_open.o)
                0x00001412                ATMEGA_open
 .text          0x00001436       0xa6 ../../../../../../Desktop/capi324v221-v1.09.002R\libcapi324v221.a(ATMEGA_set_clk_mode.o)
                0x00001436                ATMEGA_set_clk_mode
 .text          0x000014dc       0x72 ../../../../../../Desktop/capi324v221-v1.09.002R\libcapi324v221.a(SPI_open.o)
                0x000014dc                SPI_open
 .text          0x0000154e       0x24 ../../../../../../Desktop/capi324v221-v1.09.002R\libcapi324v221.a(SPI_receive.o)
                0x0000154e                SPI_receive
 .text          0x00001572       0x12 ../../../../../../Desktop/capi324v221-v1.09.002R\libcapi324v221.a(SPI_set_config_func.o)
                0x00001572                SPI_set_config_func
 .text          0x00001584       0xa2 ../../../../../../Desktop/capi324v221-v1.09.002R\libcapi324v221.a(SPI_set_slave_addr.o)
                0x00001584                SPI_set_slave_addr
 .text          0x00001626       0x1e ../../../../../../Desktop/capi324v221-v1.09.002R\libcapi324v221.a(SPI_transmit.o)
                0x00001626                SPI_transmit
 .text          0x00001644       0x2a ../../../../../../Desktop/capi324v221-v1.09.002R\libcapi324v221.a(STEPPER_go.o)
                0x00001644                STEPPER_go
 .text          0x0000166e       0x14 ../../../../../../Desktop/capi324v221-v1.09.002R\libcapi324v221.a(__STEPPER_init.o)
                0x0000166e                __STEPPER_init
 .text          0x00001682       0x36 ../../../../../../Desktop/capi324v221-v1.09.002R\libcapi324v221.a(STEPPER_set_steps.o)
                0x00001682                STEPPER_set_steps
 .text          0x000016b8       0x2a ../../../../../../Desktop/capi324v221-v1.09.002R\libcapi324v221.a(STEPPER_set_stop_mode.o)
                0x000016b8                STEPPER_set_stop_mode
 .text          0x000016e2       0x7a ../../../../../../Desktop/capi324v221-v1.09.002R\libcapi324v221.a(STEPPER_setup_decels.o)
                0x000016e2                STEPPER_setup_decels
 .text          0x0000175c       0x90 ../../../../../../Desktop/capi324v221-v1.09.002R\libcapi324v221.a(SYS_get_state.o)
                0x0000175c                SYS_get_state
 .text          0x000017ec       0x46 ../../../../../../Desktop/capi324v221-v1.09.002R\libcapi324v221.a(SYS_init.o)
                0x000017ec                SYS_init
 .text          0x00001832       0x9e ../../../../../../Desktop/capi324v221-v1.09.002R\libcapi324v221.a(ATTINY_open.o)
                0x00001832                ATTINY_open
 .text          0x000018d0       0xd2 ../../../../../../Desktop/capi324v221-v1.09.002R\libcapi324v221.a(__TMRSRVC_insert.o)
                0x000018d0                TMRSRVC_insert
 .text          0x000019a2       0x3e ../../../../../../Desktop/capi324v221-v1.09.002R\libcapi324v221.a(TMRSRVC_open.o)
                0x000019a2                TMRSRVC_open
 .text          0x000019e0        0xc ../../../../../../Desktop/capi324v221-v1.09.002R\libcapi324v221.a(__TMRSRVC_start.o)
                0x000019e0                __TMRSRVC_start
 .text          0x000019ec        0x8 ../../../../../../Desktop/capi324v221-v1.09.002R\libcapi324v221.a(TMRSRVC_start.o)
                0x000019ec                TMRSRVC_start
 .text          0x000019f4       0x22 ../../../../../../Desktop/capi324v221-v1.09.002R\libcapi324v221.a(__ISR_attach.o)
                0x000019f4                __ISR_attach
 .text          0x00001a16        0x6 ../../../../../../Desktop/capi324v221-v1.09.002R\libcapi324v221.a(__ATMEGA_init.o)
                0x00001a16                __ATMEGA_init
 .text          0x00001a1c       0x52 ../../../../../../Desktop/capi324v221-v1.09.002R\libcapi324v221.a(SPI_cfgrs.o)
                0x00001a1c                SPI_default_config
                0x00001a2c                SPI_ATtiny0_config
                0x00001a3c                SPI_PSXC_config
                0x00001a4c                SPI_LCD_config
                0x00001a5c                SPI_FLASH_config
 .text          0x00001a6e        0xe ../../../../../../Desktop/capi324v221-v1.09.002R\libcapi324v221.a(__SPI_init.o)
                0x00001a6e                __SPI_init
 .text          0x00001a7c       0xda ../../../../../../Desktop/capi324v221-v1.09.002R\libcapi324v221.a(STEPPER_set_decel_step_values.o)
                0x00001a7c                STEPPER_set_decel_step_values
 .text          0x00001b56        0xe ../../../../../../Desktop/capi324v221-v1.09.002R\libcapi324v221.a(ISR__TIMER0_COMPA_vect.o)
                0x00001b56                __TIMER0_COMPA_vect
 .text          0x00001b64       0x12 ../../../../../../Desktop/capi324v221-v1.09.002R\libcapi324v221.a(__TMRSRVC_init.o)
                0x00001b64                __TMRSRVC_init
 .text          0x00001b76       0x32 ../../../../../../Desktop/capi324v221-v1.09.002R\libcapi324v221.a(TMRSRVC_tick.o)
                0x00001b76                TMRSRVC_tick
 .text          0x00001ba8       0x4e ../../../../../../Desktop/capi324v221-v1.09.002R\libcapi324v221.a(SPKR_beep_clk.o)
                0x00001ba8                SPKR_beep_clk
 .text          0x00001bf6      0x162 ../../../../../../Desktop/capi324v221-v1.09.002R\libcapi324v221.a(STEPPER_clk.o)
                0x00001bf6                STEPPER_clk
 .text          0x00001d58       0x8a ../../../../../../Desktop/capi324v221-v1.09.002R\libcapi324v221.a(STEPPER_process_accel.o)
                0x00001d58                STEPPER_process_accel
 .text          0x00001de2      0x206 ../../../../../../Desktop/capi324v221-v1.09.002R\libcapi324v221.a(STEPPER_process_run_mode.o)
                0x00001de2                STEPPER_process_run_mode
 .text          0x00001fe8       0xa8 ../../../../../../Desktop/capi324v221-v1.09.002R\libcapi324v221.a(STEPPER_process_step_mode.o)
                0x00001fe8                STEPPER_process_step_mode
 .text          0x00002090       0xd6 ../../../../../../Desktop/capi324v221-v1.09.002R\libcapi324v221.a(TMRSRVC_process.o)
                0x00002090                TMRSRVC_process
 .text          0x00002166        0x6 ../../../../../../Desktop/capi324v221-v1.09.002R\libcapi324v221.a(TMRSRVC_stop.o)
                0x00002166                TMRSRVC_stop
 .text          0x0000216c      0x130 ../../../../../../Desktop/capi324v221-v1.09.002R\libcapi324v221.a(STEPPER_process_pwm.o)
                0x0000216c                STEPPER_process_pwm
                0x0000229c                . = ALIGN (0x2)
 *(.text.*)
 .text.avr-libc
                0x0000229c      0x6fa c:/program files (x86)/atmel/studio/7.0/toolchain/avr8/avr8-gnu-toolchain/bin/../lib/gcc/avr/5.4.0/../../../../avr/lib/avr5\libprintf_flt.a(vfprintf_flt.o)
                0x0000229c                vfprintf
 .text.avr-libc.fplib
                0x00002996        0xe c:/program files (x86)/atmel/studio/7.0/toolchain/avr8/avr8-gnu-toolchain/bin/../lib/gcc/avr/5.4.0/../../../../avr/lib/avr5\libm.a(addsf3.o)
                0x00002996                __subsf3
                0x00002998                __addsf3
 .text.avr-libc.fplib
                0x000029a4       0xcc c:/program files (x86)/atmel/studio/7.0/toolchain/avr8/avr8-gnu-toolchain/bin/../lib/gcc/avr/5.4.0/../../../../avr/lib/avr5\libm.a(addsf3x.o)
                0x000029c6                __addsf3x
 .text.avr-libc.fplib
                0x00002a70        0x8 c:/program files (x86)/atmel/studio/7.0/toolchain/avr8/avr8-gnu-toolchain/bin/../lib/gcc/avr/5.4.0/../../../../avr/lib/avr5\libm.a(divsf3.o)
                0x00002a70                __divsf3
 .text.avr-libc.fplib
                0x00002a78       0xdc c:/program files (x86)/atmel/studio/7.0/toolchain/avr8/avr8-gnu-toolchain/bin/../lib/gcc/avr/5.4.0/../../../../avr/lib/avr5\libm.a(divsf3x.o)
                0x00002a98                __divsf3x
                0x00002a9e                __divsf3_pse
 .text.avr-libc.fplib
                0x00002b54       0x5e c:/program files (x86)/atmel/studio/7.0/toolchain/avr8/avr8-gnu-toolchain/bin/../lib/gcc/avr/5.4.0/../../../../avr/lib/avr5\libm.a(fixunssfsi.o)
                0x00002b54                __fixunssfsi
 .text.avr-libc.fplib
                0x00002bb2       0x2e c:/program files (x86)/atmel/studio/7.0/toolchain/avr8/avr8-gnu-toolchain/bin/../lib/gcc/avr/5.4.0/../../../../avr/lib/avr5\libm.a(floor.o)
                0x00002bb2                floor
 .text.avr-libc.fplib
                0x00002be0        0xc c:/program files (x86)/atmel/studio/7.0/toolchain/avr8/avr8-gnu-toolchain/bin/../lib/gcc/avr/5.4.0/../../../../avr/lib/avr5\libm.a(fp_inf.o)
                0x00002be0                __fp_inf
 .text.avr-libc.fplib
                0x00002bec       0x36 c:/program files (x86)/atmel/studio/7.0/toolchain/avr8/avr8-gnu-toolchain/bin/../lib/gcc/avr/5.4.0/../../../../avr/lib/avr5\libm.a(fp_mintl.o)
                0x00002bec                __fp_mintl
 .text.avr-libc.fplib
                0x00002c22       0x1c c:/program files (x86)/atmel/studio/7.0/toolchain/avr8/avr8-gnu-toolchain/bin/../lib/gcc/avr/5.4.0/../../../../avr/lib/avr5\libm.a(fp_mpack.o)
                0x00002c22                __fp_mpack
                0x00002c26                __fp_mpack_finite
 .text.avr-libc.fplib
                0x00002c3e        0x6 c:/program files (x86)/atmel/studio/7.0/toolchain/avr8/avr8-gnu-toolchain/bin/../lib/gcc/avr/5.4.0/../../../../avr/lib/avr5\libm.a(fp_nan.o)
                0x00002c3e                __fp_nan
 .text.avr-libc.fplib
                0x00002c44        0xe c:/program files (x86)/atmel/studio/7.0/toolchain/avr8/avr8-gnu-toolchain/bin/../lib/gcc/avr/5.4.0/../../../../avr/lib/avr5\libm.a(fp_pscA.o)
                0x00002c44                __fp_pscA
 .text.avr-libc.fplib
                0x00002c52        0xe c:/program files (x86)/atmel/studio/7.0/toolchain/avr8/avr8-gnu-toolchain/bin/../lib/gcc/avr/5.4.0/../../../../avr/lib/avr5\libm.a(fp_pscB.o)
                0x00002c52                __fp_pscB
 .text.avr-libc.fplib
                0x00002c60       0x22 c:/program files (x86)/atmel/studio/7.0/toolchain/avr8/avr8-gnu-toolchain/bin/../lib/gcc/avr/5.4.0/../../../../avr/lib/avr5\libm.a(fp_round.o)
                0x00002c60                __fp_round
 .text.avr-libc.fplib
                0x00002c82       0x44 c:/program files (x86)/atmel/studio/7.0/toolchain/avr8/avr8-gnu-toolchain/bin/../lib/gcc/avr/5.4.0/../../../../avr/lib/avr5\libm.a(fp_split3.o)
                0x00002c82                __fp_split3
                0x00002c92                __fp_splitA
 .text.avr-libc.fplib
                0x00002cc6       0x30 c:/program files (x86)/atmel/studio/7.0/toolchain/avr8/avr8-gnu-toolchain/bin/../lib/gcc/avr/5.4.0/../../../../avr/lib/avr5\libm.a(fp_trunc.o)
                0x00002cc6                __fp_trunc
 .text.avr-libc.fplib
                0x00002cf6        0xe c:/program files (x86)/atmel/studio/7.0/toolchain/avr8/avr8-gnu-toolchain/bin/../lib/gcc/avr/5.4.0/../../../../avr/lib/avr5\libm.a(fp_zero.o)
                0x00002cf6                __fp_zero
                0x00002cf8                __fp_szero
 .text.avr-libc.fplib
                0x00002d04        0x8 c:/program files (x86)/atmel/studio/7.0/toolchain/avr8/avr8-gnu-toolchain/bin/../lib/gcc/avr/5.4.0/../../../../avr/lib/avr5\libm.a(mulsf3.o)
                0x00002d04                __mulsf3
 .text.avr-libc.fplib
                0x00002d0c       0xd2 c:/program files (x86)/atmel/studio/7.0/toolchain/avr8/avr8-gnu-toolchain/bin/../lib/gcc/avr/5.4.0/../../../../avr/lib/avr5\libm.a(mulsf3x.o)
                0x00002d2a                __mulsf3x
                0x00002d30                __mulsf3_pse
 .text.libgcc.mul
                0x00002dde       0x20 c:/program files (x86)/atmel/studio/7.0/toolchain/avr8/avr8-gnu-toolchain/bin/../lib/gcc/avr/5.4.0/avr5\libgcc.a(_mulsi3.o)
                0x00002dde                __mulsi3
 .text.libgcc.div
                0x00002dfe       0x44 c:/program files (x86)/atmel/studio/7.0/toolchain/avr8/avr8-gnu-toolchain/bin/../lib/gcc/avr/5.4.0/avr5\libgcc.a(_udivmodsi4.o)
                0x00002dfe                __udivmodsi4
 .text.libgcc.mul
                0x00002e42       0x16 c:/program files (x86)/atmel/studio/7.0/toolchain/avr8/avr8-gnu-toolchain/bin/../lib/gcc/avr/5.4.0/avr5\libgcc.a(_muluhisi3.o)
                0x00002e42                __muluhisi3
 .text.libgcc.prologue
                0x00002e58       0x38 c:/program files (x86)/atmel/studio/7.0/toolchain/avr8/avr8-gnu-toolchain/bin/../lib/gcc/avr/5.4.0/avr5\libgcc.a(_prologue.o)
                0x00002e58                __prologue_saves__
 .text.libgcc.prologue
                0x00002e90       0x36 c:/program files (x86)/atmel/studio/7.0/toolchain/avr8/avr8-gnu-toolchain/bin/../lib/gcc/avr/5.4.0/avr5\libgcc.a(_epilogue.o)
                0x00002e90                __epilogue_restores__
 .text.libgcc.mul
                0x00002ec6       0x1e c:/program files (x86)/atmel/studio/7.0/toolchain/avr8/avr8-gnu-toolchain/bin/../lib/gcc/avr/5.4.0/avr5\libgcc.a(_umulhisi3.o)
                0x00002ec6                __umulhisi3
 .text.avr-libc
                0x00002ee4      0x242 c:/program files (x86)/atmel/studio/7.0/toolchain/avr8/avr8-gnu-toolchain/bin/../lib/gcc/avr/5.4.0/../../../../avr/lib/avr5\libc.a(malloc.o)
                0x00002ee4                malloc
                0x00003014                free
 .text.avr-libc
                0x00003126      0x1b0 c:/program files (x86)/atmel/studio/7.0/toolchain/avr8/avr8-gnu-toolchain/bin/../lib/gcc/avr/5.4.0/../../../../avr/lib/avr5\libc.a(ftoa_engine.o)
                0x00003126                __ftoa_engine
 .text.avr-libc
                0x000032d6       0x16 c:/program files (x86)/atmel/studio/7.0/toolchain/avr8/avr8-gnu-toolchain/bin/../lib/gcc/avr/5.4.0/../../../../avr/lib/avr5\libc.a(strnlen_P.o)
                0x000032d6                strnlen_P
 .text.avr-libc
                0x000032ec       0x16 c:/program files (x86)/atmel/studio/7.0/toolchain/avr8/avr8-gnu-toolchain/bin/../lib/gcc/avr/5.4.0/../../../../avr/lib/avr5\libc.a(strnlen.o)
                0x000032ec                strnlen
 .text.avr-libc
                0x00003302       0x78 c:/program files (x86)/atmel/studio/7.0/toolchain/avr8/avr8-gnu-toolchain/bin/../lib/gcc/avr/5.4.0/../../../../avr/lib/avr5\libc.a(fputc.o)
                0x00003302                fputc
 .text.avr-libc
                0x0000337a       0xbc c:/program files (x86)/atmel/studio/7.0/toolchain/avr8/avr8-gnu-toolchain/bin/../lib/gcc/avr/5.4.0/../../../../avr/lib/avr5\libc.a(ultoa_invert.o)
                0x0000337a                __ultoa_invert
                0x00003436                . = ALIGN (0x2)
 *(.fini9)
 .fini9         0x00003436        0x0 c:/program files (x86)/atmel/studio/7.0/toolchain/avr8/avr8-gnu-toolchain/bin/../lib/gcc/avr/5.4.0/avr5\libgcc.a(_exit.o)
                0x00003436                _exit
                0x00003436                exit
 *(.fini9)
 *(.fini8)
 *(.fini8)
 *(.fini7)
 *(.fini7)
 *(.fini6)
 *(.fini6)
 *(.fini5)
 *(.fini5)
 *(.fini4)
 *(.fini4)
 *(.fini3)
 *(.fini3)
 *(.fini2)
 *(.fini2)
 *(.fini1)
 *(.fini1)
 *(.fini0)
 .fini0         0x00003436        0x4 c:/program files (x86)/atmel/studio/7.0/toolchain/avr8/avr8-gnu-toolchain/bin/../lib/gcc/avr/5.4.0/avr5\libgcc.a(_exit.o)
 *(.fini0)
                0x0000343a                _etext = .

.data           0x00800100       0x12 load address 0x0000343a
                0x00800100                PROVIDE (__data_start, .)
 *(.data)
 .data          0x00800100        0x4 ../../../../../../Desktop/capi324v221-v1.09.002R\libcapi324v221.a(ATTINY_get_IR_state.o)
 .data          0x00800104        0x8 ../../../../../../Desktop/capi324v221-v1.09.002R\libcapi324v221.a(STEPPER_globals.o)
                0x00800104                Motor_L_LUT
                0x00800108                Motor_R_LUT
 .data          0x0080010c        0x6 c:/program files (x86)/atmel/studio/7.0/toolchain/avr8/avr8-gnu-toolchain/bin/../lib/gcc/avr/5.4.0/../../../../avr/lib/avr5\libc.a(malloc.o)
                0x0080010c                __malloc_heap_end
                0x0080010e                __malloc_heap_start
                0x00800110                __malloc_margin
 *(.data*)
 *(.gnu.linkonce.d*)
 *(.rodata)
 *(.rodata*)
 *(.gnu.linkonce.r*)
                0x00800112                . = ALIGN (0x2)
                0x00800112                _edata = .
                0x00800112                PROVIDE (__data_end, .)

.bss            0x00800112       0xe6
                0x00800112                PROVIDE (__bss_start, .)
 *(.bss)
 .bss           0x00800112        0x2 ../../../../../../Desktop/capi324v221-v1.09.002R\libcapi324v221.a(STEPPER_step.o)
 .bss           0x00800114        0xb ../../../../../../Desktop/capi324v221-v1.09.002R\libcapi324v221.a(ATTINY_get_IR_state.o)
 .bss           0x0080011f       0x40 ../../../../../../Desktop/capi324v221-v1.09.002R\libcapi324v221.a(ISR_globals.o)
                0x0080011f                CBOT_ISR_vtable
 .bss           0x0080015f        0x2 ../../../../../../Desktop/capi324v221-v1.09.002R\libcapi324v221.a(TMRSRVC_globals.o)
                0x0080015f                timer_busy_status
                0x00800160                timer_run_status
 .bss           0x00800161       0x10 ../../../../../../Desktop/capi324v221-v1.09.002R\libcapi324v221.a(SPI_globals.o)
                0x00800161                spi_config_func_LUT
 .bss           0x00800171       0x10 ../../../../../../Desktop/capi324v221-v1.09.002R\libcapi324v221.a(SPKR_globals.o)
                0x00800171                tone_mode_active
                0x00800172                beep_mode_active
                0x00800173                spkr_accum32
                0x00800177                spkr_freq
                0x0080017b                beep_accum16
                0x0080017d                beep_freq
                0x0080017f                p_Freq_LUT
 .bss           0x00800181        0x1 ../../../../../../Desktop/capi324v221-v1.09.002R\libcapi324v221.a(STEPPER_process_run_mode.o)
 .bss           0x00800182        0x4 ../../../../../../Desktop/capi324v221-v1.09.002R\libcapi324v221.a(STEPPER_process_pwm.o)
 *(.bss*)
 *(COMMON)
 COMMON         0x00800186       0x39 ../../../../../../Desktop/capi324v221-v1.09.002R\libcapi324v221.a(STEPPER_globals.o)
                0x00800186                STEPPER_params
                0x008001bd                step_done
 COMMON         0x008001bf       0x13 ../../../../../../Desktop/capi324v221-v1.09.002R\libcapi324v221.a(SYS_globals.o)
                0x008001bf                CBOT_system
 COMMON         0x008001d2        0x3 ../../../../../../Desktop/capi324v221-v1.09.002R\libcapi324v221.a(TMRSRVC_globals.o)
                0x008001d2                tmrNodes
 COMMON         0x008001d5        0x1 ../../../../../../Desktop/capi324v221-v1.09.002R\libcapi324v221.a(SPI_globals.o)
                0x008001d5                curr_spi_addr
 COMMON         0x008001d6       0x1e ../../../../../../Desktop/capi324v221-v1.09.002R\libcapi324v221.a(ATTINY_globals.o)
                0x008001d6                ATTINY_params
 COMMON         0x008001f4        0x4 c:/program files (x86)/atmel/studio/7.0/toolchain/avr8/avr8-gnu-toolchain/bin/../lib/gcc/avr/5.4.0/../../../../avr/lib/avr5\libc.a(malloc.o)
                0x008001f4                __brkval
                0x008001f6                __flp
                0x008001f8                PROVIDE (__bss_end, .)
                0x0000343a                __data_load_start = LOADADDR (.data)
                0x0000344c                __data_load_end = (__data_load_start + SIZEOF (.data))

.noinit         0x008001f8        0x0
                [!provide]                PROVIDE (__noinit_start, .)
 *(.noinit*)
                [!provide]                PROVIDE (__noinit_end, .)
                0x008001f8                _end = .
                0x008001f8                PROVIDE (__heap_start, .)

.eeprom         0x00810000        0x0
 *(.eeprom*)
                0x00810000                __eeprom_end = .

.fuse
 *(.fuse)
 *(.lfuse)
 *(.hfuse)
 *(.efuse)

.lock
 *(.lock*)

.signature
 *(.signature*)

.user_signatures
 *(.user_signatures*)

.stab
 *(.stab)

.stabstr
 *(.stabstr)

.stab.excl
 *(.stab.excl)

.stab.exclstr
 *(.stab.exclstr)

.stab.index
 *(.stab.index)

.stab.indexstr
 *(.stab.indexstr)

.comment        0x00000000       0x5c
 *(.comment)
 .comment       0x00000000       0x30 main.o
                                 0x31 (size before relaxing)
 .comment       0x00000030       0x31 src/app.o
 .comment       0x00000030       0x31 src/motor_control.o
 .comment       0x00000030       0x2c c:/program files (x86)/atmel/studio/7.0/toolchain/avr8/avr8-gnu-toolchain/bin/../lib/gcc/avr/5.4.0/../../../../avr/lib/avr5\libprintf_flt.a(vfprintf_flt.o)
                                 0x2d (size before relaxing)
 .comment       0x0000005c       0x31 c:/program files (x86)/atmel/studio/7.0/toolchain/avr8/avr8-gnu-toolchain/bin/../lib/gcc/avr/5.4.0/../../../../avr/lib/avr5\libc.a(malloc.o)
 .comment       0x0000005c       0x31 c:/program files (x86)/atmel/studio/7.0/toolchain/avr8/avr8-gnu-toolchain/bin/../lib/gcc/avr/5.4.0/../../../../avr/lib/avr5\libc.a(fputc.o)

.note.gnu.avr.deviceinfo
                0x00000000       0x40
 .note.gnu.avr.deviceinfo
                0x00000000       0x40 c:/program files (x86)/atmel/studio/7.0/toolchain/avr8/avr8-gnu-toolchain/bin/../lib/gcc/avr/5.4.0/../../../../avr/lib/avr5/crtatmega324p.o

.note.gnu.build-id
 *(.note.gnu.build-id)

.debug
 *(.debug)

.line
 *(.line)

.debug_srcinfo
 *(.debug_srcinfo)

.debug_sfnames
 *(.debug_sfnames)

.debug_aranges
 *(.debug_aranges)

.debug_pubnames
 *(.debug_pubnames)

.debug_info     0x00000000      0x6cc
 *(.debug_info .gnu.linkonce.wi.*)
 .debug_info    0x00000000      0x6cc c:/program files (x86)/atmel/studio/7.0/toolchain/avr8/avr8-gnu-toolchain/bin/../lib/gcc/avr/5.4.0/../../../../avr/lib/avr5/crtatmega324p.o

.debug_abbrev   0x00000000      0x66e
 *(.debug_abbrev)
 .debug_abbrev  0x00000000      0x66e c:/program files (x86)/atmel/studio/7.0/toolchain/avr8/avr8-gnu-toolchain/bin/../lib/gcc/avr/5.4.0/../../../../avr/lib/avr5/crtatmega324p.o

.debug_line     0x00000000       0x1a
 *(.debug_line .debug_line.* .debug_line_end)
 .debug_line    0x00000000       0x1a c:/program files (x86)/atmel/studio/7.0/toolchain/avr8/avr8-gnu-toolchain/bin/../lib/gcc/avr/5.4.0/../../../../avr/lib/avr5/crtatmega324p.o

.debug_frame
 *(.debug_frame)

.debug_str      0x00000000      0x255
 *(.debug_str)
 .debug_str     0x00000000      0x255 c:/program files (x86)/atmel/studio/7.0/toolchain/avr8/avr8-gnu-toolchain/bin/../lib/gcc/avr/5.4.0/../../../../avr/lib/avr5/crtatmega324p.o

.debug_loc
 *(.debug_loc)

.debug_macinfo
 *(.debug_macinfo)

.debug_weaknames
 *(.debug_weaknames)

.debug_funcnames
 *(.debug_funcnames)

.debug_typenames
 *(.debug_typenames)

.debug_varnames
 *(.debug_varnames)

.debug_pubtypes
 *(.debug_pubtypes)

.debug_ranges
 *(.debug_ranges)

.debug_macro
 *(.debug_macro)
OUTPUT(CEENBot-Project.elf elf32-avr)
LOAD linker stubs
