Archive member included to satisfy reference by file (symbol)

../../../../../../Desktop/capi324v22x-v2.06.000R\libcapi324v22x.a(ADC_open.o)
                              main.o (ADC_open)
../../../../../../Desktop/capi324v22x-v2.06.000R\libcapi324v22x.a(ADC_sample.o)
                              main.o (ADC_sample)
../../../../../../Desktop/capi324v22x-v2.06.000R\libcapi324v22x.a(ADC_set_VREF.o)
                              main.o (ADC_set_VREF)
../../../../../../Desktop/capi324v22x-v2.06.000R\libcapi324v22x.a(ADC_set_channel.o)
                              main.o (ADC_set_channel)
../../../../../../Desktop/capi324v22x-v2.06.000R\libcapi324v22x.a(__ADC_init.o)
                              ../../../../../../Desktop/capi324v22x-v2.06.000R\libcapi324v22x.a(ADC_open.o) (__ADC_init)
../../../../../../Desktop/capi324v22x-v2.06.000R\libcapi324v22x.a(CBOT_main.o)
                              c:/program files (x86)/atmel/studio/7.0/toolchain/avr8/avr8-gnu-toolchain/bin/../lib/gcc/avr/5.4.0/../../../../avr/lib/avr5/crtatmega324p.o (main)
../../../../../../Desktop/capi324v22x-v2.06.000R\libcapi324v22x.a(LCD_clear.o)
                              main.o (LCD_clear)
../../../../../../Desktop/capi324v22x-v2.06.000R\libcapi324v22x.a(LCD_open.o)
                              main.o (LCD_open)
../../../../../../Desktop/capi324v22x-v2.06.000R\libcapi324v22x.a(LCD_set_PGC_addr.o)
                              ../../../../../../Desktop/capi324v22x-v2.06.000R\libcapi324v22x.a(LCD_clear.o) (LCD_set_PGC_addr)
../../../../../../Desktop/capi324v22x-v2.06.000R\libcapi324v22x.a(LCD_set_backlight.o)
                              ../../../../../../Desktop/capi324v22x-v2.06.000R\libcapi324v22x.a(LCD_open.o) (LCD_set_backlight)
../../../../../../Desktop/capi324v22x-v2.06.000R\libcapi324v22x.a(LCD_set_next_PGC.o)
                              ../../../../../../Desktop/capi324v22x-v2.06.000R\libcapi324v22x.a(LCD_clear.o) (LCD_set_next_PGC)
../../../../../../Desktop/capi324v22x-v2.06.000R\libcapi324v22x.a(LCD_write.o)
                              ../../../../../../Desktop/capi324v22x-v2.06.000R\libcapi324v22x.a(LCD_clear.o) (LCD_write)
../../../../../../Desktop/capi324v22x-v2.06.000R\libcapi324v22x.a(__LCD_init.o)
                              ../../../../../../Desktop/capi324v22x-v2.06.000R\libcapi324v22x.a(LCD_open.o) (__LCD_init)
../../../../../../Desktop/capi324v22x-v2.06.000R\libcapi324v22x.a(LED_open.o)
                              main.o (LED_open)
../../../../../../Desktop/capi324v22x-v2.06.000R\libcapi324v22x.a(LED_tog_pattern.o)
                              main.o (LED_tog_pattern)
../../../../../../Desktop/capi324v22x-v2.06.000R\libcapi324v22x.a(__LED_init.o)
                              ../../../../../../Desktop/capi324v22x-v2.06.000R\libcapi324v22x.a(LED_open.o) (__LED_init)
../../../../../../Desktop/capi324v22x-v2.06.000R\libcapi324v22x.a(__LED_tog_pattern.o)
                              ../../../../../../Desktop/capi324v22x-v2.06.000R\libcapi324v22x.a(LED_tog_pattern.o) (__LED_tog_pattern)
../../../../../../Desktop/capi324v22x-v2.06.000R\libcapi324v22x.a(SPI_open.o)
                              ../../../../../../Desktop/capi324v22x-v2.06.000R\libcapi324v22x.a(LCD_open.o) (SPI_open)
../../../../../../Desktop/capi324v22x-v2.06.000R\libcapi324v22x.a(SPI_set_config_func.o)
                              ../../../../../../Desktop/capi324v22x-v2.06.000R\libcapi324v22x.a(SPI_open.o) (SPI_set_config_func)
../../../../../../Desktop/capi324v22x-v2.06.000R\libcapi324v22x.a(SPI_set_slave_addr.o)
                              ../../../../../../Desktop/capi324v22x-v2.06.000R\libcapi324v22x.a(LCD_set_backlight.o) (SPI_set_slave_addr)
../../../../../../Desktop/capi324v22x-v2.06.000R\libcapi324v22x.a(SPI_transmit.o)
                              ../../../../../../Desktop/capi324v22x-v2.06.000R\libcapi324v22x.a(LCD_set_backlight.o) (SPI_transmit)
../../../../../../Desktop/capi324v22x-v2.06.000R\libcapi324v22x.a(__SPI_init.o)
                              ../../../../../../Desktop/capi324v22x-v2.06.000R\libcapi324v22x.a(SPI_open.o) (__SPI_init)
../../../../../../Desktop/capi324v22x-v2.06.000R\libcapi324v22x.a(STEPPER_move.o)
                              main.o (STEPPER_move)
../../../../../../Desktop/capi324v22x-v2.06.000R\libcapi324v22x.a(STEPPER_open.o)
                              main.o (STEPPER_open)
../../../../../../Desktop/capi324v22x-v2.06.000R\libcapi324v22x.a(STEPPER_run.o)
                              ../../../../../../Desktop/capi324v22x-v2.06.000R\libcapi324v22x.a(STEPPER_move.o) (STEPPER_run)
../../../../../../Desktop/capi324v22x-v2.06.000R\libcapi324v22x.a(STEPPER_run2.o)
                              ../../../../../../Desktop/capi324v22x-v2.06.000R\libcapi324v22x.a(STEPPER_move.o) (STEPPER_run2)
../../../../../../Desktop/capi324v22x-v2.06.000R\libcapi324v22x.a(STEPPER_runn.o)
                              main.o (STEPPER_runn)
../../../../../../Desktop/capi324v22x-v2.06.000R\libcapi324v22x.a(STEPPER_set_accel.o)
[...]
Memory Configuration

Name             Origin             Length             Attributes
text             0x00000000         0x00008000         xr
data             0x00800100         0x00000800         rw !x
eeprom           0x00810000         0x00000400         rw !x
fuse             0x00820000         0x00000003         rw !x
lock             0x00830000         0x00000400         rw !x
signature        0x00840000         0x00000400         rw !x
user_signatures  0x00850000         0x00000400         rw !x
*default*        0x00000000         0xffffffff

Linker script and memory map

Address of section .data set to 0x800100
LOAD c:/program files (x86)/atmel/studio/7.0/toolchain/avr8/avr8-gnu-toolchain/bin/../lib/gcc/avr/5.4.0/../../../../avr/lib/avr5/crtatmega324p.o
LOAD main.o
START GROUP
LOAD ../../../../../../Desktop/capi324v22x-v2.06.000R\libcapi324v22x.a
LOAD c:/program files (x86)/atmel/studio/7.0/toolchain/avr8/avr8-gnu-toolchain/bin/../lib/gcc/avr/5.4.0/../../../../avr/lib/avr5\libprintf_flt.a
LOAD c:/program files (x86)/atmel/studio/7.0/toolchain/avr8/avr8-gnu-toolchain/bin/../lib/gcc/avr/5.4.0/../../../../avr/lib/avr5\libm.a
END GROUP
START GROUP
LOAD c:/program files (x86)/atmel/studio/7.0/toolchain/avr8/avr8-gnu-toolchain/bin/../lib/gcc/avr/5.4.0/avr5\libgcc.a
LOAD c:/program files (x86)/atmel/studio/7.0/toolchain/avr8/avr8-gnu-toolchain/bin/../lib/gcc/avr/5.4.0/../../../../avr/lib/avr5\libm.a
LOAD c:/program files (x86)/atmel/studio/7.0/toolchain/avr8/avr8-gnu-toolchain/bin/../lib/gcc/avr/5.4.0/../../../../avr/lib/avr5\libc.a
LOAD c:/program files (x86)/atmel/studio/7.0/toolchain/avr8/avr8-gnu-toolchain/bin/../lib/gcc/avr/5.4.0/../../../../avr/lib/avr5\libatmega324p.a
END GROUP
                [0x00000000]                __TEXT_REGION_ORIGIN__ = DEFINED (__TEXT_REGION_ORIGIN__)?__TEXT_REGION_ORIGIN__:0x0
                [0x00800100]                __DATA_REGION_ORIGIN__ = DEFINED (__DATA_REGION_ORIGIN__)?__DATA_REGION_ORIGIN__:0x800060
                [0x00008000]                __TEXT_REGION_LENGTH__ = DEFINED (__TEXT_REGION_LENGTH__)?__TEXT_REGION_LENGTH__:0x20000
                [0x00000800]                __DATA_REGION_LENGTH__ = DEFINED (__DATA_REGION_LENGTH__)?__DATA_REGION_LENGTH__:0xffa0
                [0x00000400]                __EEPROM_REGION_LENGTH__ = DEFINED (__EEPROM_REGION_LENGTH__)?__EEPROM_REGION_LENGTH__:0x10000
                [0x00000003]                __FUSE_REGION_LENGTH__ = DEFINED (__FUSE_REGION_LENGTH__)?__FUSE_REGION_LENGTH__:0x400
                0x00000400                __LOCK_REGION_LENGTH__ = DEFINED (__LOCK_REGION_LENGTH__)?__LOCK_REGION_LENGTH__:0x400
                0x00000400                __SIGNATURE_REGION_LENGTH__ = DEFINED (__SIGNATURE_REGION_LENGTH__)?__SIGNATURE_REGION_LENGTH__:0x400
                0x00000400                __USER_SIGNATURE_REGION_LENGTH__ = DEFINED (__USER_SIGNATURE_REGION_LENGTH__)?__USER_SIGNATURE_REGION_LENGTH__:0x400

.hash
 *(.hash)

.dynsym
 *(.dynsym)

.dynstr
 *(.dynstr)

.gnu.version
 *(.gnu.version)

.gnu.version_d
 *(.gnu.version_d)

.gnu.version_r
 *(.gnu.version_r)

.rel.init
 *(.rel.init)

.rela.init
 *(.rela.init)

.rel.text
 *(.rel.text)
 *(.rel.text.*)
 *(.rel.gnu.linkonce.t*)

.rela.text
 *(.rela.text)
 *(.rela.text.*)
 *(.rela.gnu.linkonce.t*)

.rel.fini
 *(.rel.fini)

.rela.fini
 *(.rela.fini)

.rel.rodata
 *(.rel.rodata)
 *(.rel.rodata.*)
 *(.rel.gnu.linkonce.r*)

.rela.rodata
 *(.rela.rodata)
 *(.rela.rodata.*)
 *(.rela.gnu.linkonce.r*)

.rel.data
 *(.rel.data)
 *(.rel.data.*)
 *(.rel.gnu.linkonce.d*)

.rela.data
 *(.rela.data)
 *(.rela.data.*)
 *(.rela.gnu.linkonce.d*)

.rel.ctors
 *(.rel.ctors)

.rela.ctors
 *(.rela.ctors)

.rel.dtors
 *(.rel.dtors)

.rela.dtors
 *(.rela.dtors)

.rel.got
 *(.rel.got)

.rela.got
 *(.rela.got)

.rel.bss
 *(.rel.bss)

.rela.bss
 *(.rela.bss)

.rel.plt
 *(.rel.plt)

.rela.plt
 *(.rela.plt)

.text           0x00000000     0x4d40
 *(.vectors)
 .vectors       0x00000000       0x7c c:/program files (x86)/atmel/studio/7.0/toolchain/avr8/avr8-gnu-toolchain/bin/../lib/gcc/avr/5.4.0/../../../../avr/lib/avr5/crtatmega324p.o
                0x00000000                __vector_default
                0x00000000                __vectors
 *(.vectors)
 *(.progmem.gcc*)
 .progmem.gcc_fplib
                0x0000007c       0x28 c:/program files (x86)/atmel/studio/7.0/toolchain/avr8/avr8-gnu-toolchain/bin/../lib/gcc/avr/5.4.0/../../../../avr/lib/avr5\libm.a(exp.o)
 .progmem.gcc_fplib
                0x000000a4       0x5a c:/program files (x86)/atmel/studio/7.0/toolchain/avr8/avr8-gnu-toolchain/bin/../lib/gcc/avr/5.4.0/../../../../avr/lib/avr5\libm.a(log.o)
                0x000000fe                . = ALIGN (0x2)
                0x000000fe                __trampolines_start = .
 *(.trampolines)
 .trampolines   0x000000fe        0x0 linker stubs
 *(.trampolines*)
                0x000000fe                __trampolines_end = .
 *libprintf_flt.a:*(.progmem.data)
 .progmem.data  0x000000fe        0x8 c:/program files (x86)/atmel/studio/7.0/toolchain/avr8/avr8-gnu-toolchain/bin/../lib/gcc/avr/5.4.0/../../../../avr/lib/avr5\libprintf_flt.a(vfprintf_flt.o)
 *libc.a:*(.progmem.data)
 .progmem.data  0x00000106       0xfa c:/program files (x86)/atmel/studio/7.0/toolchain/avr8/avr8-gnu-toolchain/bin/../lib/gcc/avr/5.4.0/../../../../avr/lib/avr5\libc.a(ftoa_engine.o)
 *(.progmem*)
 .progmem.data  0x00000200      0x415 ../../../../../../Desktop/capi324v22x-v2.06.000R\libcapi324v22x.a(LCD_globals.o)
                0x00000200                char_bitmap
                0x00000415                CEENBoT_Inc_logo_bitmap
                0x00000616                . = ALIGN (0x2)
 *fill*         0x00000615        0x1 
 *(.jumptables)
 *(.jumptables*)
 *(.lowtext)
 *(.lowtext*)
                0x00000616                __ctors_start = .
 *(.ctors)
                0x00000616                __ctors_end = .
                0x00000616                __dtors_start = .
 *(.dtors)
                0x00000616                __dtors_end = .
 SORT(*)(.ctors)
 SORT(*)(.dtors)
 *(.init0)
 .init0         0x00000616        0x0 c:/program files (x86)/atmel/studio/7.0/toolchain/avr8/avr8-gnu-toolchain/bin/../lib/gcc/avr/5.4.0/../../../../avr/lib/avr5/crtatmega324p.o
                0x00000616                __init
 *(.init0)
 *(.init1)
 *(.init1)
 *(.init2)
 .init2         0x00000616        0xc c:/program files (x86)/atmel/studio/7.0/toolchain/avr8/avr8-gnu-toolchain/bin/../lib/gcc/avr/5.4.0/../../../../avr/lib/avr5/crtatmega324p.o
 *(.init2)
 *(.init3)
 *(.init3)
 *(.init4)
 .init4         0x00000622       0x16 c:/program files (x86)/atmel/studio/7.0/toolchain/avr8/avr8-gnu-toolchain/bin/../lib/gcc/avr/5.4.0/avr5\libgcc.a(_copy_data.o)
                0x00000622                __do_copy_data
 .init4         0x00000638       0x10 c:/program files (x86)/atmel/studio/7.0/toolchain/avr8/avr8-gnu-toolchain/bin/../lib/gcc/avr/5.4.0/avr5\libgcc.a(_clear_bss.o)
                0x00000638                __do_clear_bss
 *(.init4)
 *(.init5)
 *(.init5)
 *(.init6)
 *(.init6)
 *(.init7)
 *(.init7)
 *(.init8)
 *(.init8)
 *(.init9)
 .init9         0x00000648        0x8 c:/program files (x86)/atmel/studio/7.0/toolchain/avr8/avr8-gnu-toolchain/bin/../lib/gcc/avr/5.4.0/../../../../avr/lib/avr5/crtatmega324p.o
 *(.init9)
 *(.text)
 .text          0x00000650        0x4 c:/program files (x86)/atmel/studio/7.0/toolchain/avr8/avr8-gnu-toolchain/bin/../lib/gcc/avr/5.4.0/../../../../avr/lib/avr5/crtatmega324p.o
                0x00000650                __vector_22
                0x00000650                __vector_28
                0x00000650                __vector_1
                0x00000650                __vector_24
                0x00000650                __bad_interrupt
                0x00000650                __vector_3
                0x00000650                __vector_23
                0x00000650                __vector_30
                0x00000650                __vector_25
                0x00000650                __vector_19
                0x00000650                __vector_27
                0x00000650                __vector_2
                0x00000650                __vector_21
                0x00000650                __vector_29
                0x00000650                __vector_8
                0x00000650                __vector_26
                0x00000650                __vector_20
 .text          0x00000654      0x7be main.o
                0x00000654                info_display
                0x000006ac                compare_actions
                0x00000706                IR_sense
                0x00000752                Photo_sense
                0x00000810                sonar_sense
                0x000008b0                explore
                0x000008d0                IR_avoid
                0x00000b0e                isLightIntenseEnough
                0x00000b3a                LIGHT_FOLLOW
                0x00000bf8                LIGHT_OBSERVE
                0x00000d08                SONAR_AVOID
                0x00000d0a                act
                0x00000d4a                CBOT_main
 .text          0x00000e12       0x16 ../../../../../../Desktop/capi324v22x-v2.06.000R\libcapi324v22x.a(ADC_open.o)
                0x00000e12                ADC_open
 .text          0x00000e28       0x3a ../../../../../../Desktop/capi324v22x-v2.06.000R\libcapi324v22x.a(ADC_sample.o)
                0x00000e28                ADC_sample
 .text          0x00000e62       0x16 ../../../../../../Desktop/capi324v22x-v2.06.000R\libcapi324v22x.a(ADC_set_VREF.o)
                0x00000e62                ADC_set_VREF
 .text          0x00000e78       0x6e ../../../../../../Desktop/capi324v22x-v2.06.000R\libcapi324v22x.a(ADC_set_channel.o)
                0x00000e78                ADC_set_channel
 .text          0x00000ee6       0x16 ../../../../../../Desktop/capi324v22x-v2.06.000R\libcapi324v22x.a(__ADC_init.o)
                0x00000ee6                __ADC_init
 .text          0x00000efc       0x12 ../../../../../../Desktop/capi324v22x-v2.06.000R\libcapi324v22x.a(CBOT_main.o)
                0x00000efc                main
 .text          0x00000f0e       0x44 ../../../../../../Desktop/capi324v22x-v2.06.000R\libcapi324v22x.a(LCD_clear.o)
                0x00000f0e                LCD_clear
 .text          0x00000f52      0x10c ../../../../../../Desktop/capi324v22x-v2.06.000R\libcapi324v22x.a(LCD_open.o)
                0x00000f52                LCD_open
 .text          0x0000105e       0x44 ../../../../../../Desktop/capi324v22x-v2.06.000R\libcapi324v22x.a(LCD_set_PGC_addr.o)
                0x0000105e                LCD_set_PGC_addr
 .text          0x000010a2       0x42 ../../../../../../Desktop/capi324v22x-v2.06.000R\libcapi324v22x.a(LCD_set_backlight.o)
                0x000010a2                LCD_set_backlight
 .text          0x000010e4       0x24 ../../../../../../Desktop/capi324v22x-v2.06.000R\libcapi324v22x.a(LCD_set_next_PGC.o)
                0x000010e4                LCD_set_next_PGC
 .text          0x00001108       0x36 ../../../../../../Desktop/capi324v22x-v2.06.000R\libcapi324v22x.a(LCD_write.o)
                0x00001108                LCD_write
 .text          0x0000113e        0x4 ../../../../../../Desktop/capi324v22x-v2.06.000R\libcapi324v22x.a(__LCD_init.o)
                0x0000113e                __LCD_init
 .text          0x00001142       0x16 ../../../../../../Desktop/capi324v22x-v2.06.000R\libcapi324v22x.a(LED_open.o)
                0x00001142                LED_open
 .text          0x00001158       0x18 ../../../../../../Desktop/capi324v22x-v2.06.000R\libcapi324v22x.a(LED_tog_pattern.o)
                0x00001158                LED_tog_pattern
 .text          0x00001170       0x12 ../../../../../../Desktop/capi324v22x-v2.06.000R\libcapi324v22x.a(__LED_init.o)
                0x00001170                __LED_init
 .text          0x00001182       0x1c ../../../../../../Desktop/capi324v22x-v2.06.000R\libcapi324v22x.a(__LED_tog_pattern.o)
                0x00001182                __LED_tog_pattern
 .text          0x0000119e       0x72 ../../../../../../Desktop/capi324v22x-v2.06.000R\libcapi324v22x.a(SPI_open.o)
                0x0000119e                SPI_open
 .text          0x00001210       0x12 ../../../../../../Desktop/capi324v22x-v2.06.000R\libcapi324v22x.a(SPI_set_config_func.o)
                0x00001210                SPI_set_config_func
 .text          0x00001222       0xa2 ../../../../../../Desktop/capi324v22x-v2.06.000R\libcapi324v22x.a(SPI_set_slave_addr.o)
                0x00001222                SPI_set_slave_addr
 .text          0x000012c4       0x1e ../../../../../../Desktop/capi324v22x-v2.06.000R\libcapi324v22x.a(SPI_transmit.o)
                0x000012c4                SPI_transmit
 .text          0x000012e2        0xe ../../../../../../Desktop/capi324v22x-v2.06.000R\libcapi324v22x.a(__SPI_init.o)
                0x000012e2                __SPI_init
 .text          0x000012f0      0x28e ../../../../../../Desktop/capi324v22x-v2.06.000R\libcapi324v22x.a(STEPPER_move.o)
                0x0000144c                STEPPER_move
 .text          0x0000157e       0xea ../../../../../../Desktop/capi324v22x-v2.06.000R\libcapi324v22x.a(STEPPER_open.o)
                0x0000157e                STEPPER_open
 .text          0x00001668       0x2e ../../../../../../Desktop/capi324v22x-v2.06.000R\libcapi324v22x.a(STEPPER_run.o)
                0x00001668                STEPPER_run
 .text          0x00001696       0x3a ../../../../../../Desktop/capi324v22x-v2.06.000R\libcapi324v22x.a(STEPPER_run2.o)
                0x00001696                STEPPER_run2
 .text          0x000016d0       0x82 ../../../../../../Desktop/capi324v22x-v2.06.000R\libcapi324v22x.a(STEPPER_runn.o)
                0x000016d0                STEPPER_runn
 .text          0x00001752       0x44 ../../../../../../Desktop/capi324v22x-v2.06.000R\libcapi324v22x.a(STEPPER_set_accel.o)
                0x00001752                STEPPER_set_accel
 .text          0x00001796       0x3c ../../../../../../Desktop/capi324v22x-v2.06.000R\libcapi324v22x.a(STEPPER_set_accel2.o)
                0x00001796                STEPPER_set_accel2
 .text          0x000017d2       0x2a ../../../../../../Desktop/capi324v22x-v2.06.000R\libcapi324v22x.a(STEPPER_set_dir.o)
                0x000017d2                STEPPER_set_dir
 .text          0x000017fc       0x14 ../../../../../../Desktop/capi324v22x-v2.06.000R\libcapi324v22x.a(STEPPER_set_dir2.o)
                0x000017fc                STEPPER_set_dir2
 .text          0x00001810       0x2a ../../../../../../Desktop/capi324v22x-v2.06.000R\libcapi324v22x.a(STEPPER_set_mode.o)
                0x00001810                STEPPER_set_mode
 .text          0x0000183a       0x5a ../../../../../../Desktop/capi324v22x-v2.06.000R\libcapi324v22x.a(STEPPER_set_speed.o)
                0x0000183a                STEPPER_set_speed
 .text          0x00001894       0x3e ../../../../../../Desktop/capi324v22x-v2.06.000R\libcapi324v22x.a(STEPPER_set_speed2.o)
                0x00001894                STEPPER_set_speed2
 .text          0x000018d2      0x126 ../../../../../../Desktop/capi324v22x-v2.06.000R\libcapi324v22x.a(STEPPER_step.o)
                0x000018d2                STEPPER_step
 .text          0x000019f8      0x10a ../../../../../../Desktop/capi324v22x-v2.06.000R\libcapi324v22x.a(STEPPER_step2.o)
                0x000019f8                STEPPER_step2
 .text          0x00001b02       0x4a ../../../../../../Desktop/capi324v22x-v2.06.000R\libcapi324v22x.a(STEPPER_stop.o)
                0x00001b02                STEPPER_stop
 .text          0x00001b4c       0xa6 ../../../../../../Desktop/capi324v22x-v2.06.000R\libcapi324v22x.a(STEPPER_wait_and_then.o)
                0x00001b4c                STEPPER_wait_and_then
 .text          0x00001bf2       0x14 ../../../../../../Desktop/capi324v22x-v2.06.000R\libcapi324v22x.a(__STEPPER_init.o)
                0x00001bf2                __STEPPER_init
 .text          0x00001c06       0x20 ../../../../../../Desktop/capi324v22x-v2.06.000R\libcapi324v22x.a(SYS_decrement_refcount.o)
                0x00001c06                SYS_decrement_refcount
 .text          0x00001c26       0x1a ../../../../../../Desktop/capi324v22x-v2.06.000R\libcapi324v22x.a(SYS_increment_refcount.o)
                0x00001c26                SYS_increment_refcount
 .text          0x00001c40       0x18 ../../../../../../Desktop/capi324v22x-v2.06.000R\libcapi324v22x.a(SYS_isOpen.o)
                0x00001c40                SYS_isOpen
 .text          0x00001c58       0x6a ../../../../../../Desktop/capi324v22x-v2.06.000R\libcapi324v22x.a(ATTINY_get_IR_state.o)
                0x00001c58                ATTINY_get_IR_state
 .text          0x00001cc2       0x62 ../../../../../../Desktop/capi324v22x-v2.06.000R\libcapi324v22x.a(ATTINY_get_sensors.o)
                0x00001cc2                ATTINY_get_sensors
 .text          0x00001d24       0x48 ../../../../../../Desktop/capi324v22x-v2.06.000R\libcapi324v22x.a(ATTINY_open.o)
                0x00001d24                ATTINY_open
 .text          0x00001d6c       0x82 ../../../../../../Desktop/capi324v22x-v2.06.000R\libcapi324v22x.a(__ATTINY_initialize_params.o)
                0x00001d6c                __ATTINY_initialize_params
 .text          0x00001dee       0x5a ../../../../../../Desktop/capi324v22x-v2.06.000R\libcapi324v22x.a(TMRSRVC_delay.o)
                0x00001dee                TMRSRVC_delay
 .text          0x00001e48       0x7c ../../../../../../Desktop/capi324v22x-v2.06.000R\libcapi324v22x.a(TMRSRVC_new.o)
                0x00001e48                TMRSRVC_new
 .text          0x00001ec4       0xd2 ../../../../../../Desktop/capi324v22x-v2.06.000R\libcapi324v22x.a(__TMRSRVC_insert.o)
                0x00001ec4                TMRSRVC_insert
 .text          0x00001f96       0x4a ../../../../../../Desktop/capi324v22x-v2.06.000R\libcapi324v22x.a(USONIC_open.o)
                0x00001f96                USONIC_open
 .text          0x00001fe0       0xc8 ../../../../../../Desktop/capi324v22x-v2.06.000R\libcapi324v22x.a(USONIC_ping.o)
                0x00001fe0                USONIC_ping
 .text          0x000020a8        0x6 ../../../../../../Desktop/capi324v22x-v2.06.000R\libcapi324v22x.a(__USONIC_init.o)
                0x000020a8                __USONIC_init
 .text          0x000020ae       0x1c ../../../../../../Desktop/capi324v22x-v2.06.000R\libcapi324v22x.a(CBOT_init.o)
                0x000020ae                CBOT_init
 .text          0x000020ca      0x480 ../../../../../../Desktop/capi324v22x-v2.06.000R\libcapi324v22x.a(CBOT_isr.o)
                0x000020ca                CBOT_ISR_init
                0x000020ce                __vector_16
                0x00002120                __vector_17
                0x00002172                __vector_18
                0x000021c4                __vector_9
                0x00002216                __vector_10
                0x00002268                __vector_11
                0x000022ba                __vector_13
                0x0000230c                __vector_14
                0x0000235e                __vector_12
                0x000023b0                __vector_15
                0x00002402                __vector_4
                0x00002454                __vector_5
                0x000024a6                __vector_6
                0x000024f8                __vector_7
 .text          0x0000254a       0x22 ../../../../../../Desktop/capi324v22x-v2.06.000R\libcapi324v22x.a(ISR_open.o)
                0x0000254a                ISR_open
 .text          0x0000256c      0x15a ../../../../../../Desktop/capi324v22x-v2.06.000R\libcapi324v22x.a(__LCD_putchar.o)
                0x0000256c                __LCD_putchar
 .text          0x000026c6       0x18 ../../../../../../Desktop/capi324v22x-v2.06.000R\libcapi324v22x.a(LED_clr_pattern.o)
                0x000026c6                LED_clr_pattern
 .text          0x000026de        0xa ../../../../../../Desktop/capi324v22x-v2.06.000R\libcapi324v22x.a(__LED_clr_pattern.o)
                0x000026de                __LED_clr_pattern
 .text          0x000026e8       0x10 ../../../../../../Desktop/capi324v22x-v2.06.000R\libcapi324v22x.a(ATMEGA_open.o)
                0x000026e8                ATMEGA_open
 .text          0x000026f8       0xa6 ../../../../../../Desktop/capi324v22x-v2.06.000R\libcapi324v22x.a(ATMEGA_set_clk_mode.o)
                0x000026f8                ATMEGA_set_clk_mode
 .text          0x0000279e        0x6 ../../../../../../Desktop/capi324v22x-v2.06.000R\libcapi324v22x.a(__ATMEGA_init.o)
                0x0000279e                __ATMEGA_init
 .text          0x000027a4       0x52 ../../../../../../Desktop/capi324v22x-v2.06.000R\libcapi324v22x.a(SPI_cfgrs.o)
                0x000027a4                SPI_default_config
                0x000027b4                SPI_ATtiny0_config
                0x000027c4                SPI_PSXC_config
                0x000027d4                SPI_LCD_config
                0x000027e4                SPI_FLASH_config
 .text          0x000027f6       0x20 ../../../../../../Desktop/capi324v22x-v2.06.000R\libcapi324v22x.a(SPI_receive.o)
                0x000027f6                SPI_receive
 .text          0x00002816       0x64 ../../../../../../Desktop/capi324v22x-v2.06.000R\libcapi324v22x.a(SPKR_close.o)
                0x00002816                __SPKR_close_beep_mode
                0x0000282c                __SPKR_close_tone_mode
                0x00002866                SPKR_close
 .text          0x0000287a      0x136 ../../../../../../Desktop/capi324v22x-v2.06.000R\libcapi324v22x.a(SPKR_open.o)
                0x0000287a                __SPKR_set_up_freq_LUT
                0x00002918                __SPKR_open_beep_mode
                0x0000293c                __SPKR_open_tone_mode
                0x00002998                SPKR_open
 .text          0x000029b0       0xac ../../../../../../Desktop/capi324v22x-v2.06.000R\libcapi324v22x.a(SPKR_play_beep.o)
                0x000029b0                SPKR_play_beep
 .text          0x00002a5c       0x38 ../../../../../../Desktop/capi324v22x-v2.06.000R\libcapi324v22x.a(__SPKR_close.o)
                0x00002a5c                __SPKR_close
 .text          0x00002a94       0x54 ../../../../../../Desktop/capi324v22x-v2.06.000R\libcapi324v22x.a(__SPKR_init.o)
                0x00002a94                __SPKR_init
 .text          0x00002ae8        0xc ../../../../../../Desktop/capi324v22x-v2.06.000R\libcapi324v22x.a(__SPKR_stop.o)
                0x00002ae8                __SPKR_stop
 .text          0x00002af4       0x2a ../../../../../../Desktop/capi324v22x-v2.06.000R\libcapi324v22x.a(STEPPER_go.o)
                0x00002af4                STEPPER_go
 .text          0x00002b1e       0x36 ../../../../../../Desktop/capi324v22x-v2.06.000R\libcapi324v22x.a(STEPPER_set_steps.o)
                0x00002b1e                STEPPER_set_steps
 .text          0x00002b54       0x1a ../../../../../../Desktop/capi324v22x-v2.06.000R\libcapi324v22x.a(STEPPER_set_steps2.o)
                0x00002b54                STEPPER_set_steps2
 .text          0x00002b6e       0x2a ../../../../../../Desktop/capi324v22x-v2.06.000R\libcapi324v22x.a(STEPPER_set_stop_mode.o)
                0x00002b6e                STEPPER_set_stop_mode
 .text          0x00002b98       0x7a ../../../../../../Desktop/capi324v22x-v2.06.000R\libcapi324v22x.a(STEPPER_setup_decels.o)
                0x00002b98                STEPPER_setup_decels
 .text          0x00002c12        0xc ../../../../../../Desktop/capi324v22x-v2.06.000R\libcapi324v22x.a(STOPWATCH_get_ticks.o)
                0x00002c12                STOPWATCH_get_ticks
 .text          0x00002c1e       0x3c ../../../../../../Desktop/capi324v22x-v2.06.000R\libcapi324v22x.a(STOPWATCH_open.o)
                0x00002c1e                STOPWATCH_open
 .text          0x00002c5a       0x14 ../../../../../../Desktop/capi324v22x-v2.06.000R\libcapi324v22x.a(STOPWATCH_reset.o)
                0x00002c5a                STOPWATCH_reset
 .text          0x00002c6e       0x10 ../../../../../../Desktop/capi324v22x-v2.06.000R\libcapi324v22x.a(STOPWATCH_start.o)
                0x00002c6e                STOPWATCH_start
 .text          0x00002c7e       0x1a ../../../../../../Desktop/capi324v22x-v2.06.000R\libcapi324v22x.a(STOPWATCH_stop.o)
                0x00002c7e                STOPWATCH_stop
 .text          0x00002c98       0x2a ../../../../../../Desktop/capi324v22x-v2.06.000R\libcapi324v22x.a(__STOPWATCH_init.o)
                0x00002c98                __STOPWATCH_init
 .text          0x00002cc2        0xc ../../../../../../Desktop/capi324v22x-v2.06.000R\libcapi324v22x.a(__STOPWATCH_start.o)
                0x00002cc2                __STOPWATCH_start
 .text          0x00002cce        0xc ../../../../../../Desktop/capi324v22x-v2.06.000R\libcapi324v22x.a(__STOPWATCH_stop.o)
                0x00002cce                __STOPWATCH_stop
 .text          0x00002cda       0x1e ../../../../../../Desktop/capi324v22x-v2.06.000R\libcapi324v22x.a(SYS_init.o)
                0x00002cda                SYS_init
 .text          0x00002cf8       0x10 ../../../../../../Desktop/capi324v22x-v2.06.000R\libcapi324v22x.a(SYS_set_refcount.o)
                0x00002cf8                SYS_set_refcount
 .text          0x00002d08       0x7a ../../../../../../Desktop/capi324v22x-v2.06.000R\libcapi324v22x.a(ATTINY_get_firm_rev.o)
                0x00002d08                ATTINY_get_firm_rev
 .text          0x00002d82       0x42 ../../../../../../Desktop/capi324v22x-v2.06.000R\libcapi324v22x.a(ATTINY_power_cycle_IR.o)
                0x00002d82                ATTINY_power_cycle_IR
 .text          0x00002dc4       0x38 ../../../../../../Desktop/capi324v22x-v2.06.000R\libcapi324v22x.a(TMRSRVC_open.o)
                0x00002dc4                TMRSRVC_open
 .text          0x00002dfc        0x8 ../../../../../../Desktop/capi324v22x-v2.06.000R\libcapi324v22x.a(TMRSRVC_start.o)
                0x00002dfc                TMRSRVC_start
 .text          0x00002e04       0x12 ../../../../../../Desktop/capi324v22x-v2.06.000R\libcapi324v22x.a(__TMRSRVC_init.o)
                0x00002e04                __TMRSRVC_init
 .text          0x00002e16        0xc ../../../../../../Desktop/capi324v22x-v2.06.000R\libcapi324v22x.a(__TMRSRVC_start.o)
                0x00002e16                __TMRSRVC_start
 .text          0x00002e22       0x28 ../../../../../../Desktop/capi324v22x-v2.06.000R\libcapi324v22x.a(ISR_attach.o)
                0x00002e22                ISR_attach
 .text          0x00002e4a       0x22 ../../../../../../Desktop/capi324v22x-v2.06.000R\libcapi324v22x.a(__ISR_attach.o)
                0x00002e4a                __ISR_attach
 .text          0x00002e6c        0x6 ../../../../../../Desktop/capi324v22x-v2.06.000R\libcapi324v22x.a(ISR__SPKR__TIMER1_COMPA_vect.o)
                0x00002e6c                __SPKR_TIMER1_COMPA_vect
 .text          0x00002e72       0x48 ../../../../../../Desktop/capi324v22x-v2.06.000R\libcapi324v22x.a(SPKR_beep.o)
                0x00002e72                SPKR_beep
 .text          0x00002eba       0x82 ../../../../../../Desktop/capi324v22x-v2.06.000R\libcapi324v22x.a(SPKR_clk.o)
                0x00002eba                SPKR_clk
 .text          0x00002f3c       0xda ../../../../../../Desktop/capi324v22x-v2.06.000R\libcapi324v22x.a(STEPPER_set_decel_step_values.o)
                0x00002f3c                STEPPER_set_decel_step_values
 .text          0x00003016        0x6 ../../../../../../Desktop/capi324v22x-v2.06.000R\libcapi324v22x.a(ISR__TIMER1_COMPA_vect.o)
                0x00003016                __TIMER1_COMPA_vect
 .text          0x0000301c        0xe ../../../../../../Desktop/capi324v22x-v2.06.000R\libcapi324v22x.a(ISR__TIMER0_COMPA_vect.o)
                0x0000301c                __TIMER0_COMPA_vect
 .text          0x0000302a       0x32 ../../../../../../Desktop/capi324v22x-v2.06.000R\libcapi324v22x.a(TMRSRVC_tick.o)
                0x0000302a                TMRSRVC_tick
 .text          0x0000305c       0x18 ../../../../../../Desktop/capi324v22x-v2.06.000R\libcapi324v22x.a(STOPWATCH_clk.o)
                0x0000305c                STOPWATCH_clk
 .text          0x00003074       0x4e ../../../../../../Desktop/capi324v22x-v2.06.000R\libcapi324v22x.a(SPKR_beep_clk.o)
                0x00003074                SPKR_beep_clk
 .text          0x000030c2      0x162 ../../../../../../Desktop/capi324v22x-v2.06.000R\libcapi324v22x.a(STEPPER_clk.o)
                0x000030c2                STEPPER_clk
 .text          0x00003224       0x8a ../../../../../../Desktop/capi324v22x-v2.06.000R\libcapi324v22x.a(STEPPER_process_accel.o)
                0x00003224                STEPPER_process_accel
 .text          0x000032ae      0x206 ../../../../../../Desktop/capi324v22x-v2.06.000R\libcapi324v22x.a(STEPPER_process_run_mode.o)
                0x000032ae                STEPPER_process_run_mode
 .text          0x000034b4       0xa8 ../../../../../../Desktop/capi324v22x-v2.06.000R\libcapi324v22x.a(STEPPER_process_step_mode.o)
                0x000034b4                STEPPER_process_step_mode
 .text          0x0000355c       0xd6 ../../../../../../Desktop/capi324v22x-v2.06.000R\libcapi324v22x.a(TMRSRVC_process.o)
                0x0000355c                TMRSRVC_process
 .text          0x00003632        0x6 ../../../../../../Desktop/capi324v22x-v2.06.000R\libcapi324v22x.a(TMRSRVC_stop.o)
                0x00003632                TMRSRVC_stop
 .text          0x00003638      0x130 ../../../../../../Desktop/capi324v22x-v2.06.000R\libcapi324v22x.a(STEPPER_process_pwm.o)
                0x00003638                STEPPER_process_pwm
                0x00003768                . = ALIGN (0x2)
 *(.text.*)
 .text.avr-libc
                0x00003768      0x6fa c:/program files (x86)/atmel/studio/7.0/toolchain/avr8/avr8-gnu-toolchain/bin/../lib/gcc/avr/5.4.0/../../../../avr/lib/avr5\libprintf_flt.a(vfprintf_flt.o)
                0x00003768                vfprintf
 .text.avr-libc.fplib
                0x00003e62        0xe c:/program files (x86)/atmel/studio/7.0/toolchain/avr8/avr8-gnu-toolchain/bin/../lib/gcc/avr/5.4.0/../../../../avr/lib/avr5\libm.a(addsf3.o)
                0x00003e62                __subsf3
                0x00003e64                __addsf3
 .text.avr-libc.fplib
                0x00003e70       0xcc c:/program files (x86)/atmel/studio/7.0/toolchain/avr8/avr8-gnu-toolchain/bin/../lib/gcc/avr/5.4.0/../../../../avr/lib/avr5\libm.a(addsf3x.o)
                0x00003e92                __addsf3x
 .text.avr-libc.fplib
                0x00003f3c        0x8 c:/program files (x86)/atmel/studio/7.0/toolchain/avr8/avr8-gnu-toolchain/bin/../lib/gcc/avr/5.4.0/../../../../avr/lib/avr5\libm.a(divsf3.o)
                0x00003f3c                __divsf3
 .text.avr-libc.fplib
                0x00003f44       0xdc c:/program files (x86)/atmel/studio/7.0/toolchain/avr8/avr8-gnu-toolchain/bin/../lib/gcc/avr/5.4.0/../../../../avr/lib/avr5\libm.a(divsf3x.o)
                0x00003f64                __divsf3x
                0x00003f6a                __divsf3_pse
 .text.avr-libc.fplib
                0x00004020        0xe c:/program files (x86)/atmel/studio/7.0/toolchain/avr8/avr8-gnu-toolchain/bin/../lib/gcc/avr/5.4.0/../../../../avr/lib/avr5\libm.a(fixsfsi.o)
                0x00004020                __fixsfsi
 .text.avr-libc.fplib
                0x0000402e       0x5e c:/program files (x86)/atmel/studio/7.0/toolchain/avr8/avr8-gnu-toolchain/bin/../lib/gcc/avr/5.4.0/../../../../avr/lib/avr5\libm.a(fixunssfsi.o)
                0x0000402e                __fixunssfsi
 .text.avr-libc.fplib
                0x0000408c       0x7a c:/program files (x86)/atmel/studio/7.0/toolchain/avr8/avr8-gnu-toolchain/bin/../lib/gcc/avr/5.4.0/../../../../avr/lib/avr5\libm.a(floatsisf.o)
                0x0000408c                __floatunsisf
                0x00004090                __floatsisf
 .text.avr-libc.fplib
                0x00004106        0xc c:/program files (x86)/atmel/studio/7.0/toolchain/avr8/avr8-gnu-toolchain/bin/../lib/gcc/avr/5.4.0/../../../../avr/lib/avr5\libm.a(fp_inf.o)
                0x00004106                __fp_inf
 .text.avr-libc.fplib
                0x00004112        0x6 c:/program files (x86)/atmel/studio/7.0/toolchain/avr8/avr8-gnu-toolchain/bin/../lib/gcc/avr/5.4.0/../../../../avr/lib/avr5\libm.a(fp_nan.o)
                0x00004112                __fp_nan
 .text.avr-libc.fplib
                0x00004118        0xe c:/program files (x86)/atmel/studio/7.0/toolchain/avr8/avr8-gnu-toolchain/bin/../lib/gcc/avr/5.4.0/../../../../avr/lib/avr5\libm.a(fp_pscA.o)
                0x00004118                __fp_pscA
 .text.avr-libc.fplib
                0x00004126        0xe c:/program files (x86)/atmel/studio/7.0/toolchain/avr8/avr8-gnu-toolchain/bin/../lib/gcc/avr/5.4.0/../../../../avr/lib/avr5\libm.a(fp_pscB.o)
                0x00004126                __fp_pscB
 .text.avr-libc.fplib
                0x00004134       0x22 c:/program files (x86)/atmel/studio/7.0/toolchain/avr8/avr8-gnu-toolchain/bin/../lib/gcc/avr/5.4.0/../../../../avr/lib/avr5\libm.a(fp_round.o)
                0x00004134                __fp_round
 .text.avr-libc.fplib
                0x00004156       0x44 c:/program files (x86)/atmel/studio/7.0/toolchain/avr8/avr8-gnu-toolchain/bin/../lib/gcc/avr/5.4.0/../../../../avr/lib/avr5\libm.a(fp_split3.o)
                0x00004156                __fp_split3
                0x00004166                __fp_splitA
 .text.avr-libc.fplib
                0x0000419a        0xe c:/program files (x86)/atmel/studio/7.0/toolchain/avr8/avr8-gnu-toolchain/bin/../lib/gcc/avr/5.4.0/../../../../avr/lib/avr5\libm.a(fp_zero.o)
                0x0000419a                __fp_zero
                0x0000419c                __fp_szero
 .text.avr-libc.fplib
                0x000041a8        0xa c:/program files (x86)/atmel/studio/7.0/toolchain/avr8/avr8-gnu-toolchain/bin/../lib/gcc/avr/5.4.0/../../../../avr/lib/avr5\libm.a(gesf2.o)
                0x000041a8                __gesf2
                0x000041a8                __gtsf2
 .text.avr-libc.fplib
                0x000041b2       0x7a c:/program files (x86)/atmel/studio/7.0/toolchain/avr8/avr8-gnu-toolchain/bin/../lib/gcc/avr/5.4.0/../../../../avr/lib/avr5\libm.a(lrint.o)
                0x000041b2                lrint
 .text.avr-libc.fplib
                0x0000422c        0x8 c:/program files (x86)/atmel/studio/7.0/toolchain/avr8/avr8-gnu-toolchain/bin/../lib/gcc/avr/5.4.0/../../../../avr/lib/avr5\libm.a(mulsf3.o)
                0x0000422c                __mulsf3
 .text.avr-libc.fplib
                0x00004234       0xd2 c:/program files (x86)/atmel/studio/7.0/toolchain/avr8/avr8-gnu-toolchain/bin/../lib/gcc/avr/5.4.0/../../../../avr/lib/avr5\libm.a(mulsf3x.o)
                0x00004252                __mulsf3x
                0x00004258                __mulsf3_pse
 .text.avr-libc.fplib
                0x00004306       0xa0 c:/program files (x86)/atmel/studio/7.0/toolchain/avr8/avr8-gnu-toolchain/bin/../lib/gcc/avr/5.4.0/../../../../avr/lib/avr5\libm.a(pow.o)
                0x00004306                pow
 .text.avr-libc.fplib
                0x000043a6       0x74 c:/program files (x86)/atmel/studio/7.0/toolchain/avr8/avr8-gnu-toolchain/bin/../lib/gcc/avr/5.4.0/../../../../avr/lib/avr5\libm.a(exp.o)
                0x000043b6                exp
 .text.avr-libc.fplib
                0x0000441a       0x48 c:/program files (x86)/atmel/studio/7.0/toolchain/avr8/avr8-gnu-toolchain/bin/../lib/gcc/avr/5.4.0/../../../../avr/lib/avr5\libm.a(fp_cmp.o)
                0x0000441a                __fp_cmp
 .text.avr-libc.fplib
                0x00004462       0x4e c:/program files (x86)/atmel/studio/7.0/toolchain/avr8/avr8-gnu-toolchain/bin/../lib/gcc/avr/5.4.0/../../../../avr/lib/avr5\libm.a(fp_powser.o)
                0x00004462                __fp_powser
 .text.avr-libc.fplib
                0x000044b0       0x10 c:/program files (x86)/atmel/studio/7.0/toolchain/avr8/avr8-gnu-toolchain/bin/../lib/gcc/avr/5.4.0/../../../../avr/lib/avr5\libm.a(inverse.o)
                0x000044b0                inverse
 .text.avr-libc.fplib
                0x000044c0       0x74 c:/program files (x86)/atmel/studio/7.0/toolchain/avr8/avr8-gnu-toolchain/bin/../lib/gcc/avr/5.4.0/../../../../avr/lib/avr5\libm.a(ldexp.o)
                0x000044c8                ldexp
 .text.avr-libc.fplib
                0x00004534       0xa0 c:/program files (x86)/atmel/studio/7.0/toolchain/avr8/avr8-gnu-toolchain/bin/../lib/gcc/avr/5.4.0/../../../../avr/lib/avr5\libm.a(log.o)
                0x00004544                log
 .text.avr-libc.fplib
                0x000045d4       0x68 c:/program files (x86)/atmel/studio/7.0/toolchain/avr8/avr8-gnu-toolchain/bin/../lib/gcc/avr/5.4.0/../../../../avr/lib/avr5\libm.a(modf.o)
                0x000045d4                modf
                0x000045d4                modff
 .text.avr-libc.fplib
                0x0000463c       0x1c c:/program files (x86)/atmel/studio/7.0/toolchain/avr8/avr8-gnu-toolchain/bin/../lib/gcc/avr/5.4.0/../../../../avr/lib/avr5\libm.a(fp_mpack.o)
                0x0000463c                __fp_mpack
                0x00004640                __fp_mpack_finite
 .text.libgcc.mul
                0x00004658       0x20 c:/program files (x86)/atmel/studio/7.0/toolchain/avr8/avr8-gnu-toolchain/bin/../lib/gcc/avr/5.4.0/avr5\libgcc.a(_mulsi3.o)
                0x00004658                __mulsi3
 .text.libgcc.div
                0x00004678       0x44 c:/program files (x86)/atmel/studio/7.0/toolchain/avr8/avr8-gnu-toolchain/bin/../lib/gcc/avr/5.4.0/avr5\libgcc.a(_udivmodsi4.o)
                0x00004678                __udivmodsi4
 .text.libgcc.mul
                0x000046bc       0x1e c:/program files (x86)/atmel/studio/7.0/toolchain/avr8/avr8-gnu-toolchain/bin/../lib/gcc/avr/5.4.0/avr5\libgcc.a(_umulhisi3.o)
                0x000046bc                __umulhisi3
 .text.libgcc.mul
                0x000046da       0x16 c:/program files (x86)/atmel/studio/7.0/toolchain/avr8/avr8-gnu-toolchain/bin/../lib/gcc/avr/5.4.0/avr5\libgcc.a(_muluhisi3.o)
                0x000046da                __muluhisi3
 .text.libgcc.prologue
                0x000046f0       0x38 c:/program files (x86)/atmel/studio/7.0/toolchain/avr8/avr8-gnu-toolchain/bin/../lib/gcc/avr/5.4.0/avr5\libgcc.a(_prologue.o)
                0x000046f0                __prologue_saves__
 .text.libgcc.prologue
                0x00004728       0x36 c:/program files (x86)/atmel/studio/7.0/toolchain/avr8/avr8-gnu-toolchain/bin/../lib/gcc/avr/5.4.0/avr5\libgcc.a(_epilogue.o)
                0x00004728                __epilogue_restores__
 .text.avr-libc
                0x0000475e      0x242 c:/program files (x86)/atmel/studio/7.0/toolchain/avr8/avr8-gnu-toolchain/bin/../lib/gcc/avr/5.4.0/../../../../avr/lib/avr5\libc.a(malloc.o)
                0x0000475e                malloc
                0x0000488e                free
 .text.avr-libc
                0x000049a0      0x1b0 c:/program files (x86)/atmel/studio/7.0/toolchain/avr8/avr8-gnu-toolchain/bin/../lib/gcc/avr/5.4.0/../../../../avr/lib/avr5\libc.a(ftoa_engine.o)
                0x000049a0                __ftoa_engine
 .text.avr-libc
                0x00004b50       0x16 c:/program files (x86)/atmel/studio/7.0/toolchain/avr8/avr8-gnu-toolchain/bin/../lib/gcc/avr/5.4.0/../../../../avr/lib/avr5\libc.a(strnlen_P.o)
                0x00004b50                strnlen_P
 .text.avr-libc
                0x00004b66       0x16 c:/program files (x86)/atmel/studio/7.0/toolchain/avr8/avr8-gnu-toolchain/bin/../lib/gcc/avr/5.4.0/../../../../avr/lib/avr5\libc.a(strnlen.o)
                0x00004b66                strnlen
 .text.avr-libc
                0x00004b7c       0x78 c:/program files (x86)/atmel/studio/7.0/toolchain/avr8/avr8-gnu-toolchain/bin/../lib/gcc/avr/5.4.0/../../../../avr/lib/avr5\libc.a(fputc.o)
                0x00004b7c                fputc
 .text.avr-libc
                0x00004bf4       0x2c c:/program files (x86)/atmel/studio/7.0/toolchain/avr8/avr8-gnu-toolchain/bin/../lib/gcc/avr/5.4.0/../../../../avr/lib/avr5\libc.a(printf.o)
                0x00004bf4                printf
 .text.avr-libc
                0x00004c20       0x60 c:/program files (x86)/atmel/studio/7.0/toolchain/avr8/avr8-gnu-toolchain/bin/../lib/gcc/avr/5.4.0/../../../../avr/lib/avr5\libc.a(puts.o)
                0x00004c20                puts
 .text.avr-libc
                0x00004c80       0xbc c:/program files (x86)/atmel/studio/7.0/toolchain/avr8/avr8-gnu-toolchain/bin/../lib/gcc/avr/5.4.0/../../../../avr/lib/avr5\libc.a(ultoa_invert.o)
                0x00004c80                __ultoa_invert
                0x00004d3c                . = ALIGN (0x2)
 *(.fini9)
 .fini9         0x00004d3c        0x0 c:/program files (x86)/atmel/studio/7.0/toolchain/avr8/avr8-gnu-toolchain/bin/../lib/gcc/avr/5.4.0/avr5\libgcc.a(_exit.o)
                0x00004d3c                _exit
                0x00004d3c                exit
 *(.fini9)
 *(.fini8)
 *(.fini8)
 *(.fini7)
 *(.fini7)
 *(.fini6)
 *(.fini6)
 *(.fini5)
 *(.fini5)
 *(.fini4)
 *(.fini4)
 *(.fini3)
 *(.fini3)
 *(.fini2)
 *(.fini2)
 *(.fini1)
 *(.fini1)
 *(.fini0)
 .fini0         0x00004d3c        0x4 c:/program files (x86)/atmel/studio/7.0/toolchain/avr8/avr8-gnu-toolchain/bin/../lib/gcc/avr/5.4.0/avr5\libgcc.a(_exit.o)
 *(.fini0)
                0x00004d40                _etext = .

.data           0x00800100       0x86 load address 0x00004d40
                0x00800100                PROVIDE (__data_start, .)
 *(.data)
 .data          0x00800100        0x1 ../../../../../../Desktop/capi324v22x-v2.06.000R\libcapi324v22x.a(ADC_set_channel.o)
 .data          0x00800101        0x4 ../../../../../../Desktop/capi324v22x-v2.06.000R\libcapi324v22x.a(ATTINY_get_IR_state.o)
 .data          0x00800105        0xe ../../../../../../Desktop/capi324v22x-v2.06.000R\libcapi324v22x.a(LCD_globals.o)
                0x00800105                LCD_stdout
 .data          0x00800113        0x8 ../../../../../../Desktop/capi324v22x-v2.06.000R\libcapi324v22x.a(STEPPER_globals.o)
                0x00800113                Motor_L_LUT
                0x00800117                Motor_R_LUT
 .data          0x0080011b        0x6 c:/program files (x86)/atmel/studio/7.0/toolchain/avr8/avr8-gnu-toolchain/bin/../lib/gcc/avr/5.4.0/../../../../avr/lib/avr5\libc.a(malloc.o)
                0x0080011b                __malloc_heap_end
                0x0080011d                __malloc_heap_start
                0x0080011f                __malloc_margin
 *(.data*)
 *(.gnu.linkonce.d*)
 *(.rodata)
 *(.rodata*)
 .rodata.str1.1
                0x00800121       0x65 main.o
 *(.gnu.linkonce.r*)
                0x00800186                . = ALIGN (0x2)
                0x00800186                _edata = .
                0x00800186                PROVIDE (__data_end, .)

.bss            0x00800186      0x128
                0x00800186                PROVIDE (__bss_start, .)
 *(.bss)
 .bss           0x00800186        0x2 ../../../../../../Desktop/capi324v22x-v2.06.000R\libcapi324v22x.a(STEPPER_step.o)
 .bss           0x00800188        0x2 ../../../../../../Desktop/capi324v22x-v2.06.000R\libcapi324v22x.a(STEPPER_step2.o)
 .bss           0x0080018a        0xb ../../../../../../Desktop/capi324v22x-v2.06.000R\libcapi324v22x.a(ATTINY_get_IR_state.o)
 .bss           0x00800195       0x40 ../../../../../../Desktop/capi324v22x-v2.06.000R\libcapi324v22x.a(ISR_globals.o)
                0x00800195                CBOT_ISR_vtable
 .bss           0x008001d5       0x10 ../../../../../../Desktop/capi324v22x-v2.06.000R\libcapi324v22x.a(SPI_globals.o)
                0x008001d5                spi_config_func_LUT
 .bss           0x008001e5       0x10 ../../../../../../Desktop/capi324v22x-v2.06.000R\libcapi324v22x.a(SPKR_globals.o)
                0x008001e5                tone_mode_active
                0x008001e6                beep_mode_active
                0x008001e7                spkr_accum32
                0x008001eb                spkr_freq
                0x008001ef                beep_accum16
                0x008001f1                beep_freq
                0x008001f3                p_Freq_LUT
 .bss           0x008001f5        0x2 ../../../../../../Desktop/capi324v22x-v2.06.000R\libcapi324v22x.a(TMRSRVC_globals.o)
                0x008001f5                timer_busy_status
                0x008001f6                timer_run_status
 .bss           0x008001f7        0x1 ../../../../../../Desktop/capi324v22x-v2.06.000R\libcapi324v22x.a(STEPPER_process_run_mode.o)
 .bss           0x008001f8        0x4 ../../../../../../Desktop/capi324v22x-v2.06.000R\libcapi324v22x.a(STEPPER_process_pwm.o)
 *(.bss*)
 .bss.previous_action.3823
                0x008001fc        0x9 main.o
 .bss.sonar_sense_timer.3790
                0x00800205        0x9 main.o
 .bss.timer_started.3789
                0x0080020e        0x1 main.o
 .bss.sense_timer.3780
                0x0080020f        0x9 main.o
 .bss.timer_started.3779
                0x00800218        0x1 main.o
 .bss.sense_timer.3774
                0x00800219        0x9 main.o
 .bss.timer_started.3773
                0x00800222        0x1 main.o
 .bss.previous_state.3757
                0x00800223        0x1 main.o
 *(COMMON)
 COMMON         0x00800224        0x9 main.o
                0x00800224                action
 COMMON         0x0080022d       0x15 ../../../../../../Desktop/capi324v22x-v2.06.000R\libcapi324v22x.a(SYS_globals.o)
                0x0080022d                CBOT_SYSTEM_refcount
 COMMON         0x00800242        0x5 ../../../../../../Desktop/capi324v22x-v2.06.000R\libcapi324v22x.a(LCD_globals.o)
                0x00800242                LCD_params
 COMMON         0x00800247        0x1 ../../../../../../Desktop/capi324v22x-v2.06.000R\libcapi324v22x.a(SPI_globals.o)
                0x00800247                curr_spi_addr
 COMMON         0x00800248       0x39 ../../../../../../Desktop/capi324v22x-v2.06.000R\libcapi324v22x.a(STEPPER_globals.o)
                0x00800248                STEPPER_params
                0x0080027f                step_done
 COMMON         0x00800281        0x2 ../../../../../../Desktop/capi324v22x-v2.06.000R\libcapi324v22x.a(STOPWATCH_globals.o)
                0x00800281                STOPWATCH_params
 COMMON         0x00800283       0x1e ../../../../../../Desktop/capi324v22x-v2.06.000R\libcapi324v22x.a(ATTINY_globals.o)
                0x00800283                ATTINY_params
 COMMON         0x008002a1        0x3 ../../../../../../Desktop/capi324v22x-v2.06.000R\libcapi324v22x.a(TMRSRVC_globals.o)
                0x008002a1                tmrNodes
 COMMON         0x008002a4        0x4 c:/program files (x86)/atmel/studio/7.0/toolchain/avr8/avr8-gnu-toolchain/bin/../lib/gcc/avr/5.4.0/../../../../avr/lib/avr5\libc.a(malloc.o)
                0x008002a4                __brkval
                0x008002a6                __flp
 COMMON         0x008002a8        0x6 c:/program files (x86)/atmel/studio/7.0/toolchain/avr8/avr8-gnu-toolchain/bin/../lib/gcc/avr/5.4.0/../../../../avr/lib/avr5\libc.a(iob.o)
                0x008002a8                __iob
                0x008002ae                PROVIDE (__bss_end, .)
                0x00004d40                __data_load_start = LOADADDR (.data)
                0x00004dc6                __data_load_end = (__data_load_start + SIZEOF (.data))

.noinit         0x008002ae        0x0
                [!provide]                PROVIDE (__noinit_start, .)
 *(.noinit*)
                [!provide]                PROVIDE (__noinit_end, .)
                0x008002ae                _end = .
                0x008002ae                PROVIDE (__heap_start, .)

.eeprom         0x00810000        0x0
 *(.eeprom*)
                0x00810000                __eeprom_end = .

.fuse
 *(.fuse)
 *(.lfuse)
 *(.hfuse)
 *(.efuse)

.lock
 *(.lock*)

.signature
 *(.signature*)

.user_signatures
 *(.user_signatures*)

.stab
 *(.stab)

.stabstr
 *(.stabstr)

.stab.excl
 *(.stab.excl)

.stab.exclstr
 *(.stab.exclstr)

.stab.index
 *(.stab.index)

.stab.indexstr
 *(.stab.indexstr)

.comment        0x00000000       0x5c
 *(.comment)
 .comment       0x00000000       0x30 main.o
                                 0x31 (size before relaxing)
 .comment       0x00000030       0x2c c:/program files (x86)/atmel/studio/7.0/toolchain/avr8/avr8-gnu-toolchain/bin/../lib/gcc/avr/5.4.0/../../../../avr/lib/avr5\libprintf_flt.a(vfprintf_flt.o)
                                 0x2d (size before relaxing)
 .comment       0x0000005c       0x31 c:/program files (x86)/atmel/studio/7.0/toolchain/avr8/avr8-gnu-toolchain/bin/../lib/gcc/avr/5.4.0/../../../../avr/lib/avr5\libc.a(malloc.o)
 .comment       0x0000005c       0x31 c:/program files (x86)/atmel/studio/7.0/toolchain/avr8/avr8-gnu-toolchain/bin/../lib/gcc/avr/5.4.0/../../../../avr/lib/avr5\libc.a(fputc.o)
 .comment       0x0000005c       0x31 c:/program files (x86)/atmel/studio/7.0/toolchain/avr8/avr8-gnu-toolchain/bin/../lib/gcc/avr/5.4.0/../../../../avr/lib/avr5\libc.a(iob.o)
 .comment       0x0000005c       0x31 c:/program files (x86)/atmel/studio/7.0/toolchain/avr8/avr8-gnu-toolchain/bin/../lib/gcc/avr/5.4.0/../../../../avr/lib/avr5\libc.a(printf.o)
 .comment       0x0000005c       0x31 c:/program files (x86)/atmel/studio/7.0/toolchain/avr8/avr8-gnu-toolchain/bin/../lib/gcc/avr/5.4.0/../../../../avr/lib/avr5\libc.a(puts.o)

.note.gnu.avr.deviceinfo
                0x00000000       0x40
 .note.gnu.avr.deviceinfo
                0x00000000       0x40 c:/program files (x86)/atmel/studio/7.0/toolchain/avr8/avr8-gnu-toolchain/bin/../lib/gcc/avr/5.4.0/../../../../avr/lib/avr5/crtatmega324p.o

.note.gnu.build-id
 *(.note.gnu.build-id)

.debug
 *(.debug)

.line
 *(.line)

.debug_srcinfo
 *(.debug_srcinfo)

.debug_sfnames
 *(.debug_sfnames)

.debug_aranges
 *(.debug_aranges)

.debug_pubnames
 *(.debug_pubnames)

.debug_info     0x00000000      0x6cc
 *(.debug_info .gnu.linkonce.wi.*)
 .debug_info    0x00000000      0x6cc c:/program files (x86)/atmel/studio/7.0/toolchain/avr8/avr8-gnu-toolchain/bin/../lib/gcc/avr/5.4.0/../../../../avr/lib/avr5/crtatmega324p.o

.debug_abbrev   0x00000000      0x66e
 *(.debug_abbrev)
 .debug_abbrev  0x00000000      0x66e c:/program files (x86)/atmel/studio/7.0/toolchain/avr8/avr8-gnu-toolchain/bin/../lib/gcc/avr/5.4.0/../../../../avr/lib/avr5/crtatmega324p.o

.debug_line     0x00000000       0x1a
 *(.debug_line .debug_line.* .debug_line_end)
 .debug_line    0x00000000       0x1a c:/program files (x86)/atmel/studio/7.0/toolchain/avr8/avr8-gnu-toolchain/bin/../lib/gcc/avr/5.4.0/../../../../avr/lib/avr5/crtatmega324p.o

.debug_frame
 *(.debug_frame)

.debug_str      0x00000000      0x255
 *(.debug_str)
 .debug_str     0x00000000      0x255 c:/program files (x86)/atmel/studio/7.0/toolchain/avr8/avr8-gnu-toolchain/bin/../lib/gcc/avr/5.4.0/../../../../avr/lib/avr5/crtatmega324p.o

.debug_loc
 *(.debug_loc)

.debug_macinfo
 *(.debug_macinfo)

.debug_weaknames
 *(.debug_weaknames)

.debug_funcnames
 *(.debug_funcnames)

.debug_typenames
 *(.debug_typenames)

.debug_varnames
 *(.debug_varnames)

.debug_pubtypes
 *(.debug_pubtypes)

.debug_ranges
 *(.debug_ranges)

.debug_macro
 *(.debug_macro)
OUTPUT(CEENBot-Project.elf elf32-avr)
LOAD linker stubs
