Archive member included to satisfy reference by file (symbol)

../../../../../capi324v221-v1.09.002R\libcapi324v221.a(CBOT_main.o)
                              C:/Program Files (x86)/Atmel/Studio/7.0/Packs/atmel/ATmega_DFP/1.3.300/gcc/dev/atmega324p/avr5/crtatmega324p.o (main)
../../../../../capi324v221-v1.09.002R\libcapi324v221.a(STEPPER_move.o)
                              src/motor_control.o (STEPPER_move)
../../../../../capi324v221-v1.09.002R\libcapi324v221.a(STEPPER_open.o)
                              main.o (STEPPER_open)
../../../../../capi324v221-v1.09.002R\libcapi324v221.a(STEPPER_run.o)
                              ../../../../../capi324v221-v1.09.002R\libcapi324v221.a(STEPPER_move.o) (STEPPER_run)
../../../../../capi324v221-v1.09.002R\libcapi324v221.a(STEPPER_set_accel.o)
                              ../../../../../capi324v221-v1.09.002R\libcapi324v221.a(STEPPER_move.o) (STEPPER_set_accel)
../../../../../capi324v221-v1.09.002R\libcapi324v221.a(STEPPER_set_dir.o)
                              ../../../../../capi324v221-v1.09.002R\libcapi324v221.a(STEPPER_run.o) (STEPPER_set_dir)
../../../../../capi324v221-v1.09.002R\libcapi324v221.a(STEPPER_set_mode.o)
                              ../../../../../capi324v221-v1.09.002R\libcapi324v221.a(STEPPER_move.o) (STEPPER_set_mode)
../../../../../capi324v221-v1.09.002R\libcapi324v221.a(STEPPER_set_speed.o)
                              ../../../../../capi324v221-v1.09.002R\libcapi324v221.a(STEPPER_run.o) (STEPPER_set_speed)
../../../../../capi324v221-v1.09.002R\libcapi324v221.a(STEPPER_step.o)
                              ../../../../../capi324v221-v1.09.002R\libcapi324v221.a(STEPPER_move.o) (STEPPER_step)
../../../../../capi324v221-v1.09.002R\libcapi324v221.a(STEPPER_stop.o)
                              src/app.o (STEPPER_stop)
../../../../../capi324v221-v1.09.002R\libcapi324v221.a(STEPPER_wait_and_then.o)
                              ../../../../../capi324v221-v1.09.002R\libcapi324v221.a(STEPPER_move.o) (STEPPER_wait_and_then)
../../../../../capi324v221-v1.09.002R\libcapi324v221.a(SYS_set_state.o)
                              ../../../../../capi324v221-v1.09.002R\libcapi324v221.a(STEPPER_open.o) (SYS_set_state)
../../../../../capi324v221-v1.09.002R\libcapi324v221.a(ATTINY_get_IR_state.o)
                              src/app.o (ATTINY_get_IR_state)
../../../../../capi324v221-v1.09.002R\libcapi324v221.a(ATTINY_get_sensors.o)
                              ../../../../../capi324v221-v1.09.002R\libcapi324v221.a(ATTINY_get_IR_state.o) (ATTINY_get_sensors)
../../../../../capi324v221-v1.09.002R\libcapi324v221.a(TMRSRVC_new.o)
                              ../../../../../capi324v221-v1.09.002R\libcapi324v221.a(ATTINY_get_IR_state.o) (TMRSRVC_new)
../../../../../capi324v221-v1.09.002R\libcapi324v221.a(CBOT_init.o)
                              ../../../../../capi324v221-v1.09.002R\libcapi324v221.a(CBOT_main.o) (CBOT_init)
../../../../../capi324v221-v1.09.002R\libcapi324v221.a(CBOT_isr.o)
                              ../../../../../capi324v221-v1.09.002R\libcapi324v221.a(CBOT_main.o) (CBOT_ISR_init)
../../../../../capi324v221-v1.09.002R\libcapi324v221.a(ISR_globals.o)
                              ../../../../../capi324v221-v1.09.002R\libcapi324v221.a(CBOT_isr.o) (CBOT_ISR_vtable)
../../../../../capi324v221-v1.09.002R\libcapi324v221.a(ISR_open.o)
                              ../../../../../capi324v221-v1.09.002R\libcapi324v221.a(CBOT_init.o) (ISR_open)
../../../../../capi324v221-v1.09.002R\libcapi324v221.a(ATMEGA_open.o)
                              ../../../../../capi324v221-v1.09.002R\libcapi324v221.a(CBOT_init.o) (ATMEGA_open)
../../../../../capi324v221-v1.09.002R\libcapi324v221.a(ATMEGA_set_clk_mode.o)
                              ../../../../../capi324v221-v1.09.002R\libcapi324v221.a(ATMEGA_open.o) (ATMEGA_set_clk_mode)
../../../../../capi324v221-v1.09.002R\libcapi324v221.a(SPI_open.o)
                              ../../../../../capi324v221-v1.09.002R\libcapi324v221.a(CBOT_init.o) (SPI_open)
../../../../../capi324v221-v1.09.002R\libcapi324v221.a(SPI_receive.o)
                              ../../../../../capi324v221-v1.09.002R\libcapi324v221.a(ATTINY_get_sensors.o) (SPI_receive)
../../../../../capi324v221-v1.09.002R\libcapi324v221.a(SPI_set_config_func.o)
                              ../../../../../capi324v221-v1.09.002R\libcapi324v221.a(SPI_open.o) (SPI_set_config_func)
../../../../../capi324v221-v1.09.002R\libcapi324v221.a(SPI_set_slave_addr.o)
                              ../../../../../capi324v221-v1.09.002R\libcapi324v221.a(ATTINY_get_sensors.o) (SPI_set_slave_addr)
../../../../../capi324v221-v1.09.002R\libcapi324v221.a(SPI_transmit.o)
                              ../../../../../capi324v221-v1.09.002R\libcapi324v221.a(ATTINY_get_sensors.o) (SPI_transmit)
../../../../../capi324v221-v1.09.002R\libcapi324v221.a(STEPPER_globals.o)
                              ../../../../../capi324v221-v1.09.002R\libcapi324v221.a(STEPPER_open.o) (STEPPER_params)
../../../../../capi324v221-v1.09.002R\libcapi324v221.a(STEPPER_go.o)
                              ../../../../../capi324v221-v1.09.002R\libcapi324v221.a(STEPPER_step.o) (STEPPER_go)
../../../../../capi324v221-v1.09.002R\libcapi324v221.a(__STEPPER_init.o)
                              ../../../../../capi324v221-v1.09.002R\libcapi324v221.a(STEPPER_open.o) (__STEPPER_init)
../../../../../capi324v221-v1.09.002R\libcapi324v221.a(STEPPER_set_steps.o)
                              ../../../../../capi324v221-v1.09.002R\libcapi324v221.a(STEPPER_step.o) (STEPPER_set_steps)
../../../../../capi324v221-v1.09.002R\libcapi324v221.a(STEPPER_set_stop_mode.o)
                              ../../../../../capi324v221-v1.09.002R\libcapi324v221.a(STEPPER_step.o) (STEPPER_set_stop_mode)
../../../../../capi324v221-v1.09.002R\libcapi324v221.a(STEPPER_setup_decels.o)
                              ../../../../../capi324v221-v1.09.002R\libcapi324v221.a(STEPPER_step.o) (STEPPER_setup_decels)
../../../../../capi324v221-v1.09.002R\libcapi324v221.a(SYS_get_state.o)
                              ../../../../../capi324v221-v1.09.002R\libcapi324v221.a(ATTINY_get_sensors.o) (SYS_get_state)
../../../../../capi324v221-v1.09.002R\libcapi324v221.a(SYS_globals.o)
                              ../../../../../capi324v221-v1.09.002R\libcapi324v221.a(SYS_set_state.o) (CBOT_system)
../../../../../capi324v221-v1.09.002R\libcapi324v221.a(SYS_init.o)
                              ../../../../../capi324v221-v1.09.002R\libcapi324v221.a(CBOT_init.o) (SYS_init)
../../../../../capi324v221-v1.09.002R\libcapi324v221.a(ATTINY_open.o)
                              ../../../../../capi324v221-v1.09.002R\libcapi324v221.a(CBOT_init.o) (ATTINY_open)
../../../../../capi324v221-v1.09.002R\libcapi324v221.a(TMRSRVC_globals.o)
                              ../../../../../capi324v221-v1.09.002R\libcapi324v221.a(TMRSRVC_new.o) (timer_busy_status)
../../../../../capi324v221-v1.09.002R\libcapi324v221.a(__TMRSRVC_insert.o)
                              ../../../../../capi324v221-v1.09.002R\libcapi324v221.a(TMRSRVC_new.o) (TMRSRVC_insert)
../../../../../capi324v221-v1.09.002R\libcapi324v221.a(TMRSRVC_open.o)
                              ../../../../../capi324v221-v1.09.002R\libcapi324v221.a(CBOT_init.o) (TMRSRVC_open)
../../../../../capi324v221-v1.09.002R\libcapi324v221.a(__TMRSRVC_start.o)
                              ../../../../../capi324v221-v1.09.002R\libcapi324v221.a(TMRSRVC_open.o) (__TMRSRVC_start)
../../../../../capi324v221-v1.09.002R\libcapi324v221.a(TMRSRVC_start.o)
                              ../../../../../capi324v221-v1.09.002R\libcapi324v221.a(__TMRSRVC_insert.o) (TMRSRVC_start)
../../../../../capi324v221-v1.09.002R\libcapi324v221.a(__ISR_attach.o)
                              ../../../../../capi324v221-v1.09.002R\libcapi324v221.a(TMRSRVC_open.o) (__ISR_attach)
../../../../../capi324v221-v1.09.002R\libcapi324v221.a(__ATMEGA_init.o)
                              ../../../../../capi324v221-v1.09.002R\libcapi324v221.a(ATMEGA_open.o) (__ATMEGA_init)
../../../../../capi324v221-v1.09.002R\libcapi324v221.a(SPI_cfgrs.o)
                              ../../../../../capi324v221-v1.09.002R\libcapi324v221.a(SPI_open.o) (SPI_default_config)
../../../../../capi324v221-v1.09.002R\libcapi324v221.a(SPI_globals.o)
                              ../../../../../capi324v221-v1.09.002R\libcapi324v221.a(SPI_set_config_func.o) (spi_config_func_LUT)
../../../../../capi324v221-v1.09.002R\libcapi324v221.a(__SPI_init.o)
                              ../../../../../capi324v221-v1.09.002R\libcapi324v221.a(SPI_open.o) (__SPI_init)
../../../../../capi324v221-v1.09.002R\libcapi324v221.a(STEPPER_set_decel_step_values.o)
                              ../../../../../capi324v221-v1.09.002R\libcapi324v221.a(STEPPER_setup_decels.o) (STEPPER_set_decel_step_values)
../../../../../capi324v221-v1.09.002R\libcapi324v221.a(ATTINY_globals.o)
                              ../../../../../capi324v221-v1.09.002R\libcapi324v221.a(ATTINY_open.o) (ATTINY_params)
../../../../../capi324v221-v1.09.002R\libcapi324v221.a(ISR__TIMER0_COMPA_vect.o)
                              ../../../../../capi324v221-v1.09.002R\libcapi324v221.a(TMRSRVC_open.o) (__TIMER0_COMPA_vect)
../../../../../capi324v221-v1.09.002R\libcapi324v221.a(__TMRSRVC_init.o)
                              ../../../../../capi324v221-v1.09.002R\libcapi324v221.a(TMRSRVC_open.o) (__TMRSRVC_init)
../../../../../capi324v221-v1.09.002R\libcapi324v221.a(TMRSRVC_tick.o)
                              ../../../../../capi324v221-v1.09.002R\libcapi324v221.a(ISR__TIMER0_COMPA_vect.o) (TMRSRVC_tick)
../../../../../capi324v221-v1.09.002R\libcapi324v221.a(SPKR_beep_clk.o)
                              ../../../../../capi324v221-v1.09.002R\libcapi324v221.a(ISR__TIMER0_COMPA_vect.o) (SPKR_beep_clk)
../../../../../capi324v221-v1.09.002R\libcapi324v221.a(SPKR_globals.o)
                              ../../../../../capi324v221-v1.09.002R\libcapi324v221.a(SPKR_beep_clk.o) (beep_mode_active)
../../../../../capi324v221-v1.09.002R\libcapi324v221.a(STEPPER_clk.o)
                              ../../../../../capi324v221-v1.09.002R\libcapi324v221.a(ISR__TIMER0_COMPA_vect.o) (STEPPER_clk)
../../../../../capi324v221-v1.09.002R\libcapi324v221.a(STEPPER_process_accel.o)
                              ../../../../../capi324v221-v1.09.002R\libcapi324v221.a(STEPPER_clk.o) (STEPPER_process_accel)
../../../../../capi324v221-v1.09.002R\libcapi324v221.a(STEPPER_process_run_mode.o)
                              ../../../../../capi324v221-v1.09.002R\libcapi324v221.a(STEPPER_clk.o) (STEPPER_process_run_mode)
../../../../../capi324v221-v1.09.002R\libcapi324v221.a(STEPPER_process_step_mode.o)
                              ../../../../../capi324v221-v1.09.002R\libcapi324v221.a(STEPPER_process_run_mode.o) (STEPPER_process_step_mode)
../../../../../capi324v221-v1.09.002R\libcapi324v221.a(TMRSRVC_process.o)
                              ../../../../../capi324v221-v1.09.002R\libcapi324v221.a(TMRSRVC_tick.o) (TMRSRVC_process)
../../../../../capi324v221-v1.09.002R\libcapi324v221.a(TMRSRVC_stop.o)
                              ../../../../../capi324v221-v1.09.002R\libcapi324v221.a(TMRSRVC_process.o) (TMRSRVC_stop)
../../../../../capi324v221-v1.09.002R\libcapi324v221.a(STEPPER_process_pwm.o)
                              ../../../../../capi324v221-v1.09.002R\libcapi324v221.a(STEPPER_process_run_mode.o) (STEPPER_process_pwm)
c:/program files (x86)/atmel/studio/7.0/toolchain/avr8/avr8-gnu-toolchain/bin/../lib/gcc/avr/5.4.0/../../../../avr/lib/avr5\libprintf_flt.a(vfprintf_flt.o)
                              (vfprintf)
c:/program files (x86)/atmel/studio/7.0/toolchain/avr8/avr8-gnu-toolchain/bin/../lib/gcc/avr/5.4.0/../../../../avr/lib/avr5\libm.a(addsf3.o)
                              src/motor_control.o (__subsf3)
c:/program files (x86)/atmel/studio/7.0/toolchain/avr8/avr8-gnu-toolchain/bin/../lib/gcc/avr/5.4.0/../../../../avr/lib/avr5\libm.a(addsf3x.o)
                              c:/program files (x86)/atmel/studio/7.0/toolchain/avr8/avr8-gnu-toolchain/bin/../lib/gcc/avr/5.4.0/../../../../avr/lib/avr5\libm.a(addsf3.o) (__addsf3x)
c:/program files (x86)/atmel/studio/7.0/toolchain/avr8/avr8-gnu-toolchain/bin/../lib/gcc/avr/5.4.0/../../../../avr/lib/avr5\libm.a(divsf3.o)
                              src/motor_control.o (__divsf3)
c:/program files (x86)/atmel/studio/7.0/toolchain/avr8/avr8-gnu-toolchain/bin/../lib/gcc/avr/5.4.0/../../../../avr/lib/avr5\libm.a(divsf3x.o)
                              c:/program files (x86)/atmel/studio/7.0/toolchain/avr8/avr8-gnu-toolchain/bin/../lib/gcc/avr/5.4.0/../../../../avr/lib/avr5\libm.a(divsf3.o) (__divsf3x)
c:/program files (x86)/atmel/studio/7.0/toolchain/avr8/avr8-gnu-toolchain/bin/../lib/gcc/avr/5.4.0/../../../../avr/lib/avr5\libm.a(fixunssfsi.o)
                              src/motor_control.o (__fixunssfsi)
c:/program files (x86)/atmel/studio/7.0/toolchain/avr8/avr8-gnu-toolchain/bin/../lib/gcc/avr/5.4.0/../../../../avr/lib/avr5\libm.a(floor.o)
                              src/motor_control.o (floor)
c:/program files (x86)/atmel/studio/7.0/toolchain/avr8/avr8-gnu-toolchain/bin/../lib/gcc/avr/5.4.0/../../../../avr/lib/avr5\libm.a(fp_inf.o)
                              c:/program files (x86)/atmel/studio/7.0/toolchain/avr8/avr8-gnu-toolchain/bin/../lib/gcc/avr/5.4.0/../../../../avr/lib/avr5\libm.a(addsf3x.o) (__fp_inf)
c:/program files (x86)/atmel/studio/7.0/toolchain/avr8/avr8-gnu-toolchain/bin/../lib/gcc/avr/5.4.0/../../../../avr/lib/avr5\libm.a(fp_mintl.o)
                              c:/program files (x86)/atmel/studio/7.0/toolchain/avr8/avr8-gnu-toolchain/bin/../lib/gcc/avr/5.4.0/../../../../avr/lib/avr5\libm.a(floor.o) (__fp_mintl)
c:/program files (x86)/atmel/studio/7.0/toolchain/avr8/avr8-gnu-toolchain/bin/../lib/gcc/avr/5.4.0/../../../../avr/lib/avr5\libm.a(fp_mpack.o)
                              c:/program files (x86)/atmel/studio/7.0/toolchain/avr8/avr8-gnu-toolchain/bin/../lib/gcc/avr/5.4.0/../../../../avr/lib/avr5\libm.a(floor.o) (__fp_mpack)
c:/program files (x86)/atmel/studio/7.0/toolchain/avr8/avr8-gnu-toolchain/bin/../lib/gcc/avr/5.4.0/../../../../avr/lib/avr5\libm.a(fp_nan.o)
                              c:/program files (x86)/atmel/studio/7.0/toolchain/avr8/avr8-gnu-toolchain/bin/../lib/gcc/avr/5.4.0/../../../../avr/lib/avr5\libm.a(addsf3x.o) (__fp_nan)
c:/program files (x86)/atmel/studio/7.0/toolchain/avr8/avr8-gnu-toolchain/bin/../lib/gcc/avr/5.4.0/../../../../avr/lib/avr5\libm.a(fp_pscA.o)
                              c:/program files (x86)/atmel/studio/7.0/toolchain/avr8/avr8-gnu-toolchain/bin/../lib/gcc/avr/5.4.0/../../../../avr/lib/avr5\libm.a(addsf3x.o) (__fp_pscA)
c:/program files (x86)/atmel/studio/7.0/toolchain/avr8/avr8-gnu-toolchain/bin/../lib/gcc/avr/5.4.0/../../../../avr/lib/avr5\libm.a(fp_pscB.o)
                              c:/program files (x86)/atmel/studio/7.0/toolchain/avr8/avr8-gnu-toolchain/bin/../lib/gcc/avr/5.4.0/../../../../avr/lib/avr5\libm.a(addsf3x.o) (__fp_pscB)
c:/program files (x86)/atmel/studio/7.0/toolchain/avr8/avr8-gnu-toolchain/bin/../lib/gcc/avr/5.4.0/../../../../avr/lib/avr5\libm.a(fp_round.o)
                              c:/program files (x86)/atmel/studio/7.0/toolchain/avr8/avr8-gnu-toolchain/bin/../lib/gcc/avr/5.4.0/../../../../avr/lib/avr5\libm.a(addsf3.o) (__fp_round)
c:/program files (x86)/atmel/studio/7.0/toolchain/avr8/avr8-gnu-toolchain/bin/../lib/gcc/avr/5.4.0/../../../../avr/lib/avr5\libm.a(fp_split3.o)
                              c:/program files (x86)/atmel/studio/7.0/toolchain/avr8/avr8-gnu-toolchain/bin/../lib/gcc/avr/5.4.0/../../../../avr/lib/avr5\libm.a(addsf3x.o) (__fp_split3)
c:/program files (x86)/atmel/studio/7.0/toolchain/avr8/avr8-gnu-toolchain/bin/../lib/gcc/avr/5.4.0/../../../../avr/lib/avr5\libm.a(fp_trunc.o)
                              c:/program files (x86)/atmel/studio/7.0/toolchain/avr8/avr8-gnu-toolchain/bin/../lib/gcc/avr/5.4.0/../../../../avr/lib/avr5\libm.a(floor.o) (__fp_trunc)
c:/program files (x86)/atmel/studio/7.0/toolchain/avr8/avr8-gnu-toolchain/bin/../lib/gcc/avr/5.4.0/../../../../avr/lib/avr5\libm.a(fp_zero.o)
                              c:/program files (x86)/atmel/studio/7.0/toolchain/avr8/avr8-gnu-toolchain/bin/../lib/gcc/avr/5.4.0/../../../../avr/lib/avr5\libm.a(addsf3x.o) (__fp_zero)
c:/program files (x86)/atmel/studio/7.0/toolchain/avr8/avr8-gnu-toolchain/bin/../lib/gcc/avr/5.4.0/../../../../avr/lib/avr5\libm.a(mulsf3.o)
                              src/motor_control.o (__mulsf3)
c:/program files (x86)/atmel/studio/7.0/toolchain/avr8/avr8-gnu-toolchain/bin/../lib/gcc/avr/5.4.0/../../../../avr/lib/avr5\libm.a(mulsf3x.o)
                              c:/program files (x86)/atmel/studio/7.0/toolchain/avr8/avr8-gnu-toolchain/bin/../lib/gcc/avr/5.4.0/../../../../avr/lib/avr5\libm.a(mulsf3.o) (__mulsf3x)
c:/program files (x86)/atmel/studio/7.0/toolchain/avr8/avr8-gnu-toolchain/bin/../lib/gcc/avr/5.4.0/avr5\libgcc.a(_mulsi3.o)
                              ../../../../../capi324v221-v1.09.002R\libcapi324v221.a(STEPPER_set_decel_step_values.o) (__mulsi3)
c:/program files (x86)/atmel/studio/7.0/toolchain/avr8/avr8-gnu-toolchain/bin/../lib/gcc/avr/5.4.0/avr5\libgcc.a(_udivmodsi4.o)
                              ../../../../../capi324v221-v1.09.002R\libcapi324v221.a(STEPPER_set_decel_step_values.o) (__udivmodsi4)
c:/program files (x86)/atmel/studio/7.0/toolchain/avr8/avr8-gnu-toolchain/bin/../lib/gcc/avr/5.4.0/avr5\libgcc.a(_exit.o)
                              C:/Program Files (x86)/Atmel/Studio/7.0/Packs/atmel/ATmega_DFP/1.3.300/gcc/dev/atmega324p/avr5/crtatmega324p.o (exit)
c:/program files (x86)/atmel/studio/7.0/toolchain/avr8/avr8-gnu-toolchain/bin/../lib/gcc/avr/5.4.0/avr5\libgcc.a(_copy_data.o)
                              ../../../../../capi324v221-v1.09.002R\libcapi324v221.a(CBOT_main.o) (__do_copy_data)
c:/program files (x86)/atmel/studio/7.0/toolchain/avr8/avr8-gnu-toolchain/bin/../lib/gcc/avr/5.4.0/avr5\libgcc.a(_clear_bss.o)
                              ../../../../../capi324v221-v1.09.002R\libcapi324v221.a(CBOT_main.o) (__do_clear_bss)
c:/program files (x86)/atmel/studio/7.0/toolchain/avr8/avr8-gnu-toolchain/bin/../lib/gcc/avr/5.4.0/avr5\libgcc.a(_muluhisi3.o)
                              c:/program files (x86)/atmel/studio/7.0/toolchain/avr8/avr8-gnu-toolchain/bin/../lib/gcc/avr/5.4.0/avr5\libgcc.a(_mulsi3.o) (__muluhisi3)
c:/program files (x86)/atmel/studio/7.0/toolchain/avr8/avr8-gnu-toolchain/bin/../lib/gcc/avr/5.4.0/avr5\libgcc.a(_prologue.o)
                              c:/program files (x86)/atmel/studio/7.0/toolchain/avr8/avr8-gnu-toolchain/bin/../lib/gcc/avr/5.4.0/../../../../avr/lib/avr5\libprintf_flt.a(vfprintf_flt.o) (__prologue_saves__)
c:/program files (x86)/atmel/studio/7.0/toolchain/avr8/avr8-gnu-toolchain/bin/../lib/gcc/avr/5.4.0/avr5\libgcc.a(_epilogue.o)
                              c:/program files (x86)/atmel/studio/7.0/toolchain/avr8/avr8-gnu-toolchain/bin/../lib/gcc/avr/5.4.0/../../../../avr/lib/avr5\libprintf_flt.a(vfprintf_flt.o) (__epilogue_restores__)
c:/program files (x86)/atmel/studio/7.0/toolchain/avr8/avr8-gnu-toolchain/bin/../lib/gcc/avr/5.4.0/avr5\libgcc.a(_umulhisi3.o)
                              c:/program files (x86)/atmel/studio/7.0/toolchain/avr8/avr8-gnu-toolchain/bin/../lib/gcc/avr/5.4.0/avr5\libgcc.a(_muluhisi3.o) (__umulhisi3)
c:/program files (x86)/atmel/studio/7.0/toolchain/avr8/avr8-gnu-toolchain/bin/../lib/gcc/avr/5.4.0/../../../../avr/lib/avr5\libc.a(malloc.o)
                              ../../../../../capi324v221-v1.09.002R\libcapi324v221.a(TMRSRVC_new.o) (malloc)
c:/program files (x86)/atmel/studio/7.0/toolchain/avr8/avr8-gnu-toolchain/bin/../lib/gcc/avr/5.4.0/../../../../avr/lib/avr5\libc.a(ftoa_engine.o)
                              c:/program files (x86)/atmel/studio/7.0/toolchain/avr8/avr8-gnu-toolchain/bin/../lib/gcc/avr/5.4.0/../../../../avr/lib/avr5\libprintf_flt.a(vfprintf_flt.o) (__ftoa_engine)
c:/program files (x86)/atmel/studio/7.0/toolchain/avr8/avr8-gnu-toolchain/bin/../lib/gcc/avr/5.4.0/../../../../avr/lib/avr5\libc.a(strnlen_P.o)
                              c:/program files (x86)/atmel/studio/7.0/toolchain/avr8/avr8-gnu-toolchain/bin/../lib/gcc/avr/5.4.0/../../../../avr/lib/avr5\libprintf_flt.a(vfprintf_flt.o) (strnlen_P)
c:/program files (x86)/atmel/studio/7.0/toolchain/avr8/avr8-gnu-toolchain/bin/../lib/gcc/avr/5.4.0/../../../../avr/lib/avr5\libc.a(strnlen.o)
                              c:/program files (x86)/atmel/studio/7.0/toolchain/avr8/avr8-gnu-toolchain/bin/../lib/gcc/avr/5.4.0/../../../../avr/lib/avr5\libprintf_flt.a(vfprintf_flt.o) (strnlen)
c:/program files (x86)/atmel/studio/7.0/toolchain/avr8/avr8-gnu-toolchain/bin/../lib/gcc/avr/5.4.0/../../../../avr/lib/avr5\libc.a(fputc.o)
                              c:/program files (x86)/atmel/studio/7.0/toolchain/avr8/avr8-gnu-toolchain/bin/../lib/gcc/avr/5.4.0/../../../../avr/lib/avr5\libprintf_flt.a(vfprintf_flt.o) (fputc)
c:/program files (x86)/atmel/studio/7.0/toolchain/avr8/avr8-gnu-toolchain/bin/../lib/gcc/avr/5.4.0/../../../../avr/lib/avr5\libc.a(ultoa_invert.o)
                              c:/program files (x86)/atmel/studio/7.0/toolchain/avr8/avr8-gnu-toolchain/bin/../lib/gcc/avr/5.4.0/../../../../avr/lib/avr5\libprintf_flt.a(vfprintf_flt.o) (__ultoa_invert)

Allocating common symbols
Common symbol       size              file

__brkval            0x2               c:/program files (x86)/atmel/studio/7.0/toolchain/avr8/avr8-gnu-toolchain/bin/../lib/gcc/avr/5.4.0/../../../../avr/lib/avr5\libc.a(malloc.o)
ATTINY_params       0x1e              ../../../../../capi324v221-v1.09.002R\libcapi324v221.a(ATTINY_globals.o)
CBOT_system         0x13              ../../../../../capi324v221-v1.09.002R\libcapi324v221.a(SYS_globals.o)
tmrNodes            0x3               ../../../../../capi324v221-v1.09.002R\libcapi324v221.a(TMRSRVC_globals.o)
STEPPER_params      0x37              ../../../../../capi324v221-v1.09.002R\libcapi324v221.a(STEPPER_globals.o)
curr_spi_addr       0x1               ../../../../../capi324v221-v1.09.002R\libcapi324v221.a(SPI_globals.o)
__flp               0x2               c:/program files (x86)/atmel/studio/7.0/toolchain/avr8/avr8-gnu-toolchain/bin/../lib/gcc/avr/5.4.0/../../../../avr/lib/avr5\libc.a(malloc.o)
step_done           0x2               ../../../../../capi324v221-v1.09.002R\libcapi324v221.a(STEPPER_globals.o)

Discarded input sections

 .data          0x00000000        0x0 C:/Program Files (x86)/Atmel/Studio/7.0/Packs/atmel/ATmega_DFP/1.3.300/gcc/dev/atmega324p/avr5/crtatmega324p.o
 .bss           0x00000000        0x0 C:/Program Files (x86)/Atmel/Studio/7.0/Packs/atmel/ATmega_DFP/1.3.300/gcc/dev/atmega324p/avr5/crtatmega324p.o
 .data          0x00000000        0x0 main.o
 .bss           0x00000000        0x0 main.o
 .data          0x00000000        0x0 src/app.o
 .bss           0x00000000        0x0 src/app.o
 .data          0x00000000        0x0 src/motor_control.o
 .bss           0x00000000        0x0 src/motor_control.o
 .data          0x00000000        0x0 ../../../../../capi324v221-v1.09.002R\libcapi324v221.a(CBOT_main.o)
 .bss           0x00000000        0x0 ../../../../../capi324v221-v1.09.002R\libcapi324v221.a(CBOT_main.o)
 .data          0x00000000        0x0 ../../../../../capi324v221-v1.09.002R\libcapi324v221.a(STEPPER_move.o)
 .bss           0x00000000        0x0 ../../../../../capi324v221-v1.09.002R\libcapi324v221.a(STEPPER_move.o)
 .data          0x00000000        0x0 ../../../../../capi324v221-v1.09.002R\libcapi324v221.a(STEPPER_open.o)
 .bss           0x00000000        0x0 ../../../../../capi324v221-v1.09.002R\libcapi324v221.a(STEPPER_open.o)
 .data          0x00000000        0x0 ../../../../../capi324v221-v1.09.002R\libcapi324v221.a(STEPPER_run.o)
 .bss           0x00000000        0x0 ../../../../../capi324v221-v1.09.002R\libcapi324v221.a(STEPPER_run.o)
 .data          0x00000000        0x0 ../../../../../capi324v221-v1.09.002R\libcapi324v221.a(STEPPER_set_accel.o)
 .bss           0x00000000        0x0 ../../../../../capi324v221-v1.09.002R\libcapi324v221.a(STEPPER_set_accel.o)
 .data          0x00000000        0x0 ../../../../../capi324v221-v1.09.002R\libcapi324v221.a(STEPPER_set_dir.o)
 .bss           0x00000000        0x0 ../../../../../capi324v221-v1.09.002R\libcapi324v221.a(STEPPER_set_dir.o)
 .data          0x00000000        0x0 ../../../../../capi324v221-v1.09.002R\libcapi324v221.a(STEPPER_set_mode.o)
 .bss           0x00000000        0x0 ../../../../../capi324v221-v1.09.002R\libcapi324v221.a(STEPPER_set_mode.o)
 .data          0x00000000        0x0 ../../../../../capi324v221-v1.09.002R\libcapi324v221.a(STEPPER_set_speed.o)
 .bss           0x00000000        0x0 ../../../../../capi324v221-v1.09.002R\libcapi324v221.a(STEPPER_set_speed.o)
 .data          0x00000000        0x0 ../../../../../capi324v221-v1.09.002R\libcapi324v221.a(STEPPER_step.o)
 .data          0x00000000        0x0 ../../../../../capi324v221-v1.09.002R\libcapi324v221.a(STEPPER_stop.o)
 .bss           0x00000000        0x0 ../../../../../capi324v221-v1.09.002R\libcapi324v221.a(STEPPER_stop.o)
 .data          0x00000000        0x0 ../../../../../capi324v221-v1.09.002R\libcapi324v221.a(STEPPER_wait_and_then.o)
 .bss           0x00000000        0x0 ../../../../../capi324v221-v1.09.002R\libcapi324v221.a(STEPPER_wait_and_then.o)
 .data          0x00000000        0x0 ../../../../../capi324v221-v1.09.002R\libcapi324v221.a(SYS_set_state.o)
 .bss           0x00000000        0x0 ../../../../../capi324v221-v1.09.002R\libcapi324v221.a(SYS_set_state.o)
 .data          0x00000000        0x0 ../../../../../capi324v221-v1.09.002R\libcapi324v221.a(ATTINY_get_sensors.o)
 .bss           0x00000000        0x0 ../../../../../capi324v221-v1.09.002R\libcapi324v221.a(ATTINY_get_sensors.o)
 .data          0x00000000        0x0 ../../../../../capi324v221-v1.09.002R\libcapi324v221.a(TMRSRVC_new.o)
 .bss           0x00000000        0x0 ../../../../../capi324v221-v1.09.002R\libcapi324v221.a(TMRSRVC_new.o)
 .data          0x00000000        0x0 ../../../../../capi324v221-v1.09.002R\libcapi324v221.a(CBOT_init.o)
 .bss           0x00000000        0x0 ../../../../../capi324v221-v1.09.002R\libcapi324v221.a(CBOT_init.o)
 .data          0x00000000        0x0 ../../../../../capi324v221-v1.09.002R\libcapi324v221.a(CBOT_isr.o)
 .bss           0x00000000        0x0 ../../../../../capi324v221-v1.09.002R\libcapi324v221.a(CBOT_isr.o)
 .text          0x00000000        0x0 ../../../../../capi324v221-v1.09.002R\libcapi324v221.a(ISR_globals.o)
 .data          0x00000000        0x0 ../../../../../capi324v221-v1.09.002R\libcapi324v221.a(ISR_globals.o)
 .data          0x00000000        0x0 ../../../../../capi324v221-v1.09.002R\libcapi324v221.a(ISR_open.o)
 .bss           0x00000000        0x0 ../../../../../capi324v221-v1.09.002R\libcapi324v221.a(ISR_open.o)
 .data          0x00000000        0x0 ../../../../../capi324v221-v1.09.002R\libcapi324v221.a(ATMEGA_open.o)
 .bss           0x00000000        0x0 ../../../../../capi324v221-v1.09.002R\libcapi324v221.a(ATMEGA_open.o)
 .data          0x00000000        0x0 ../../../../../capi324v221-v1.09.002R\libcapi324v221.a(ATMEGA_set_clk_mode.o)
 .bss           0x00000000        0x0 ../../../../../capi324v221-v1.09.002R\libcapi324v221.a(ATMEGA_set_clk_mode.o)
 .data          0x00000000        0x0 ../../../../../capi324v221-v1.09.002R\libcapi324v221.a(SPI_open.o)
 .bss           0x00000000        0x0 ../../../../../capi324v221-v1.09.002R\libcapi324v221.a(SPI_open.o)
 .data          0x00000000        0x0 ../../../../../capi324v221-v1.09.002R\libcapi324v221.a(SPI_receive.o)
 .bss           0x00000000        0x0 ../../../../../capi324v221-v1.09.002R\libcapi324v221.a(SPI_receive.o)
 .data          0x00000000        0x0 ../../../../../capi324v221-v1.09.002R\libcapi324v221.a(SPI_set_config_func.o)
 .bss           0x00000000        0x0 ../../../../../capi324v221-v1.09.002R\libcapi324v221.a(SPI_set_config_func.o)
 .data          0x00000000        0x0 ../../../../../capi324v221-v1.09.002R\libcapi324v221.a(SPI_set_slave_addr.o)
 .bss           0x00000000        0x0 ../../../../../capi324v221-v1.09.002R\libcapi324v221.a(SPI_set_slave_addr.o)
 .data          0x00000000        0x0 ../../../../../capi324v221-v1.09.002R\libcapi324v221.a(SPI_transmit.o)
 .bss           0x00000000        0x0 ../../../../../capi324v221-v1.09.002R\libcapi324v221.a(SPI_transmit.o)
 .text          0x00000000        0x0 ../../../../../capi324v221-v1.09.002R\libcapi324v221.a(STEPPER_globals.o)
 .bss           0x00000000        0x0 ../../../../../capi324v221-v1.09.002R\libcapi324v221.a(STEPPER_globals.o)
 .data          0x00000000        0x0 ../../../../../capi324v221-v1.09.002R\libcapi324v221.a(STEPPER_go.o)
 .bss           0x00000000        0x0 ../../../../../capi324v221-v1.09.002R\libcapi324v221.a(STEPPER_go.o)
 .data          0x00000000        0x0 ../../../../../capi324v221-v1.09.002R\libcapi324v221.a(__STEPPER_init.o)
 .bss           0x00000000        0x0 ../../../../../capi324v221-v1.09.002R\libcapi324v221.a(__STEPPER_init.o)
 .data          0x00000000        0x0 ../../../../../capi324v221-v1.09.002R\libcapi324v221.a(STEPPER_set_steps.o)
 .bss           0x00000000        0x0 ../../../../../capi324v221-v1.09.002R\libcapi324v221.a(STEPPER_set_steps.o)
 .data          0x00000000        0x0 ../../../../../capi324v221-v1.09.002R\libcapi324v221.a(STEPPER_set_stop_mode.o)
 .bss           0x00000000        0x0 ../../../../../capi324v221-v1.09.002R\libcapi324v221.a(STEPPER_set_stop_mode.o)
 .data          0x00000000        0x0 ../../../../../capi324v221-v1.09.002R\libcapi324v221.a(STEPPER_setup_decels.o)
 .bss           0x00000000        0x0 ../../../../../capi324v221-v1.09.002R\libcapi324v221.a(STEPPER_setup_decels.o)
 .data          0x00000000        0x0 ../../../../../capi324v221-v1.09.002R\libcapi324v221.a(SYS_get_state.o)
 .bss           0x00000000        0x0 ../../../../../capi324v221-v1.09.002R\libcapi324v221.a(SYS_get_state.o)
 .text          0x00000000        0x0 ../../../../../capi324v221-v1.09.002R\libcapi324v221.a(SYS_globals.o)
 .data          0x00000000        0x0 ../../../../../capi324v221-v1.09.002R\libcapi324v221.a(SYS_globals.o)
 .bss           0x00000000        0x0 ../../../../../capi324v221-v1.09.002R\libcapi324v221.a(SYS_globals.o)
 .data          0x00000000        0x0 ../../../../../capi324v221-v1.09.002R\libcapi324v221.a(SYS_init.o)
 .bss           0x00000000        0x0 ../../../../../capi324v221-v1.09.002R\libcapi324v221.a(SYS_init.o)
 .data          0x00000000        0x0 ../../../../../capi324v221-v1.09.002R\libcapi324v221.a(ATTINY_open.o)
 .bss           0x00000000        0x0 ../../../../../capi324v221-v1.09.002R\libcapi324v221.a(ATTINY_open.o)
 .text          0x00000000        0x0 ../../../../../capi324v221-v1.09.002R\libcapi324v221.a(TMRSRVC_globals.o)
 .data          0x00000000        0x0 ../../../../../capi324v221-v1.09.002R\libcapi324v221.a(TMRSRVC_globals.o)
 .data          0x00000000        0x0 ../../../../../capi324v221-v1.09.002R\libcapi324v221.a(__TMRSRVC_insert.o)
 .bss           0x00000000        0x0 ../../../../../capi324v221-v1.09.002R\libcapi324v221.a(__TMRSRVC_insert.o)
 .data          0x00000000        0x0 ../../../../../capi324v221-v1.09.002R\libcapi324v221.a(TMRSRVC_open.o)
 .bss           0x00000000        0x0 ../../../../../capi324v221-v1.09.002R\libcapi324v221.a(TMRSRVC_open.o)
 .data          0x00000000        0x0 ../../../../../capi324v221-v1.09.002R\libcapi324v221.a(__TMRSRVC_start.o)
 .bss           0x00000000        0x0 ../../../../../capi324v221-v1.09.002R\libcapi324v221.a(__TMRSRVC_start.o)
 .data          0x00000000        0x0 ../../../../../capi324v221-v1.09.002R\libcapi324v221.a(TMRSRVC_start.o)
 .bss           0x00000000        0x0 ../../../../../capi324v221-v1.09.002R\libcapi324v221.a(TMRSRVC_start.o)
 .data          0x00000000        0x0 ../../../../../capi324v221-v1.09.002R\libcapi324v221.a(__ISR_attach.o)
 .bss           0x00000000        0x0 ../../../../../capi324v221-v1.09.002R\libcapi324v221.a(__ISR_attach.o)
 .data          0x00000000        0x0 ../../../../../capi324v221-v1.09.002R\libcapi324v221.a(__ATMEGA_init.o)
 .bss           0x00000000        0x0 ../../../../../capi324v221-v1.09.002R\libcapi324v221.a(__ATMEGA_init.o)
 .data          0x00000000        0x0 ../../../../../capi324v221-v1.09.002R\libcapi324v221.a(SPI_cfgrs.o)
 .bss           0x00000000        0x0 ../../../../../capi324v221-v1.09.002R\libcapi324v221.a(SPI_cfgrs.o)
 .text          0x00000000        0x0 ../../../../../capi324v221-v1.09.002R\libcapi324v221.a(SPI_globals.o)
 .data          0x00000000        0x0 ../../../../../capi324v221-v1.09.002R\libcapi324v221.a(SPI_globals.o)
 .data          0x00000000        0x0 ../../../../../capi324v221-v1.09.002R\libcapi324v221.a(__SPI_init.o)
 .bss           0x00000000        0x0 ../../../../../capi324v221-v1.09.002R\libcapi324v221.a(__SPI_init.o)
 .data          0x00000000        0x0 ../../../../../capi324v221-v1.09.002R\libcapi324v221.a(STEPPER_set_decel_step_values.o)
 .bss           0x00000000        0x0 ../../../../../capi324v221-v1.09.002R\libcapi324v221.a(STEPPER_set_decel_step_values.o)
 .text          0x00000000        0x0 ../../../../../capi324v221-v1.09.002R\libcapi324v221.a(ATTINY_globals.o)
 .data          0x00000000        0x0 ../../../../../capi324v221-v1.09.002R\libcapi324v221.a(ATTINY_globals.o)
 .bss           0x00000000        0x0 ../../../../../capi324v221-v1.09.002R\libcapi324v221.a(ATTINY_globals.o)
 .data          0x00000000        0x0 ../../../../../capi324v221-v1.09.002R\libcapi324v221.a(ISR__TIMER0_COMPA_vect.o)
 .bss           0x00000000        0x0 ../../../../../capi324v221-v1.09.002R\libcapi324v221.a(ISR__TIMER0_COMPA_vect.o)
 .data          0x00000000        0x0 ../../../../../capi324v221-v1.09.002R\libcapi324v221.a(__TMRSRVC_init.o)
 .bss           0x00000000        0x0 ../../../../../capi324v221-v1.09.002R\libcapi324v221.a(__TMRSRVC_init.o)
 .data          0x00000000        0x0 ../../../../../capi324v221-v1.09.002R\libcapi324v221.a(TMRSRVC_tick.o)
 .bss           0x00000000        0x0 ../../../../../capi324v221-v1.09.002R\libcapi324v221.a(TMRSRVC_tick.o)
 .data          0x00000000        0x0 ../../../../../capi324v221-v1.09.002R\libcapi324v221.a(SPKR_beep_clk.o)
 .bss           0x00000000        0x0 ../../../../../capi324v221-v1.09.002R\libcapi324v221.a(SPKR_beep_clk.o)
 .text          0x00000000        0x0 ../../../../../capi324v221-v1.09.002R\libcapi324v221.a(SPKR_globals.o)
 .data          0x00000000       0x38 ../../../../../capi324v221-v1.09.002R\libcapi324v221.a(SPKR_globals.o)
 .data          0x00000000        0x0 ../../../../../capi324v221-v1.09.002R\libcapi324v221.a(STEPPER_clk.o)
 .bss           0x00000000        0x0 ../../../../../capi324v221-v1.09.002R\libcapi324v221.a(STEPPER_clk.o)
 .data          0x00000000        0x0 ../../../../../capi324v221-v1.09.002R\libcapi324v221.a(STEPPER_process_accel.o)
 .bss           0x00000000        0x0 ../../../../../capi324v221-v1.09.002R\libcapi324v221.a(STEPPER_process_accel.o)
 .data          0x00000000        0x0 ../../../../../capi324v221-v1.09.002R\libcapi324v221.a(STEPPER_process_run_mode.o)
 .data          0x00000000        0x0 ../../../../../capi324v221-v1.09.002R\libcapi324v221.a(STEPPER_process_step_mode.o)
 .bss           0x00000000        0x0 ../../../../../capi324v221-v1.09.002R\libcapi324v221.a(STEPPER_process_step_mode.o)
 .data          0x00000000        0x0 ../../../../../capi324v221-v1.09.002R\libcapi324v221.a(TMRSRVC_process.o)
 .bss           0x00000000        0x0 ../../../../../capi324v221-v1.09.002R\libcapi324v221.a(TMRSRVC_process.o)
 .data          0x00000000        0x0 ../../../../../capi324v221-v1.09.002R\libcapi324v221.a(TMRSRVC_stop.o)
 .bss           0x00000000        0x0 ../../../../../capi324v221-v1.09.002R\libcapi324v221.a(TMRSRVC_stop.o)
 .data          0x00000000        0x0 ../../../../../capi324v221-v1.09.002R\libcapi324v221.a(STEPPER_process_pwm.o)
 .text          0x00000000        0x0 c:/program files (x86)/atmel/studio/7.0/toolchain/avr8/avr8-gnu-toolchain/bin/../lib/gcc/avr/5.4.0/../../../../avr/lib/avr5\libprintf_flt.a(vfprintf_flt.o)
 .data          0x00000000        0x0 c:/program files (x86)/atmel/studio/7.0/toolchain/avr8/avr8-gnu-toolchain/bin/../lib/gcc/avr/5.4.0/../../../../avr/lib/avr5\libprintf_flt.a(vfprintf_flt.o)
 .bss           0x00000000        0x0 c:/program files (x86)/atmel/studio/7.0/toolchain/avr8/avr8-gnu-toolchain/bin/../lib/gcc/avr/5.4.0/../../../../avr/lib/avr5\libprintf_flt.a(vfprintf_flt.o)
 .text          0x00000000        0x0 c:/program files (x86)/atmel/studio/7.0/toolchain/avr8/avr8-gnu-toolchain/bin/../lib/gcc/avr/5.4.0/../../../../avr/lib/avr5\libm.a(addsf3.o)
 .data          0x00000000        0x0 c:/program files (x86)/atmel/studio/7.0/toolchain/avr8/avr8-gnu-toolchain/bin/../lib/gcc/avr/5.4.0/../../../../avr/lib/avr5\libm.a(addsf3.o)
 .bss           0x00000000        0x0 c:/program files (x86)/atmel/studio/7.0/toolchain/avr8/avr8-gnu-toolchain/bin/../lib/gcc/avr/5.4.0/../../../../avr/lib/avr5\libm.a(addsf3.o)
 .text          0x00000000        0x0 c:/program files (x86)/atmel/studio/7.0/toolchain/avr8/avr8-gnu-toolchain/bin/../lib/gcc/avr/5.4.0/../../../../avr/lib/avr5\libm.a(addsf3x.o)
 .data          0x00000000        0x0 c:/program files (x86)/atmel/studio/7.0/toolchain/avr8/avr8-gnu-toolchain/bin/../lib/gcc/avr/5.4.0/../../../../avr/lib/avr5\libm.a(addsf3x.o)
 .bss           0x00000000        0x0 c:/program files (x86)/atmel/studio/7.0/toolchain/avr8/avr8-gnu-toolchain/bin/../lib/gcc/avr/5.4.0/../../../../avr/lib/avr5\libm.a(addsf3x.o)
 .text          0x00000000        0x0 c:/program files (x86)/atmel/studio/7.0/toolchain/avr8/avr8-gnu-toolchain/bin/../lib/gcc/avr/5.4.0/../../../../avr/lib/avr5\libm.a(divsf3.o)
 .data          0x00000000        0x0 c:/program files (x86)/atmel/studio/7.0/toolchain/avr8/avr8-gnu-toolchain/bin/../lib/gcc/avr/5.4.0/../../../../avr/lib/avr5\libm.a(divsf3.o)
 .bss           0x00000000        0x0 c:/program files (x86)/atmel/studio/7.0/toolchain/avr8/avr8-gnu-toolchain/bin/../lib/gcc/avr/5.4.0/../../../../avr/lib/avr5\libm.a(divsf3.o)
 .text          0x00000000        0x0 c:/program files (x86)/atmel/studio/7.0/toolchain/avr8/avr8-gnu-toolchain/bin/../lib/gcc/avr/5.4.0/../../../../avr/lib/avr5\libm.a(divsf3x.o)
 .data          0x00000000        0x0 c:/program files (x86)/atmel/studio/7.0/toolchain/avr8/avr8-gnu-toolchain/bin/../lib/gcc/avr/5.4.0/../../../../avr/lib/avr5\libm.a(divsf3x.o)
 .bss           0x00000000        0x0 c:/program files (x86)/atmel/studio/7.0/toolchain/avr8/avr8-gnu-toolchain/bin/../lib/gcc/avr/5.4.0/../../../../avr/lib/avr5\libm.a(divsf3x.o)
 .text          0x00000000        0x0 c:/program files (x86)/atmel/studio/7.0/toolchain/avr8/avr8-gnu-toolchain/bin/../lib/gcc/avr/5.4.0/../../../../avr/lib/avr5\libm.a(fixunssfsi.o)
 .data          0x00000000        0x0 c:/program files (x86)/atmel/studio/7.0/toolchain/avr8/avr8-gnu-toolchain/bin/../lib/gcc/avr/5.4.0/../../../../avr/lib/avr5\libm.a(fixunssfsi.o)
 .bss           0x00000000        0x0 c:/program files (x86)/atmel/studio/7.0/toolchain/avr8/avr8-gnu-toolchain/bin/../lib/gcc/avr/5.4.0/../../../../avr/lib/avr5\libm.a(fixunssfsi.o)
 .text          0x00000000        0x0 c:/program files (x86)/atmel/studio/7.0/toolchain/avr8/avr8-gnu-toolchain/bin/../lib/gcc/avr/5.4.0/../../../../avr/lib/avr5\libm.a(floor.o)
 .data          0x00000000        0x0 c:/program files (x86)/atmel/studio/7.0/toolchain/avr8/avr8-gnu-toolchain/bin/../lib/gcc/avr/5.4.0/../../../../avr/lib/avr5\libm.a(floor.o)
 .bss           0x00000000        0x0 c:/program files (x86)/atmel/studio/7.0/toolchain/avr8/avr8-gnu-toolchain/bin/../lib/gcc/avr/5.4.0/../../../../avr/lib/avr5\libm.a(floor.o)
 .text          0x00000000        0x0 c:/program files (x86)/atmel/studio/7.0/toolchain/avr8/avr8-gnu-toolchain/bin/../lib/gcc/avr/5.4.0/../../../../avr/lib/avr5\libm.a(fp_inf.o)
 .data          0x00000000        0x0 c:/program files (x86)/atmel/studio/7.0/toolchain/avr8/avr8-gnu-toolchain/bin/../lib/gcc/avr/5.4.0/../../../../avr/lib/avr5\libm.a(fp_inf.o)
 .bss           0x00000000        0x0 c:/program files (x86)/atmel/studio/7.0/toolchain/avr8/avr8-gnu-toolchain/bin/../lib/gcc/avr/5.4.0/../../../../avr/lib/avr5\libm.a(fp_inf.o)
 .text          0x00000000        0x0 c:/program files (x86)/atmel/studio/7.0/toolchain/avr8/avr8-gnu-toolchain/bin/../lib/gcc/avr/5.4.0/../../../../avr/lib/avr5\libm.a(fp_mintl.o)
 .data          0x00000000        0x0 c:/program files (x86)/atmel/studio/7.0/toolchain/avr8/avr8-gnu-toolchain/bin/../lib/gcc/avr/5.4.0/../../../../avr/lib/avr5\libm.a(fp_mintl.o)
 .bss           0x00000000        0x0 c:/program files (x86)/atmel/studio/7.0/toolchain/avr8/avr8-gnu-toolchain/bin/../lib/gcc/avr/5.4.0/../../../../avr/lib/avr5\libm.a(fp_mintl.o)
 .text          0x00000000        0x0 c:/program files (x86)/atmel/studio/7.0/toolchain/avr8/avr8-gnu-toolchain/bin/../lib/gcc/avr/5.4.0/../../../../avr/lib/avr5\libm.a(fp_mpack.o)
 .data          0x00000000        0x0 c:/program files (x86)/atmel/studio/7.0/toolchain/avr8/avr8-gnu-toolchain/bin/../lib/gcc/avr/5.4.0/../../../../avr/lib/avr5\libm.a(fp_mpack.o)
 .bss           0x00000000        0x0 c:/program files (x86)/atmel/studio/7.0/toolchain/avr8/avr8-gnu-toolchain/bin/../lib/gcc/avr/5.4.0/../../../../avr/lib/avr5\libm.a(fp_mpack.o)
 .text          0x00000000        0x0 c:/program files (x86)/atmel/studio/7.0/toolchain/avr8/avr8-gnu-toolchain/bin/../lib/gcc/avr/5.4.0/../../../../avr/lib/avr5\libm.a(fp_nan.o)
 .data          0x00000000        0x0 c:/program files (x86)/atmel/studio/7.0/toolchain/avr8/avr8-gnu-toolchain/bin/../lib/gcc/avr/5.4.0/../../../../avr/lib/avr5\libm.a(fp_nan.o)
 .bss           0x00000000        0x0 c:/program files (x86)/atmel/studio/7.0/toolchain/avr8/avr8-gnu-toolchain/bin/../lib/gcc/avr/5.4.0/../../../../avr/lib/avr5\libm.a(fp_nan.o)
 .text          0x00000000        0x0 c:/program files (x86)/atmel/studio/7.0/toolchain/avr8/avr8-gnu-toolchain/bin/../lib/gcc/avr/5.4.0/../../../../avr/lib/avr5\libm.a(fp_pscA.o)
 .data          0x00000000        0x0 c:/program files (x86)/atmel/studio/7.0/toolchain/avr8/avr8-gnu-toolchain/bin/../lib/gcc/avr/5.4.0/../../../../avr/lib/avr5\libm.a(fp_pscA.o)
 .bss           0x00000000        0x0 c:/program files (x86)/atmel/studio/7.0/toolchain/avr8/avr8-gnu-toolchain/bin/../lib/gcc/avr/5.4.0/../../../../avr/lib/avr5\libm.a(fp_pscA.o)
 .text          0x00000000        0x0 c:/program files (x86)/atmel/studio/7.0/toolchain/avr8/avr8-gnu-toolchain/bin/../lib/gcc/avr/5.4.0/../../../../avr/lib/avr5\libm.a(fp_pscB.o)
 .data          0x00000000        0x0 c:/program files (x86)/atmel/studio/7.0/toolchain/avr8/avr8-gnu-toolchain/bin/../lib/gcc/avr/5.4.0/../../../../avr/lib/avr5\libm.a(fp_pscB.o)
 .bss           0x00000000        0x0 c:/program files (x86)/atmel/studio/7.0/toolchain/avr8/avr8-gnu-toolchain/bin/../lib/gcc/avr/5.4.0/../../../../avr/lib/avr5\libm.a(fp_pscB.o)
 .text          0x00000000        0x0 c:/program files (x86)/atmel/studio/7.0/toolchain/avr8/avr8-gnu-toolchain/bin/../lib/gcc/avr/5.4.0/../../../../avr/lib/avr5\libm.a(fp_round.o)
 .data          0x00000000        0x0 c:/program files (x86)/atmel/studio/7.0/toolchain/avr8/avr8-gnu-toolchain/bin/../lib/gcc/avr/5.4.0/../../../../avr/lib/avr5\libm.a(fp_round.o)
 .bss           0x00000000        0x0 c:/program files (x86)/atmel/studio/7.0/toolchain/avr8/avr8-gnu-toolchain/bin/../lib/gcc/avr/5.4.0/../../../../avr/lib/avr5\libm.a(fp_round.o)
 .text          0x00000000        0x0 c:/program files (x86)/atmel/studio/7.0/toolchain/avr8/avr8-gnu-toolchain/bin/../lib/gcc/avr/5.4.0/../../../../avr/lib/avr5\libm.a(fp_split3.o)
 .data          0x00000000        0x0 c:/program files (x86)/atmel/studio/7.0/toolchain/avr8/avr8-gnu-toolchain/bin/../lib/gcc/avr/5.4.0/../../../../avr/lib/avr5\libm.a(fp_split3.o)
 .bss           0x00000000        0x0 c:/program files (x86)/atmel/studio/7.0/toolchain/avr8/avr8-gnu-toolchain/bin/../lib/gcc/avr/5.4.0/../../../../avr/lib/avr5\libm.a(fp_split3.o)
 .text          0x00000000        0x0 c:/program files (x86)/atmel/studio/7.0/toolchain/avr8/avr8-gnu-toolchain/bin/../lib/gcc/avr/5.4.0/../../../../avr/lib/avr5\libm.a(fp_trunc.o)
 .data          0x00000000        0x0 c:/program files (x86)/atmel/studio/7.0/toolchain/avr8/avr8-gnu-toolchain/bin/../lib/gcc/avr/5.4.0/../../../../avr/lib/avr5\libm.a(fp_trunc.o)
 .bss           0x00000000        0x0 c:/program files (x86)/atmel/studio/7.0/toolchain/avr8/avr8-gnu-toolchain/bin/../lib/gcc/avr/5.4.0/../../../../avr/lib/avr5\libm.a(fp_trunc.o)
 .text          0x00000000        0x0 c:/program files (x86)/atmel/studio/7.0/toolchain/avr8/avr8-gnu-toolchain/bin/../lib/gcc/avr/5.4.0/../../../../avr/lib/avr5\libm.a(fp_zero.o)
 .data          0x00000000        0x0 c:/program files (x86)/atmel/studio/7.0/toolchain/avr8/avr8-gnu-toolchain/bin/../lib/gcc/avr/5.4.0/../../../../avr/lib/avr5\libm.a(fp_zero.o)
 .bss           0x00000000        0x0 c:/program files (x86)/atmel/studio/7.0/toolchain/avr8/avr8-gnu-toolchain/bin/../lib/gcc/avr/5.4.0/../../../../avr/lib/avr5\libm.a(fp_zero.o)
 .text          0x00000000        0x0 c:/program files (x86)/atmel/studio/7.0/toolchain/avr8/avr8-gnu-toolchain/bin/../lib/gcc/avr/5.4.0/../../../../avr/lib/avr5\libm.a(mulsf3.o)
 .data          0x00000000        0x0 c:/program files (x86)/atmel/studio/7.0/toolchain/avr8/avr8-gnu-toolchain/bin/../lib/gcc/avr/5.4.0/../../../../avr/lib/avr5\libm.a(mulsf3.o)
 .bss           0x00000000        0x0 c:/program files (x86)/atmel/studio/7.0/toolchain/avr8/avr8-gnu-toolchain/bin/../lib/gcc/avr/5.4.0/../../../../avr/lib/avr5\libm.a(mulsf3.o)
 .text          0x00000000        0x0 c:/program files (x86)/atmel/studio/7.0/toolchain/avr8/avr8-gnu-toolchain/bin/../lib/gcc/avr/5.4.0/../../../../avr/lib/avr5\libm.a(mulsf3x.o)
 .data          0x00000000        0x0 c:/program files (x86)/atmel/studio/7.0/toolchain/avr8/avr8-gnu-toolchain/bin/../lib/gcc/avr/5.4.0/../../../../avr/lib/avr5\libm.a(mulsf3x.o)
 .bss           0x00000000        0x0 c:/program files (x86)/atmel/studio/7.0/toolchain/avr8/avr8-gnu-toolchain/bin/../lib/gcc/avr/5.4.0/../../../../avr/lib/avr5\libm.a(mulsf3x.o)
 .text          0x00000000        0x0 c:/program files (x86)/atmel/studio/7.0/toolchain/avr8/avr8-gnu-toolchain/bin/../lib/gcc/avr/5.4.0/avr5\libgcc.a(_mulsi3.o)
 .data          0x00000000        0x0 c:/program files (x86)/atmel/studio/7.0/toolchain/avr8/avr8-gnu-toolchain/bin/../lib/gcc/avr/5.4.0/avr5\libgcc.a(_mulsi3.o)
 .bss           0x00000000        0x0 c:/program files (x86)/atmel/studio/7.0/toolchain/avr8/avr8-gnu-toolchain/bin/../lib/gcc/avr/5.4.0/avr5\libgcc.a(_mulsi3.o)
 .text.libgcc.div
                0x00000000        0x0 c:/program files (x86)/atmel/studio/7.0/toolchain/avr8/avr8-gnu-toolchain/bin/../lib/gcc/avr/5.4.0/avr5\libgcc.a(_mulsi3.o)
 .text.libgcc   0x00000000        0x0 c:/program files (x86)/atmel/studio/7.0/toolchain/avr8/avr8-gnu-toolchain/bin/../lib/gcc/avr/5.4.0/avr5\libgcc.a(_mulsi3.o)
 .text.libgcc.prologue
                0x00000000        0x0 c:/program files (x86)/atmel/studio/7.0/toolchain/avr8/avr8-gnu-toolchain/bin/../lib/gcc/avr/5.4.0/avr5\libgcc.a(_mulsi3.o)
 .text.libgcc.builtins
                0x00000000        0x0 c:/program files (x86)/atmel/studio/7.0/toolchain/avr8/avr8-gnu-toolchain/bin/../lib/gcc/avr/5.4.0/avr5\libgcc.a(_mulsi3.o)
 .text.libgcc.fmul
                0x00000000        0x0 c:/program files (x86)/atmel/studio/7.0/toolchain/avr8/avr8-gnu-toolchain/bin/../lib/gcc/avr/5.4.0/avr5\libgcc.a(_mulsi3.o)
 .text.libgcc.fixed
                0x00000000        0x0 c:/program files (x86)/atmel/studio/7.0/toolchain/avr8/avr8-gnu-toolchain/bin/../lib/gcc/avr/5.4.0/avr5\libgcc.a(_mulsi3.o)
 .text          0x00000000        0x0 c:/program files (x86)/atmel/studio/7.0/toolchain/avr8/avr8-gnu-toolchain/bin/../lib/gcc/avr/5.4.0/avr5\libgcc.a(_udivmodsi4.o)
 .data          0x00000000        0x0 c:/program files (x86)/atmel/studio/7.0/toolchain/avr8/avr8-gnu-toolchain/bin/../lib/gcc/avr/5.4.0/avr5\libgcc.a(_udivmodsi4.o)
 .bss           0x00000000        0x0 c:/program files (x86)/atmel/studio/7.0/toolchain/avr8/avr8-gnu-toolchain/bin/../lib/gcc/avr/5.4.0/avr5\libgcc.a(_udivmodsi4.o)
 .text.libgcc.mul
                0x00000000        0x0 c:/program files (x86)/atmel/studio/7.0/toolchain/avr8/avr8-gnu-toolchain/bin/../lib/gcc/avr/5.4.0/avr5\libgcc.a(_udivmodsi4.o)
 .text.libgcc   0x00000000        0x0 c:/program files (x86)/atmel/studio/7.0/toolchain/avr8/avr8-gnu-toolchain/bin/../lib/gcc/avr/5.4.0/avr5\libgcc.a(_udivmodsi4.o)
 .text.libgcc.prologue
                0x00000000        0x0 c:/program files (x86)/atmel/studio/7.0/toolchain/avr8/avr8-gnu-toolchain/bin/../lib/gcc/avr/5.4.0/avr5\libgcc.a(_udivmodsi4.o)
 .text.libgcc.builtins
                0x00000000        0x0 c:/program files (x86)/atmel/studio/7.0/toolchain/avr8/avr8-gnu-toolchain/bin/../lib/gcc/avr/5.4.0/avr5\libgcc.a(_udivmodsi4.o)
 .text.libgcc.fmul
                0x00000000        0x0 c:/program files (x86)/atmel/studio/7.0/toolchain/avr8/avr8-gnu-toolchain/bin/../lib/gcc/avr/5.4.0/avr5\libgcc.a(_udivmodsi4.o)
 .text.libgcc.fixed
                0x00000000        0x0 c:/program files (x86)/atmel/studio/7.0/toolchain/avr8/avr8-gnu-toolchain/bin/../lib/gcc/avr/5.4.0/avr5\libgcc.a(_udivmodsi4.o)
 .text          0x00000000        0x0 c:/program files (x86)/atmel/studio/7.0/toolchain/avr8/avr8-gnu-toolchain/bin/../lib/gcc/avr/5.4.0/avr5\libgcc.a(_exit.o)
 .data          0x00000000        0x0 c:/program files (x86)/atmel/studio/7.0/toolchain/avr8/avr8-gnu-toolchain/bin/../lib/gcc/avr/5.4.0/avr5\libgcc.a(_exit.o)
 .bss           0x00000000        0x0 c:/program files (x86)/atmel/studio/7.0/toolchain/avr8/avr8-gnu-toolchain/bin/../lib/gcc/avr/5.4.0/avr5\libgcc.a(_exit.o)
 .text.libgcc.mul
                0x00000000        0x0 c:/program files (x86)/atmel/studio/7.0/toolchain/avr8/avr8-gnu-toolchain/bin/../lib/gcc/avr/5.4.0/avr5\libgcc.a(_exit.o)
 .text.libgcc.div
                0x00000000        0x0 c:/program files (x86)/atmel/studio/7.0/toolchain/avr8/avr8-gnu-toolchain/bin/../lib/gcc/avr/5.4.0/avr5\libgcc.a(_exit.o)
 .text.libgcc   0x00000000        0x0 c:/program files (x86)/atmel/studio/7.0/toolchain/avr8/avr8-gnu-toolchain/bin/../lib/gcc/avr/5.4.0/avr5\libgcc.a(_exit.o)
 .text.libgcc.prologue
                0x00000000        0x0 c:/program files (x86)/atmel/studio/7.0/toolchain/avr8/avr8-gnu-toolchain/bin/../lib/gcc/avr/5.4.0/avr5\libgcc.a(_exit.o)
 .text.libgcc.builtins
                0x00000000        0x0 c:/program files (x86)/atmel/studio/7.0/toolchain/avr8/avr8-gnu-toolchain/bin/../lib/gcc/avr/5.4.0/avr5\libgcc.a(_exit.o)
 .text.libgcc.fmul
                0x00000000        0x0 c:/program files (x86)/atmel/studio/7.0/toolchain/avr8/avr8-gnu-toolchain/bin/../lib/gcc/avr/5.4.0/avr5\libgcc.a(_exit.o)
 .text.libgcc.fixed
                0x00000000        0x0 c:/program files (x86)/atmel/studio/7.0/toolchain/avr8/avr8-gnu-toolchain/bin/../lib/gcc/avr/5.4.0/avr5\libgcc.a(_exit.o)
 .text          0x00000000        0x0 c:/program files (x86)/atmel/studio/7.0/toolchain/avr8/avr8-gnu-toolchain/bin/../lib/gcc/avr/5.4.0/avr5\libgcc.a(_copy_data.o)
 .data          0x00000000        0x0 c:/program files (x86)/atmel/studio/7.0/toolchain/avr8/avr8-gnu-toolchain/bin/../lib/gcc/avr/5.4.0/avr5\libgcc.a(_copy_data.o)
 .bss           0x00000000        0x0 c:/program files (x86)/atmel/studio/7.0/toolchain/avr8/avr8-gnu-toolchain/bin/../lib/gcc/avr/5.4.0/avr5\libgcc.a(_copy_data.o)
 .text.libgcc.mul
                0x00000000        0x0 c:/program files (x86)/atmel/studio/7.0/toolchain/avr8/avr8-gnu-toolchain/bin/../lib/gcc/avr/5.4.0/avr5\libgcc.a(_copy_data.o)
 .text.libgcc.div
                0x00000000        0x0 c:/program files (x86)/atmel/studio/7.0/toolchain/avr8/avr8-gnu-toolchain/bin/../lib/gcc/avr/5.4.0/avr5\libgcc.a(_copy_data.o)
 .text.libgcc   0x00000000        0x0 c:/program files (x86)/atmel/studio/7.0/toolchain/avr8/avr8-gnu-toolchain/bin/../lib/gcc/avr/5.4.0/avr5\libgcc.a(_copy_data.o)
 .text.libgcc.prologue
                0x00000000        0x0 c:/program files (x86)/atmel/studio/7.0/toolchain/avr8/avr8-gnu-toolchain/bin/../lib/gcc/avr/5.4.0/avr5\libgcc.a(_copy_data.o)
 .text.libgcc.builtins
                0x00000000        0x0 c:/program files (x86)/atmel/studio/7.0/toolchain/avr8/avr8-gnu-toolchain/bin/../lib/gcc/avr/5.4.0/avr5\libgcc.a(_copy_data.o)
 .text.libgcc.fmul
                0x00000000        0x0 c:/program files (x86)/atmel/studio/7.0/toolchain/avr8/avr8-gnu-toolchain/bin/../lib/gcc/avr/5.4.0/avr5\libgcc.a(_copy_data.o)
 .text.libgcc.fixed
                0x00000000        0x0 c:/program files (x86)/atmel/studio/7.0/toolchain/avr8/avr8-gnu-toolchain/bin/../lib/gcc/avr/5.4.0/avr5\libgcc.a(_copy_data.o)
 .text          0x00000000        0x0 c:/program files (x86)/atmel/studio/7.0/toolchain/avr8/avr8-gnu-toolchain/bin/../lib/gcc/avr/5.4.0/avr5\libgcc.a(_clear_bss.o)
 .data          0x00000000        0x0 c:/program files (x86)/atmel/studio/7.0/toolchain/avr8/avr8-gnu-toolchain/bin/../lib/gcc/avr/5.4.0/avr5\libgcc.a(_clear_bss.o)
 .bss           0x00000000        0x0 c:/program files (x86)/atmel/studio/7.0/toolchain/avr8/avr8-gnu-toolchain/bin/../lib/gcc/avr/5.4.0/avr5\libgcc.a(_clear_bss.o)
 .text.libgcc.mul
                0x00000000        0x0 c:/program files (x86)/atmel/studio/7.0/toolchain/avr8/avr8-gnu-toolchain/bin/../lib/gcc/avr/5.4.0/avr5\libgcc.a(_clear_bss.o)
 .text.libgcc.div
                0x00000000        0x0 c:/program files (x86)/atmel/studio/7.0/toolchain/avr8/avr8-gnu-toolchain/bin/../lib/gcc/avr/5.4.0/avr5\libgcc.a(_clear_bss.o)
 .text.libgcc   0x00000000        0x0 c:/program files (x86)/atmel/studio/7.0/toolchain/avr8/avr8-gnu-toolchain/bin/../lib/gcc/avr/5.4.0/avr5\libgcc.a(_clear_bss.o)
 .text.libgcc.prologue
                0x00000000        0x0 c:/program files (x86)/atmel/studio/7.0/toolchain/avr8/avr8-gnu-toolchain/bin/../lib/gcc/avr/5.4.0/avr5\libgcc.a(_clear_bss.o)
 .text.libgcc.builtins
                0x00000000        0x0 c:/program files (x86)/atmel/studio/7.0/toolchain/avr8/avr8-gnu-toolchain/bin/../lib/gcc/avr/5.4.0/avr5\libgcc.a(_clear_bss.o)
 .text.libgcc.fmul
                0x00000000        0x0 c:/program files (x86)/atmel/studio/7.0/toolchain/avr8/avr8-gnu-toolchain/bin/../lib/gcc/avr/5.4.0/avr5\libgcc.a(_clear_bss.o)
 .text.libgcc.fixed
                0x00000000        0x0 c:/program files (x86)/atmel/studio/7.0/toolchain/avr8/avr8-gnu-toolchain/bin/../lib/gcc/avr/5.4.0/avr5\libgcc.a(_clear_bss.o)
 .text          0x00000000        0x0 c:/program files (x86)/atmel/studio/7.0/toolchain/avr8/avr8-gnu-toolchain/bin/../lib/gcc/avr/5.4.0/avr5\libgcc.a(_muluhisi3.o)
 .data          0x00000000        0x0 c:/program files (x86)/atmel/studio/7.0/toolchain/avr8/avr8-gnu-toolchain/bin/../lib/gcc/avr/5.4.0/avr5\libgcc.a(_muluhisi3.o)
 .bss           0x00000000        0x0 c:/program files (x86)/atmel/studio/7.0/toolchain/avr8/avr8-gnu-toolchain/bin/../lib/gcc/avr/5.4.0/avr5\libgcc.a(_muluhisi3.o)
 .text.libgcc.div
                0x00000000        0x0 c:/program files (x86)/atmel/studio/7.0/toolchain/avr8/avr8-gnu-toolchain/bin/../lib/gcc/avr/5.4.0/avr5\libgcc.a(_muluhisi3.o)
 .text.libgcc   0x00000000        0x0 c:/program files (x86)/atmel/studio/7.0/toolchain/avr8/avr8-gnu-toolchain/bin/../lib/gcc/avr/5.4.0/avr5\libgcc.a(_muluhisi3.o)
 .text.libgcc.prologue
                0x00000000        0x0 c:/program files (x86)/atmel/studio/7.0/toolchain/avr8/avr8-gnu-toolchain/bin/../lib/gcc/avr/5.4.0/avr5\libgcc.a(_muluhisi3.o)
 .text.libgcc.builtins
                0x00000000        0x0 c:/program files (x86)/atmel/studio/7.0/toolchain/avr8/avr8-gnu-toolchain/bin/../lib/gcc/avr/5.4.0/avr5\libgcc.a(_muluhisi3.o)
 .text.libgcc.fmul
                0x00000000        0x0 c:/program files (x86)/atmel/studio/7.0/toolchain/avr8/avr8-gnu-toolchain/bin/../lib/gcc/avr/5.4.0/avr5\libgcc.a(_muluhisi3.o)
 .text.libgcc.fixed
                0x00000000        0x0 c:/program files (x86)/atmel/studio/7.0/toolchain/avr8/avr8-gnu-toolchain/bin/../lib/gcc/avr/5.4.0/avr5\libgcc.a(_muluhisi3.o)
 .text          0x00000000        0x0 c:/program files (x86)/atmel/studio/7.0/toolchain/avr8/avr8-gnu-toolchain/bin/../lib/gcc/avr/5.4.0/avr5\libgcc.a(_prologue.o)
 .data          0x00000000        0x0 c:/program files (x86)/atmel/studio/7.0/toolchain/avr8/avr8-gnu-toolchain/bin/../lib/gcc/avr/5.4.0/avr5\libgcc.a(_prologue.o)
 .bss           0x00000000        0x0 c:/program files (x86)/atmel/studio/7.0/toolchain/avr8/avr8-gnu-toolchain/bin/../lib/gcc/avr/5.4.0/avr5\libgcc.a(_prologue.o)
 .text.libgcc.mul
                0x00000000        0x0 c:/program files (x86)/atmel/studio/7.0/toolchain/avr8/avr8-gnu-toolchain/bin/../lib/gcc/avr/5.4.0/avr5\libgcc.a(_prologue.o)
 .text.libgcc.div
                0x00000000        0x0 c:/program files (x86)/atmel/studio/7.0/toolchain/avr8/avr8-gnu-toolchain/bin/../lib/gcc/avr/5.4.0/avr5\libgcc.a(_prologue.o)
 .text.libgcc   0x00000000        0x0 c:/program files (x86)/atmel/studio/7.0/toolchain/avr8/avr8-gnu-toolchain/bin/../lib/gcc/avr/5.4.0/avr5\libgcc.a(_prologue.o)
 .text.libgcc.builtins
                0x00000000        0x0 c:/program files (x86)/atmel/studio/7.0/toolchain/avr8/avr8-gnu-toolchain/bin/../lib/gcc/avr/5.4.0/avr5\libgcc.a(_prologue.o)
 .text.libgcc.fmul
                0x00000000        0x0 c:/program files (x86)/atmel/studio/7.0/toolchain/avr8/avr8-gnu-toolchain/bin/../lib/gcc/avr/5.4.0/avr5\libgcc.a(_prologue.o)
 .text.libgcc.fixed
                0x00000000        0x0 c:/program files (x86)/atmel/studio/7.0/toolchain/avr8/avr8-gnu-toolchain/bin/../lib/gcc/avr/5.4.0/avr5\libgcc.a(_prologue.o)
 .text          0x00000000        0x0 c:/program files (x86)/atmel/studio/7.0/toolchain/avr8/avr8-gnu-toolchain/bin/../lib/gcc/avr/5.4.0/avr5\libgcc.a(_epilogue.o)
 .data          0x00000000        0x0 c:/program files (x86)/atmel/studio/7.0/toolchain/avr8/avr8-gnu-toolchain/bin/../lib/gcc/avr/5.4.0/avr5\libgcc.a(_epilogue.o)
 .bss           0x00000000        0x0 c:/program files (x86)/atmel/studio/7.0/toolchain/avr8/avr8-gnu-toolchain/bin/../lib/gcc/avr/5.4.0/avr5\libgcc.a(_epilogue.o)
 .text.libgcc.mul
                0x00000000        0x0 c:/program files (x86)/atmel/studio/7.0/toolchain/avr8/avr8-gnu-toolchain/bin/../lib/gcc/avr/5.4.0/avr5\libgcc.a(_epilogue.o)
 .text.libgcc.div
                0x00000000        0x0 c:/program files (x86)/atmel/studio/7.0/toolchain/avr8/avr8-gnu-toolchain/bin/../lib/gcc/avr/5.4.0/avr5\libgcc.a(_epilogue.o)
 .text.libgcc   0x00000000        0x0 c:/program files (x86)/atmel/studio/7.0/toolchain/avr8/avr8-gnu-toolchain/bin/../lib/gcc/avr/5.4.0/avr5\libgcc.a(_epilogue.o)
 .text.libgcc.builtins
                0x00000000        0x0 c:/program files (x86)/atmel/studio/7.0/toolchain/avr8/avr8-gnu-toolchain/bin/../lib/gcc/avr/5.4.0/avr5\libgcc.a(_epilogue.o)
 .text.libgcc.fmul
                0x00000000        0x0 c:/program files (x86)/atmel/studio/7.0/toolchain/avr8/avr8-gnu-toolchain/bin/../lib/gcc/avr/5.4.0/avr5\libgcc.a(_epilogue.o)
 .text.libgcc.fixed
                0x00000000        0x0 c:/program files (x86)/atmel/studio/7.0/toolchain/avr8/avr8-gnu-toolchain/bin/../lib/gcc/avr/5.4.0/avr5\libgcc.a(_epilogue.o)
 .text          0x00000000        0x0 c:/program files (x86)/atmel/studio/7.0/toolchain/avr8/avr8-gnu-toolchain/bin/../lib/gcc/avr/5.4.0/avr5\libgcc.a(_umulhisi3.o)
 .data          0x00000000        0x0 c:/program files (x86)/atmel/studio/7.0/toolchain/avr8/avr8-gnu-toolchain/bin/../lib/gcc/avr/5.4.0/avr5\libgcc.a(_umulhisi3.o)
 .bss           0x00000000        0x0 c:/program files (x86)/atmel/studio/7.0/toolchain/avr8/avr8-gnu-toolchain/bin/../lib/gcc/avr/5.4.0/avr5\libgcc.a(_umulhisi3.o)
 .text.libgcc.div
                0x00000000        0x0 c:/program files (x86)/atmel/studio/7.0/toolchain/avr8/avr8-gnu-toolchain/bin/../lib/gcc/avr/5.4.0/avr5\libgcc.a(_umulhisi3.o)
 .text.libgcc   0x00000000        0x0 c:/program files (x86)/atmel/studio/7.0/toolchain/avr8/avr8-gnu-toolchain/bin/../lib/gcc/avr/5.4.0/avr5\libgcc.a(_umulhisi3.o)
 .text.libgcc.prologue
                0x00000000        0x0 c:/program files (x86)/atmel/studio/7.0/toolchain/avr8/avr8-gnu-toolchain/bin/../lib/gcc/avr/5.4.0/avr5\libgcc.a(_umulhisi3.o)
 .text.libgcc.builtins
                0x00000000        0x0 c:/program files (x86)/atmel/studio/7.0/toolchain/avr8/avr8-gnu-toolchain/bin/../lib/gcc/avr/5.4.0/avr5\libgcc.a(_umulhisi3.o)
 .text.libgcc.fmul
                0x00000000        0x0 c:/program files (x86)/atmel/studio/7.0/toolchain/avr8/avr8-gnu-toolchain/bin/../lib/gcc/avr/5.4.0/avr5\libgcc.a(_umulhisi3.o)
 .text.libgcc.fixed
                0x00000000        0x0 c:/program files (x86)/atmel/studio/7.0/toolchain/avr8/avr8-gnu-toolchain/bin/../lib/gcc/avr/5.4.0/avr5\libgcc.a(_umulhisi3.o)
 .text          0x00000000        0x0 c:/program files (x86)/atmel/studio/7.0/toolchain/avr8/avr8-gnu-toolchain/bin/../lib/gcc/avr/5.4.0/../../../../avr/lib/avr5\libc.a(malloc.o)
 .bss           0x00000000        0x0 c:/program files (x86)/atmel/studio/7.0/toolchain/avr8/avr8-gnu-toolchain/bin/../lib/gcc/avr/5.4.0/../../../../avr/lib/avr5\libc.a(malloc.o)
 .text          0x00000000        0x0 c:/program files (x86)/atmel/studio/7.0/toolchain/avr8/avr8-gnu-toolchain/bin/../lib/gcc/avr/5.4.0/../../../../avr/lib/avr5\libc.a(ftoa_engine.o)
 .data          0x00000000        0x0 c:/program files (x86)/atmel/studio/7.0/toolchain/avr8/avr8-gnu-toolchain/bin/../lib/gcc/avr/5.4.0/../../../../avr/lib/avr5\libc.a(ftoa_engine.o)
 .bss           0x00000000        0x0 c:/program files (x86)/atmel/studio/7.0/toolchain/avr8/avr8-gnu-toolchain/bin/../lib/gcc/avr/5.4.0/../../../../avr/lib/avr5\libc.a(ftoa_engine.o)
 .text          0x00000000        0x0 c:/program files (x86)/atmel/studio/7.0/toolchain/avr8/avr8-gnu-toolchain/bin/../lib/gcc/avr/5.4.0/../../../../avr/lib/avr5\libc.a(strnlen_P.o)
 .data          0x00000000        0x0 c:/program files (x86)/atmel/studio/7.0/toolchain/avr8/avr8-gnu-toolchain/bin/../lib/gcc/avr/5.4.0/../../../../avr/lib/avr5\libc.a(strnlen_P.o)
 .bss           0x00000000        0x0 c:/program files (x86)/atmel/studio/7.0/toolchain/avr8/avr8-gnu-toolchain/bin/../lib/gcc/avr/5.4.0/../../../../avr/lib/avr5\libc.a(strnlen_P.o)
 .text          0x00000000        0x0 c:/program files (x86)/atmel/studio/7.0/toolchain/avr8/avr8-gnu-toolchain/bin/../lib/gcc/avr/5.4.0/../../../../avr/lib/avr5\libc.a(strnlen.o)
 .data          0x00000000        0x0 c:/program files (x86)/atmel/studio/7.0/toolchain/avr8/avr8-gnu-toolchain/bin/../lib/gcc/avr/5.4.0/../../../../avr/lib/avr5\libc.a(strnlen.o)
 .bss           0x00000000        0x0 c:/program files (x86)/atmel/studio/7.0/toolchain/avr8/avr8-gnu-toolchain/bin/../lib/gcc/avr/5.4.0/../../../../avr/lib/avr5\libc.a(strnlen.o)
 .text          0x00000000        0x0 c:/program files (x86)/atmel/studio/7.0/toolchain/avr8/avr8-gnu-toolchain/bin/../lib/gcc/avr/5.4.0/../../../../avr/lib/avr5\libc.a(fputc.o)
 .data          0x00000000        0x0 c:/program files (x86)/atmel/studio/7.0/toolchain/avr8/avr8-gnu-toolchain/bin/../lib/gcc/avr/5.4.0/../../../../avr/lib/avr5\libc.a(fputc.o)
 .bss           0x00000000        0x0 c:/program files (x86)/atmel/studio/7.0/toolchain/avr8/avr8-gnu-toolchain/bin/../lib/gcc/avr/5.4.0/../../../../avr/lib/avr5\libc.a(fputc.o)
 .text          0x00000000        0x0 c:/program files (x86)/atmel/studio/7.0/toolchain/avr8/avr8-gnu-toolchain/bin/../lib/gcc/avr/5.4.0/../../../../avr/lib/avr5\libc.a(ultoa_invert.o)
 .data          0x00000000        0x0 c:/program files (x86)/atmel/studio/7.0/toolchain/avr8/avr8-gnu-toolchain/bin/../lib/gcc/avr/5.4.0/../../../../avr/lib/avr5\libc.a(ultoa_invert.o)
 .bss           0x00000000        0x0 c:/program files (x86)/atmel/studio/7.0/toolchain/avr8/avr8-gnu-toolchain/bin/../lib/gcc/avr/5.4.0/../../../../avr/lib/avr5\libc.a(ultoa_invert.o)

Memory Configuration

Name             Origin             Length             Attributes
text             0x00000000         0x00020000         xr
data             0x00800060         0x0000ffa0         rw !x
eeprom           0x00810000         0x00010000         rw !x
fuse             0x00820000         0x00000003         rw !x
lock             0x00830000         0x00000400         rw !x
signature        0x00840000         0x00000400         rw !x
user_signatures  0x00850000         0x00000400         rw !x
*default*        0x00000000         0xffffffff

Linker script and memory map

Address of section .data set to 0x800100
LOAD C:/Program Files (x86)/Atmel/Studio/7.0/Packs/atmel/ATmega_DFP/1.3.300/gcc/dev/atmega324p/avr5/crtatmega324p.o
LOAD main.o
LOAD src/app.o
LOAD src/motor_control.o
START GROUP
LOAD ../../../../../capi324v221-v1.09.002R\libcapi324v221.a
LOAD c:/program files (x86)/atmel/studio/7.0/toolchain/avr8/avr8-gnu-toolchain/bin/../lib/gcc/avr/5.4.0/../../../../avr/lib/avr5\libprintf_flt.a
LOAD c:/program files (x86)/atmel/studio/7.0/toolchain/avr8/avr8-gnu-toolchain/bin/../lib/gcc/avr/5.4.0/../../../../avr/lib/avr5\libm.a
END GROUP
START GROUP
LOAD c:/program files (x86)/atmel/studio/7.0/toolchain/avr8/avr8-gnu-toolchain/bin/../lib/gcc/avr/5.4.0/avr5\libgcc.a
LOAD c:/program files (x86)/atmel/studio/7.0/toolchain/avr8/avr8-gnu-toolchain/bin/../lib/gcc/avr/5.4.0/../../../../avr/lib/avr5\libm.a
LOAD c:/program files (x86)/atmel/studio/7.0/toolchain/avr8/avr8-gnu-toolchain/bin/../lib/gcc/avr/5.4.0/../../../../avr/lib/avr5\libc.a
LOAD C:/Program Files (x86)/Atmel/Studio/7.0/Packs/atmel/ATmega_DFP/1.3.300/gcc/dev/atmega324p/avr5\libatmega324p.a
END GROUP
                0x00000000                __TEXT_REGION_ORIGIN__ = DEFINED (__TEXT_REGION_ORIGIN__)?__TEXT_REGION_ORIGIN__:0x0
                0x00800060                __DATA_REGION_ORIGIN__ = DEFINED (__DATA_REGION_ORIGIN__)?__DATA_REGION_ORIGIN__:0x800060
                0x00020000                __TEXT_REGION_LENGTH__ = DEFINED (__TEXT_REGION_LENGTH__)?__TEXT_REGION_LENGTH__:0x20000
                0x0000ffa0                __DATA_REGION_LENGTH__ = DEFINED (__DATA_REGION_LENGTH__)?__DATA_REGION_LENGTH__:0xffa0
                0x00010000                __EEPROM_REGION_LENGTH__ = DEFINED (__EEPROM_REGION_LENGTH__)?__EEPROM_REGION_LENGTH__:0x10000
                [0x00000003]                __FUSE_REGION_LENGTH__ = DEFINED (__FUSE_REGION_LENGTH__)?__FUSE_REGION_LENGTH__:0x400
                0x00000400                __LOCK_REGION_LENGTH__ = DEFINED (__LOCK_REGION_LENGTH__)?__LOCK_REGION_LENGTH__:0x400
                0x00000400                __SIGNATURE_REGION_LENGTH__ = DEFINED (__SIGNATURE_REGION_LENGTH__)?__SIGNATURE_REGION_LENGTH__:0x400
                0x00000400                __USER_SIGNATURE_REGION_LENGTH__ = DEFINED (__USER_SIGNATURE_REGION_LENGTH__)?__USER_SIGNATURE_REGION_LENGTH__:0x400

.hash
 *(.hash)

.dynsym
 *(.dynsym)

.dynstr
 *(.dynstr)

.gnu.version
 *(.gnu.version)

.gnu.version_d
 *(.gnu.version_d)

.gnu.version_r
 *(.gnu.version_r)

.rel.init
 *(.rel.init)

.rela.init
 *(.rela.init)

.rel.text
 *(.rel.text)
 *(.rel.text.*)
 *(.rel.gnu.linkonce.t*)

.rela.text
 *(.rela.text)
 *(.rela.text.*)
 *(.rela.gnu.linkonce.t*)

.rel.fini
 *(.rel.fini)

.rela.fini
 *(.rela.fini)

.rel.rodata
 *(.rel.rodata)
 *(.rel.rodata.*)
 *(.rel.gnu.linkonce.r*)

.rela.rodata
 *(.rela.rodata)
 *(.rela.rodata.*)
 *(.rela.gnu.linkonce.r*)

.rel.data
 *(.rel.data)
 *(.rel.data.*)
 *(.rel.gnu.linkonce.d*)

.rela.data
 *(.rela.data)
 *(.rela.data.*)
 *(.rela.gnu.linkonce.d*)

.rel.ctors
 *(.rel.ctors)

.rela.ctors
 *(.rela.ctors)

.rel.dtors
 *(.rel.dtors)

.rela.dtors
 *(.rela.dtors)

.rel.got
 *(.rel.got)

.rela.got
 *(.rela.got)

.rel.bss
 *(.rel.bss)

.rela.bss
 *(.rela.bss)

.rel.plt
 *(.rel.plt)

.rela.plt
 *(.rela.plt)

.text           0x00000000     0x3340
 *(.vectors)
 .vectors       0x00000000       0x7c C:/Program Files (x86)/Atmel/Studio/7.0/Packs/atmel/ATmega_DFP/1.3.300/gcc/dev/atmega324p/avr5/crtatmega324p.o
                0x00000000                __vector_default
                0x00000000                __vectors
 *(.vectors)
 *(.progmem.gcc*)
 .progmem.gcc_sw_table
                0x0000007c       0x26 ../../../../../capi324v221-v1.09.002R\libcapi324v221.a(SYS_set_state.o)
 .progmem.gcc_sw_table
                0x000000a2       0x26 ../../../../../capi324v221-v1.09.002R\libcapi324v221.a(SYS_get_state.o)
                0x000000c8                . = ALIGN (0x2)
                0x000000c8                __trampolines_start = .
 *(.trampolines)
 .trampolines   0x000000c8        0x0 linker stubs
 *(.trampolines*)
                0x000000c8                __trampolines_end = .
 *libprintf_flt.a:*(.progmem.data)
 .progmem.data  0x000000c8        0x8 c:/program files (x86)/atmel/studio/7.0/toolchain/avr8/avr8-gnu-toolchain/bin/../lib/gcc/avr/5.4.0/../../../../avr/lib/avr5\libprintf_flt.a(vfprintf_flt.o)
 *libc.a:*(.progmem.data)
 .progmem.data  0x000000d0       0xfa c:/program files (x86)/atmel/studio/7.0/toolchain/avr8/avr8-gnu-toolchain/bin/../lib/gcc/avr/5.4.0/../../../../avr/lib/avr5\libc.a(ftoa_engine.o)
 *(.progmem*)
                0x000001ca                . = ALIGN (0x2)
 *(.jumptables)
 *(.jumptables*)
 *(.lowtext)
 *(.lowtext*)
                0x000001ca                __ctors_start = .
 *(.ctors)
                0x000001ca                __ctors_end = .
                0x000001ca                __dtors_start = .
 *(.dtors)
                0x000001ca                __dtors_end = .
 SORT(*)(.ctors)
 SORT(*)(.dtors)
 *(.init0)
 .init0         0x000001ca        0x0 C:/Program Files (x86)/Atmel/Studio/7.0/Packs/atmel/ATmega_DFP/1.3.300/gcc/dev/atmega324p/avr5/crtatmega324p.o
                0x000001ca                __init
 *(.init0)
 *(.init1)
 *(.init1)
 *(.init2)
 .init2         0x000001ca        0xc C:/Program Files (x86)/Atmel/Studio/7.0/Packs/atmel/ATmega_DFP/1.3.300/gcc/dev/atmega324p/avr5/crtatmega324p.o
 *(.init2)
 *(.init3)
 *(.init3)
 *(.init4)
 .init4         0x000001d6       0x16 c:/program files (x86)/atmel/studio/7.0/toolchain/avr8/avr8-gnu-toolchain/bin/../lib/gcc/avr/5.4.0/avr5\libgcc.a(_copy_data.o)
                0x000001d6                __do_copy_data
 .init4         0x000001ec       0x10 c:/program files (x86)/atmel/studio/7.0/toolchain/avr8/avr8-gnu-toolchain/bin/../lib/gcc/avr/5.4.0/avr5\libgcc.a(_clear_bss.o)
                0x000001ec                __do_clear_bss
 *(.init4)
 *(.init5)
 *(.init5)
 *(.init6)
 *(.init6)
 *(.init7)
 *(.init7)
 *(.init8)
 *(.init8)
 *(.init9)
 .init9         0x000001fc        0x8 C:/Program Files (x86)/Atmel/Studio/7.0/Packs/atmel/ATmega_DFP/1.3.300/gcc/dev/atmega324p/avr5/crtatmega324p.o
 *(.init9)
 *(.text)
 .text          0x00000204        0x4 C:/Program Files (x86)/Atmel/Studio/7.0/Packs/atmel/ATmega_DFP/1.3.300/gcc/dev/atmega324p/avr5/crtatmega324p.o
                0x00000204                __vector_22
                0x00000204                __vector_28
                0x00000204                __vector_1
                0x00000204                __vector_24
                0x00000204                __bad_interrupt
                0x00000204                __vector_3
                0x00000204                __vector_23
                0x00000204                __vector_30
                0x00000204                __vector_25
                0x00000204                __vector_19
                0x00000204                __vector_27
                0x00000204                __vector_2
                0x00000204                __vector_21
                0x00000204                __vector_29
                0x00000204                __vector_8
                0x00000204                __vector_26
                0x00000204                __vector_20
 .text          0x00000208        0x8 main.o
                0x00000208                CBOT_main
 .text          0x00000210       0x5c src/app.o
                0x00000210                IR_AVOID
                0x00000252                CRUISE
                0x00000262                app_main
 .text          0x0000026c      0x382 src/motor_control.o
                0x0000026c                steps_per_distance
                0x0000027a                move_forward_in_inches_stwt
                0x0000037e                move_forward_in_inches_stnb
                0x00000464                turn_90_degrees
                0x0000052a                reverse_backup_60_degrees
 .text          0x000005ee       0x12 ../../../../../capi324v221-v1.09.002R\libcapi324v221.a(CBOT_main.o)
                0x000005ee                main
 .text          0x00000600      0x2c8 ../../../../../capi324v221-v1.09.002R\libcapi324v221.a(STEPPER_move.o)
                0x0000077a                STEPPER_move
 .text          0x000008c8       0xae ../../../../../capi324v221-v1.09.002R\libcapi324v221.a(STEPPER_open.o)
                0x000008c8                STEPPER_open
 .text          0x00000976       0x2e ../../../../../capi324v221-v1.09.002R\libcapi324v221.a(STEPPER_run.o)
                0x00000976                STEPPER_run
 .text          0x000009a4       0x44 ../../../../../capi324v221-v1.09.002R\libcapi324v221.a(STEPPER_set_accel.o)
                0x000009a4                STEPPER_set_accel
 .text          0x000009e8       0x2a ../../../../../capi324v221-v1.09.002R\libcapi324v221.a(STEPPER_set_dir.o)
                0x000009e8                STEPPER_set_dir
 .text          0x00000a12       0x2a ../../../../../capi324v221-v1.09.002R\libcapi324v221.a(STEPPER_set_mode.o)
                0x00000a12                STEPPER_set_mode
 .text          0x00000a3c       0x44 ../../../../../capi324v221-v1.09.002R\libcapi324v221.a(STEPPER_set_speed.o)
                0x00000a3c                STEPPER_set_speed
 .text          0x00000a80      0x118 ../../../../../capi324v221-v1.09.002R\libcapi324v221.a(STEPPER_step.o)
                0x00000a80                STEPPER_step
 .text          0x00000b98       0x4a ../../../../../capi324v221-v1.09.002R\libcapi324v221.a(STEPPER_stop.o)
                0x00000b98                STEPPER_stop
 .text          0x00000be2       0x9c ../../../../../capi324v221-v1.09.002R\libcapi324v221.a(STEPPER_wait_and_then.o)
                0x00000be2                STEPPER_wait_and_then
 .text          0x00000c7e       0x8e ../../../../../capi324v221-v1.09.002R\libcapi324v221.a(SYS_set_state.o)
                0x00000c7e                SYS_set_state
 .text          0x00000d0c       0x6a ../../../../../capi324v221-v1.09.002R\libcapi324v221.a(ATTINY_get_IR_state.o)
                0x00000d0c                ATTINY_get_IR_state
 .text          0x00000d76       0x62 ../../../../../capi324v221-v1.09.002R\libcapi324v221.a(ATTINY_get_sensors.o)
                0x00000d76                ATTINY_get_sensors
 .text          0x00000dd8       0x7c ../../../../../capi324v221-v1.09.002R\libcapi324v221.a(TMRSRVC_new.o)
                0x00000dd8                TMRSRVC_new
 .text          0x00000e54       0x1c ../../../../../capi324v221-v1.09.002R\libcapi324v221.a(CBOT_init.o)
                0x00000e54                CBOT_init
 .text          0x00000e70      0x480 ../../../../../capi324v221-v1.09.002R\libcapi324v221.a(CBOT_isr.o)
                0x00000e70                CBOT_ISR_init
                0x00000e74                __vector_16
                0x00000ec6                __vector_17
                0x00000f18                __vector_18
                0x00000f6a                __vector_9
                0x00000fbc                __vector_10
                0x0000100e                __vector_11
                0x00001060                __vector_13
                0x000010b2                __vector_14
                0x00001104                __vector_12
                0x00001156                __vector_15
                0x000011a8                __vector_4
                0x000011fa                __vector_5
                0x0000124c                __vector_6
                0x0000129e                __vector_7
 .text          0x000012f0       0x28 ../../../../../capi324v221-v1.09.002R\libcapi324v221.a(ISR_open.o)
                0x000012f0                ISR_open
 .text          0x00001318       0x24 ../../../../../capi324v221-v1.09.002R\libcapi324v221.a(ATMEGA_open.o)
                0x00001318                ATMEGA_open
 .text          0x0000133c       0xa6 ../../../../../capi324v221-v1.09.002R\libcapi324v221.a(ATMEGA_set_clk_mode.o)
                0x0000133c                ATMEGA_set_clk_mode
 .text          0x000013e2       0x72 ../../../../../capi324v221-v1.09.002R\libcapi324v221.a(SPI_open.o)
                0x000013e2                SPI_open
 .text          0x00001454       0x24 ../../../../../capi324v221-v1.09.002R\libcapi324v221.a(SPI_receive.o)
                0x00001454                SPI_receive
 .text          0x00001478       0x12 ../../../../../capi324v221-v1.09.002R\libcapi324v221.a(SPI_set_config_func.o)
                0x00001478                SPI_set_config_func
 .text          0x0000148a       0xa2 ../../../../../capi324v221-v1.09.002R\libcapi324v221.a(SPI_set_slave_addr.o)
                0x0000148a                SPI_set_slave_addr
 .text          0x0000152c       0x1e ../../../../../capi324v221-v1.09.002R\libcapi324v221.a(SPI_transmit.o)
                0x0000152c                SPI_transmit
 .text          0x0000154a       0x2a ../../../../../capi324v221-v1.09.002R\libcapi324v221.a(STEPPER_go.o)
                0x0000154a                STEPPER_go
 .text          0x00001574       0x14 ../../../../../capi324v221-v1.09.002R\libcapi324v221.a(__STEPPER_init.o)
                0x00001574                __STEPPER_init
 .text          0x00001588       0x36 ../../../../../capi324v221-v1.09.002R\libcapi324v221.a(STEPPER_set_steps.o)
                0x00001588                STEPPER_set_steps
 .text          0x000015be       0x2a ../../../../../capi324v221-v1.09.002R\libcapi324v221.a(STEPPER_set_stop_mode.o)
                0x000015be                STEPPER_set_stop_mode
 .text          0x000015e8       0x7a ../../../../../capi324v221-v1.09.002R\libcapi324v221.a(STEPPER_setup_decels.o)
                0x000015e8                STEPPER_setup_decels
 .text          0x00001662       0x90 ../../../../../capi324v221-v1.09.002R\libcapi324v221.a(SYS_get_state.o)
                0x00001662                SYS_get_state
 .text          0x000016f2       0x46 ../../../../../capi324v221-v1.09.002R\libcapi324v221.a(SYS_init.o)
                0x000016f2                SYS_init
 .text          0x00001738       0x9e ../../../../../capi324v221-v1.09.002R\libcapi324v221.a(ATTINY_open.o)
                0x00001738                ATTINY_open
 .text          0x000017d6       0xd2 ../../../../../capi324v221-v1.09.002R\libcapi324v221.a(__TMRSRVC_insert.o)
                0x000017d6                TMRSRVC_insert
 .text          0x000018a8       0x3e ../../../../../capi324v221-v1.09.002R\libcapi324v221.a(TMRSRVC_open.o)
                0x000018a8                TMRSRVC_open
 .text          0x000018e6        0xc ../../../../../capi324v221-v1.09.002R\libcapi324v221.a(__TMRSRVC_start.o)
                0x000018e6                __TMRSRVC_start
 .text          0x000018f2        0x8 ../../../../../capi324v221-v1.09.002R\libcapi324v221.a(TMRSRVC_start.o)
                0x000018f2                TMRSRVC_start
 .text          0x000018fa       0x22 ../../../../../capi324v221-v1.09.002R\libcapi324v221.a(__ISR_attach.o)
                0x000018fa                __ISR_attach
 .text          0x0000191c        0x6 ../../../../../capi324v221-v1.09.002R\libcapi324v221.a(__ATMEGA_init.o)
                0x0000191c                __ATMEGA_init
 .text          0x00001922       0x52 ../../../../../capi324v221-v1.09.002R\libcapi324v221.a(SPI_cfgrs.o)
                0x00001922                SPI_default_config
                0x00001932                SPI_ATtiny0_config
                0x00001942                SPI_PSXC_config
                0x00001952                SPI_LCD_config
                0x00001962                SPI_FLASH_config
 .text          0x00001974        0xe ../../../../../capi324v221-v1.09.002R\libcapi324v221.a(__SPI_init.o)
                0x00001974                __SPI_init
 .text          0x00001982       0xda ../../../../../capi324v221-v1.09.002R\libcapi324v221.a(STEPPER_set_decel_step_values.o)
                0x00001982                STEPPER_set_decel_step_values
 .text          0x00001a5c        0xe ../../../../../capi324v221-v1.09.002R\libcapi324v221.a(ISR__TIMER0_COMPA_vect.o)
                0x00001a5c                __TIMER0_COMPA_vect
 .text          0x00001a6a       0x12 ../../../../../capi324v221-v1.09.002R\libcapi324v221.a(__TMRSRVC_init.o)
                0x00001a6a                __TMRSRVC_init
 .text          0x00001a7c       0x32 ../../../../../capi324v221-v1.09.002R\libcapi324v221.a(TMRSRVC_tick.o)
                0x00001a7c                TMRSRVC_tick
 .text          0x00001aae       0x4e ../../../../../capi324v221-v1.09.002R\libcapi324v221.a(SPKR_beep_clk.o)
                0x00001aae                SPKR_beep_clk
 .text          0x00001afc      0x162 ../../../../../capi324v221-v1.09.002R\libcapi324v221.a(STEPPER_clk.o)
                0x00001afc                STEPPER_clk
 .text          0x00001c5e       0x8a ../../../../../capi324v221-v1.09.002R\libcapi324v221.a(STEPPER_process_accel.o)
                0x00001c5e                STEPPER_process_accel
 .text          0x00001ce8      0x206 ../../../../../capi324v221-v1.09.002R\libcapi324v221.a(STEPPER_process_run_mode.o)
                0x00001ce8                STEPPER_process_run_mode
 .text          0x00001eee       0xa8 ../../../../../capi324v221-v1.09.002R\libcapi324v221.a(STEPPER_process_step_mode.o)
                0x00001eee                STEPPER_process_step_mode
 .text          0x00001f96       0xd6 ../../../../../capi324v221-v1.09.002R\libcapi324v221.a(TMRSRVC_process.o)
                0x00001f96                TMRSRVC_process
 .text          0x0000206c        0x6 ../../../../../capi324v221-v1.09.002R\libcapi324v221.a(TMRSRVC_stop.o)
                0x0000206c                TMRSRVC_stop
 .text          0x00002072      0x130 ../../../../../capi324v221-v1.09.002R\libcapi324v221.a(STEPPER_process_pwm.o)
                0x00002072                STEPPER_process_pwm
                0x000021a2                . = ALIGN (0x2)
 *(.text.*)
 .text.avr-libc
                0x000021a2      0x6fa c:/program files (x86)/atmel/studio/7.0/toolchain/avr8/avr8-gnu-toolchain/bin/../lib/gcc/avr/5.4.0/../../../../avr/lib/avr5\libprintf_flt.a(vfprintf_flt.o)
                0x000021a2                vfprintf
 .text.avr-libc.fplib
                0x0000289c        0xe c:/program files (x86)/atmel/studio/7.0/toolchain/avr8/avr8-gnu-toolchain/bin/../lib/gcc/avr/5.4.0/../../../../avr/lib/avr5\libm.a(addsf3.o)
                0x0000289c                __subsf3
                0x0000289e                __addsf3
 .text.avr-libc.fplib
                0x000028aa       0xcc c:/program files (x86)/atmel/studio/7.0/toolchain/avr8/avr8-gnu-toolchain/bin/../lib/gcc/avr/5.4.0/../../../../avr/lib/avr5\libm.a(addsf3x.o)
                0x000028cc                __addsf3x
 .text.avr-libc.fplib
                0x00002976        0x8 c:/program files (x86)/atmel/studio/7.0/toolchain/avr8/avr8-gnu-toolchain/bin/../lib/gcc/avr/5.4.0/../../../../avr/lib/avr5\libm.a(divsf3.o)
                0x00002976                __divsf3
 .text.avr-libc.fplib
                0x0000297e       0xdc c:/program files (x86)/atmel/studio/7.0/toolchain/avr8/avr8-gnu-toolchain/bin/../lib/gcc/avr/5.4.0/../../../../avr/lib/avr5\libm.a(divsf3x.o)
                0x0000299e                __divsf3x
                0x000029a4                __divsf3_pse
 .text.avr-libc.fplib
                0x00002a5a       0x5e c:/program files (x86)/atmel/studio/7.0/toolchain/avr8/avr8-gnu-toolchain/bin/../lib/gcc/avr/5.4.0/../../../../avr/lib/avr5\libm.a(fixunssfsi.o)
                0x00002a5a                __fixunssfsi
 .text.avr-libc.fplib
                0x00002ab8       0x2e c:/program files (x86)/atmel/studio/7.0/toolchain/avr8/avr8-gnu-toolchain/bin/../lib/gcc/avr/5.4.0/../../../../avr/lib/avr5\libm.a(floor.o)
                0x00002ab8                floor
 .text.avr-libc.fplib
                0x00002ae6        0xc c:/program files (x86)/atmel/studio/7.0/toolchain/avr8/avr8-gnu-toolchain/bin/../lib/gcc/avr/5.4.0/../../../../avr/lib/avr5\libm.a(fp_inf.o)
                0x00002ae6                __fp_inf
 .text.avr-libc.fplib
                0x00002af2       0x36 c:/program files (x86)/atmel/studio/7.0/toolchain/avr8/avr8-gnu-toolchain/bin/../lib/gcc/avr/5.4.0/../../../../avr/lib/avr5\libm.a(fp_mintl.o)
                0x00002af2                __fp_mintl
 .text.avr-libc.fplib
                0x00002b28       0x1c c:/program files (x86)/atmel/studio/7.0/toolchain/avr8/avr8-gnu-toolchain/bin/../lib/gcc/avr/5.4.0/../../../../avr/lib/avr5\libm.a(fp_mpack.o)
                0x00002b28                __fp_mpack
                0x00002b2c                __fp_mpack_finite
 .text.avr-libc.fplib
                0x00002b44        0x6 c:/program files (x86)/atmel/studio/7.0/toolchain/avr8/avr8-gnu-toolchain/bin/../lib/gcc/avr/5.4.0/../../../../avr/lib/avr5\libm.a(fp_nan.o)
                0x00002b44                __fp_nan
 .text.avr-libc.fplib
                0x00002b4a        0xe c:/program files (x86)/atmel/studio/7.0/toolchain/avr8/avr8-gnu-toolchain/bin/../lib/gcc/avr/5.4.0/../../../../avr/lib/avr5\libm.a(fp_pscA.o)
                0x00002b4a                __fp_pscA
 .text.avr-libc.fplib
                0x00002b58        0xe c:/program files (x86)/atmel/studio/7.0/toolchain/avr8/avr8-gnu-toolchain/bin/../lib/gcc/avr/5.4.0/../../../../avr/lib/avr5\libm.a(fp_pscB.o)
                0x00002b58                __fp_pscB
 .text.avr-libc.fplib
                0x00002b66       0x22 c:/program files (x86)/atmel/studio/7.0/toolchain/avr8/avr8-gnu-toolchain/bin/../lib/gcc/avr/5.4.0/../../../../avr/lib/avr5\libm.a(fp_round.o)
                0x00002b66                __fp_round
 .text.avr-libc.fplib
                0x00002b88       0x44 c:/program files (x86)/atmel/studio/7.0/toolchain/avr8/avr8-gnu-toolchain/bin/../lib/gcc/avr/5.4.0/../../../../avr/lib/avr5\libm.a(fp_split3.o)
                0x00002b88                __fp_split3
                0x00002b98                __fp_splitA
 .text.avr-libc.fplib
                0x00002bcc       0x30 c:/program files (x86)/atmel/studio/7.0/toolchain/avr8/avr8-gnu-toolchain/bin/../lib/gcc/avr/5.4.0/../../../../avr/lib/avr5\libm.a(fp_trunc.o)
                0x00002bcc                __fp_trunc
 .text.avr-libc.fplib
                0x00002bfc        0xe c:/program files (x86)/atmel/studio/7.0/toolchain/avr8/avr8-gnu-toolchain/bin/../lib/gcc/avr/5.4.0/../../../../avr/lib/avr5\libm.a(fp_zero.o)
                0x00002bfc                __fp_zero
                0x00002bfe                __fp_szero
 .text.avr-libc.fplib
                0x00002c0a        0x8 c:/program files (x86)/atmel/studio/7.0/toolchain/avr8/avr8-gnu-toolchain/bin/../lib/gcc/avr/5.4.0/../../../../avr/lib/avr5\libm.a(mulsf3.o)
                0x00002c0a                __mulsf3
 .text.avr-libc.fplib
                0x00002c12       0xd2 c:/program files (x86)/atmel/studio/7.0/toolchain/avr8/avr8-gnu-toolchain/bin/../lib/gcc/avr/5.4.0/../../../../avr/lib/avr5\libm.a(mulsf3x.o)
                0x00002c30                __mulsf3x
                0x00002c36                __mulsf3_pse
 .text.libgcc.mul
                0x00002ce4       0x20 c:/program files (x86)/atmel/studio/7.0/toolchain/avr8/avr8-gnu-toolchain/bin/../lib/gcc/avr/5.4.0/avr5\libgcc.a(_mulsi3.o)
                0x00002ce4                __mulsi3
 .text.libgcc.div
                0x00002d04       0x44 c:/program files (x86)/atmel/studio/7.0/toolchain/avr8/avr8-gnu-toolchain/bin/../lib/gcc/avr/5.4.0/avr5\libgcc.a(_udivmodsi4.o)
                0x00002d04                __udivmodsi4
 .text.libgcc.mul
                0x00002d48       0x16 c:/program files (x86)/atmel/studio/7.0/toolchain/avr8/avr8-gnu-toolchain/bin/../lib/gcc/avr/5.4.0/avr5\libgcc.a(_muluhisi3.o)
                0x00002d48                __muluhisi3
 .text.libgcc.prologue
                0x00002d5e       0x38 c:/program files (x86)/atmel/studio/7.0/toolchain/avr8/avr8-gnu-toolchain/bin/../lib/gcc/avr/5.4.0/avr5\libgcc.a(_prologue.o)
                0x00002d5e                __prologue_saves__
 .text.libgcc.prologue
                0x00002d96       0x36 c:/program files (x86)/atmel/studio/7.0/toolchain/avr8/avr8-gnu-toolchain/bin/../lib/gcc/avr/5.4.0/avr5\libgcc.a(_epilogue.o)
                0x00002d96                __epilogue_restores__
 .text.libgcc.mul
                0x00002dcc       0x1e c:/program files (x86)/atmel/studio/7.0/toolchain/avr8/avr8-gnu-toolchain/bin/../lib/gcc/avr/5.4.0/avr5\libgcc.a(_umulhisi3.o)
                0x00002dcc                __umulhisi3
 .text.avr-libc
                0x00002dea      0x242 c:/program files (x86)/atmel/studio/7.0/toolchain/avr8/avr8-gnu-toolchain/bin/../lib/gcc/avr/5.4.0/../../../../avr/lib/avr5\libc.a(malloc.o)
                0x00002dea                malloc
                0x00002f1a                free
 .text.avr-libc
                0x0000302c      0x1b0 c:/program files (x86)/atmel/studio/7.0/toolchain/avr8/avr8-gnu-toolchain/bin/../lib/gcc/avr/5.4.0/../../../../avr/lib/avr5\libc.a(ftoa_engine.o)
                0x0000302c                __ftoa_engine
 .text.avr-libc
                0x000031dc       0x16 c:/program files (x86)/atmel/studio/7.0/toolchain/avr8/avr8-gnu-toolchain/bin/../lib/gcc/avr/5.4.0/../../../../avr/lib/avr5\libc.a(strnlen_P.o)
                0x000031dc                strnlen_P
 .text.avr-libc
                0x000031f2       0x16 c:/program files (x86)/atmel/studio/7.0/toolchain/avr8/avr8-gnu-toolchain/bin/../lib/gcc/avr/5.4.0/../../../../avr/lib/avr5\libc.a(strnlen.o)
                0x000031f2                strnlen
 .text.avr-libc
                0x00003208       0x78 c:/program files (x86)/atmel/studio/7.0/toolchain/avr8/avr8-gnu-toolchain/bin/../lib/gcc/avr/5.4.0/../../../../avr/lib/avr5\libc.a(fputc.o)
                0x00003208                fputc
 .text.avr-libc
                0x00003280       0xbc c:/program files (x86)/atmel/studio/7.0/toolchain/avr8/avr8-gnu-toolchain/bin/../lib/gcc/avr/5.4.0/../../../../avr/lib/avr5\libc.a(ultoa_invert.o)
                0x00003280                __ultoa_invert
                0x0000333c                . = ALIGN (0x2)
 *(.fini9)
 .fini9         0x0000333c        0x0 c:/program files (x86)/atmel/studio/7.0/toolchain/avr8/avr8-gnu-toolchain/bin/../lib/gcc/avr/5.4.0/avr5\libgcc.a(_exit.o)
                0x0000333c                _exit
                0x0000333c                exit
 *(.fini9)
 *(.fini8)
 *(.fini8)
 *(.fini7)
 *(.fini7)
 *(.fini6)
 *(.fini6)
 *(.fini5)
 *(.fini5)
 *(.fini4)
 *(.fini4)
 *(.fini3)
 *(.fini3)
 *(.fini2)
 *(.fini2)
 *(.fini1)
 *(.fini1)
 *(.fini0)
 .fini0         0x0000333c        0x4 c:/program files (x86)/atmel/studio/7.0/toolchain/avr8/avr8-gnu-toolchain/bin/../lib/gcc/avr/5.4.0/avr5\libgcc.a(_exit.o)
 *(.fini0)
                0x00003340                _etext = .

.data           0x00800100       0x12 load address 0x00003340
                0x00800100                PROVIDE (__data_start, .)
 *(.data)
 .data          0x00800100        0x4 ../../../../../capi324v221-v1.09.002R\libcapi324v221.a(ATTINY_get_IR_state.o)
 .data          0x00800104        0x8 ../../../../../capi324v221-v1.09.002R\libcapi324v221.a(STEPPER_globals.o)
                0x00800104                Motor_L_LUT
                0x00800108                Motor_R_LUT
 .data          0x0080010c        0x6 c:/program files (x86)/atmel/studio/7.0/toolchain/avr8/avr8-gnu-toolchain/bin/../lib/gcc/avr/5.4.0/../../../../avr/lib/avr5\libc.a(malloc.o)
                0x0080010c                __malloc_heap_end
                0x0080010e                __malloc_heap_start
                0x00800110                __malloc_margin
 *(.data*)
 *(.gnu.linkonce.d*)
 *(.rodata)
 *(.rodata*)
 *(.gnu.linkonce.r*)
                0x00800112                . = ALIGN (0x2)
                0x00800112                _edata = .
                0x00800112                PROVIDE (__data_end, .)

.bss            0x00800112       0xe6
                0x00800112                PROVIDE (__bss_start, .)
 *(.bss)
 .bss           0x00800112        0x2 ../../../../../capi324v221-v1.09.002R\libcapi324v221.a(STEPPER_step.o)
 .bss           0x00800114        0xb ../../../../../capi324v221-v1.09.002R\libcapi324v221.a(ATTINY_get_IR_state.o)
 .bss           0x0080011f       0x40 ../../../../../capi324v221-v1.09.002R\libcapi324v221.a(ISR_globals.o)
                0x0080011f                CBOT_ISR_vtable
 .bss           0x0080015f        0x2 ../../../../../capi324v221-v1.09.002R\libcapi324v221.a(TMRSRVC_globals.o)
                0x0080015f                timer_busy_status
                0x00800160                timer_run_status
 .bss           0x00800161       0x10 ../../../../../capi324v221-v1.09.002R\libcapi324v221.a(SPI_globals.o)
                0x00800161                spi_config_func_LUT
 .bss           0x00800171       0x10 ../../../../../capi324v221-v1.09.002R\libcapi324v221.a(SPKR_globals.o)
                0x00800171                tone_mode_active
                0x00800172                beep_mode_active
                0x00800173                spkr_accum32
                0x00800177                spkr_freq
                0x0080017b                beep_accum16
                0x0080017d                beep_freq
                0x0080017f                p_Freq_LUT
 .bss           0x00800181        0x1 ../../../../../capi324v221-v1.09.002R\libcapi324v221.a(STEPPER_process_run_mode.o)
 .bss           0x00800182        0x4 ../../../../../capi324v221-v1.09.002R\libcapi324v221.a(STEPPER_process_pwm.o)
 *(.bss*)
 *(COMMON)
 COMMON         0x00800186       0x39 ../../../../../capi324v221-v1.09.002R\libcapi324v221.a(STEPPER_globals.o)
                0x00800186                STEPPER_params
                0x008001bd                step_done
 COMMON         0x008001bf       0x13 ../../../../../capi324v221-v1.09.002R\libcapi324v221.a(SYS_globals.o)
                0x008001bf                CBOT_system
 COMMON         0x008001d2        0x3 ../../../../../capi324v221-v1.09.002R\libcapi324v221.a(TMRSRVC_globals.o)
                0x008001d2                tmrNodes
 COMMON         0x008001d5        0x1 ../../../../../capi324v221-v1.09.002R\libcapi324v221.a(SPI_globals.o)
                0x008001d5                curr_spi_addr
 COMMON         0x008001d6       0x1e ../../../../../capi324v221-v1.09.002R\libcapi324v221.a(ATTINY_globals.o)
                0x008001d6                ATTINY_params
 COMMON         0x008001f4        0x4 c:/program files (x86)/atmel/studio/7.0/toolchain/avr8/avr8-gnu-toolchain/bin/../lib/gcc/avr/5.4.0/../../../../avr/lib/avr5\libc.a(malloc.o)
                0x008001f4                __brkval
                0x008001f6                __flp
                0x008001f8                PROVIDE (__bss_end, .)
                0x00003340                __data_load_start = LOADADDR (.data)
                0x00003352                __data_load_end = (__data_load_start + SIZEOF (.data))

.noinit         0x008001f8        0x0
                [!provide]                PROVIDE (__noinit_start, .)
 *(.noinit*)
                [!provide]                PROVIDE (__noinit_end, .)
                0x008001f8                _end = .
                0x008001f8                PROVIDE (__heap_start, .)

.eeprom         0x00810000        0x0
 *(.eeprom*)
                0x00810000                __eeprom_end = .

.fuse
 *(.fuse)
 *(.lfuse)
 *(.hfuse)
 *(.efuse)

.lock
 *(.lock*)

.signature
 *(.signature*)

.user_signatures
 *(.user_signatures*)

.stab
 *(.stab)

.stabstr
 *(.stabstr)

.stab.excl
 *(.stab.excl)

.stab.exclstr
 *(.stab.exclstr)

.stab.index
 *(.stab.index)

.stab.indexstr
 *(.stab.indexstr)

.comment        0x00000000       0x5c
 *(.comment)
 .comment       0x00000000       0x30 main.o
                                 0x31 (size before relaxing)
 .comment       0x00000030       0x31 src/app.o
 .comment       0x00000030       0x31 src/motor_control.o
 .comment       0x00000030       0x2c c:/program files (x86)/atmel/studio/7.0/toolchain/avr8/avr8-gnu-toolchain/bin/../lib/gcc/avr/5.4.0/../../../../avr/lib/avr5\libprintf_flt.a(vfprintf_flt.o)
                                 0x2d (size before relaxing)
 .comment       0x0000005c       0x31 c:/program files (x86)/atmel/studio/7.0/toolchain/avr8/avr8-gnu-toolchain/bin/../lib/gcc/avr/5.4.0/../../../../avr/lib/avr5\libc.a(malloc.o)
 .comment       0x0000005c       0x31 c:/program files (x86)/atmel/studio/7.0/toolchain/avr8/avr8-gnu-toolchain/bin/../lib/gcc/avr/5.4.0/../../../../avr/lib/avr5\libc.a(fputc.o)

.note.gnu.avr.deviceinfo
                0x00000000       0x40
 .note.gnu.avr.deviceinfo
                0x00000000       0x40 C:/Program Files (x86)/Atmel/Studio/7.0/Packs/atmel/ATmega_DFP/1.3.300/gcc/dev/atmega324p/avr5/crtatmega324p.o

.note.gnu.build-id
 *(.note.gnu.build-id)

.debug
 *(.debug)

.line
 *(.line)

.debug_srcinfo
 *(.debug_srcinfo)

.debug_sfnames
 *(.debug_sfnames)

.debug_aranges
 *(.debug_aranges)

.debug_pubnames
 *(.debug_pubnames)

.debug_info     0x00000000      0x6cc
 *(.debug_info .gnu.linkonce.wi.*)
 .debug_info    0x00000000      0x6cc C:/Program Files (x86)/Atmel/Studio/7.0/Packs/atmel/ATmega_DFP/1.3.300/gcc/dev/atmega324p/avr5/crtatmega324p.o

.debug_abbrev   0x00000000      0x66e
 *(.debug_abbrev)
 .debug_abbrev  0x00000000      0x66e C:/Program Files (x86)/Atmel/Studio/7.0/Packs/atmel/ATmega_DFP/1.3.300/gcc/dev/atmega324p/avr5/crtatmega324p.o

.debug_line     0x00000000      0x151
 *(.debug_line .debug_line.* .debug_line_end)
 .debug_line    0x00000000      0x151 C:/Program Files (x86)/Atmel/Studio/7.0/Packs/atmel/ATmega_DFP/1.3.300/gcc/dev/atmega324p/avr5/crtatmega324p.o

.debug_frame
 *(.debug_frame)

.debug_str      0x00000000      0x255
 *(.debug_str)
 .debug_str     0x00000000      0x255 C:/Program Files (x86)/Atmel/Studio/7.0/Packs/atmel/ATmega_DFP/1.3.300/gcc/dev/atmega324p/avr5/crtatmega324p.o

.debug_loc
 *(.debug_loc)

.debug_macinfo
 *(.debug_macinfo)

.debug_weaknames
 *(.debug_weaknames)

.debug_funcnames
 *(.debug_funcnames)

.debug_typenames
 *(.debug_typenames)

.debug_varnames
 *(.debug_varnames)

.debug_pubtypes
 *(.debug_pubtypes)

.debug_ranges
 *(.debug_ranges)

.debug_macro
 *(.debug_macro)
OUTPUT(CEENBot-Project.elf elf32-avr)
LOAD linker stubs
