Archive member included to satisfy reference by file (symbol)

../../../../../capi324v221-v1.09.002R\libcapi324v221.a(CBOT_main.o)
                              C:/Program Files (x86)/Atmel/Studio/7.0/Packs/atmel/ATmega_DFP/1.3.300/gcc/dev/atmega324p/avr5/crtatmega324p.o (main)
../../../../../capi324v221-v1.09.002R\libcapi324v221.a(STEPPER_move.o)
                              main.o (STEPPER_move)
../../../../../capi324v221-v1.09.002R\libcapi324v221.a(STEPPER_open.o)
                              main.o (STEPPER_open)
../../../../../capi324v221-v1.09.002R\libcapi324v221.a(STEPPER_run.o)
                              ../../../../../capi324v221-v1.09.002R\libcapi324v221.a(STEPPER_move.o) (STEPPER_run)
../../../../../capi324v221-v1.09.002R\libcapi324v221.a(STEPPER_set_accel.o)
                              ../../../../../capi324v221-v1.09.002R\libcapi324v221.a(STEPPER_move.o) (STEPPER_set_accel)
../../../../../capi324v221-v1.09.002R\libcapi324v221.a(STEPPER_set_dir.o)
                              ../../../../../capi324v221-v1.09.002R\libcapi324v221.a(STEPPER_run.o) (STEPPER_set_dir)
../../../../../capi324v221-v1.09.002R\libcapi324v221.a(STEPPER_set_mode.o)
                              ../../../../../capi324v221-v1.09.002R\libcapi324v221.a(STEPPER_move.o) (STEPPER_set_mode)
../../../../../capi324v221-v1.09.002R\libcapi324v221.a(STEPPER_set_speed.o)
                              ../../../../../capi324v221-v1.09.002R\libcapi324v221.a(STEPPER_run.o) (STEPPER_set_speed)
../../../../../capi324v221-v1.09.002R\libcapi324v221.a(STEPPER_step.o)
                              ../../../../../capi324v221-v1.09.002R\libcapi324v221.a(STEPPER_move.o) (STEPPER_step)
../../../../../capi324v221-v1.09.002R\libcapi324v221.a(STEPPER_wait_and_then.o)
                              ../../../../../capi324v221-v1.09.002R\libcapi324v221.a(STEPPER_move.o) (STEPPER_wait_and_then)
../../../../../capi324v221-v1.09.002R\libcapi324v221.a(SYS_set_state.o)
                              ../../../../../capi324v221-v1.09.002R\libcapi324v221.a(STEPPER_open.o) (SYS_set_state)
../../../../../capi324v221-v1.09.002R\libcapi324v221.a(TMRSRVC_delay.o)
                              main.o (TMRSRVC_delay)
../../../../../capi324v221-v1.09.002R\libcapi324v221.a(TMRSRVC_new.o)
                              ../../../../../capi324v221-v1.09.002R\libcapi324v221.a(TMRSRVC_delay.o) (TMRSRVC_new)
../../../../../capi324v221-v1.09.002R\libcapi324v221.a(CBOT_init.o)
                              ../../../../../capi324v221-v1.09.002R\libcapi324v221.a(CBOT_main.o) (CBOT_init)
../../../../../capi324v221-v1.09.002R\libcapi324v221.a(CBOT_isr.o)
                              ../../../../../capi324v221-v1.09.002R\libcapi324v221.a(CBOT_main.o) (CBOT_ISR_init)
../../../../../capi324v221-v1.09.002R\libcapi324v221.a(ISR_globals.o)
                              ../../../../../capi324v221-v1.09.002R\libcapi324v221.a(CBOT_isr.o) (CBOT_ISR_vtable)
../../../../../capi324v221-v1.09.002R\libcapi324v221.a(ISR_open.o)
                              ../../../../../capi324v221-v1.09.002R\libcapi324v221.a(CBOT_init.o) (ISR_open)
../../../../../capi324v221-v1.09.002R\libcapi324v221.a(ATMEGA_open.o)
                              ../../../../../capi324v221-v1.09.002R\libcapi324v221.a(CBOT_init.o) (ATMEGA_open)
../../../../../capi324v221-v1.09.002R\libcapi324v221.a(ATMEGA_set_clk_mode.o)
                              ../../../../../capi324v221-v1.09.002R\libcapi324v221.a(ATMEGA_open.o) (ATMEGA_set_clk_mode)
../../../../../capi324v221-v1.09.002R\libcapi324v221.a(SPI_open.o)
                              ../../../../../capi324v221-v1.09.002R\libcapi324v221.a(CBOT_init.o) (SPI_open)
../../../../../capi324v221-v1.09.002R\libcapi324v221.a(SPI_set_config_func.o)
                              ../../../../../capi324v221-v1.09.002R\libcapi324v221.a(SPI_open.o) (SPI_set_config_func)
../../../../../capi324v221-v1.09.002R\libcapi324v221.a(SPI_set_slave_addr.o)
                              ../../../../../capi324v221-v1.09.002R\libcapi324v221.a(SPI_open.o) (SPI_set_slave_addr)
../../../../../capi324v221-v1.09.002R\libcapi324v221.a(STEPPER_globals.o)
                              ../../../../../capi324v221-v1.09.002R\libcapi324v221.a(STEPPER_open.o) (STEPPER_params)
../../../../../capi324v221-v1.09.002R\libcapi324v221.a(STEPPER_go.o)
                              ../../../../../capi324v221-v1.09.002R\libcapi324v221.a(STEPPER_step.o) (STEPPER_go)
../../../../../capi324v221-v1.09.002R\libcapi324v221.a(__STEPPER_init.o)
                              ../../../../../capi324v221-v1.09.002R\libcapi324v221.a(STEPPER_open.o) (__STEPPER_init)
../../../../../capi324v221-v1.09.002R\libcapi324v221.a(STEPPER_set_steps.o)
                              ../../../../../capi324v221-v1.09.002R\libcapi324v221.a(STEPPER_step.o) (STEPPER_set_steps)
../../../../../capi324v221-v1.09.002R\libcapi324v221.a(STEPPER_set_stop_mode.o)
                              ../../../../../capi324v221-v1.09.002R\libcapi324v221.a(STEPPER_step.o) (STEPPER_set_stop_mode)
../../../../../capi324v221-v1.09.002R\libcapi324v221.a(STEPPER_setup_decels.o)
                              ../../../../../capi324v221-v1.09.002R\libcapi324v221.a(STEPPER_step.o) (STEPPER_setup_decels)
../../../../../capi324v221-v1.09.002R\libcapi324v221.a(SYS_get_state.o)
                              ../../../../../capi324v221-v1.09.002R\libcapi324v221.a(TMRSRVC_new.o) (SYS_get_state)
../../../../../capi324v221-v1.09.002R\libcapi324v221.a(SYS_globals.o)
                              ../../../../../capi324v221-v1.09.002R\libcapi324v221.a(SYS_set_state.o) (CBOT_system)
../../../../../capi324v221-v1.09.002R\libcapi324v221.a(SYS_init.o)
                              ../../../../../capi324v221-v1.09.002R\libcapi324v221.a(CBOT_init.o) (SYS_init)
../../../../../capi324v221-v1.09.002R\libcapi324v221.a(ATTINY_open.o)
                              ../../../../../capi324v221-v1.09.002R\libcapi324v221.a(CBOT_init.o) (ATTINY_open)
../../../../../capi324v221-v1.09.002R\libcapi324v221.a(TMRSRVC_globals.o)
                              ../../../../../capi324v221-v1.09.002R\libcapi324v221.a(TMRSRVC_new.o) (timer_busy_status)
../../../../../capi324v221-v1.09.002R\libcapi324v221.a(__TMRSRVC_insert.o)
                              ../../../../../capi324v221-v1.09.002R\libcapi324v221.a(TMRSRVC_new.o) (TMRSRVC_insert)
../../../../../capi324v221-v1.09.002R\libcapi324v221.a(TMRSRVC_open.o)
                              ../../../../../capi324v221-v1.09.002R\libcapi324v221.a(CBOT_init.o) (TMRSRVC_open)
../../../../../capi324v221-v1.09.002R\libcapi324v221.a(__TMRSRVC_start.o)
                              ../../../../../capi324v221-v1.09.002R\libcapi324v221.a(TMRSRVC_open.o) (__TMRSRVC_start)
../../../../../capi324v221-v1.09.002R\libcapi324v221.a(TMRSRVC_start.o)
                              ../../../../../capi324v221-v1.09.002R\libcapi324v221.a(__TMRSRVC_insert.o) (TMRSRVC_start)
../../../../../capi324v221-v1.09.002R\libcapi324v221.a(__ISR_attach.o)
                              ../../../../../capi324v221-v1.09.002R\libcapi324v221.a(TMRSRVC_open.o) (__ISR_attach)
../../../../../capi324v221-v1.09.002R\libcapi324v221.a(__ATMEGA_init.o)
                              ../../../../../capi324v221-v1.09.002R\libcapi324v221.a(ATMEGA_open.o) (__ATMEGA_init)
../../../../../capi324v221-v1.09.002R\libcapi324v221.a(SPI_cfgrs.o)
                              ../../../../../capi324v221-v1.09.002R\libcapi324v221.a(SPI_open.o) (SPI_default_config)
../../../../../capi324v221-v1.09.002R\libcapi324v221.a(SPI_globals.o)
                              ../../../../../capi324v221-v1.09.002R\libcapi324v221.a(SPI_set_config_func.o) (spi_config_func_LUT)
../../../../../capi324v221-v1.09.002R\libcapi324v221.a(__SPI_init.o)
                              ../../../../../capi324v221-v1.09.002R\libcapi324v221.a(SPI_open.o) (__SPI_init)
../../../../../capi324v221-v1.09.002R\libcapi324v221.a(STEPPER_set_decel_step_values.o)
                              ../../../../../capi324v221-v1.09.002R\libcapi324v221.a(STEPPER_setup_decels.o) (STEPPER_set_decel_step_values)
../../../../../capi324v221-v1.09.002R\libcapi324v221.a(ATTINY_globals.o)
                              ../../../../../capi324v221-v1.09.002R\libcapi324v221.a(ATTINY_open.o) (ATTINY_params)
../../../../../capi324v221-v1.09.002R\libcapi324v221.a(ISR__TIMER0_COMPA_vect.o)
                              ../../../../../capi324v221-v1.09.002R\libcapi324v221.a(TMRSRVC_open.o) (__TIMER0_COMPA_vect)
../../../../../capi324v221-v1.09.002R\libcapi324v221.a(__TMRSRVC_init.o)
                              ../../../../../capi324v221-v1.09.002R\libcapi324v221.a(TMRSRVC_open.o) (__TMRSRVC_init)
../../../../../capi324v221-v1.09.002R\libcapi324v221.a(TMRSRVC_tick.o)
                              ../../../../../capi324v221-v1.09.002R\libcapi324v221.a(ISR__TIMER0_COMPA_vect.o) (TMRSRVC_tick)
../../../../../capi324v221-v1.09.002R\libcapi324v221.a(SPKR_beep_clk.o)
                              ../../../../../capi324v221-v1.09.002R\libcapi324v221.a(ISR__TIMER0_COMPA_vect.o) (SPKR_beep_clk)
../../../../../capi324v221-v1.09.002R\libcapi324v221.a(SPKR_globals.o)
                              ../../../../../capi324v221-v1.09.002R\libcapi324v221.a(SPKR_beep_clk.o) (beep_mode_active)
../../../../../capi324v221-v1.09.002R\libcapi324v221.a(STEPPER_clk.o)
                              ../../../../../capi324v221-v1.09.002R\libcapi324v221.a(ISR__TIMER0_COMPA_vect.o) (STEPPER_clk)
../../../../../capi324v221-v1.09.002R\libcapi324v221.a(STEPPER_process_accel.o)
                              ../../../../../capi324v221-v1.09.002R\libcapi324v221.a(STEPPER_clk.o) (STEPPER_process_accel)
../../../../../capi324v221-v1.09.002R\libcapi324v221.a(STEPPER_process_run_mode.o)
                              ../../../../../capi324v221-v1.09.002R\libcapi324v221.a(STEPPER_clk.o) (STEPPER_process_run_mode)
../../../../../capi324v221-v1.09.002R\libcapi324v221.a(STEPPER_process_step_mode.o)
                              ../../../../../capi324v221-v1.09.002R\libcapi324v221.a(STEPPER_process_run_mode.o) (STEPPER_process_step_mode)
../../../../../capi324v221-v1.09.002R\libcapi324v221.a(STEPPER_stop.o)
                              ../../../../../capi324v221-v1.09.002R\libcapi324v221.a(STEPPER_process_run_mode.o) (STEPPER_stop)
../../../../../capi324v221-v1.09.002R\libcapi324v221.a(TMRSRVC_process.o)
                              ../../../../../capi324v221-v1.09.002R\libcapi324v221.a(TMRSRVC_tick.o) (TMRSRVC_process)
../../../../../capi324v221-v1.09.002R\libcapi324v221.a(TMRSRVC_stop.o)
                              ../../../../../capi324v221-v1.09.002R\libcapi324v221.a(TMRSRVC_process.o) (TMRSRVC_stop)
../../../../../capi324v221-v1.09.002R\libcapi324v221.a(STEPPER_process_pwm.o)
                              ../../../../../capi324v221-v1.09.002R\libcapi324v221.a(STEPPER_process_run_mode.o) (STEPPER_process_pwm)
c:/program files (x86)/atmel/studio/7.0/toolchain/avr8/avr8-gnu-toolchain/bin/../lib/gcc/avr/5.4.0/../../../../avr/lib/avr5\libprintf_flt.a(vfprintf_flt.o)
                              (vfprintf)
c:/program files (x86)/atmel/studio/7.0/toolchain/avr8/avr8-gnu-toolchain/bin/../lib/gcc/avr/5.4.0/../../../../avr/lib/avr5\libm.a(addsf3.o)
                              main.o (__subsf3)
c:/program files (x86)/atmel/studio/7.0/toolchain/avr8/avr8-gnu-toolchain/bin/../lib/gcc/avr/5.4.0/../../../../avr/lib/avr5\libm.a(addsf3x.o)
                              c:/program files (x86)/atmel/studio/7.0/toolchain/avr8/avr8-gnu-toolchain/bin/../lib/gcc/avr/5.4.0/../../../../avr/lib/avr5\libm.a(addsf3.o) (__addsf3x)
c:/program files (x86)/atmel/studio/7.0/toolchain/avr8/avr8-gnu-toolchain/bin/../lib/gcc/avr/5.4.0/../../../../avr/lib/avr5\libm.a(divsf3.o)
                              main.o (__divsf3)
c:/program files (x86)/atmel/studio/7.0/toolchain/avr8/avr8-gnu-toolchain/bin/../lib/gcc/avr/5.4.0/../../../../avr/lib/avr5\libm.a(divsf3x.o)
                              c:/program files (x86)/atmel/studio/7.0/toolchain/avr8/avr8-gnu-toolchain/bin/../lib/gcc/avr/5.4.0/../../../../avr/lib/avr5\libm.a(divsf3.o) (__divsf3x)
c:/program files (x86)/atmel/studio/7.0/toolchain/avr8/avr8-gnu-toolchain/bin/../lib/gcc/avr/5.4.0/../../../../avr/lib/avr5\libm.a(fixunssfsi.o)
                              main.o (__fixunssfsi)
c:/program files (x86)/atmel/studio/7.0/toolchain/avr8/avr8-gnu-toolchain/bin/../lib/gcc/avr/5.4.0/../../../../avr/lib/avr5\libm.a(floor.o)
                              main.o (floor)
c:/program files (x86)/atmel/studio/7.0/toolchain/avr8/avr8-gnu-toolchain/bin/../lib/gcc/avr/5.4.0/../../../../avr/lib/avr5\libm.a(fp_inf.o)
                              c:/program files (x86)/atmel/studio/7.0/toolchain/avr8/avr8-gnu-toolchain/bin/../lib/gcc/avr/5.4.0/../../../../avr/lib/avr5\libm.a(addsf3x.o) (__fp_inf)
c:/program files (x86)/atmel/studio/7.0/toolchain/avr8/avr8-gnu-toolchain/bin/../lib/gcc/avr/5.4.0/../../../../avr/lib/avr5\libm.a(fp_mintl.o)
                              c:/program files (x86)/atmel/studio/7.0/toolchain/avr8/avr8-gnu-toolchain/bin/../lib/gcc/avr/5.4.0/../../../../avr/lib/avr5\libm.a(floor.o) (__fp_mintl)
c:/program files (x86)/atmel/studio/7.0/toolchain/avr8/avr8-gnu-toolchain/bin/../lib/gcc/avr/5.4.0/../../../../avr/lib/avr5\libm.a(fp_mpack.o)
                              c:/program files (x86)/atmel/studio/7.0/toolchain/avr8/avr8-gnu-toolchain/bin/../lib/gcc/avr/5.4.0/../../../../avr/lib/avr5\libm.a(floor.o) (__fp_mpack)
c:/program files (x86)/atmel/studio/7.0/toolchain/avr8/avr8-gnu-toolchain/bin/../lib/gcc/avr/5.4.0/../../../../avr/lib/avr5\libm.a(fp_nan.o)
                              c:/program files (x86)/atmel/studio/7.0/toolchain/avr8/avr8-gnu-toolchain/bin/../lib/gcc/avr/5.4.0/../../../../avr/lib/avr5\libm.a(addsf3x.o) (__fp_nan)
c:/program files (x86)/atmel/studio/7.0/toolchain/avr8/avr8-gnu-toolchain/bin/../lib/gcc/avr/5.4.0/../../../../avr/lib/avr5\libm.a(fp_pscA.o)
                              c:/program files (x86)/atmel/studio/7.0/toolchain/avr8/avr8-gnu-toolchain/bin/../lib/gcc/avr/5.4.0/../../../../avr/lib/avr5\libm.a(addsf3x.o) (__fp_pscA)
c:/program files (x86)/atmel/studio/7.0/toolchain/avr8/avr8-gnu-toolchain/bin/../lib/gcc/avr/5.4.0/../../../../avr/lib/avr5\libm.a(fp_pscB.o)
                              c:/program files (x86)/atmel/studio/7.0/toolchain/avr8/avr8-gnu-toolchain/bin/../lib/gcc/avr/5.4.0/../../../../avr/lib/avr5\libm.a(addsf3x.o) (__fp_pscB)
c:/program files (x86)/atmel/studio/7.0/toolchain/avr8/avr8-gnu-toolchain/bin/../lib/gcc/avr/5.4.0/../../../../avr/lib/avr5\libm.a(fp_round.o)
                              c:/program files (x86)/atmel/studio/7.0/toolchain/avr8/avr8-gnu-toolchain/bin/../lib/gcc/avr/5.4.0/../../../../avr/lib/avr5\libm.a(addsf3.o) (__fp_round)
c:/program files (x86)/atmel/studio/7.0/toolchain/avr8/avr8-gnu-toolchain/bin/../lib/gcc/avr/5.4.0/../../../../avr/lib/avr5\libm.a(fp_split3.o)
                              c:/program files (x86)/atmel/studio/7.0/toolchain/avr8/avr8-gnu-toolchain/bin/../lib/gcc/avr/5.4.0/../../../../avr/lib/avr5\libm.a(addsf3x.o) (__fp_split3)
c:/program files (x86)/atmel/studio/7.0/toolchain/avr8/avr8-gnu-toolchain/bin/../lib/gcc/avr/5.4.0/../../../../avr/lib/avr5\libm.a(fp_trunc.o)
                              c:/program files (x86)/atmel/studio/7.0/toolchain/avr8/avr8-gnu-toolchain/bin/../lib/gcc/avr/5.4.0/../../../../avr/lib/avr5\libm.a(floor.o) (__fp_trunc)
c:/program files (x86)/atmel/studio/7.0/toolchain/avr8/avr8-gnu-toolchain/bin/../lib/gcc/avr/5.4.0/../../../../avr/lib/avr5\libm.a(fp_zero.o)
                              c:/program files (x86)/atmel/studio/7.0/toolchain/avr8/avr8-gnu-toolchain/bin/../lib/gcc/avr/5.4.0/../../../../avr/lib/avr5\libm.a(addsf3x.o) (__fp_zero)
c:/program files (x86)/atmel/studio/7.0/toolchain/avr8/avr8-gnu-toolchain/bin/../lib/gcc/avr/5.4.0/../../../../avr/lib/avr5\libm.a(mulsf3.o)
                              main.o (__mulsf3)
c:/program files (x86)/atmel/studio/7.0/toolchain/avr8/avr8-gnu-toolchain/bin/../lib/gcc/avr/5.4.0/../../../../avr/lib/avr5\libm.a(mulsf3x.o)
                              c:/program files (x86)/atmel/studio/7.0/toolchain/avr8/avr8-gnu-toolchain/bin/../lib/gcc/avr/5.4.0/../../../../avr/lib/avr5\libm.a(mulsf3.o) (__mulsf3x)
c:/program files (x86)/atmel/studio/7.0/toolchain/avr8/avr8-gnu-toolchain/bin/../lib/gcc/avr/5.4.0/avr5\libgcc.a(_mulsi3.o)
                              ../../../../../capi324v221-v1.09.002R\libcapi324v221.a(STEPPER_set_decel_step_values.o) (__mulsi3)
c:/program files (x86)/atmel/studio/7.0/toolchain/avr8/avr8-gnu-toolchain/bin/../lib/gcc/avr/5.4.0/avr5\libgcc.a(_udivmodsi4.o)
                              ../../../../../capi324v221-v1.09.002R\libcapi324v221.a(STEPPER_set_decel_step_values.o) (__udivmodsi4)
c:/program files (x86)/atmel/studio/7.0/toolchain/avr8/avr8-gnu-toolchain/bin/../lib/gcc/avr/5.4.0/avr5\libgcc.a(_exit.o)
                              C:/Program Files (x86)/Atmel/Studio/7.0/Packs/atmel/ATmega_DFP/1.3.300/gcc/dev/atmega324p/avr5/crtatmega324p.o (exit)
c:/program files (x86)/atmel/studio/7.0/toolchain/avr8/avr8-gnu-toolchain/bin/../lib/gcc/avr/5.4.0/avr5\libgcc.a(_copy_data.o)
                              ../../../../../capi324v221-v1.09.002R\libcapi324v221.a(CBOT_main.o) (__do_copy_data)
c:/program files (x86)/atmel/studio/7.0/toolchain/avr8/avr8-gnu-toolchain/bin/../lib/gcc/avr/5.4.0/avr5\libgcc.a(_clear_bss.o)
                              ../../../../../capi324v221-v1.09.002R\libcapi324v221.a(CBOT_main.o) (__do_clear_bss)
c:/program files (x86)/atmel/studio/7.0/toolchain/avr8/avr8-gnu-toolchain/bin/../lib/gcc/avr/5.4.0/avr5\libgcc.a(_muluhisi3.o)
                              c:/program files (x86)/atmel/studio/7.0/toolchain/avr8/avr8-gnu-toolchain/bin/../lib/gcc/avr/5.4.0/avr5\libgcc.a(_mulsi3.o) (__muluhisi3)
c:/program files (x86)/atmel/studio/7.0/toolchain/avr8/avr8-gnu-toolchain/bin/../lib/gcc/avr/5.4.0/avr5\libgcc.a(_prologue.o)
                              c:/program files (x86)/atmel/studio/7.0/toolchain/avr8/avr8-gnu-toolchain/bin/../lib/gcc/avr/5.4.0/../../../../avr/lib/avr5\libprintf_flt.a(vfprintf_flt.o) (__prologue_saves__)
c:/program files (x86)/atmel/studio/7.0/toolchain/avr8/avr8-gnu-toolchain/bin/../lib/gcc/avr/5.4.0/avr5\libgcc.a(_epilogue.o)
                              c:/program files (x86)/atmel/studio/7.0/toolchain/avr8/avr8-gnu-toolchain/bin/../lib/gcc/avr/5.4.0/../../../../avr/lib/avr5\libprintf_flt.a(vfprintf_flt.o) (__epilogue_restores__)
c:/program files (x86)/atmel/studio/7.0/toolchain/avr8/avr8-gnu-toolchain/bin/../lib/gcc/avr/5.4.0/avr5\libgcc.a(_umulhisi3.o)
                              c:/program files (x86)/atmel/studio/7.0/toolchain/avr8/avr8-gnu-toolchain/bin/../lib/gcc/avr/5.4.0/avr5\libgcc.a(_muluhisi3.o) (__umulhisi3)
c:/program files (x86)/atmel/studio/7.0/toolchain/avr8/avr8-gnu-toolchain/bin/../lib/gcc/avr/5.4.0/../../../../avr/lib/avr5\libc.a(malloc.o)
                              ../../../../../capi324v221-v1.09.002R\libcapi324v221.a(TMRSRVC_new.o) (malloc)
c:/program files (x86)/atmel/studio/7.0/toolchain/avr8/avr8-gnu-toolchain/bin/../lib/gcc/avr/5.4.0/../../../../avr/lib/avr5\libc.a(ftoa_engine.o)
                              c:/program files (x86)/atmel/studio/7.0/toolchain/avr8/avr8-gnu-toolchain/bin/../lib/gcc/avr/5.4.0/../../../../avr/lib/avr5\libprintf_flt.a(vfprintf_flt.o) (__ftoa_engine)
c:/program files (x86)/atmel/studio/7.0/toolchain/avr8/avr8-gnu-toolchain/bin/../lib/gcc/avr/5.4.0/../../../../avr/lib/avr5\libc.a(strnlen_P.o)
                              c:/program files (x86)/atmel/studio/7.0/toolchain/avr8/avr8-gnu-toolchain/bin/../lib/gcc/avr/5.4.0/../../../../avr/lib/avr5\libprintf_flt.a(vfprintf_flt.o) (strnlen_P)
c:/program files (x86)/atmel/studio/7.0/toolchain/avr8/avr8-gnu-toolchain/bin/../lib/gcc/avr/5.4.0/../../../../avr/lib/avr5\libc.a(strnlen.o)
                              c:/program files (x86)/atmel/studio/7.0/toolchain/avr8/avr8-gnu-toolchain/bin/../lib/gcc/avr/5.4.0/../../../../avr/lib/avr5\libprintf_flt.a(vfprintf_flt.o) (strnlen)
c:/program files (x86)/atmel/studio/7.0/toolchain/avr8/avr8-gnu-toolchain/bin/../lib/gcc/avr/5.4.0/../../../../avr/lib/avr5\libc.a(fputc.o)
                              c:/program files (x86)/atmel/studio/7.0/toolchain/avr8/avr8-gnu-toolchain/bin/../lib/gcc/avr/5.4.0/../../../../avr/lib/avr5\libprintf_flt.a(vfprintf_flt.o) (fputc)
c:/program files (x86)/atmel/studio/7.0/toolchain/avr8/avr8-gnu-toolchain/bin/../lib/gcc/avr/5.4.0/../../../../avr/lib/avr5\libc.a(ultoa_invert.o)
                              c:/program files (x86)/atmel/studio/7.0/toolchain/avr8/avr8-gnu-toolchain/bin/../lib/gcc/avr/5.4.0/../../../../avr/lib/avr5\libprintf_flt.a(vfprintf_flt.o) (__ultoa_invert)

Allocating common symbols
Common symbol       size              file

__brkval            0x2               c:/program files (x86)/atmel/studio/7.0/toolchain/avr8/avr8-gnu-toolchain/bin/../lib/gcc/avr/5.4.0/../../../../avr/lib/avr5\libc.a(malloc.o)
ATTINY_params       0x1e              ../../../../../capi324v221-v1.09.002R\libcapi324v221.a(ATTINY_globals.o)
CBOT_system         0x13              ../../../../../capi324v221-v1.09.002R\libcapi324v221.a(SYS_globals.o)
tmrNodes            0x3               ../../../../../capi324v221-v1.09.002R\libcapi324v221.a(TMRSRVC_globals.o)
STEPPER_params      0x37              ../../../../../capi324v221-v1.09.002R\libcapi324v221.a(STEPPER_globals.o)
curr_spi_addr       0x1               ../../../../../capi324v221-v1.09.002R\libcapi324v221.a(SPI_globals.o)
__flp               0x2               c:/program files (x86)/atmel/studio/7.0/toolchain/avr8/avr8-gnu-toolchain/bin/../lib/gcc/avr/5.4.0/../../../../avr/lib/avr5\libc.a(malloc.o)
step_done           0x2               ../../../../../capi324v221-v1.09.002R\libcapi324v221.a(STEPPER_globals.o)

Discarded input sections

 .data          0x00000000        0x0 C:/Program Files (x86)/Atmel/Studio/7.0/Packs/atmel/ATmega_DFP/1.3.300/gcc/dev/atmega324p/avr5/crtatmega324p.o
 .bss           0x00000000        0x0 C:/Program Files (x86)/Atmel/Studio/7.0/Packs/atmel/ATmega_DFP/1.3.300/gcc/dev/atmega324p/avr5/crtatmega324p.o
 .data          0x00000000        0x0 main.o
 .bss           0x00000000        0x0 main.o
 .data          0x00000000        0x0 ../../../../../capi324v221-v1.09.002R\libcapi324v221.a(CBOT_main.o)
 .bss           0x00000000        0x0 ../../../../../capi324v221-v1.09.002R\libcapi324v221.a(CBOT_main.o)
 .data          0x00000000        0x0 ../../../../../capi324v221-v1.09.002R\libcapi324v221.a(STEPPER_move.o)
 .bss           0x00000000        0x0 ../../../../../capi324v221-v1.09.002R\libcapi324v221.a(STEPPER_move.o)
 .data          0x00000000        0x0 ../../../../../capi324v221-v1.09.002R\libcapi324v221.a(STEPPER_open.o)
 .bss           0x00000000        0x0 ../../../../../capi324v221-v1.09.002R\libcapi324v221.a(STEPPER_open.o)
 .data          0x00000000        0x0 ../../../../../capi324v221-v1.09.002R\libcapi324v221.a(STEPPER_run.o)
 .bss           0x00000000        0x0 ../../../../../capi324v221-v1.09.002R\libcapi324v221.a(STEPPER_run.o)
 .data          0x00000000        0x0 ../../../../../capi324v221-v1.09.002R\libcapi324v221.a(STEPPER_set_accel.o)
 .bss           0x00000000        0x0 ../../../../../capi324v221-v1.09.002R\libcapi324v221.a(STEPPER_set_accel.o)
 .data          0x00000000        0x0 ../../../../../capi324v221-v1.09.002R\libcapi324v221.a(STEPPER_set_dir.o)
 .bss           0x00000000        0x0 ../../../../../capi324v221-v1.09.002R\libcapi324v221.a(STEPPER_set_dir.o)
 .data          0x00000000        0x0 ../../../../../capi324v221-v1.09.002R\libcapi324v221.a(STEPPER_set_mode.o)
 .bss           0x00000000        0x0 ../../../../../capi324v221-v1.09.002R\libcapi324v221.a(STEPPER_set_mode.o)
 .data          0x00000000        0x0 ../../../../../capi324v221-v1.09.002R\libcapi324v221.a(STEPPER_set_speed.o)
 .bss           0x00000000        0x0 ../../../../../capi324v221-v1.09.002R\libcapi324v221.a(STEPPER_set_speed.o)
 .data          0x00000000        0x0 ../../../../../capi324v221-v1.09.002R\libcapi324v221.a(STEPPER_step.o)
 .data          0x00000000        0x0 ../../../../../capi324v221-v1.09.002R\libcapi324v221.a(STEPPER_wait_and_then.o)
 .bss           0x00000000        0x0 ../../../../../capi324v221-v1.09.002R\libcapi324v221.a(STEPPER_wait_and_then.o)
 .data          0x00000000        0x0 ../../../../../capi324v221-v1.09.002R\libcapi324v221.a(SYS_set_state.o)
 .bss           0x00000000        0x0 ../../../../../capi324v221-v1.09.002R\libcapi324v221.a(SYS_set_state.o)
 .data          0x00000000        0x0 ../../../../../capi324v221-v1.09.002R\libcapi324v221.a(TMRSRVC_delay.o)
 .bss           0x00000000        0x0 ../../../../../capi324v221-v1.09.002R\libcapi324v221.a(TMRSRVC_delay.o)
 .data          0x00000000        0x0 ../../../../../capi324v221-v1.09.002R\libcapi324v221.a(TMRSRVC_new.o)
 .bss           0x00000000        0x0 ../../../../../capi324v221-v1.09.002R\libcapi324v221.a(TMRSRVC_new.o)
 .data          0x00000000        0x0 ../../../../../capi324v221-v1.09.002R\libcapi324v221.a(CBOT_init.o)
 .bss           0x00000000        0x0 ../../../../../capi324v221-v1.09.002R\libcapi324v221.a(CBOT_init.o)
 .data          0x00000000        0x0 ../../../../../capi324v221-v1.09.002R\libcapi324v221.a(CBOT_isr.o)
 .bss           0x00000000        0x0 ../../../../../capi324v221-v1.09.002R\libcapi324v221.a(CBOT_isr.o)
 .text          0x00000000        0x0 ../../../../../capi324v221-v1.09.002R\libcapi324v221.a(ISR_globals.o)
 .data          0x00000000        0x0 ../../../../../capi324v221-v1.09.002R\libcapi324v221.a(ISR_globals.o)
 .data          0x00000000        0x0 ../../../../../capi324v221-v1.09.002R\libcapi324v221.a(ISR_open.o)
 .bss           0x00000000        0x0 ../../../../../capi324v221-v1.09.002R\libcapi324v221.a(ISR_open.o)
 .data          0x00000000        0x0 ../../../../../capi324v221-v1.09.002R\libcapi324v221.a(ATMEGA_open.o)
 .bss           0x00000000        0x0 ../../../../../capi324v221-v1.09.002R\libcapi324v221.a(ATMEGA_open.o)
 .data          0x00000000        0x0 ../../../../../capi324v221-v1.09.002R\libcapi324v221.a(ATMEGA_set_clk_mode.o)
 .bss           0x00000000        0x0 ../../../../../capi324v221-v1.09.002R\libcapi324v221.a(ATMEGA_set_clk_mode.o)
 .data          0x00000000        0x0 ../../../../../capi324v221-v1.09.002R\libcapi324v221.a(SPI_open.o)
 .bss           0x00000000        0x0 ../../../../../capi324v221-v1.09.002R\libcapi324v221.a(SPI_open.o)
 .data          0x00000000        0x0 ../../../../../capi324v221-v1.09.002R\libcapi324v221.a(SPI_set_config_func.o)
 .bss           0x00000000        0x0 ../../../../../capi324v221-v1.09.002R\libcapi324v221.a(SPI_set_config_func.o)
 .data          0x00000000        0x0 ../../../../../capi324v221-v1.09.002R\libcapi324v221.a(SPI_set_slave_addr.o)
 .bss           0x00000000        0x0 ../../../../../capi324v221-v1.09.002R\libcapi324v221.a(SPI_set_slave_addr.o)
 .text          0x00000000        0x0 ../../../../../capi324v221-v1.09.002R\libcapi324v221.a(STEPPER_globals.o)
 .bss           0x00000000        0x0 ../../../../../capi324v221-v1.09.002R\libcapi324v221.a(STEPPER_globals.o)
 .data          0x00000000        0x0 ../../../../../capi324v221-v1.09.002R\libcapi324v221.a(STEPPER_go.o)
 .bss           0x00000000        0x0 ../../../../../capi324v221-v1.09.002R\libcapi324v221.a(STEPPER_go.o)
 .data          0x00000000        0x0 ../../../../../capi324v221-v1.09.002R\libcapi324v221.a(__STEPPER_init.o)
 .bss           0x00000000        0x0 ../../../../../capi324v221-v1.09.002R\libcapi324v221.a(__STEPPER_init.o)
 .data          0x00000000        0x0 ../../../../../capi324v221-v1.09.002R\libcapi324v221.a(STEPPER_set_steps.o)
 .bss           0x00000000        0x0 ../../../../../capi324v221-v1.09.002R\libcapi324v221.a(STEPPER_set_steps.o)
 .data          0x00000000        0x0 ../../../../../capi324v221-v1.09.002R\libcapi324v221.a(STEPPER_set_stop_mode.o)
 .bss           0x00000000        0x0 ../../../../../capi324v221-v1.09.002R\libcapi324v221.a(STEPPER_set_stop_mode.o)
 .data          0x00000000        0x0 ../../../../../capi324v221-v1.09.002R\libcapi324v221.a(STEPPER_setup_decels.o)
 .bss           0x00000000        0x0 ../../../../../capi324v221-v1.09.002R\libcapi324v221.a(STEPPER_setup_decels.o)
 .data          0x00000000        0x0 ../../../../../capi324v221-v1.09.002R\libcapi324v221.a(SYS_get_state.o)
 .bss           0x00000000        0x0 ../../../../../capi324v221-v1.09.002R\libcapi324v221.a(SYS_get_state.o)
 .text          0x00000000        0x0 ../../../../../capi324v221-v1.09.002R\libcapi324v221.a(SYS_globals.o)
 .data          0x00000000        0x0 ../../../../../capi324v221-v1.09.002R\libcapi324v221.a(SYS_globals.o)
 .bss           0x00000000        0x0 ../../../../../capi324v221-v1.09.002R\libcapi324v221.a(SYS_globals.o)
 .data          0x00000000        0x0 ../../../../../capi324v221-v1.09.002R\libcapi324v221.a(SYS_init.o)
 .bss           0x00000000        0x0 ../../../../../capi324v221-v1.09.002R\libcapi324v221.a(SYS_init.o)
 .data          0x00000000        0x0 ../../../../../capi324v221-v1.09.002R\libcapi324v221.a(ATTINY_open.o)
 .bss           0x00000000        0x0 ../../../../../capi324v221-v1.09.002R\libcapi324v221.a(ATTINY_open.o)
 .text          0x00000000        0x0 ../../../../../capi324v221-v1.09.002R\libcapi324v221.a(TMRSRVC_globals.o)
 .data          0x00000000        0x0 ../../../../../capi324v221-v1.09.002R\libcapi324v221.a(TMRSRVC_globals.o)
 .data          0x00000000        0x0 ../../../../../capi324v221-v1.09.002R\libcapi324v221.a(__TMRSRVC_insert.o)
 .bss           0x00000000        0x0 ../../../../../capi324v221-v1.09.002R\libcapi324v221.a(__TMRSRVC_insert.o)
 .data          0x00000000        0x0 ../../../../../capi324v221-v1.09.002R\libcapi324v221.a(TMRSRVC_open.o)
 .bss           0x00000000        0x0 ../../../../../capi324v221-v1.09.002R\libcapi324v221.a(TMRSRVC_open.o)
 .data          0x00000000        0x0 ../../../../../capi324v221-v1.09.002R\libcapi324v221.a(__TMRSRVC_start.o)
 .bss           0x00000000        0x0 ../../../../../capi324v221-v1.09.002R\libcapi324v221.a(__TMRSRVC_start.o)
 .data          0x00000000        0x0 ../../../../../capi324v221-v1.09.002R\libcapi324v221.a(TMRSRVC_start.o)
 .bss           0x00000000        0x0 ../../../../../capi324v221-v1.09.002R\libcapi324v221.a(TMRSRVC_start.o)
 .data          0x00000000        0x0 ../../../../../capi324v221-v1.09.002R\libcapi324v221.a(__ISR_attach.o)
 .bss           0x00000000        0x0 ../../../../../capi324v221-v1.09.002R\libcapi324v221.a(__ISR_attach.o)
 .data          0x00000000        0x0 ../../../../../capi324v221-v1.09.002R\libcapi324v221.a(__ATMEGA_init.o)
 .bss           0x00000000        0x0 ../../../../../capi324v221-v1.09.002R\libcapi324v221.a(__ATMEGA_init.o)
 .data          0x00000000        0x0 ../../../../../capi324v221-v1.09.002R\libcapi324v221.a(SPI_cfgrs.o)
 .bss           0x00000000        0x0 ../../../../../capi324v221-v1.09.002R\libcapi324v221.a(SPI_cfgrs.o)
 .text          0x00000000        0x0 ../../../../../capi324v221-v1.09.002R\libcapi324v221.a(SPI_globals.o)
 .data          0x00000000        0x0 ../../../../../capi324v221-v1.09.002R\libcapi324v221.a(SPI_globals.o)
 .data          0x00000000        0x0 ../../../../../capi324v221-v1.09.002R\libcapi324v221.a(__SPI_init.o)
 .bss           0x00000000        0x0 ../../../../../capi324v221-v1.09.002R\libcapi324v221.a(__SPI_init.o)
 .data          0x00000000        0x0 ../../../../../capi324v221-v1.09.002R\libcapi324v221.a(STEPPER_set_decel_step_values.o)
 .bss           0x00000000        0x0 ../../../../../capi324v221-v1.09.002R\libcapi324v221.a(STEPPER_set_decel_step_values.o)
 .text          0x00000000        0x0 ../../../../../capi324v221-v1.09.002R\libcapi324v221.a(ATTINY_globals.o)
 .data          0x00000000        0x0 ../../../../../capi324v221-v1.09.002R\libcapi324v221.a(ATTINY_globals.o)
 .bss           0x00000000        0x0 ../../../../../capi324v221-v1.09.002R\libcapi324v221.a(ATTINY_globals.o)
 .data          0x00000000        0x0 ../../../../../capi324v221-v1.09.002R\libcapi324v221.a(ISR__TIMER0_COMPA_vect.o)
 .bss           0x00000000        0x0 ../../../../../capi324v221-v1.09.002R\libcapi324v221.a(ISR__TIMER0_COMPA_vect.o)
 .data          0x00000000        0x0 ../../../../../capi324v221-v1.09.002R\libcapi324v221.a(__TMRSRVC_init.o)
 .bss           0x00000000        0x0 ../../../../../capi324v221-v1.09.002R\libcapi324v221.a(__TMRSRVC_init.o)
 .data          0x00000000        0x0 ../../../../../capi324v221-v1.09.002R\libcapi324v221.a(TMRSRVC_tick.o)
 .bss           0x00000000        0x0 ../../../../../capi324v221-v1.09.002R\libcapi324v221.a(TMRSRVC_tick.o)
 .data          0x00000000        0x0 ../../../../../capi324v221-v1.09.002R\libcapi324v221.a(SPKR_beep_clk.o)
 .bss           0x00000000        0x0 ../../../../../capi324v221-v1.09.002R\libcapi324v221.a(SPKR_beep_clk.o)
 .text          0x00000000        0x0 ../../../../../capi324v221-v1.09.002R\libcapi324v221.a(SPKR_globals.o)
 .data          0x00000000       0x38 ../../../../../capi324v221-v1.09.002R\libcapi324v221.a(SPKR_globals.o)
 .data          0x00000000        0x0 ../../../../../capi324v221-v1.09.002R\libcapi324v221.a(STEPPER_clk.o)
 .bss           0x00000000        0x0 ../../../../../capi324v221-v1.09.002R\libcapi324v221.a(STEPPER_clk.o)
 .data          0x00000000        0x0 ../../../../../capi324v221-v1.09.002R\libcapi324v221.a(STEPPER_process_accel.o)
 .bss           0x00000000        0x0 ../../../../../capi324v221-v1.09.002R\libcapi324v221.a(STEPPER_process_accel.o)
 .data          0x00000000        0x0 ../../../../../capi324v221-v1.09.002R\libcapi324v221.a(STEPPER_process_run_mode.o)
 .data          0x00000000        0x0 ../../../../../capi324v221-v1.09.002R\libcapi324v221.a(STEPPER_process_step_mode.o)
 .bss           0x00000000        0x0 ../../../../../capi324v221-v1.09.002R\libcapi324v221.a(STEPPER_process_step_mode.o)
 .data          0x00000000        0x0 ../../../../../capi324v221-v1.09.002R\libcapi324v221.a(STEPPER_stop.o)
 .bss           0x00000000        0x0 ../../../../../capi324v221-v1.09.002R\libcapi324v221.a(STEPPER_stop.o)
 .data          0x00000000        0x0 ../../../../../capi324v221-v1.09.002R\libcapi324v221.a(TMRSRVC_process.o)
 .bss           0x00000000        0x0 ../../../../../capi324v221-v1.09.002R\libcapi324v221.a(TMRSRVC_process.o)
 .data          0x00000000        0x0 ../../../../../capi324v221-v1.09.002R\libcapi324v221.a(TMRSRVC_stop.o)
 .bss           0x00000000        0x0 ../../../../../capi324v221-v1.09.002R\libcapi324v221.a(TMRSRVC_stop.o)
 .data          0x00000000        0x0 ../../../../../capi324v221-v1.09.002R\libcapi324v221.a(STEPPER_process_pwm.o)
 .text          0x00000000        0x0 c:/program files (x86)/atmel/studio/7.0/toolchain/avr8/avr8-gnu-toolchain/bin/../lib/gcc/avr/5.4.0/../../../../avr/lib/avr5\libprintf_flt.a(vfprintf_flt.o)
 .data          0x00000000        0x0 c:/program files (x86)/atmel/studio/7.0/toolchain/avr8/avr8-gnu-toolchain/bin/../lib/gcc/avr/5.4.0/../../../../avr/lib/avr5\libprintf_flt.a(vfprintf_flt.o)
 .bss           0x00000000        0x0 c:/program files (x86)/atmel/studio/7.0/toolchain/avr8/avr8-gnu-toolchain/bin/../lib/gcc/avr/5.4.0/../../../../avr/lib/avr5\libprintf_flt.a(vfprintf_flt.o)
 .text          0x00000000        0x0 c:/program files (x86)/atmel/studio/7.0/toolchain/avr8/avr8-gnu-toolchain/bin/../lib/gcc/avr/5.4.0/../../../../avr/lib/avr5\libm.a(addsf3.o)
 .data          0x00000000        0x0 c:/program files (x86)/atmel/studio/7.0/toolchain/avr8/avr8-gnu-toolchain/bin/../lib/gcc/avr/5.4.0/../../../../avr/lib/avr5\libm.a(addsf3.o)
 .bss           0x00000000        0x0 c:/program files (x86)/atmel/studio/7.0/toolchain/avr8/avr8-gnu-toolchain/bin/../lib/gcc/avr/5.4.0/../../../../avr/lib/avr5\libm.a(addsf3.o)
 .text          0x00000000        0x0 c:/program files (x86)/atmel/studio/7.0/toolchain/avr8/avr8-gnu-toolchain/bin/../lib/gcc/avr/5.4.0/../../../../avr/lib/avr5\libm.a(addsf3x.o)
 .data          0x00000000        0x0 c:/program files (x86)/atmel/studio/7.0/toolchain/avr8/avr8-gnu-toolchain/bin/../lib/gcc/avr/5.4.0/../../../../avr/lib/avr5\libm.a(addsf3x.o)
 .bss           0x00000000        0x0 c:/program files (x86)/atmel/studio/7.0/toolchain/avr8/avr8-gnu-toolchain/bin/../lib/gcc/avr/5.4.0/../../../../avr/lib/avr5\libm.a(addsf3x.o)
 .text          0x00000000        0x0 c:/program files (x86)/atmel/studio/7.0/toolchain/avr8/avr8-gnu-toolchain/bin/../lib/gcc/avr/5.4.0/../../../../avr/lib/avr5\libm.a(divsf3.o)
 .data          0x00000000        0x0 c:/program files (x86)/atmel/studio/7.0/toolchain/avr8/avr8-gnu-toolchain/bin/../lib/gcc/avr/5.4.0/../../../../avr/lib/avr5\libm.a(divsf3.o)
 .bss           0x00000000        0x0 c:/program files (x86)/atmel/studio/7.0/toolchain/avr8/avr8-gnu-toolchain/bin/../lib/gcc/avr/5.4.0/../../../../avr/lib/avr5\libm.a(divsf3.o)
 .text          0x00000000        0x0 c:/program files (x86)/atmel/studio/7.0/toolchain/avr8/avr8-gnu-toolchain/bin/../lib/gcc/avr/5.4.0/../../../../avr/lib/avr5\libm.a(divsf3x.o)
 .data          0x00000000        0x0 c:/program files (x86)/atmel/studio/7.0/toolchain/avr8/avr8-gnu-toolchain/bin/../lib/gcc/avr/5.4.0/../../../../avr/lib/avr5\libm.a(divsf3x.o)
 .bss           0x00000000        0x0 c:/program files (x86)/atmel/studio/7.0/toolchain/avr8/avr8-gnu-toolchain/bin/../lib/gcc/avr/5.4.0/../../../../avr/lib/avr5\libm.a(divsf3x.o)
 .text          0x00000000        0x0 c:/program files (x86)/atmel/studio/7.0/toolchain/avr8/avr8-gnu-toolchain/bin/../lib/gcc/avr/5.4.0/../../../../avr/lib/avr5\libm.a(fixunssfsi.o)
 .data          0x00000000        0x0 c:/program files (x86)/atmel/studio/7.0/toolchain/avr8/avr8-gnu-toolchain/bin/../lib/gcc/avr/5.4.0/../../../../avr/lib/avr5\libm.a(fixunssfsi.o)
 .bss           0x00000000        0x0 c:/program files (x86)/atmel/studio/7.0/toolchain/avr8/avr8-gnu-toolchain/bin/../lib/gcc/avr/5.4.0/../../../../avr/lib/avr5\libm.a(fixunssfsi.o)
 .text          0x00000000        0x0 c:/program files (x86)/atmel/studio/7.0/toolchain/avr8/avr8-gnu-toolchain/bin/../lib/gcc/avr/5.4.0/../../../../avr/lib/avr5\libm.a(floor.o)
 .data          0x00000000        0x0 c:/program files (x86)/atmel/studio/7.0/toolchain/avr8/avr8-gnu-toolchain/bin/../lib/gcc/avr/5.4.0/../../../../avr/lib/avr5\libm.a(floor.o)
 .bss           0x00000000        0x0 c:/program files (x86)/atmel/studio/7.0/toolchain/avr8/avr8-gnu-toolchain/bin/../lib/gcc/avr/5.4.0/../../../../avr/lib/avr5\libm.a(floor.o)
 .text          0x00000000        0x0 c:/program files (x86)/atmel/studio/7.0/toolchain/avr8/avr8-gnu-toolchain/bin/../lib/gcc/avr/5.4.0/../../../../avr/lib/avr5\libm.a(fp_inf.o)
 .data          0x00000000        0x0 c:/program files (x86)/atmel/studio/7.0/toolchain/avr8/avr8-gnu-toolchain/bin/../lib/gcc/avr/5.4.0/../../../../avr/lib/avr5\libm.a(fp_inf.o)
 .bss           0x00000000        0x0 c:/program files (x86)/atmel/studio/7.0/toolchain/avr8/avr8-gnu-toolchain/bin/../lib/gcc/avr/5.4.0/../../../../avr/lib/avr5\libm.a(fp_inf.o)
 .text          0x00000000        0x0 c:/program files (x86)/atmel/studio/7.0/toolchain/avr8/avr8-gnu-toolchain/bin/../lib/gcc/avr/5.4.0/../../../../avr/lib/avr5\libm.a(fp_mintl.o)
 .data          0x00000000        0x0 c:/program files (x86)/atmel/studio/7.0/toolchain/avr8/avr8-gnu-toolchain/bin/../lib/gcc/avr/5.4.0/../../../../avr/lib/avr5\libm.a(fp_mintl.o)
 .bss           0x00000000        0x0 c:/program files (x86)/atmel/studio/7.0/toolchain/avr8/avr8-gnu-toolchain/bin/../lib/gcc/avr/5.4.0/../../../../avr/lib/avr5\libm.a(fp_mintl.o)
 .text          0x00000000        0x0 c:/program files (x86)/atmel/studio/7.0/toolchain/avr8/avr8-gnu-toolchain/bin/../lib/gcc/avr/5.4.0/../../../../avr/lib/avr5\libm.a(fp_mpack.o)
 .data          0x00000000        0x0 c:/program files (x86)/atmel/studio/7.0/toolchain/avr8/avr8-gnu-toolchain/bin/../lib/gcc/avr/5.4.0/../../../../avr/lib/avr5\libm.a(fp_mpack.o)
 .bss           0x00000000        0x0 c:/program files (x86)/atmel/studio/7.0/toolchain/avr8/avr8-gnu-toolchain/bin/../lib/gcc/avr/5.4.0/../../../../avr/lib/avr5\libm.a(fp_mpack.o)
 .text          0x00000000        0x0 c:/program files (x86)/atmel/studio/7.0/toolchain/avr8/avr8-gnu-toolchain/bin/../lib/gcc/avr/5.4.0/../../../../avr/lib/avr5\libm.a(fp_nan.o)
 .data          0x00000000        0x0 c:/program files (x86)/atmel/studio/7.0/toolchain/avr8/avr8-gnu-toolchain/bin/../lib/gcc/avr/5.4.0/../../../../avr/lib/avr5\libm.a(fp_nan.o)
 .bss           0x00000000        0x0 c:/program files (x86)/atmel/studio/7.0/toolchain/avr8/avr8-gnu-toolchain/bin/../lib/gcc/avr/5.4.0/../../../../avr/lib/avr5\libm.a(fp_nan.o)
 .text          0x00000000        0x0 c:/program files (x86)/atmel/studio/7.0/toolchain/avr8/avr8-gnu-toolchain/bin/../lib/gcc/avr/5.4.0/../../../../avr/lib/avr5\libm.a(fp_pscA.o)
 .data          0x00000000        0x0 c:/program files (x86)/atmel/studio/7.0/toolchain/avr8/avr8-gnu-toolchain/bin/../lib/gcc/avr/5.4.0/../../../../avr/lib/avr5\libm.a(fp_pscA.o)
 .bss           0x00000000        0x0 c:/program files (x86)/atmel/studio/7.0/toolchain/avr8/avr8-gnu-toolchain/bin/../lib/gcc/avr/5.4.0/../../../../avr/lib/avr5\libm.a(fp_pscA.o)
 .text          0x00000000        0x0 c:/program files (x86)/atmel/studio/7.0/toolchain/avr8/avr8-gnu-toolchain/bin/../lib/gcc/avr/5.4.0/../../../../avr/lib/avr5\libm.a(fp_pscB.o)
 .data          0x00000000        0x0 c:/program files (x86)/atmel/studio/7.0/toolchain/avr8/avr8-gnu-toolchain/bin/../lib/gcc/avr/5.4.0/../../../../avr/lib/avr5\libm.a(fp_pscB.o)
 .bss           0x00000000        0x0 c:/program files (x86)/atmel/studio/7.0/toolchain/avr8/avr8-gnu-toolchain/bin/../lib/gcc/avr/5.4.0/../../../../avr/lib/avr5\libm.a(fp_pscB.o)
 .text          0x00000000        0x0 c:/program files (x86)/atmel/studio/7.0/toolchain/avr8/avr8-gnu-toolchain/bin/../lib/gcc/avr/5.4.0/../../../../avr/lib/avr5\libm.a(fp_round.o)
 .data          0x00000000        0x0 c:/program files (x86)/atmel/studio/7.0/toolchain/avr8/avr8-gnu-toolchain/bin/../lib/gcc/avr/5.4.0/../../../../avr/lib/avr5\libm.a(fp_round.o)
 .bss           0x00000000        0x0 c:/program files (x86)/atmel/studio/7.0/toolchain/avr8/avr8-gnu-toolchain/bin/../lib/gcc/avr/5.4.0/../../../../avr/lib/avr5\libm.a(fp_round.o)
 .text          0x00000000        0x0 c:/program files (x86)/atmel/studio/7.0/toolchain/avr8/avr8-gnu-toolchain/bin/../lib/gcc/avr/5.4.0/../../../../avr/lib/avr5\libm.a(fp_split3.o)
 .data          0x00000000        0x0 c:/program files (x86)/atmel/studio/7.0/toolchain/avr8/avr8-gnu-toolchain/bin/../lib/gcc/avr/5.4.0/../../../../avr/lib/avr5\libm.a(fp_split3.o)
 .bss           0x00000000        0x0 c:/program files (x86)/atmel/studio/7.0/toolchain/avr8/avr8-gnu-toolchain/bin/../lib/gcc/avr/5.4.0/../../../../avr/lib/avr5\libm.a(fp_split3.o)
 .text          0x00000000        0x0 c:/program files (x86)/atmel/studio/7.0/toolchain/avr8/avr8-gnu-toolchain/bin/../lib/gcc/avr/5.4.0/../../../../avr/lib/avr5\libm.a(fp_trunc.o)
 .data          0x00000000        0x0 c:/program files (x86)/atmel/studio/7.0/toolchain/avr8/avr8-gnu-toolchain/bin/../lib/gcc/avr/5.4.0/../../../../avr/lib/avr5\libm.a(fp_trunc.o)
 .bss           0x00000000        0x0 c:/program files (x86)/atmel/studio/7.0/toolchain/avr8/avr8-gnu-toolchain/bin/../lib/gcc/avr/5.4.0/../../../../avr/lib/avr5\libm.a(fp_trunc.o)
 .text          0x00000000        0x0 c:/program files (x86)/atmel/studio/7.0/toolchain/avr8/avr8-gnu-toolchain/bin/../lib/gcc/avr/5.4.0/../../../../avr/lib/avr5\libm.a(fp_zero.o)
 .data          0x00000000        0x0 c:/program files (x86)/atmel/studio/7.0/toolchain/avr8/avr8-gnu-toolchain/bin/../lib/gcc/avr/5.4.0/../../../../avr/lib/avr5\libm.a(fp_zero.o)
 .bss           0x00000000        0x0 c:/program files (x86)/atmel/studio/7.0/toolchain/avr8/avr8-gnu-toolchain/bin/../lib/gcc/avr/5.4.0/../../../../avr/lib/avr5\libm.a(fp_zero.o)
 .text          0x00000000        0x0 c:/program files (x86)/atmel/studio/7.0/toolchain/avr8/avr8-gnu-toolchain/bin/../lib/gcc/avr/5.4.0/../../../../avr/lib/avr5\libm.a(mulsf3.o)
 .data          0x00000000        0x0 c:/program files (x86)/atmel/studio/7.0/toolchain/avr8/avr8-gnu-toolchain/bin/../lib/gcc/avr/5.4.0/../../../../avr/lib/avr5\libm.a(mulsf3.o)
 .bss           0x00000000        0x0 c:/program files (x86)/atmel/studio/7.0/toolchain/avr8/avr8-gnu-toolchain/bin/../lib/gcc/avr/5.4.0/../../../../avr/lib/avr5\libm.a(mulsf3.o)
 .text          0x00000000        0x0 c:/program files (x86)/atmel/studio/7.0/toolchain/avr8/avr8-gnu-toolchain/bin/../lib/gcc/avr/5.4.0/../../../../avr/lib/avr5\libm.a(mulsf3x.o)
 .data          0x00000000        0x0 c:/program files (x86)/atmel/studio/7.0/toolchain/avr8/avr8-gnu-toolchain/bin/../lib/gcc/avr/5.4.0/../../../../avr/lib/avr5\libm.a(mulsf3x.o)
 .bss           0x00000000        0x0 c:/program files (x86)/atmel/studio/7.0/toolchain/avr8/avr8-gnu-toolchain/bin/../lib/gcc/avr/5.4.0/../../../../avr/lib/avr5\libm.a(mulsf3x.o)
 .text          0x00000000        0x0 c:/program files (x86)/atmel/studio/7.0/toolchain/avr8/avr8-gnu-toolchain/bin/../lib/gcc/avr/5.4.0/avr5\libgcc.a(_mulsi3.o)
 .data          0x00000000        0x0 c:/program files (x86)/atmel/studio/7.0/toolchain/avr8/avr8-gnu-toolchain/bin/../lib/gcc/avr/5.4.0/avr5\libgcc.a(_mulsi3.o)
 .bss           0x00000000        0x0 c:/program files (x86)/atmel/studio/7.0/toolchain/avr8/avr8-gnu-toolchain/bin/../lib/gcc/avr/5.4.0/avr5\libgcc.a(_mulsi3.o)
 .text.libgcc.div
                0x00000000        0x0 c:/program files (x86)/atmel/studio/7.0/toolchain/avr8/avr8-gnu-toolchain/bin/../lib/gcc/avr/5.4.0/avr5\libgcc.a(_mulsi3.o)
 .text.libgcc   0x00000000        0x0 c:/program files (x86)/atmel/studio/7.0/toolchain/avr8/avr8-gnu-toolchain/bin/../lib/gcc/avr/5.4.0/avr5\libgcc.a(_mulsi3.o)
 .text.libgcc.prologue
                0x00000000        0x0 c:/program files (x86)/atmel/studio/7.0/toolchain/avr8/avr8-gnu-toolchain/bin/../lib/gcc/avr/5.4.0/avr5\libgcc.a(_mulsi3.o)
 .text.libgcc.builtins
                0x00000000        0x0 c:/program files (x86)/atmel/studio/7.0/toolchain/avr8/avr8-gnu-toolchain/bin/../lib/gcc/avr/5.4.0/avr5\libgcc.a(_mulsi3.o)
 .text.libgcc.fmul
                0x00000000        0x0 c:/program files (x86)/atmel/studio/7.0/toolchain/avr8/avr8-gnu-toolchain/bin/../lib/gcc/avr/5.4.0/avr5\libgcc.a(_mulsi3.o)
 .text.libgcc.fixed
                0x00000000        0x0 c:/program files (x86)/atmel/studio/7.0/toolchain/avr8/avr8-gnu-toolchain/bin/../lib/gcc/avr/5.4.0/avr5\libgcc.a(_mulsi3.o)
 .text          0x00000000        0x0 c:/program files (x86)/atmel/studio/7.0/toolchain/avr8/avr8-gnu-toolchain/bin/../lib/gcc/avr/5.4.0/avr5\libgcc.a(_udivmodsi4.o)
 .data          0x00000000        0x0 c:/program files (x86)/atmel/studio/7.0/toolchain/avr8/avr8-gnu-toolchain/bin/../lib/gcc/avr/5.4.0/avr5\libgcc.a(_udivmodsi4.o)
 .bss           0x00000000        0x0 c:/program files (x86)/atmel/studio/7.0/toolchain/avr8/avr8-gnu-toolchain/bin/../lib/gcc/avr/5.4.0/avr5\libgcc.a(_udivmodsi4.o)
 .text.libgcc.mul
                0x00000000        0x0 c:/program files (x86)/atmel/studio/7.0/toolchain/avr8/avr8-gnu-toolchain/bin/../lib/gcc/avr/5.4.0/avr5\libgcc.a(_udivmodsi4.o)
 .text.libgcc   0x00000000        0x0 c:/program files (x86)/atmel/studio/7.0/toolchain/avr8/avr8-gnu-toolchain/bin/../lib/gcc/avr/5.4.0/avr5\libgcc.a(_udivmodsi4.o)
 .text.libgcc.prologue
                0x00000000        0x0 c:/program files (x86)/atmel/studio/7.0/toolchain/avr8/avr8-gnu-toolchain/bin/../lib/gcc/avr/5.4.0/avr5\libgcc.a(_udivmodsi4.o)
 .text.libgcc.builtins
                0x00000000        0x0 c:/program files (x86)/atmel/studio/7.0/toolchain/avr8/avr8-gnu-toolchain/bin/../lib/gcc/avr/5.4.0/avr5\libgcc.a(_udivmodsi4.o)
 .text.libgcc.fmul
                0x00000000        0x0 c:/program files (x86)/atmel/studio/7.0/toolchain/avr8/avr8-gnu-toolchain/bin/../lib/gcc/avr/5.4.0/avr5\libgcc.a(_udivmodsi4.o)
 .text.libgcc.fixed
                0x00000000        0x0 c:/program files (x86)/atmel/studio/7.0/toolchain/avr8/avr8-gnu-toolchain/bin/../lib/gcc/avr/5.4.0/avr5\libgcc.a(_udivmodsi4.o)
 .text          0x00000000        0x0 c:/program files (x86)/atmel/studio/7.0/toolchain/avr8/avr8-gnu-toolchain/bin/../lib/gcc/avr/5.4.0/avr5\libgcc.a(_exit.o)
 .data          0x00000000        0x0 c:/program files (x86)/atmel/studio/7.0/toolchain/avr8/avr8-gnu-toolchain/bin/../lib/gcc/avr/5.4.0/avr5\libgcc.a(_exit.o)
 .bss           0x00000000        0x0 c:/program files (x86)/atmel/studio/7.0/toolchain/avr8/avr8-gnu-toolchain/bin/../lib/gcc/avr/5.4.0/avr5\libgcc.a(_exit.o)
 .text.libgcc.mul
                0x00000000        0x0 c:/program files (x86)/atmel/studio/7.0/toolchain/avr8/avr8-gnu-toolchain/bin/../lib/gcc/avr/5.4.0/avr5\libgcc.a(_exit.o)
 .text.libgcc.div
                0x00000000        0x0 c:/program files (x86)/atmel/studio/7.0/toolchain/avr8/avr8-gnu-toolchain/bin/../lib/gcc/avr/5.4.0/avr5\libgcc.a(_exit.o)
 .text.libgcc   0x00000000        0x0 c:/program files (x86)/atmel/studio/7.0/toolchain/avr8/avr8-gnu-toolchain/bin/../lib/gcc/avr/5.4.0/avr5\libgcc.a(_exit.o)
 .text.libgcc.prologue
                0x00000000        0x0 c:/program files (x86)/atmel/studio/7.0/toolchain/avr8/avr8-gnu-toolchain/bin/../lib/gcc/avr/5.4.0/avr5\libgcc.a(_exit.o)
 .text.libgcc.builtins
                0x00000000        0x0 c:/program files (x86)/atmel/studio/7.0/toolchain/avr8/avr8-gnu-toolchain/bin/../lib/gcc/avr/5.4.0/avr5\libgcc.a(_exit.o)
 .text.libgcc.fmul
                0x00000000        0x0 c:/program files (x86)/atmel/studio/7.0/toolchain/avr8/avr8-gnu-toolchain/bin/../lib/gcc/avr/5.4.0/avr5\libgcc.a(_exit.o)
 .text.libgcc.fixed
                0x00000000        0x0 c:/program files (x86)/atmel/studio/7.0/toolchain/avr8/avr8-gnu-toolchain/bin/../lib/gcc/avr/5.4.0/avr5\libgcc.a(_exit.o)
 .text          0x00000000        0x0 c:/program files (x86)/atmel/studio/7.0/toolchain/avr8/avr8-gnu-toolchain/bin/../lib/gcc/avr/5.4.0/avr5\libgcc.a(_copy_data.o)
 .data          0x00000000        0x0 c:/program files (x86)/atmel/studio/7.0/toolchain/avr8/avr8-gnu-toolchain/bin/../lib/gcc/avr/5.4.0/avr5\libgcc.a(_copy_data.o)
 .bss           0x00000000        0x0 c:/program files (x86)/atmel/studio/7.0/toolchain/avr8/avr8-gnu-toolchain/bin/../lib/gcc/avr/5.4.0/avr5\libgcc.a(_copy_data.o)
 .text.libgcc.mul
                0x00000000        0x0 c:/program files (x86)/atmel/studio/7.0/toolchain/avr8/avr8-gnu-toolchain/bin/../lib/gcc/avr/5.4.0/avr5\libgcc.a(_copy_data.o)
 .text.libgcc.div
                0x00000000        0x0 c:/program files (x86)/atmel/studio/7.0/toolchain/avr8/avr8-gnu-toolchain/bin/../lib/gcc/avr/5.4.0/avr5\libgcc.a(_copy_data.o)
 .text.libgcc   0x00000000        0x0 c:/program files (x86)/atmel/studio/7.0/toolchain/avr8/avr8-gnu-toolchain/bin/../lib/gcc/avr/5.4.0/avr5\libgcc.a(_copy_data.o)
 .text.libgcc.prologue
                0x00000000        0x0 c:/program files (x86)/atmel/studio/7.0/toolchain/avr8/avr8-gnu-toolchain/bin/../lib/gcc/avr/5.4.0/avr5\libgcc.a(_copy_data.o)
 .text.libgcc.builtins
                0x00000000        0x0 c:/program files (x86)/atmel/studio/7.0/toolchain/avr8/avr8-gnu-toolchain/bin/../lib/gcc/avr/5.4.0/avr5\libgcc.a(_copy_data.o)
 .text.libgcc.fmul
                0x00000000        0x0 c:/program files (x86)/atmel/studio/7.0/toolchain/avr8/avr8-gnu-toolchain/bin/../lib/gcc/avr/5.4.0/avr5\libgcc.a(_copy_data.o)
 .text.libgcc.fixed
                0x00000000        0x0 c:/program files (x86)/atmel/studio/7.0/toolchain/avr8/avr8-gnu-toolchain/bin/../lib/gcc/avr/5.4.0/avr5\libgcc.a(_copy_data.o)
 .text          0x00000000        0x0 c:/program files (x86)/atmel/studio/7.0/toolchain/avr8/avr8-gnu-toolchain/bin/../lib/gcc/avr/5.4.0/avr5\libgcc.a(_clear_bss.o)
 .data          0x00000000        0x0 c:/program files (x86)/atmel/studio/7.0/toolchain/avr8/avr8-gnu-toolchain/bin/../lib/gcc/avr/5.4.0/avr5\libgcc.a(_clear_bss.o)
 .bss           0x00000000        0x0 c:/program files (x86)/atmel/studio/7.0/toolchain/avr8/avr8-gnu-toolchain/bin/../lib/gcc/avr/5.4.0/avr5\libgcc.a(_clear_bss.o)
 .text.libgcc.mul
                0x00000000        0x0 c:/program files (x86)/atmel/studio/7.0/toolchain/avr8/avr8-gnu-toolchain/bin/../lib/gcc/avr/5.4.0/avr5\libgcc.a(_clear_bss.o)
 .text.libgcc.div
                0x00000000        0x0 c:/program files (x86)/atmel/studio/7.0/toolchain/avr8/avr8-gnu-toolchain/bin/../lib/gcc/avr/5.4.0/avr5\libgcc.a(_clear_bss.o)
 .text.libgcc   0x00000000        0x0 c:/program files (x86)/atmel/studio/7.0/toolchain/avr8/avr8-gnu-toolchain/bin/../lib/gcc/avr/5.4.0/avr5\libgcc.a(_clear_bss.o)
 .text.libgcc.prologue
                0x00000000        0x0 c:/program files (x86)/atmel/studio/7.0/toolchain/avr8/avr8-gnu-toolchain/bin/../lib/gcc/avr/5.4.0/avr5\libgcc.a(_clear_bss.o)
 .text.libgcc.builtins
                0x00000000        0x0 c:/program files (x86)/atmel/studio/7.0/toolchain/avr8/avr8-gnu-toolchain/bin/../lib/gcc/avr/5.4.0/avr5\libgcc.a(_clear_bss.o)
 .text.libgcc.fmul
                0x00000000        0x0 c:/program files (x86)/atmel/studio/7.0/toolchain/avr8/avr8-gnu-toolchain/bin/../lib/gcc/avr/5.4.0/avr5\libgcc.a(_clear_bss.o)
 .text.libgcc.fixed
                0x00000000        0x0 c:/program files (x86)/atmel/studio/7.0/toolchain/avr8/avr8-gnu-toolchain/bin/../lib/gcc/avr/5.4.0/avr5\libgcc.a(_clear_bss.o)
 .text          0x00000000        0x0 c:/program files (x86)/atmel/studio/7.0/toolchain/avr8/avr8-gnu-toolchain/bin/../lib/gcc/avr/5.4.0/avr5\libgcc.a(_muluhisi3.o)
 .data          0x00000000        0x0 c:/program files (x86)/atmel/studio/7.0/toolchain/avr8/avr8-gnu-toolchain/bin/../lib/gcc/avr/5.4.0/avr5\libgcc.a(_muluhisi3.o)
 .bss           0x00000000        0x0 c:/program files (x86)/atmel/studio/7.0/toolchain/avr8/avr8-gnu-toolchain/bin/../lib/gcc/avr/5.4.0/avr5\libgcc.a(_muluhisi3.o)
 .text.libgcc.div
                0x00000000        0x0 c:/program files (x86)/atmel/studio/7.0/toolchain/avr8/avr8-gnu-toolchain/bin/../lib/gcc/avr/5.4.0/avr5\libgcc.a(_muluhisi3.o)
 .text.libgcc   0x00000000        0x0 c:/program files (x86)/atmel/studio/7.0/toolchain/avr8/avr8-gnu-toolchain/bin/../lib/gcc/avr/5.4.0/avr5\libgcc.a(_muluhisi3.o)
 .text.libgcc.prologue
                0x00000000        0x0 c:/program files (x86)/atmel/studio/7.0/toolchain/avr8/avr8-gnu-toolchain/bin/../lib/gcc/avr/5.4.0/avr5\libgcc.a(_muluhisi3.o)
 .text.libgcc.builtins
                0x00000000        0x0 c:/program files (x86)/atmel/studio/7.0/toolchain/avr8/avr8-gnu-toolchain/bin/../lib/gcc/avr/5.4.0/avr5\libgcc.a(_muluhisi3.o)
 .text.libgcc.fmul
                0x00000000        0x0 c:/program files (x86)/atmel/studio/7.0/toolchain/avr8/avr8-gnu-toolchain/bin/../lib/gcc/avr/5.4.0/avr5\libgcc.a(_muluhisi3.o)
 .text.libgcc.fixed
                0x00000000        0x0 c:/program files (x86)/atmel/studio/7.0/toolchain/avr8/avr8-gnu-toolchain/bin/../lib/gcc/avr/5.4.0/avr5\libgcc.a(_muluhisi3.o)
 .text          0x00000000        0x0 c:/program files (x86)/atmel/studio/7.0/toolchain/avr8/avr8-gnu-toolchain/bin/../lib/gcc/avr/5.4.0/avr5\libgcc.a(_prologue.o)
 .data          0x00000000        0x0 c:/program files (x86)/atmel/studio/7.0/toolchain/avr8/avr8-gnu-toolchain/bin/../lib/gcc/avr/5.4.0/avr5\libgcc.a(_prologue.o)
 .bss           0x00000000        0x0 c:/program files (x86)/atmel/studio/7.0/toolchain/avr8/avr8-gnu-toolchain/bin/../lib/gcc/avr/5.4.0/avr5\libgcc.a(_prologue.o)
 .text.libgcc.mul
                0x00000000        0x0 c:/program files (x86)/atmel/studio/7.0/toolchain/avr8/avr8-gnu-toolchain/bin/../lib/gcc/avr/5.4.0/avr5\libgcc.a(_prologue.o)
 .text.libgcc.div
                0x00000000        0x0 c:/program files (x86)/atmel/studio/7.0/toolchain/avr8/avr8-gnu-toolchain/bin/../lib/gcc/avr/5.4.0/avr5\libgcc.a(_prologue.o)
 .text.libgcc   0x00000000        0x0 c:/program files (x86)/atmel/studio/7.0/toolchain/avr8/avr8-gnu-toolchain/bin/../lib/gcc/avr/5.4.0/avr5\libgcc.a(_prologue.o)
 .text.libgcc.builtins
                0x00000000        0x0 c:/program files (x86)/atmel/studio/7.0/toolchain/avr8/avr8-gnu-toolchain/bin/../lib/gcc/avr/5.4.0/avr5\libgcc.a(_prologue.o)
 .text.libgcc.fmul
                0x00000000        0x0 c:/program files (x86)/atmel/studio/7.0/toolchain/avr8/avr8-gnu-toolchain/bin/../lib/gcc/avr/5.4.0/avr5\libgcc.a(_prologue.o)
 .text.libgcc.fixed
                0x00000000        0x0 c:/program files (x86)/atmel/studio/7.0/toolchain/avr8/avr8-gnu-toolchain/bin/../lib/gcc/avr/5.4.0/avr5\libgcc.a(_prologue.o)
 .text          0x00000000        0x0 c:/program files (x86)/atmel/studio/7.0/toolchain/avr8/avr8-gnu-toolchain/bin/../lib/gcc/avr/5.4.0/avr5\libgcc.a(_epilogue.o)
 .data          0x00000000        0x0 c:/program files (x86)/atmel/studio/7.0/toolchain/avr8/avr8-gnu-toolchain/bin/../lib/gcc/avr/5.4.0/avr5\libgcc.a(_epilogue.o)
 .bss           0x00000000        0x0 c:/program files (x86)/atmel/studio/7.0/toolchain/avr8/avr8-gnu-toolchain/bin/../lib/gcc/avr/5.4.0/avr5\libgcc.a(_epilogue.o)
 .text.libgcc.mul
                0x00000000        0x0 c:/program files (x86)/atmel/studio/7.0/toolchain/avr8/avr8-gnu-toolchain/bin/../lib/gcc/avr/5.4.0/avr5\libgcc.a(_epilogue.o)
 .text.libgcc.div
                0x00000000        0x0 c:/program files (x86)/atmel/studio/7.0/toolchain/avr8/avr8-gnu-toolchain/bin/../lib/gcc/avr/5.4.0/avr5\libgcc.a(_epilogue.o)
 .text.libgcc   0x00000000        0x0 c:/program files (x86)/atmel/studio/7.0/toolchain/avr8/avr8-gnu-toolchain/bin/../lib/gcc/avr/5.4.0/avr5\libgcc.a(_epilogue.o)
 .text.libgcc.builtins
                0x00000000        0x0 c:/program files (x86)/atmel/studio/7.0/toolchain/avr8/avr8-gnu-toolchain/bin/../lib/gcc/avr/5.4.0/avr5\libgcc.a(_epilogue.o)
 .text.libgcc.fmul
                0x00000000        0x0 c:/program files (x86)/atmel/studio/7.0/toolchain/avr8/avr8-gnu-toolchain/bin/../lib/gcc/avr/5.4.0/avr5\libgcc.a(_epilogue.o)
 .text.libgcc.fixed
                0x00000000        0x0 c:/program files (x86)/atmel/studio/7.0/toolchain/avr8/avr8-gnu-toolchain/bin/../lib/gcc/avr/5.4.0/avr5\libgcc.a(_epilogue.o)
 .text          0x00000000        0x0 c:/program files (x86)/atmel/studio/7.0/toolchain/avr8/avr8-gnu-toolchain/bin/../lib/gcc/avr/5.4.0/avr5\libgcc.a(_umulhisi3.o)
 .data          0x00000000        0x0 c:/program files (x86)/atmel/studio/7.0/toolchain/avr8/avr8-gnu-toolchain/bin/../lib/gcc/avr/5.4.0/avr5\libgcc.a(_umulhisi3.o)
 .bss           0x00000000        0x0 c:/program files (x86)/atmel/studio/7.0/toolchain/avr8/avr8-gnu-toolchain/bin/../lib/gcc/avr/5.4.0/avr5\libgcc.a(_umulhisi3.o)
 .text.libgcc.div
                0x00000000        0x0 c:/program files (x86)/atmel/studio/7.0/toolchain/avr8/avr8-gnu-toolchain/bin/../lib/gcc/avr/5.4.0/avr5\libgcc.a(_umulhisi3.o)
 .text.libgcc   0x00000000        0x0 c:/program files (x86)/atmel/studio/7.0/toolchain/avr8/avr8-gnu-toolchain/bin/../lib/gcc/avr/5.4.0/avr5\libgcc.a(_umulhisi3.o)
 .text.libgcc.prologue
                0x00000000        0x0 c:/program files (x86)/atmel/studio/7.0/toolchain/avr8/avr8-gnu-toolchain/bin/../lib/gcc/avr/5.4.0/avr5\libgcc.a(_umulhisi3.o)
 .text.libgcc.builtins
                0x00000000        0x0 c:/program files (x86)/atmel/studio/7.0/toolchain/avr8/avr8-gnu-toolchain/bin/../lib/gcc/avr/5.4.0/avr5\libgcc.a(_umulhisi3.o)
 .text.libgcc.fmul
                0x00000000        0x0 c:/program files (x86)/atmel/studio/7.0/toolchain/avr8/avr8-gnu-toolchain/bin/../lib/gcc/avr/5.4.0/avr5\libgcc.a(_umulhisi3.o)
 .text.libgcc.fixed
                0x00000000        0x0 c:/program files (x86)/atmel/studio/7.0/toolchain/avr8/avr8-gnu-toolchain/bin/../lib/gcc/avr/5.4.0/avr5\libgcc.a(_umulhisi3.o)
 .text          0x00000000        0x0 c:/program files (x86)/atmel/studio/7.0/toolchain/avr8/avr8-gnu-toolchain/bin/../lib/gcc/avr/5.4.0/../../../../avr/lib/avr5\libc.a(malloc.o)
 .bss           0x00000000        0x0 c:/program files (x86)/atmel/studio/7.0/toolchain/avr8/avr8-gnu-toolchain/bin/../lib/gcc/avr/5.4.0/../../../../avr/lib/avr5\libc.a(malloc.o)
 .text          0x00000000        0x0 c:/program files (x86)/atmel/studio/7.0/toolchain/avr8/avr8-gnu-toolchain/bin/../lib/gcc/avr/5.4.0/../../../../avr/lib/avr5\libc.a(ftoa_engine.o)
 .data          0x00000000        0x0 c:/program files (x86)/atmel/studio/7.0/toolchain/avr8/avr8-gnu-toolchain/bin/../lib/gcc/avr/5.4.0/../../../../avr/lib/avr5\libc.a(ftoa_engine.o)
 .bss           0x00000000        0x0 c:/program files (x86)/atmel/studio/7.0/toolchain/avr8/avr8-gnu-toolchain/bin/../lib/gcc/avr/5.4.0/../../../../avr/lib/avr5\libc.a(ftoa_engine.o)
 .text          0x00000000        0x0 c:/program files (x86)/atmel/studio/7.0/toolchain/avr8/avr8-gnu-toolchain/bin/../lib/gcc/avr/5.4.0/../../../../avr/lib/avr5\libc.a(strnlen_P.o)
 .data          0x00000000        0x0 c:/program files (x86)/atmel/studio/7.0/toolchain/avr8/avr8-gnu-toolchain/bin/../lib/gcc/avr/5.4.0/../../../../avr/lib/avr5\libc.a(strnlen_P.o)
 .bss           0x00000000        0x0 c:/program files (x86)/atmel/studio/7.0/toolchain/avr8/avr8-gnu-toolchain/bin/../lib/gcc/avr/5.4.0/../../../../avr/lib/avr5\libc.a(strnlen_P.o)
 .text          0x00000000        0x0 c:/program files (x86)/atmel/studio/7.0/toolchain/avr8/avr8-gnu-toolchain/bin/../lib/gcc/avr/5.4.0/../../../../avr/lib/avr5\libc.a(strnlen.o)
 .data          0x00000000        0x0 c:/program files (x86)/atmel/studio/7.0/toolchain/avr8/avr8-gnu-toolchain/bin/../lib/gcc/avr/5.4.0/../../../../avr/lib/avr5\libc.a(strnlen.o)
 .bss           0x00000000        0x0 c:/program files (x86)/atmel/studio/7.0/toolchain/avr8/avr8-gnu-toolchain/bin/../lib/gcc/avr/5.4.0/../../../../avr/lib/avr5\libc.a(strnlen.o)
 .text          0x00000000        0x0 c:/program files (x86)/atmel/studio/7.0/toolchain/avr8/avr8-gnu-toolchain/bin/../lib/gcc/avr/5.4.0/../../../../avr/lib/avr5\libc.a(fputc.o)
 .data          0x00000000        0x0 c:/program files (x86)/atmel/studio/7.0/toolchain/avr8/avr8-gnu-toolchain/bin/../lib/gcc/avr/5.4.0/../../../../avr/lib/avr5\libc.a(fputc.o)
 .bss           0x00000000        0x0 c:/program files (x86)/atmel/studio/7.0/toolchain/avr8/avr8-gnu-toolchain/bin/../lib/gcc/avr/5.4.0/../../../../avr/lib/avr5\libc.a(fputc.o)
 .text          0x00000000        0x0 c:/program files (x86)/atmel/studio/7.0/toolchain/avr8/avr8-gnu-toolchain/bin/../lib/gcc/avr/5.4.0/../../../../avr/lib/avr5\libc.a(ultoa_invert.o)
 .data          0x00000000        0x0 c:/program files (x86)/atmel/studio/7.0/toolchain/avr8/avr8-gnu-toolchain/bin/../lib/gcc/avr/5.4.0/../../../../avr/lib/avr5\libc.a(ultoa_invert.o)
 .bss           0x00000000        0x0 c:/program files (x86)/atmel/studio/7.0/toolchain/avr8/avr8-gnu-toolchain/bin/../lib/gcc/avr/5.4.0/../../../../avr/lib/avr5\libc.a(ultoa_invert.o)

Memory Configuration

Name             Origin             Length             Attributes
text             0x00000000         0x00020000         xr
data             0x00800060         0x0000ffa0         rw !x
eeprom           0x00810000         0x00010000         rw !x
fuse             0x00820000         0x00000003         rw !x
lock             0x00830000         0x00000400         rw !x
signature        0x00840000         0x00000400         rw !x
user_signatures  0x00850000         0x00000400         rw !x
*default*        0x00000000         0xffffffff

Linker script and memory map

Address of section .data set to 0x800100
LOAD C:/Program Files (x86)/Atmel/Studio/7.0/Packs/atmel/ATmega_DFP/1.3.300/gcc/dev/atmega324p/avr5/crtatmega324p.o
LOAD main.o
START GROUP
LOAD ../../../../../capi324v221-v1.09.002R\libcapi324v221.a
LOAD c:/program files (x86)/atmel/studio/7.0/toolchain/avr8/avr8-gnu-toolchain/bin/../lib/gcc/avr/5.4.0/../../../../avr/lib/avr5\libprintf_flt.a
LOAD c:/program files (x86)/atmel/studio/7.0/toolchain/avr8/avr8-gnu-toolchain/bin/../lib/gcc/avr/5.4.0/../../../../avr/lib/avr5\libm.a
END GROUP
START GROUP
LOAD c:/program files (x86)/atmel/studio/7.0/toolchain/avr8/avr8-gnu-toolchain/bin/../lib/gcc/avr/5.4.0/avr5\libgcc.a
LOAD c:/program files (x86)/atmel/studio/7.0/toolchain/avr8/avr8-gnu-toolchain/bin/../lib/gcc/avr/5.4.0/../../../../avr/lib/avr5\libm.a
LOAD c:/program files (x86)/atmel/studio/7.0/toolchain/avr8/avr8-gnu-toolchain/bin/../lib/gcc/avr/5.4.0/../../../../avr/lib/avr5\libc.a
LOAD C:/Program Files (x86)/Atmel/Studio/7.0/Packs/atmel/ATmega_DFP/1.3.300/gcc/dev/atmega324p/avr5\libatmega324p.a
END GROUP
                0x00000000                __TEXT_REGION_ORIGIN__ = DEFINED (__TEXT_REGION_ORIGIN__)?__TEXT_REGION_ORIGIN__:0x0
                0x00800060                __DATA_REGION_ORIGIN__ = DEFINED (__DATA_REGION_ORIGIN__)?__DATA_REGION_ORIGIN__:0x800060
                0x00020000                __TEXT_REGION_LENGTH__ = DEFINED (__TEXT_REGION_LENGTH__)?__TEXT_REGION_LENGTH__:0x20000
                0x0000ffa0                __DATA_REGION_LENGTH__ = DEFINED (__DATA_REGION_LENGTH__)?__DATA_REGION_LENGTH__:0xffa0
                0x00010000                __EEPROM_REGION_LENGTH__ = DEFINED (__EEPROM_REGION_LENGTH__)?__EEPROM_REGION_LENGTH__:0x10000
                [0x00000003]                __FUSE_REGION_LENGTH__ = DEFINED (__FUSE_REGION_LENGTH__)?__FUSE_REGION_LENGTH__:0x400
                0x00000400                __LOCK_REGION_LENGTH__ = DEFINED (__LOCK_REGION_LENGTH__)?__LOCK_REGION_LENGTH__:0x400
                0x00000400                __SIGNATURE_REGION_LENGTH__ = DEFINED (__SIGNATURE_REGION_LENGTH__)?__SIGNATURE_REGION_LENGTH__:0x400
                0x00000400                __USER_SIGNATURE_REGION_LENGTH__ = DEFINED (__USER_SIGNATURE_REGION_LENGTH__)?__USER_SIGNATURE_REGION_LENGTH__:0x400

.hash
 *(.hash)

.dynsym
 *(.dynsym)

.dynstr
 *(.dynstr)

.gnu.version
 *(.gnu.version)

.gnu.version_d
 *(.gnu.version_d)

.gnu.version_r
 *(.gnu.version_r)

.rel.init
 *(.rel.init)

.rela.init
 *(.rela.init)

.rel.text
 *(.rel.text)
 *(.rel.text.*)
 *(.rel.gnu.linkonce.t*)

.rela.text
 *(.rela.text)
 *(.rela.text.*)
 *(.rela.gnu.linkonce.t*)

.rel.fini
 *(.rel.fini)

.rela.fini
 *(.rela.fini)

.rel.rodata
 *(.rel.rodata)
 *(.rel.rodata.*)
 *(.rel.gnu.linkonce.r*)

.rela.rodata
 *(.rela.rodata)
 *(.rela.rodata.*)
 *(.rela.gnu.linkonce.r*)

.rel.data
 *(.rel.data)
 *(.rel.data.*)
 *(.rel.gnu.linkonce.d*)

.rela.data
 *(.rela.data)
 *(.rela.data.*)
 *(.rela.gnu.linkonce.d*)

.rel.ctors
 *(.rel.ctors)

.rela.ctors
 *(.rela.ctors)

.rel.dtors
 *(.rel.dtors)

.rela.dtors
 *(.rela.dtors)

.rel.got
 *(.rel.got)

.rela.got
 *(.rela.got)

.rel.bss
 *(.rel.bss)

.rela.bss
 *(.rela.bss)

.rel.plt
 *(.rel.plt)

.rela.plt
 *(.rela.plt)

.text           0x00000000     0x3296
 *(.vectors)
 .vectors       0x00000000       0x7c C:/Program Files (x86)/Atmel/Studio/7.0/Packs/atmel/ATmega_DFP/1.3.300/gcc/dev/atmega324p/avr5/crtatmega324p.o
                0x00000000                __vector_default
                0x00000000                __vectors
 *(.vectors)
 *(.progmem.gcc*)
 .progmem.gcc_sw_table
                0x0000007c       0x26 ../../../../../capi324v221-v1.09.002R\libcapi324v221.a(SYS_set_state.o)
 .progmem.gcc_sw_table
                0x000000a2       0x26 ../../../../../capi324v221-v1.09.002R\libcapi324v221.a(SYS_get_state.o)
                0x000000c8                . = ALIGN (0x2)
                0x000000c8                __trampolines_start = .
 *(.trampolines)
 .trampolines   0x000000c8        0x0 linker stubs
 *(.trampolines*)
                0x000000c8                __trampolines_end = .
 *libprintf_flt.a:*(.progmem.data)
 .progmem.data  0x000000c8        0x8 c:/program files (x86)/atmel/studio/7.0/toolchain/avr8/avr8-gnu-toolchain/bin/../lib/gcc/avr/5.4.0/../../../../avr/lib/avr5\libprintf_flt.a(vfprintf_flt.o)
 *libc.a:*(.progmem.data)
 .progmem.data  0x000000d0       0xfa c:/program files (x86)/atmel/studio/7.0/toolchain/avr8/avr8-gnu-toolchain/bin/../lib/gcc/avr/5.4.0/../../../../avr/lib/avr5\libc.a(ftoa_engine.o)
 *(.progmem*)
                0x000001ca                . = ALIGN (0x2)
 *(.jumptables)
 *(.jumptables*)
 *(.lowtext)
 *(.lowtext*)
                0x000001ca                __ctors_start = .
 *(.ctors)
                0x000001ca                __ctors_end = .
                0x000001ca                __dtors_start = .
 *(.dtors)
                0x000001ca                __dtors_end = .
 SORT(*)(.ctors)
 SORT(*)(.dtors)
 *(.init0)
 .init0         0x000001ca        0x0 C:/Program Files (x86)/Atmel/Studio/7.0/Packs/atmel/ATmega_DFP/1.3.300/gcc/dev/atmega324p/avr5/crtatmega324p.o
                0x000001ca                __init
 *(.init0)
 *(.init1)
 *(.init1)
 *(.init2)
 .init2         0x000001ca        0xc C:/Program Files (x86)/Atmel/Studio/7.0/Packs/atmel/ATmega_DFP/1.3.300/gcc/dev/atmega324p/avr5/crtatmega324p.o
 *(.init2)
 *(.init3)
 *(.init3)
 *(.init4)
 .init4         0x000001d6       0x16 c:/program files (x86)/atmel/studio/7.0/toolchain/avr8/avr8-gnu-toolchain/bin/../lib/gcc/avr/5.4.0/avr5\libgcc.a(_copy_data.o)
                0x000001d6                __do_copy_data
 .init4         0x000001ec       0x10 c:/program files (x86)/atmel/studio/7.0/toolchain/avr8/avr8-gnu-toolchain/bin/../lib/gcc/avr/5.4.0/avr5\libgcc.a(_clear_bss.o)
                0x000001ec                __do_clear_bss
 *(.init4)
 *(.init5)
 *(.init5)
 *(.init6)
 *(.init6)
 *(.init7)
 *(.init7)
 *(.init8)
 *(.init8)
 *(.init9)
 .init9         0x000001fc        0x8 C:/Program Files (x86)/Atmel/Studio/7.0/Packs/atmel/ATmega_DFP/1.3.300/gcc/dev/atmega324p/avr5/crtatmega324p.o
 *(.init9)
 *(.text)
 .text          0x00000204        0x4 C:/Program Files (x86)/Atmel/Studio/7.0/Packs/atmel/ATmega_DFP/1.3.300/gcc/dev/atmega324p/avr5/crtatmega324p.o
                0x00000204                __vector_22
                0x00000204                __vector_28
                0x00000204                __vector_1
                0x00000204                __vector_24
                0x00000204                __bad_interrupt
                0x00000204                __vector_3
                0x00000204                __vector_23
                0x00000204                __vector_30
                0x00000204                __vector_25
                0x00000204                __vector_19
                0x00000204                __vector_27
                0x00000204                __vector_2
                0x00000204                __vector_21
                0x00000204                __vector_29
                0x00000204                __vector_8
                0x00000204                __vector_26
                0x00000204                __vector_20
 .text          0x00000208      0x408 main.o
                0x00000278                steps_per_distance
                0x00000286                move_forward_in_inches
                0x0000036e                move_forward_in_inches_p1_1
                0x00000472                lab_1_app
                0x000004be                turn_90_degrees
                0x00000548                lab_p2_app
                0x00000582                lab_p3_app
                0x00000608                CBOT_main
 .text          0x00000610       0x12 ../../../../../capi324v221-v1.09.002R\libcapi324v221.a(CBOT_main.o)
                0x00000610                main
 .text          0x00000622      0x2c8 ../../../../../capi324v221-v1.09.002R\libcapi324v221.a(STEPPER_move.o)
                0x0000079c                STEPPER_move
 .text          0x000008ea       0xae ../../../../../capi324v221-v1.09.002R\libcapi324v221.a(STEPPER_open.o)
                0x000008ea                STEPPER_open
 .text          0x00000998       0x2e ../../../../../capi324v221-v1.09.002R\libcapi324v221.a(STEPPER_run.o)
                0x00000998                STEPPER_run
 .text          0x000009c6       0x44 ../../../../../capi324v221-v1.09.002R\libcapi324v221.a(STEPPER_set_accel.o)
                0x000009c6                STEPPER_set_accel
 .text          0x00000a0a       0x2a ../../../../../capi324v221-v1.09.002R\libcapi324v221.a(STEPPER_set_dir.o)
                0x00000a0a                STEPPER_set_dir
 .text          0x00000a34       0x2a ../../../../../capi324v221-v1.09.002R\libcapi324v221.a(STEPPER_set_mode.o)
                0x00000a34                STEPPER_set_mode
 .text          0x00000a5e       0x44 ../../../../../capi324v221-v1.09.002R\libcapi324v221.a(STEPPER_set_speed.o)
                0x00000a5e                STEPPER_set_speed
 .text          0x00000aa2      0x118 ../../../../../capi324v221-v1.09.002R\libcapi324v221.a(STEPPER_step.o)
                0x00000aa2                STEPPER_step
 .text          0x00000bba       0x9c ../../../../../capi324v221-v1.09.002R\libcapi324v221.a(STEPPER_wait_and_then.o)
                0x00000bba                STEPPER_wait_and_then
 .text          0x00000c56       0x8e ../../../../../capi324v221-v1.09.002R\libcapi324v221.a(SYS_set_state.o)
                0x00000c56                SYS_set_state
 .text          0x00000ce4       0x42 ../../../../../capi324v221-v1.09.002R\libcapi324v221.a(TMRSRVC_delay.o)
                0x00000ce4                TMRSRVC_delay
 .text          0x00000d26       0x7c ../../../../../capi324v221-v1.09.002R\libcapi324v221.a(TMRSRVC_new.o)
                0x00000d26                TMRSRVC_new
 .text          0x00000da2       0x1c ../../../../../capi324v221-v1.09.002R\libcapi324v221.a(CBOT_init.o)
                0x00000da2                CBOT_init
 .text          0x00000dbe      0x480 ../../../../../capi324v221-v1.09.002R\libcapi324v221.a(CBOT_isr.o)
                0x00000dbe                CBOT_ISR_init
                0x00000dc2                __vector_16
                0x00000e14                __vector_17
                0x00000e66                __vector_18
                0x00000eb8                __vector_9
                0x00000f0a                __vector_10
                0x00000f5c                __vector_11
                0x00000fae                __vector_13
                0x00001000                __vector_14
                0x00001052                __vector_12
                0x000010a4                __vector_15
                0x000010f6                __vector_4
                0x00001148                __vector_5
                0x0000119a                __vector_6
                0x000011ec                __vector_7
 .text          0x0000123e       0x28 ../../../../../capi324v221-v1.09.002R\libcapi324v221.a(ISR_open.o)
                0x0000123e                ISR_open
 .text          0x00001266       0x24 ../../../../../capi324v221-v1.09.002R\libcapi324v221.a(ATMEGA_open.o)
                0x00001266                ATMEGA_open
 .text          0x0000128a       0xa6 ../../../../../capi324v221-v1.09.002R\libcapi324v221.a(ATMEGA_set_clk_mode.o)
                0x0000128a                ATMEGA_set_clk_mode
 .text          0x00001330       0x72 ../../../../../capi324v221-v1.09.002R\libcapi324v221.a(SPI_open.o)
                0x00001330                SPI_open
 .text          0x000013a2       0x12 ../../../../../capi324v221-v1.09.002R\libcapi324v221.a(SPI_set_config_func.o)
                0x000013a2                SPI_set_config_func
 .text          0x000013b4       0xa2 ../../../../../capi324v221-v1.09.002R\libcapi324v221.a(SPI_set_slave_addr.o)
                0x000013b4                SPI_set_slave_addr
 .text          0x00001456       0x2a ../../../../../capi324v221-v1.09.002R\libcapi324v221.a(STEPPER_go.o)
                0x00001456                STEPPER_go
 .text          0x00001480       0x14 ../../../../../capi324v221-v1.09.002R\libcapi324v221.a(__STEPPER_init.o)
                0x00001480                __STEPPER_init
 .text          0x00001494       0x36 ../../../../../capi324v221-v1.09.002R\libcapi324v221.a(STEPPER_set_steps.o)
                0x00001494                STEPPER_set_steps
 .text          0x000014ca       0x2a ../../../../../capi324v221-v1.09.002R\libcapi324v221.a(STEPPER_set_stop_mode.o)
                0x000014ca                STEPPER_set_stop_mode
 .text          0x000014f4       0x7a ../../../../../capi324v221-v1.09.002R\libcapi324v221.a(STEPPER_setup_decels.o)
                0x000014f4                STEPPER_setup_decels
 .text          0x0000156e       0x90 ../../../../../capi324v221-v1.09.002R\libcapi324v221.a(SYS_get_state.o)
                0x0000156e                SYS_get_state
 .text          0x000015fe       0x46 ../../../../../capi324v221-v1.09.002R\libcapi324v221.a(SYS_init.o)
                0x000015fe                SYS_init
 .text          0x00001644       0x9e ../../../../../capi324v221-v1.09.002R\libcapi324v221.a(ATTINY_open.o)
                0x00001644                ATTINY_open
 .text          0x000016e2       0xd2 ../../../../../capi324v221-v1.09.002R\libcapi324v221.a(__TMRSRVC_insert.o)
                0x000016e2                TMRSRVC_insert
 .text          0x000017b4       0x3e ../../../../../capi324v221-v1.09.002R\libcapi324v221.a(TMRSRVC_open.o)
                0x000017b4                TMRSRVC_open
 .text          0x000017f2        0xc ../../../../../capi324v221-v1.09.002R\libcapi324v221.a(__TMRSRVC_start.o)
                0x000017f2                __TMRSRVC_start
 .text          0x000017fe        0x8 ../../../../../capi324v221-v1.09.002R\libcapi324v221.a(TMRSRVC_start.o)
                0x000017fe                TMRSRVC_start
 .text          0x00001806       0x22 ../../../../../capi324v221-v1.09.002R\libcapi324v221.a(__ISR_attach.o)
                0x00001806                __ISR_attach
 .text          0x00001828        0x6 ../../../../../capi324v221-v1.09.002R\libcapi324v221.a(__ATMEGA_init.o)
                0x00001828                __ATMEGA_init
 .text          0x0000182e       0x52 ../../../../../capi324v221-v1.09.002R\libcapi324v221.a(SPI_cfgrs.o)
                0x0000182e                SPI_default_config
                0x0000183e                SPI_ATtiny0_config
                0x0000184e                SPI_PSXC_config
                0x0000185e                SPI_LCD_config
                0x0000186e                SPI_FLASH_config
 .text          0x00001880        0xe ../../../../../capi324v221-v1.09.002R\libcapi324v221.a(__SPI_init.o)
                0x00001880                __SPI_init
 .text          0x0000188e       0xda ../../../../../capi324v221-v1.09.002R\libcapi324v221.a(STEPPER_set_decel_step_values.o)
                0x0000188e                STEPPER_set_decel_step_values
 .text          0x00001968        0xe ../../../../../capi324v221-v1.09.002R\libcapi324v221.a(ISR__TIMER0_COMPA_vect.o)
                0x00001968                __TIMER0_COMPA_vect
 .text          0x00001976       0x12 ../../../../../capi324v221-v1.09.002R\libcapi324v221.a(__TMRSRVC_init.o)
                0x00001976                __TMRSRVC_init
 .text          0x00001988       0x32 ../../../../../capi324v221-v1.09.002R\libcapi324v221.a(TMRSRVC_tick.o)
                0x00001988                TMRSRVC_tick
 .text          0x000019ba       0x4e ../../../../../capi324v221-v1.09.002R\libcapi324v221.a(SPKR_beep_clk.o)
                0x000019ba                SPKR_beep_clk
 .text          0x00001a08      0x162 ../../../../../capi324v221-v1.09.002R\libcapi324v221.a(STEPPER_clk.o)
                0x00001a08                STEPPER_clk
 .text          0x00001b6a       0x8a ../../../../../capi324v221-v1.09.002R\libcapi324v221.a(STEPPER_process_accel.o)
                0x00001b6a                STEPPER_process_accel
 .text          0x00001bf4      0x206 ../../../../../capi324v221-v1.09.002R\libcapi324v221.a(STEPPER_process_run_mode.o)
                0x00001bf4                STEPPER_process_run_mode
 .text          0x00001dfa       0xa8 ../../../../../capi324v221-v1.09.002R\libcapi324v221.a(STEPPER_process_step_mode.o)
                0x00001dfa                STEPPER_process_step_mode
 .text          0x00001ea2       0x4a ../../../../../capi324v221-v1.09.002R\libcapi324v221.a(STEPPER_stop.o)
                0x00001ea2                STEPPER_stop
 .text          0x00001eec       0xd6 ../../../../../capi324v221-v1.09.002R\libcapi324v221.a(TMRSRVC_process.o)
                0x00001eec                TMRSRVC_process
 .text          0x00001fc2        0x6 ../../../../../capi324v221-v1.09.002R\libcapi324v221.a(TMRSRVC_stop.o)
                0x00001fc2                TMRSRVC_stop
 .text          0x00001fc8      0x130 ../../../../../capi324v221-v1.09.002R\libcapi324v221.a(STEPPER_process_pwm.o)
                0x00001fc8                STEPPER_process_pwm
                0x000020f8                . = ALIGN (0x2)
 *(.text.*)
 .text.avr-libc
                0x000020f8      0x6fa c:/program files (x86)/atmel/studio/7.0/toolchain/avr8/avr8-gnu-toolchain/bin/../lib/gcc/avr/5.4.0/../../../../avr/lib/avr5\libprintf_flt.a(vfprintf_flt.o)
                0x000020f8                vfprintf
 .text.avr-libc.fplib
                0x000027f2        0xe c:/program files (x86)/atmel/studio/7.0/toolchain/avr8/avr8-gnu-toolchain/bin/../lib/gcc/avr/5.4.0/../../../../avr/lib/avr5\libm.a(addsf3.o)
                0x000027f2                __subsf3
                0x000027f4                __addsf3
 .text.avr-libc.fplib
                0x00002800       0xcc c:/program files (x86)/atmel/studio/7.0/toolchain/avr8/avr8-gnu-toolchain/bin/../lib/gcc/avr/5.4.0/../../../../avr/lib/avr5\libm.a(addsf3x.o)
                0x00002822                __addsf3x
 .text.avr-libc.fplib
                0x000028cc        0x8 c:/program files (x86)/atmel/studio/7.0/toolchain/avr8/avr8-gnu-toolchain/bin/../lib/gcc/avr/5.4.0/../../../../avr/lib/avr5\libm.a(divsf3.o)
                0x000028cc                __divsf3
 .text.avr-libc.fplib
                0x000028d4       0xdc c:/program files (x86)/atmel/studio/7.0/toolchain/avr8/avr8-gnu-toolchain/bin/../lib/gcc/avr/5.4.0/../../../../avr/lib/avr5\libm.a(divsf3x.o)
                0x000028f4                __divsf3x
                0x000028fa                __divsf3_pse
 .text.avr-libc.fplib
                0x000029b0       0x5e c:/program files (x86)/atmel/studio/7.0/toolchain/avr8/avr8-gnu-toolchain/bin/../lib/gcc/avr/5.4.0/../../../../avr/lib/avr5\libm.a(fixunssfsi.o)
                0x000029b0                __fixunssfsi
 .text.avr-libc.fplib
                0x00002a0e       0x2e c:/program files (x86)/atmel/studio/7.0/toolchain/avr8/avr8-gnu-toolchain/bin/../lib/gcc/avr/5.4.0/../../../../avr/lib/avr5\libm.a(floor.o)
                0x00002a0e                floor
 .text.avr-libc.fplib
                0x00002a3c        0xc c:/program files (x86)/atmel/studio/7.0/toolchain/avr8/avr8-gnu-toolchain/bin/../lib/gcc/avr/5.4.0/../../../../avr/lib/avr5\libm.a(fp_inf.o)
                0x00002a3c                __fp_inf
 .text.avr-libc.fplib
                0x00002a48       0x36 c:/program files (x86)/atmel/studio/7.0/toolchain/avr8/avr8-gnu-toolchain/bin/../lib/gcc/avr/5.4.0/../../../../avr/lib/avr5\libm.a(fp_mintl.o)
                0x00002a48                __fp_mintl
 .text.avr-libc.fplib
                0x00002a7e       0x1c c:/program files (x86)/atmel/studio/7.0/toolchain/avr8/avr8-gnu-toolchain/bin/../lib/gcc/avr/5.4.0/../../../../avr/lib/avr5\libm.a(fp_mpack.o)
                0x00002a7e                __fp_mpack
                0x00002a82                __fp_mpack_finite
 .text.avr-libc.fplib
                0x00002a9a        0x6 c:/program files (x86)/atmel/studio/7.0/toolchain/avr8/avr8-gnu-toolchain/bin/../lib/gcc/avr/5.4.0/../../../../avr/lib/avr5\libm.a(fp_nan.o)
                0x00002a9a                __fp_nan
 .text.avr-libc.fplib
                0x00002aa0        0xe c:/program files (x86)/atmel/studio/7.0/toolchain/avr8/avr8-gnu-toolchain/bin/../lib/gcc/avr/5.4.0/../../../../avr/lib/avr5\libm.a(fp_pscA.o)
                0x00002aa0                __fp_pscA
 .text.avr-libc.fplib
                0x00002aae        0xe c:/program files (x86)/atmel/studio/7.0/toolchain/avr8/avr8-gnu-toolchain/bin/../lib/gcc/avr/5.4.0/../../../../avr/lib/avr5\libm.a(fp_pscB.o)
                0x00002aae                __fp_pscB
 .text.avr-libc.fplib
                0x00002abc       0x22 c:/program files (x86)/atmel/studio/7.0/toolchain/avr8/avr8-gnu-toolchain/bin/../lib/gcc/avr/5.4.0/../../../../avr/lib/avr5\libm.a(fp_round.o)
                0x00002abc                __fp_round
 .text.avr-libc.fplib
                0x00002ade       0x44 c:/program files (x86)/atmel/studio/7.0/toolchain/avr8/avr8-gnu-toolchain/bin/../lib/gcc/avr/5.4.0/../../../../avr/lib/avr5\libm.a(fp_split3.o)
                0x00002ade                __fp_split3
                0x00002aee                __fp_splitA
 .text.avr-libc.fplib
                0x00002b22       0x30 c:/program files (x86)/atmel/studio/7.0/toolchain/avr8/avr8-gnu-toolchain/bin/../lib/gcc/avr/5.4.0/../../../../avr/lib/avr5\libm.a(fp_trunc.o)
                0x00002b22                __fp_trunc
 .text.avr-libc.fplib
                0x00002b52        0xe c:/program files (x86)/atmel/studio/7.0/toolchain/avr8/avr8-gnu-toolchain/bin/../lib/gcc/avr/5.4.0/../../../../avr/lib/avr5\libm.a(fp_zero.o)
                0x00002b52                __fp_zero
                0x00002b54                __fp_szero
 .text.avr-libc.fplib
                0x00002b60        0x8 c:/program files (x86)/atmel/studio/7.0/toolchain/avr8/avr8-gnu-toolchain/bin/../lib/gcc/avr/5.4.0/../../../../avr/lib/avr5\libm.a(mulsf3.o)
                0x00002b60                __mulsf3
 .text.avr-libc.fplib
                0x00002b68       0xd2 c:/program files (x86)/atmel/studio/7.0/toolchain/avr8/avr8-gnu-toolchain/bin/../lib/gcc/avr/5.4.0/../../../../avr/lib/avr5\libm.a(mulsf3x.o)
                0x00002b86                __mulsf3x
                0x00002b8c                __mulsf3_pse
 .text.libgcc.mul
                0x00002c3a       0x20 c:/program files (x86)/atmel/studio/7.0/toolchain/avr8/avr8-gnu-toolchain/bin/../lib/gcc/avr/5.4.0/avr5\libgcc.a(_mulsi3.o)
                0x00002c3a                __mulsi3
 .text.libgcc.div
                0x00002c5a       0x44 c:/program files (x86)/atmel/studio/7.0/toolchain/avr8/avr8-gnu-toolchain/bin/../lib/gcc/avr/5.4.0/avr5\libgcc.a(_udivmodsi4.o)
                0x00002c5a                __udivmodsi4
 .text.libgcc.mul
                0x00002c9e       0x16 c:/program files (x86)/atmel/studio/7.0/toolchain/avr8/avr8-gnu-toolchain/bin/../lib/gcc/avr/5.4.0/avr5\libgcc.a(_muluhisi3.o)
                0x00002c9e                __muluhisi3
 .text.libgcc.prologue
                0x00002cb4       0x38 c:/program files (x86)/atmel/studio/7.0/toolchain/avr8/avr8-gnu-toolchain/bin/../lib/gcc/avr/5.4.0/avr5\libgcc.a(_prologue.o)
                0x00002cb4                __prologue_saves__
 .text.libgcc.prologue
                0x00002cec       0x36 c:/program files (x86)/atmel/studio/7.0/toolchain/avr8/avr8-gnu-toolchain/bin/../lib/gcc/avr/5.4.0/avr5\libgcc.a(_epilogue.o)
                0x00002cec                __epilogue_restores__
 .text.libgcc.mul
                0x00002d22       0x1e c:/program files (x86)/atmel/studio/7.0/toolchain/avr8/avr8-gnu-toolchain/bin/../lib/gcc/avr/5.4.0/avr5\libgcc.a(_umulhisi3.o)
                0x00002d22                __umulhisi3
 .text.avr-libc
                0x00002d40      0x242 c:/program files (x86)/atmel/studio/7.0/toolchain/avr8/avr8-gnu-toolchain/bin/../lib/gcc/avr/5.4.0/../../../../avr/lib/avr5\libc.a(malloc.o)
                0x00002d40                malloc
                0x00002e70                free
 .text.avr-libc
                0x00002f82      0x1b0 c:/program files (x86)/atmel/studio/7.0/toolchain/avr8/avr8-gnu-toolchain/bin/../lib/gcc/avr/5.4.0/../../../../avr/lib/avr5\libc.a(ftoa_engine.o)
                0x00002f82                __ftoa_engine
 .text.avr-libc
                0x00003132       0x16 c:/program files (x86)/atmel/studio/7.0/toolchain/avr8/avr8-gnu-toolchain/bin/../lib/gcc/avr/5.4.0/../../../../avr/lib/avr5\libc.a(strnlen_P.o)
                0x00003132                strnlen_P
 .text.avr-libc
                0x00003148       0x16 c:/program files (x86)/atmel/studio/7.0/toolchain/avr8/avr8-gnu-toolchain/bin/../lib/gcc/avr/5.4.0/../../../../avr/lib/avr5\libc.a(strnlen.o)
                0x00003148                strnlen
 .text.avr-libc
                0x0000315e       0x78 c:/program files (x86)/atmel/studio/7.0/toolchain/avr8/avr8-gnu-toolchain/bin/../lib/gcc/avr/5.4.0/../../../../avr/lib/avr5\libc.a(fputc.o)
                0x0000315e                fputc
 .text.avr-libc
                0x000031d6       0xbc c:/program files (x86)/atmel/studio/7.0/toolchain/avr8/avr8-gnu-toolchain/bin/../lib/gcc/avr/5.4.0/../../../../avr/lib/avr5\libc.a(ultoa_invert.o)
                0x000031d6                __ultoa_invert
                0x00003292                . = ALIGN (0x2)
 *(.fini9)
 .fini9         0x00003292        0x0 c:/program files (x86)/atmel/studio/7.0/toolchain/avr8/avr8-gnu-toolchain/bin/../lib/gcc/avr/5.4.0/avr5\libgcc.a(_exit.o)
                0x00003292                _exit
                0x00003292                exit
 *(.fini9)
 *(.fini8)
 *(.fini8)
 *(.fini7)
 *(.fini7)
 *(.fini6)
 *(.fini6)
 *(.fini5)
 *(.fini5)
 *(.fini4)
 *(.fini4)
 *(.fini3)
 *(.fini3)
 *(.fini2)
 *(.fini2)
 *(.fini1)
 *(.fini1)
 *(.fini0)
 .fini0         0x00003292        0x4 c:/program files (x86)/atmel/studio/7.0/toolchain/avr8/avr8-gnu-toolchain/bin/../lib/gcc/avr/5.4.0/avr5\libgcc.a(_exit.o)
 *(.fini0)
                0x00003296                _etext = .

.data           0x00800100        0xe load address 0x00003296
                0x00800100                PROVIDE (__data_start, .)
 *(.data)
 .data          0x00800100        0x8 ../../../../../capi324v221-v1.09.002R\libcapi324v221.a(STEPPER_globals.o)
                0x00800100                Motor_L_LUT
                0x00800104                Motor_R_LUT
 .data          0x00800108        0x6 c:/program files (x86)/atmel/studio/7.0/toolchain/avr8/avr8-gnu-toolchain/bin/../lib/gcc/avr/5.4.0/../../../../avr/lib/avr5\libc.a(malloc.o)
                0x00800108                __malloc_heap_end
                0x0080010a                __malloc_heap_start
                0x0080010c                __malloc_margin
 *(.data*)
 *(.gnu.linkonce.d*)
 *(.rodata)
 *(.rodata*)
 *(.gnu.linkonce.r*)
                0x0080010e                . = ALIGN (0x2)
                0x0080010e                _edata = .
                0x0080010e                PROVIDE (__data_end, .)

.bss            0x0080010e       0xdb
                0x0080010e                PROVIDE (__bss_start, .)
 *(.bss)
 .bss           0x0080010e        0x2 ../../../../../capi324v221-v1.09.002R\libcapi324v221.a(STEPPER_step.o)
 .bss           0x00800110       0x40 ../../../../../capi324v221-v1.09.002R\libcapi324v221.a(ISR_globals.o)
                0x00800110                CBOT_ISR_vtable
 .bss           0x00800150        0x2 ../../../../../capi324v221-v1.09.002R\libcapi324v221.a(TMRSRVC_globals.o)
                0x00800150                timer_busy_status
                0x00800151                timer_run_status
 .bss           0x00800152       0x10 ../../../../../capi324v221-v1.09.002R\libcapi324v221.a(SPI_globals.o)
                0x00800152                spi_config_func_LUT
 .bss           0x00800162       0x10 ../../../../../capi324v221-v1.09.002R\libcapi324v221.a(SPKR_globals.o)
                0x00800162                tone_mode_active
                0x00800163                beep_mode_active
                0x00800164                spkr_accum32
                0x00800168                spkr_freq
                0x0080016c                beep_accum16
                0x0080016e                beep_freq
                0x00800170                p_Freq_LUT
 .bss           0x00800172        0x1 ../../../../../capi324v221-v1.09.002R\libcapi324v221.a(STEPPER_process_run_mode.o)
 .bss           0x00800173        0x4 ../../../../../capi324v221-v1.09.002R\libcapi324v221.a(STEPPER_process_pwm.o)
 *(.bss*)
 *(COMMON)
 COMMON         0x00800177       0x39 ../../../../../capi324v221-v1.09.002R\libcapi324v221.a(STEPPER_globals.o)
                0x00800177                STEPPER_params
                0x008001ae                step_done
 COMMON         0x008001b0       0x13 ../../../../../capi324v221-v1.09.002R\libcapi324v221.a(SYS_globals.o)
                0x008001b0                CBOT_system
 COMMON         0x008001c3        0x3 ../../../../../capi324v221-v1.09.002R\libcapi324v221.a(TMRSRVC_globals.o)
                0x008001c3                tmrNodes
 COMMON         0x008001c6        0x1 ../../../../../capi324v221-v1.09.002R\libcapi324v221.a(SPI_globals.o)
                0x008001c6                curr_spi_addr
 COMMON         0x008001c7       0x1e ../../../../../capi324v221-v1.09.002R\libcapi324v221.a(ATTINY_globals.o)
                0x008001c7                ATTINY_params
 COMMON         0x008001e5        0x4 c:/program files (x86)/atmel/studio/7.0/toolchain/avr8/avr8-gnu-toolchain/bin/../lib/gcc/avr/5.4.0/../../../../avr/lib/avr5\libc.a(malloc.o)
                0x008001e5                __brkval
                0x008001e7                __flp
                0x008001e9                PROVIDE (__bss_end, .)
                0x00003296                __data_load_start = LOADADDR (.data)
                0x000032a4                __data_load_end = (__data_load_start + SIZEOF (.data))

.noinit         0x008001e9        0x0
                [!provide]                PROVIDE (__noinit_start, .)
 *(.noinit*)
                [!provide]                PROVIDE (__noinit_end, .)
                0x008001e9                _end = .
                0x008001e9                PROVIDE (__heap_start, .)

.eeprom         0x00810000        0x0
 *(.eeprom*)
                0x00810000                __eeprom_end = .

.fuse
 *(.fuse)
 *(.lfuse)
 *(.hfuse)
 *(.efuse)

.lock
 *(.lock*)

.signature
 *(.signature*)

.user_signatures
 *(.user_signatures*)

.stab
 *(.stab)

.stabstr
 *(.stabstr)

.stab.excl
 *(.stab.excl)

.stab.exclstr
 *(.stab.exclstr)

.stab.index
 *(.stab.index)

.stab.indexstr
 *(.stab.indexstr)

.comment        0x00000000       0x5c
 *(.comment)
 .comment       0x00000000       0x30 main.o
                                 0x31 (size before relaxing)
 .comment       0x00000030       0x2c c:/program files (x86)/atmel/studio/7.0/toolchain/avr8/avr8-gnu-toolchain/bin/../lib/gcc/avr/5.4.0/../../../../avr/lib/avr5\libprintf_flt.a(vfprintf_flt.o)
                                 0x2d (size before relaxing)
 .comment       0x0000005c       0x31 c:/program files (x86)/atmel/studio/7.0/toolchain/avr8/avr8-gnu-toolchain/bin/../lib/gcc/avr/5.4.0/../../../../avr/lib/avr5\libc.a(malloc.o)
 .comment       0x0000005c       0x31 c:/program files (x86)/atmel/studio/7.0/toolchain/avr8/avr8-gnu-toolchain/bin/../lib/gcc/avr/5.4.0/../../../../avr/lib/avr5\libc.a(fputc.o)

.note.gnu.avr.deviceinfo
                0x00000000       0x40
 .note.gnu.avr.deviceinfo
                0x00000000       0x40 C:/Program Files (x86)/Atmel/Studio/7.0/Packs/atmel/ATmega_DFP/1.3.300/gcc/dev/atmega324p/avr5/crtatmega324p.o

.note.gnu.build-id
 *(.note.gnu.build-id)

.debug
 *(.debug)

.line
 *(.line)

.debug_srcinfo
 *(.debug_srcinfo)

.debug_sfnames
 *(.debug_sfnames)

.debug_aranges
 *(.debug_aranges)

.debug_pubnames
 *(.debug_pubnames)

.debug_info     0x00000000      0x6cc
 *(.debug_info .gnu.linkonce.wi.*)
 .debug_info    0x00000000      0x6cc C:/Program Files (x86)/Atmel/Studio/7.0/Packs/atmel/ATmega_DFP/1.3.300/gcc/dev/atmega324p/avr5/crtatmega324p.o

.debug_abbrev   0x00000000      0x66e
 *(.debug_abbrev)
 .debug_abbrev  0x00000000      0x66e C:/Program Files (x86)/Atmel/Studio/7.0/Packs/atmel/ATmega_DFP/1.3.300/gcc/dev/atmega324p/avr5/crtatmega324p.o

.debug_line     0x00000000      0x151
 *(.debug_line .debug_line.* .debug_line_end)
 .debug_line    0x00000000      0x151 C:/Program Files (x86)/Atmel/Studio/7.0/Packs/atmel/ATmega_DFP/1.3.300/gcc/dev/atmega324p/avr5/crtatmega324p.o

.debug_frame
 *(.debug_frame)

.debug_str      0x00000000      0x255
 *(.debug_str)
 .debug_str     0x00000000      0x255 C:/Program Files (x86)/Atmel/Studio/7.0/Packs/atmel/ATmega_DFP/1.3.300/gcc/dev/atmega324p/avr5/crtatmega324p.o

.debug_loc
 *(.debug_loc)

.debug_macinfo
 *(.debug_macinfo)

.debug_weaknames
 *(.debug_weaknames)

.debug_funcnames
 *(.debug_funcnames)

.debug_typenames
 *(.debug_typenames)

.debug_varnames
 *(.debug_varnames)

.debug_pubtypes
 *(.debug_pubtypes)

.debug_ranges
 *(.debug_ranges)

.debug_macro
 *(.debug_macro)
OUTPUT(CEENBot-Project.elf elf32-avr)
LOAD linker stubs
