Archive member included to satisfy reference by file (symbol)

../../../../../capi324v221-v1.09.002R\libcapi324v221.a(CBOT_main.o)
                              C:/Program Files (x86)/Atmel/Studio/7.0/Packs/atmel/ATmega_DFP/1.3.300/gcc/dev/atmega324p/avr5/crtatmega324p.o (main)
../../../../../capi324v221-v1.09.002R\libcapi324v221.a(STEPPER_close.o)
                              main.o (STEPPER_close)
../../../../../capi324v221-v1.09.002R\libcapi324v221.a(STEPPER_globals.o)
                              ../../../../../capi324v221-v1.09.002R\libcapi324v221.a(STEPPER_close.o) (STEPPER_params)
../../../../../capi324v221-v1.09.002R\libcapi324v221.a(STEPPER_move.o)
                              src/motor_control.o (STEPPER_move)
../../../../../capi324v221-v1.09.002R\libcapi324v221.a(STEPPER_open.o)
                              main.o (STEPPER_open)
../../../../../capi324v221-v1.09.002R\libcapi324v221.a(STEPPER_run.o)
                              ../../../../../capi324v221-v1.09.002R\libcapi324v221.a(STEPPER_move.o) (STEPPER_run)
../../../../../capi324v221-v1.09.002R\libcapi324v221.a(STEPPER_set_accel.o)
                              ../../../../../capi324v221-v1.09.002R\libcapi324v221.a(STEPPER_move.o) (STEPPER_set_accel)
../../../../../capi324v221-v1.09.002R\libcapi324v221.a(STEPPER_set_dir.o)
                              ../../../../../capi324v221-v1.09.002R\libcapi324v221.a(STEPPER_run.o) (STEPPER_set_dir)
../../../../../capi324v221-v1.09.002R\libcapi324v221.a(STEPPER_set_mode.o)
                              ../../../../../capi324v221-v1.09.002R\libcapi324v221.a(STEPPER_move.o) (STEPPER_set_mode)
../../../../../capi324v221-v1.09.002R\libcapi324v221.a(STEPPER_set_speed.o)
                              ../../../../../capi324v221-v1.09.002R\libcapi324v221.a(STEPPER_run.o) (STEPPER_set_speed)
../../../../../capi324v221-v1.09.002R\libcapi324v221.a(STEPPER_step.o)
                              ../../../../../capi324v221-v1.09.002R\libcapi324v221.a(STEPPER_move.o) (STEPPER_step)
../../../../../capi324v221-v1.09.002R\libcapi324v221.a(STEPPER_wait_and_then.o)
                              ../../../../../capi324v221-v1.09.002R\libcapi324v221.a(STEPPER_move.o) (STEPPER_wait_and_then)
../../../../../capi324v221-v1.09.002R\libcapi324v221.a(SYS_get_state.o)
                              ../../../../../capi324v221-v1.09.002R\libcapi324v221.a(STEPPER_close.o) (SYS_get_state)
../../../../../capi324v221-v1.09.002R\libcapi324v221.a(SYS_globals.o)
                              ../../../../../capi324v221-v1.09.002R\libcapi324v221.a(SYS_get_state.o) (CBOT_system)
../../../../../capi324v221-v1.09.002R\libcapi324v221.a(SYS_set_state.o)
                              ../../../../../capi324v221-v1.09.002R\libcapi324v221.a(STEPPER_close.o) (SYS_set_state)
../../../../../capi324v221-v1.09.002R\libcapi324v221.a(TMRSRVC_delay.o)
                              src/apps.o (TMRSRVC_delay)
../../../../../capi324v221-v1.09.002R\libcapi324v221.a(TMRSRVC_new.o)
                              ../../../../../capi324v221-v1.09.002R\libcapi324v221.a(TMRSRVC_delay.o) (TMRSRVC_new)
../../../../../capi324v221-v1.09.002R\libcapi324v221.a(CBOT_init.o)
                              ../../../../../capi324v221-v1.09.002R\libcapi324v221.a(CBOT_main.o) (CBOT_init)
../../../../../capi324v221-v1.09.002R\libcapi324v221.a(CBOT_isr.o)
                              ../../../../../capi324v221-v1.09.002R\libcapi324v221.a(CBOT_main.o) (CBOT_ISR_init)
../../../../../capi324v221-v1.09.002R\libcapi324v221.a(ISR_globals.o)
                              ../../../../../capi324v221-v1.09.002R\libcapi324v221.a(CBOT_isr.o) (CBOT_ISR_vtable)
../../../../../capi324v221-v1.09.002R\libcapi324v221.a(ISR_open.o)
                              ../../../../../capi324v221-v1.09.002R\libcapi324v221.a(CBOT_init.o) (ISR_open)
../../../../../capi324v221-v1.09.002R\libcapi324v221.a(ATMEGA_open.o)
                              ../../../../../capi324v221-v1.09.002R\libcapi324v221.a(CBOT_init.o) (ATMEGA_open)
../../../../../capi324v221-v1.09.002R\libcapi324v221.a(ATMEGA_set_clk_mode.o)
                              ../../../../../capi324v221-v1.09.002R\libcapi324v221.a(ATMEGA_open.o) (ATMEGA_set_clk_mode)
../../../../../capi324v221-v1.09.002R\libcapi324v221.a(SPI_open.o)
                              ../../../../../capi324v221-v1.09.002R\libcapi324v221.a(CBOT_init.o) (SPI_open)
../../../../../capi324v221-v1.09.002R\libcapi324v221.a(SPI_set_config_func.o)
                              ../../../../../capi324v221-v1.09.002R\libcapi324v221.a(SPI_open.o) (SPI_set_config_func)
../../../../../capi324v221-v1.09.002R\libcapi324v221.a(SPI_set_slave_addr.o)
                              ../../../../../capi324v221-v1.09.002R\libcapi324v221.a(SPI_open.o) (SPI_set_slave_addr)
../../../../../capi324v221-v1.09.002R\libcapi324v221.a(__STEPPER_close.o)
                              ../../../../../capi324v221-v1.09.002R\libcapi324v221.a(STEPPER_close.o) (__STEPPER_close)
../../../../../capi324v221-v1.09.002R\libcapi324v221.a(STEPPER_go.o)
                              ../../../../../capi324v221-v1.09.002R\libcapi324v221.a(STEPPER_step.o) (STEPPER_go)
../../../../../capi324v221-v1.09.002R\libcapi324v221.a(__STEPPER_init.o)
                              ../../../../../capi324v221-v1.09.002R\libcapi324v221.a(STEPPER_open.o) (__STEPPER_init)
../../../../../capi324v221-v1.09.002R\libcapi324v221.a(STEPPER_set_steps.o)
                              ../../../../../capi324v221-v1.09.002R\libcapi324v221.a(STEPPER_step.o) (STEPPER_set_steps)
../../../../../capi324v221-v1.09.002R\libcapi324v221.a(STEPPER_set_stop_mode.o)
                              ../../../../../capi324v221-v1.09.002R\libcapi324v221.a(STEPPER_step.o) (STEPPER_set_stop_mode)
../../../../../capi324v221-v1.09.002R\libcapi324v221.a(STEPPER_setup_decels.o)
                              ../../../../../capi324v221-v1.09.002R\libcapi324v221.a(STEPPER_step.o) (STEPPER_setup_decels)
../../../../../capi324v221-v1.09.002R\libcapi324v221.a(SYS_init.o)
                              ../../../../../capi324v221-v1.09.002R\libcapi324v221.a(CBOT_init.o) (SYS_init)
../../../../../capi324v221-v1.09.002R\libcapi324v221.a(ATTINY_open.o)
                              ../../../../../capi324v221-v1.09.002R\libcapi324v221.a(CBOT_init.o) (ATTINY_open)
../../../../../capi324v221-v1.09.002R\libcapi324v221.a(TMRSRVC_globals.o)
                              ../../../../../capi324v221-v1.09.002R\libcapi324v221.a(TMRSRVC_new.o) (timer_busy_status)
../../../../../capi324v221-v1.09.002R\libcapi324v221.a(__TMRSRVC_insert.o)
                              ../../../../../capi324v221-v1.09.002R\libcapi324v221.a(TMRSRVC_new.o) (TMRSRVC_insert)
../../../../../capi324v221-v1.09.002R\libcapi324v221.a(TMRSRVC_open.o)
                              ../../../../../capi324v221-v1.09.002R\libcapi324v221.a(CBOT_init.o) (TMRSRVC_open)
../../../../../capi324v221-v1.09.002R\libcapi324v221.a(__TMRSRVC_start.o)
                              ../../../../../capi324v221-v1.09.002R\libcapi324v221.a(TMRSRVC_open.o) (__TMRSRVC_start)
../../../../../capi324v221-v1.09.002R\libcapi324v221.a(TMRSRVC_start.o)
                              ../../../../../capi324v221-v1.09.002R\libcapi324v221.a(__TMRSRVC_insert.o) (TMRSRVC_start)
../../../../../capi324v221-v1.09.002R\libcapi324v221.a(__ISR_attach.o)
                              ../../../../../capi324v221-v1.09.002R\libcapi324v221.a(TMRSRVC_open.o) (__ISR_attach)
../../../../../capi324v221-v1.09.002R\libcapi324v221.a(__ATMEGA_init.o)
                              ../../../../../capi324v221-v1.09.002R\libcapi324v221.a(ATMEGA_open.o) (__ATMEGA_init)
../../../../../capi324v221-v1.09.002R\libcapi324v221.a(SPI_cfgrs.o)
                              ../../../../../capi324v221-v1.09.002R\libcapi324v221.a(SPI_open.o) (SPI_default_config)
../../../../../capi324v221-v1.09.002R\libcapi324v221.a(SPI_globals.o)
                              ../../../../../capi324v221-v1.09.002R\libcapi324v221.a(SPI_set_config_func.o) (spi_config_func_LUT)
../../../../../capi324v221-v1.09.002R\libcapi324v221.a(__SPI_init.o)
                              ../../../../../capi324v221-v1.09.002R\libcapi324v221.a(SPI_open.o) (__SPI_init)
../../../../../capi324v221-v1.09.002R\libcapi324v221.a(STEPPER_set_decel_step_values.o)
                              ../../../../../capi324v221-v1.09.002R\libcapi324v221.a(STEPPER_setup_decels.o) (STEPPER_set_decel_step_values)
../../../../../capi324v221-v1.09.002R\libcapi324v221.a(ATTINY_globals.o)
                              ../../../../../capi324v221-v1.09.002R\libcapi324v221.a(ATTINY_open.o) (ATTINY_params)
../../../../../capi324v221-v1.09.002R\libcapi324v221.a(ISR__TIMER0_COMPA_vect.o)
                              ../../../../../capi324v221-v1.09.002R\libcapi324v221.a(TMRSRVC_open.o) (__TIMER0_COMPA_vect)
../../../../../capi324v221-v1.09.002R\libcapi324v221.a(__TMRSRVC_init.o)
                              ../../../../../capi324v221-v1.09.002R\libcapi324v221.a(TMRSRVC_open.o) (__TMRSRVC_init)
../../../../../capi324v221-v1.09.002R\libcapi324v221.a(TMRSRVC_tick.o)
                              ../../../../../capi324v221-v1.09.002R\libcapi324v221.a(ISR__TIMER0_COMPA_vect.o) (TMRSRVC_tick)
../../../../../capi324v221-v1.09.002R\libcapi324v221.a(SPKR_beep_clk.o)
                              ../../../../../capi324v221-v1.09.002R\libcapi324v221.a(ISR__TIMER0_COMPA_vect.o) (SPKR_beep_clk)
../../../../../capi324v221-v1.09.002R\libcapi324v221.a(SPKR_globals.o)
                              ../../../../../capi324v221-v1.09.002R\libcapi324v221.a(SPKR_beep_clk.o) (beep_mode_active)
../../../../../capi324v221-v1.09.002R\libcapi324v221.a(STEPPER_clk.o)
                              ../../../../../capi324v221-v1.09.002R\libcapi324v221.a(ISR__TIMER0_COMPA_vect.o) (STEPPER_clk)
../../../../../capi324v221-v1.09.002R\libcapi324v221.a(STEPPER_process_accel.o)
                              ../../../../../capi324v221-v1.09.002R\libcapi324v221.a(STEPPER_clk.o) (STEPPER_process_accel)
../../../../../capi324v221-v1.09.002R\libcapi324v221.a(STEPPER_process_run_mode.o)
                              ../../../../../capi324v221-v1.09.002R\libcapi324v221.a(STEPPER_clk.o) (STEPPER_process_run_mode)
../../../../../capi324v221-v1.09.002R\libcapi324v221.a(STEPPER_process_step_mode.o)
                              ../../../../../capi324v221-v1.09.002R\libcapi324v221.a(STEPPER_process_run_mode.o) (STEPPER_process_step_mode)
../../../../../capi324v221-v1.09.002R\libcapi324v221.a(STEPPER_stop.o)
                              ../../../../../capi324v221-v1.09.002R\libcapi324v221.a(STEPPER_process_run_mode.o) (STEPPER_stop)
../../../../../capi324v221-v1.09.002R\libcapi324v221.a(TMRSRVC_process.o)
                              ../../../../../capi324v221-v1.09.002R\libcapi324v221.a(TMRSRVC_tick.o) (TMRSRVC_process)
../../../../../capi324v221-v1.09.002R\libcapi324v221.a(TMRSRVC_stop.o)
                              ../../../../../capi324v221-v1.09.002R\libcapi324v221.a(TMRSRVC_process.o) (TMRSRVC_stop)
../../../../../capi324v221-v1.09.002R\libcapi324v221.a(STEPPER_process_pwm.o)
                              ../../../../../capi324v221-v1.09.002R\libcapi324v221.a(STEPPER_process_run_mode.o) (STEPPER_process_pwm)
c:/program files (x86)/atmel/studio/7.0/toolchain/avr8/avr8-gnu-toolchain/bin/../lib/gcc/avr/5.4.0/../../../../avr/lib/avr5\libprintf_flt.a(vfprintf_flt.o)
                              (vfprintf)
c:/program files (x86)/atmel/studio/7.0/toolchain/avr8/avr8-gnu-toolchain/bin/../lib/gcc/avr/5.4.0/../../../../avr/lib/avr5\libm.a(addsf3.o)
                              src/motor_control.o (__subsf3)
c:/program files (x86)/atmel/studio/7.0/toolchain/avr8/avr8-gnu-toolchain/bin/../lib/gcc/avr/5.4.0/../../../../avr/lib/avr5\libm.a(addsf3x.o)
                              c:/program files (x86)/atmel/studio/7.0/toolchain/avr8/avr8-gnu-toolchain/bin/../lib/gcc/avr/5.4.0/../../../../avr/lib/avr5\libm.a(addsf3.o) (__addsf3x)
c:/program files (x86)/atmel/studio/7.0/toolchain/avr8/avr8-gnu-toolchain/bin/../lib/gcc/avr/5.4.0/../../../../avr/lib/avr5\libm.a(divsf3.o)
                              src/motor_control.o (__divsf3)
c:/program files (x86)/atmel/studio/7.0/toolchain/avr8/avr8-gnu-toolchain/bin/../lib/gcc/avr/5.4.0/../../../../avr/lib/avr5\libm.a(divsf3x.o)
                              c:/program files (x86)/atmel/studio/7.0/toolchain/avr8/avr8-gnu-toolchain/bin/../lib/gcc/avr/5.4.0/../../../../avr/lib/avr5\libm.a(divsf3.o) (__divsf3x)
c:/program files (x86)/atmel/studio/7.0/toolchain/avr8/avr8-gnu-toolchain/bin/../lib/gcc/avr/5.4.0/../../../../avr/lib/avr5\libm.a(fixunssfsi.o)
                              src/motor_control.o (__fixunssfsi)
c:/program files (x86)/atmel/studio/7.0/toolchain/avr8/avr8-gnu-toolchain/bin/../lib/gcc/avr/5.4.0/../../../../avr/lib/avr5\libm.a(floor.o)
                              src/motor_control.o (floor)
c:/program files (x86)/atmel/studio/7.0/toolchain/avr8/avr8-gnu-toolchain/bin/../lib/gcc/avr/5.4.0/../../../../avr/lib/avr5\libm.a(fp_inf.o)
                              c:/program files (x86)/atmel/studio/7.0/toolchain/avr8/avr8-gnu-toolchain/bin/../lib/gcc/avr/5.4.0/../../../../avr/lib/avr5\libm.a(addsf3x.o) (__fp_inf)
c:/program files (x86)/atmel/studio/7.0/toolchain/avr8/avr8-gnu-toolchain/bin/../lib/gcc/avr/5.4.0/../../../../avr/lib/avr5\libm.a(fp_mintl.o)
                              c:/program files (x86)/atmel/studio/7.0/toolchain/avr8/avr8-gnu-toolchain/bin/../lib/gcc/avr/5.4.0/../../../../avr/lib/avr5\libm.a(floor.o) (__fp_mintl)
c:/program files (x86)/atmel/studio/7.0/toolchain/avr8/avr8-gnu-toolchain/bin/../lib/gcc/avr/5.4.0/../../../../avr/lib/avr5\libm.a(fp_mpack.o)
                              c:/program files (x86)/atmel/studio/7.0/toolchain/avr8/avr8-gnu-toolchain/bin/../lib/gcc/avr/5.4.0/../../../../avr/lib/avr5\libm.a(floor.o) (__fp_mpack)
c:/program files (x86)/atmel/studio/7.0/toolchain/avr8/avr8-gnu-toolchain/bin/../lib/gcc/avr/5.4.0/../../../../avr/lib/avr5\libm.a(fp_nan.o)
                              c:/program files (x86)/atmel/studio/7.0/toolchain/avr8/avr8-gnu-toolchain/bin/../lib/gcc/avr/5.4.0/../../../../avr/lib/avr5\libm.a(addsf3x.o) (__fp_nan)
c:/program files (x86)/atmel/studio/7.0/toolchain/avr8/avr8-gnu-toolchain/bin/../lib/gcc/avr/5.4.0/../../../../avr/lib/avr5\libm.a(fp_pscA.o)
                              c:/program files (x86)/atmel/studio/7.0/toolchain/avr8/avr8-gnu-toolchain/bin/../lib/gcc/avr/5.4.0/../../../../avr/lib/avr5\libm.a(addsf3x.o) (__fp_pscA)
c:/program files (x86)/atmel/studio/7.0/toolchain/avr8/avr8-gnu-toolchain/bin/../lib/gcc/avr/5.4.0/../../../../avr/lib/avr5\libm.a(fp_pscB.o)
                              c:/program files (x86)/atmel/studio/7.0/toolchain/avr8/avr8-gnu-toolchain/bin/../lib/gcc/avr/5.4.0/../../../../avr/lib/avr5\libm.a(addsf3x.o) (__fp_pscB)
c:/program files (x86)/atmel/studio/7.0/toolchain/avr8/avr8-gnu-toolchain/bin/../lib/gcc/avr/5.4.0/../../../../avr/lib/avr5\libm.a(fp_round.o)
                              c:/program files (x86)/atmel/studio/7.0/toolchain/avr8/avr8-gnu-toolchain/bin/../lib/gcc/avr/5.4.0/../../../../avr/lib/avr5\libm.a(addsf3.o) (__fp_round)
c:/program files (x86)/atmel/studio/7.0/toolchain/avr8/avr8-gnu-toolchain/bin/../lib/gcc/avr/5.4.0/../../../../avr/lib/avr5\libm.a(fp_split3.o)
                              c:/program files (x86)/atmel/studio/7.0/toolchain/avr8/avr8-gnu-toolchain/bin/../lib/gcc/avr/5.4.0/../../../../avr/lib/avr5\libm.a(addsf3x.o) (__fp_split3)
c:/program files (x86)/atmel/studio/7.0/toolchain/avr8/avr8-gnu-toolchain/bin/../lib/gcc/avr/5.4.0/../../../../avr/lib/avr5\libm.a(fp_trunc.o)
                              c:/program files (x86)/atmel/studio/7.0/toolchain/avr8/avr8-gnu-toolchain/bin/../lib/gcc/avr/5.4.0/../../../../avr/lib/avr5\libm.a(floor.o) (__fp_trunc)
c:/program files (x86)/atmel/studio/7.0/toolchain/avr8/avr8-gnu-toolchain/bin/../lib/gcc/avr/5.4.0/../../../../avr/lib/avr5\libm.a(fp_zero.o)
                              c:/program files (x86)/atmel/studio/7.0/toolchain/avr8/avr8-gnu-toolchain/bin/../lib/gcc/avr/5.4.0/../../../../avr/lib/avr5\libm.a(addsf3x.o) (__fp_zero)
c:/program files (x86)/atmel/studio/7.0/toolchain/avr8/avr8-gnu-toolchain/bin/../lib/gcc/avr/5.4.0/../../../../avr/lib/avr5\libm.a(mulsf3.o)
                              src/motor_control.o (__mulsf3)
c:/program files (x86)/atmel/studio/7.0/toolchain/avr8/avr8-gnu-toolchain/bin/../lib/gcc/avr/5.4.0/../../../../avr/lib/avr5\libm.a(mulsf3x.o)
                              c:/program files (x86)/atmel/studio/7.0/toolchain/avr8/avr8-gnu-toolchain/bin/../lib/gcc/avr/5.4.0/../../../../avr/lib/avr5\libm.a(mulsf3.o) (__mulsf3x)
c:/program files (x86)/atmel/studio/7.0/toolchain/avr8/avr8-gnu-toolchain/bin/../lib/gcc/avr/5.4.0/avr5\libgcc.a(_mulsi3.o)
                              ../../../../../capi324v221-v1.09.002R\libcapi324v221.a(STEPPER_set_decel_step_values.o) (__mulsi3)
c:/program files (x86)/atmel/studio/7.0/toolchain/avr8/avr8-gnu-toolchain/bin/../lib/gcc/avr/5.4.0/avr5\libgcc.a(_udivmodsi4.o)
                              ../../../../../capi324v221-v1.09.002R\libcapi324v221.a(STEPPER_set_decel_step_values.o) (__udivmodsi4)
c:/program files (x86)/atmel/studio/7.0/toolchain/avr8/avr8-gnu-toolchain/bin/../lib/gcc/avr/5.4.0/avr5\libgcc.a(_exit.o)
                              C:/Program Files (x86)/Atmel/Studio/7.0/Packs/atmel/ATmega_DFP/1.3.300/gcc/dev/atmega324p/avr5/crtatmega324p.o (exit)
c:/program files (x86)/atmel/studio/7.0/toolchain/avr8/avr8-gnu-toolchain/bin/../lib/gcc/avr/5.4.0/avr5\libgcc.a(_copy_data.o)
                              ../../../../../capi324v221-v1.09.002R\libcapi324v221.a(CBOT_main.o) (__do_copy_data)
c:/program files (x86)/atmel/studio/7.0/toolchain/avr8/avr8-gnu-toolchain/bin/../lib/gcc/avr/5.4.0/avr5\libgcc.a(_clear_bss.o)
                              ../../../../../capi324v221-v1.09.002R\libcapi324v221.a(CBOT_main.o) (__do_clear_bss)
c:/program files (x86)/atmel/studio/7.0/toolchain/avr8/avr8-gnu-toolchain/bin/../lib/gcc/avr/5.4.0/avr5\libgcc.a(_muluhisi3.o)
                              c:/program files (x86)/atmel/studio/7.0/toolchain/avr8/avr8-gnu-toolchain/bin/../lib/gcc/avr/5.4.0/avr5\libgcc.a(_mulsi3.o) (__muluhisi3)
c:/program files (x86)/atmel/studio/7.0/toolchain/avr8/avr8-gnu-toolchain/bin/../lib/gcc/avr/5.4.0/avr5\libgcc.a(_prologue.o)
                              c:/program files (x86)/atmel/studio/7.0/toolchain/avr8/avr8-gnu-toolchain/bin/../lib/gcc/avr/5.4.0/../../../../avr/lib/avr5\libprintf_flt.a(vfprintf_flt.o) (__prologue_saves__)
c:/program files (x86)/atmel/studio/7.0/toolchain/avr8/avr8-gnu-toolchain/bin/../lib/gcc/avr/5.4.0/avr5\libgcc.a(_epilogue.o)
                              c:/program files (x86)/atmel/studio/7.0/toolchain/avr8/avr8-gnu-toolchain/bin/../lib/gcc/avr/5.4.0/../../../../avr/lib/avr5\libprintf_flt.a(vfprintf_flt.o) (__epilogue_restores__)
c:/program files (x86)/atmel/studio/7.0/toolchain/avr8/avr8-gnu-toolchain/bin/../lib/gcc/avr/5.4.0/avr5\libgcc.a(_umulhisi3.o)
                              c:/program files (x86)/atmel/studio/7.0/toolchain/avr8/avr8-gnu-toolchain/bin/../lib/gcc/avr/5.4.0/avr5\libgcc.a(_muluhisi3.o) (__umulhisi3)
c:/program files (x86)/atmel/studio/7.0/toolchain/avr8/avr8-gnu-toolchain/bin/../lib/gcc/avr/5.4.0/../../../../avr/lib/avr5\libc.a(malloc.o)
                              ../../../../../capi324v221-v1.09.002R\libcapi324v221.a(TMRSRVC_new.o) (malloc)
c:/program files (x86)/atmel/studio/7.0/toolchain/avr8/avr8-gnu-toolchain/bin/../lib/gcc/avr/5.4.0/../../../../avr/lib/avr5\libc.a(ftoa_engine.o)
                              c:/program files (x86)/atmel/studio/7.0/toolchain/avr8/avr8-gnu-toolchain/bin/../lib/gcc/avr/5.4.0/../../../../avr/lib/avr5\libprintf_flt.a(vfprintf_flt.o) (__ftoa_engine)
c:/program files (x86)/atmel/studio/7.0/toolchain/avr8/avr8-gnu-toolchain/bin/../lib/gcc/avr/5.4.0/../../../../avr/lib/avr5\libc.a(strnlen_P.o)
                              c:/program files (x86)/atmel/studio/7.0/toolchain/avr8/avr8-gnu-toolchain/bin/../lib/gcc/avr/5.4.0/../../../../avr/lib/avr5\libprintf_flt.a(vfprintf_flt.o) (strnlen_P)
c:/program files (x86)/atmel/studio/7.0/toolchain/avr8/avr8-gnu-toolchain/bin/../lib/gcc/avr/5.4.0/../../../../avr/lib/avr5\libc.a(strnlen.o)
                              c:/program files (x86)/atmel/studio/7.0/toolchain/avr8/avr8-gnu-toolchain/bin/../lib/gcc/avr/5.4.0/../../../../avr/lib/avr5\libprintf_flt.a(vfprintf_flt.o) (strnlen)
c:/program files (x86)/atmel/studio/7.0/toolchain/avr8/avr8-gnu-toolchain/bin/../lib/gcc/avr/5.4.0/../../../../avr/lib/avr5\libc.a(fputc.o)
                              c:/program files (x86)/atmel/studio/7.0/toolchain/avr8/avr8-gnu-toolchain/bin/../lib/gcc/avr/5.4.0/../../../../avr/lib/avr5\libprintf_flt.a(vfprintf_flt.o) (fputc)
c:/program files (x86)/atmel/studio/7.0/toolchain/avr8/avr8-gnu-toolchain/bin/../lib/gcc/avr/5.4.0/../../../../avr/lib/avr5\libc.a(ultoa_invert.o)
                              c:/program files (x86)/atmel/studio/7.0/toolchain/avr8/avr8-gnu-toolchain/bin/../lib/gcc/avr/5.4.0/../../../../avr/lib/avr5\libprintf_flt.a(vfprintf_flt.o) (__ultoa_invert)

Allocating common symbols
Common symbol       size              file

__brkval            0x2               c:/program files (x86)/atmel/studio/7.0/toolchain/avr8/avr8-gnu-toolchain/bin/../lib/gcc/avr/5.4.0/../../../../avr/lib/avr5\libc.a(malloc.o)
ATTINY_params       0x1e              ../../../../../capi324v221-v1.09.002R\libcapi324v221.a(ATTINY_globals.o)
CBOT_system         0x13              ../../../../../capi324v221-v1.09.002R\libcapi324v221.a(SYS_globals.o)
tmrNodes            0x3               ../../../../../capi324v221-v1.09.002R\libcapi324v221.a(TMRSRVC_globals.o)
STEPPER_params      0x37              ../../../../../capi324v221-v1.09.002R\libcapi324v221.a(STEPPER_globals.o)
curr_spi_addr       0x1               ../../../../../capi324v221-v1.09.002R\libcapi324v221.a(SPI_globals.o)
__flp               0x2               c:/program files (x86)/atmel/studio/7.0/toolchain/avr8/avr8-gnu-toolchain/bin/../lib/gcc/avr/5.4.0/../../../../avr/lib/avr5\libc.a(malloc.o)
step_done           0x2               ../../../../../capi324v221-v1.09.002R\libcapi324v221.a(STEPPER_globals.o)

Discarded input sections

 .data          0x00000000        0x0 C:/Program Files (x86)/Atmel/Studio/7.0/Packs/atmel/ATmega_DFP/1.3.300/gcc/dev/atmega324p/avr5/crtatmega324p.o
 .bss           0x00000000        0x0 C:/Program Files (x86)/Atmel/Studio/7.0/Packs/atmel/ATmega_DFP/1.3.300/gcc/dev/atmega324p/avr5/crtatmega324p.o
 .data          0x00000000        0x0 main.o
 .bss           0x00000000        0x0 main.o
 .data          0x00000000        0x0 src/apps.o
 .bss           0x00000000        0x0 src/apps.o
 .data          0x00000000        0x0 src/motor_control.o
 .bss           0x00000000        0x0 src/motor_control.o
 .data          0x00000000        0x0 ../../../../../capi324v221-v1.09.002R\libcapi324v221.a(CBOT_main.o)
 .bss           0x00000000        0x0 ../../../../../capi324v221-v1.09.002R\libcapi324v221.a(CBOT_main.o)
 .data          0x00000000        0x0 ../../../../../capi324v221-v1.09.002R\libcapi324v221.a(STEPPER_close.o)
 .bss           0x00000000        0x0 ../../../../../capi324v221-v1.09.002R\libcapi324v221.a(STEPPER_close.o)
 .text          0x00000000        0x0 ../../../../../capi324v221-v1.09.002R\libcapi324v221.a(STEPPER_globals.o)
 .bss           0x00000000        0x0 ../../../../../capi324v221-v1.09.002R\libcapi324v221.a(STEPPER_globals.o)
 .data          0x00000000        0x0 ../../../../../capi324v221-v1.09.002R\libcapi324v221.a(STEPPER_move.o)
 .bss           0x00000000        0x0 ../../../../../capi324v221-v1.09.002R\libcapi324v221.a(STEPPER_move.o)
 .data          0x00000000        0x0 ../../../../../capi324v221-v1.09.002R\libcapi324v221.a(STEPPER_open.o)
 .bss           0x00000000        0x0 ../../../../../capi324v221-v1.09.002R\libcapi324v221.a(STEPPER_open.o)
 .data          0x00000000        0x0 ../../../../../capi324v221-v1.09.002R\libcapi324v221.a(STEPPER_run.o)
 .bss           0x00000000        0x0 ../../../../../capi324v221-v1.09.002R\libcapi324v221.a(STEPPER_run.o)
 .data          0x00000000        0x0 ../../../../../capi324v221-v1.09.002R\libcapi324v221.a(STEPPER_set_accel.o)
 .bss           0x00000000        0x0 ../../../../../capi324v221-v1.09.002R\libcapi324v221.a(STEPPER_set_accel.o)
 .data          0x00000000        0x0 ../../../../../capi324v221-v1.09.002R\libcapi324v221.a(STEPPER_set_dir.o)
 .bss           0x00000000        0x0 ../../../../../capi324v221-v1.09.002R\libcapi324v221.a(STEPPER_set_dir.o)
 .data          0x00000000        0x0 ../../../../../capi324v221-v1.09.002R\libcapi324v221.a(STEPPER_set_mode.o)
 .bss           0x00000000        0x0 ../../../../../capi324v221-v1.09.002R\libcapi324v221.a(STEPPER_set_mode.o)
 .data          0x00000000        0x0 ../../../../../capi324v221-v1.09.002R\libcapi324v221.a(STEPPER_set_speed.o)
 .bss           0x00000000        0x0 ../../../../../capi324v221-v1.09.002R\libcapi324v221.a(STEPPER_set_speed.o)
 .data          0x00000000        0x0 ../../../../../capi324v221-v1.09.002R\libcapi324v221.a(STEPPER_step.o)
 .data          0x00000000        0x0 ../../../../../capi324v221-v1.09.002R\libcapi324v221.a(STEPPER_wait_and_then.o)
 .bss           0x00000000        0x0 ../../../../../capi324v221-v1.09.002R\libcapi324v221.a(STEPPER_wait_and_then.o)
 .data          0x00000000        0x0 ../../../../../capi324v221-v1.09.002R\libcapi324v221.a(SYS_get_state.o)
 .bss           0x00000000        0x0 ../../../../../capi324v221-v1.09.002R\libcapi324v221.a(SYS_get_state.o)
 .text          0x00000000        0x0 ../../../../../capi324v221-v1.09.002R\libcapi324v221.a(SYS_globals.o)
 .data          0x00000000        0x0 ../../../../../capi324v221-v1.09.002R\libcapi324v221.a(SYS_globals.o)
 .bss           0x00000000        0x0 ../../../../../capi324v221-v1.09.002R\libcapi324v221.a(SYS_globals.o)
 .data          0x00000000        0x0 ../../../../../capi324v221-v1.09.002R\libcapi324v221.a(SYS_set_state.o)
 .bss           0x00000000        0x0 ../../../../../capi324v221-v1.09.002R\libcapi324v221.a(SYS_set_state.o)
 .data          0x00000000        0x0 ../../../../../capi324v221-v1.09.002R\libcapi324v221.a(TMRSRVC_delay.o)
 .bss           0x00000000        0x0 ../../../../../capi324v221-v1.09.002R\libcapi324v221.a(TMRSRVC_delay.o)
 .data          0x00000000        0x0 ../../../../../capi324v221-v1.09.002R\libcapi324v221.a(TMRSRVC_new.o)
 .bss           0x00000000        0x0 ../../../../../capi324v221-v1.09.002R\libcapi324v221.a(TMRSRVC_new.o)
 .data          0x00000000        0x0 ../../../../../capi324v221-v1.09.002R\libcapi324v221.a(CBOT_init.o)
 .bss           0x00000000        0x0 ../../../../../capi324v221-v1.09.002R\libcapi324v221.a(CBOT_init.o)
 .data          0x00000000        0x0 ../../../../../capi324v221-v1.09.002R\libcapi324v221.a(CBOT_isr.o)
 .bss           0x00000000        0x0 ../../../../../capi324v221-v1.09.002R\libcapi324v221.a(CBOT_isr.o)
 .text          0x00000000        0x0 ../../../../../capi324v221-v1.09.002R\libcapi324v221.a(ISR_globals.o)
 .data          0x00000000        0x0 ../../../../../capi324v221-v1.09.002R\libcapi324v221.a(ISR_globals.o)
 .data          0x00000000        0x0 ../../../../../capi324v221-v1.09.002R\libcapi324v221.a(ISR_open.o)
 .bss           0x00000000        0x0 ../../../../../capi324v221-v1.09.002R\libcapi324v221.a(ISR_open.o)
 .data          0x00000000        0x0 ../../../../../capi324v221-v1.09.002R\libcapi324v221.a(ATMEGA_open.o)
 .bss           0x00000000        0x0 ../../../../../capi324v221-v1.09.002R\libcapi324v221.a(ATMEGA_open.o)
 .data          0x00000000        0x0 ../../../../../capi324v221-v1.09.002R\libcapi324v221.a(ATMEGA_set_clk_mode.o)
 .bss           0x00000000        0x0 ../../../../../capi324v221-v1.09.002R\libcapi324v221.a(ATMEGA_set_clk_mode.o)
 .data          0x00000000        0x0 ../../../../../capi324v221-v1.09.002R\libcapi324v221.a(SPI_open.o)
 .bss           0x00000000        0x0 ../../../../../capi324v221-v1.09.002R\libcapi324v221.a(SPI_open.o)
 .data          0x00000000        0x0 ../../../../../capi324v221-v1.09.002R\libcapi324v221.a(SPI_set_config_func.o)
 .bss           0x00000000        0x0 ../../../../../capi324v221-v1.09.002R\libcapi324v221.a(SPI_set_config_func.o)
 .data          0x00000000        0x0 ../../../../../capi324v221-v1.09.002R\libcapi324v221.a(SPI_set_slave_addr.o)
 .bss           0x00000000        0x0 ../../../../../capi324v221-v1.09.002R\libcapi324v221.a(SPI_set_slave_addr.o)
 .data          0x00000000        0x0 ../../../../../capi324v221-v1.09.002R\libcapi324v221.a(__STEPPER_close.o)
 .bss           0x00000000        0x0 ../../../../../capi324v221-v1.09.002R\libcapi324v221.a(__STEPPER_close.o)
 .data          0x00000000        0x0 ../../../../../capi324v221-v1.09.002R\libcapi324v221.a(STEPPER_go.o)
 .bss           0x00000000        0x0 ../../../../../capi324v221-v1.09.002R\libcapi324v221.a(STEPPER_go.o)
 .data          0x00000000        0x0 ../../../../../capi324v221-v1.09.002R\libcapi324v221.a(__STEPPER_init.o)
 .bss           0x00000000        0x0 ../../../../../capi324v221-v1.09.002R\libcapi324v221.a(__STEPPER_init.o)
 .data          0x00000000        0x0 ../../../../../capi324v221-v1.09.002R\libcapi324v221.a(STEPPER_set_steps.o)
 .bss           0x00000000        0x0 ../../../../../capi324v221-v1.09.002R\libcapi324v221.a(STEPPER_set_steps.o)
 .data          0x00000000        0x0 ../../../../../capi324v221-v1.09.002R\libcapi324v221.a(STEPPER_set_stop_mode.o)
 .bss           0x00000000        0x0 ../../../../../capi324v221-v1.09.002R\libcapi324v221.a(STEPPER_set_stop_mode.o)
 .data          0x00000000        0x0 ../../../../../capi324v221-v1.09.002R\libcapi324v221.a(STEPPER_setup_decels.o)
 .bss           0x00000000        0x0 ../../../../../capi324v221-v1.09.002R\libcapi324v221.a(STEPPER_setup_decels.o)
 .data          0x00000000        0x0 ../../../../../capi324v221-v1.09.002R\libcapi324v221.a(SYS_init.o)
 .bss           0x00000000        0x0 ../../../../../capi324v221-v1.09.002R\libcapi324v221.a(SYS_init.o)
 .data          0x00000000        0x0 ../../../../../capi324v221-v1.09.002R\libcapi324v221.a(ATTINY_open.o)
 .bss           0x00000000        0x0 ../../../../../capi324v221-v1.09.002R\libcapi324v221.a(ATTINY_open.o)
 .text          0x00000000        0x0 ../../../../../capi324v221-v1.09.002R\libcapi324v221.a(TMRSRVC_globals.o)
 .data          0x00000000        0x0 ../../../../../capi324v221-v1.09.002R\libcapi324v221.a(TMRSRVC_globals.o)
 .data          0x00000000        0x0 ../../../../../capi324v221-v1.09.002R\libcapi324v221.a(__TMRSRVC_insert.o)
 .bss           0x00000000        0x0 ../../../../../capi324v221-v1.09.002R\libcapi324v221.a(__TMRSRVC_insert.o)
 .data          0x00000000        0x0 ../../../../../capi324v221-v1.09.002R\libcapi324v221.a(TMRSRVC_open.o)
 .bss           0x00000000        0x0 ../../../../../capi324v221-v1.09.002R\libcapi324v221.a(TMRSRVC_open.o)
 .data          0x00000000        0x0 ../../../../../capi324v221-v1.09.002R\libcapi324v221.a(__TMRSRVC_start.o)
 .bss           0x00000000        0x0 ../../../../../capi324v221-v1.09.002R\libcapi324v221.a(__TMRSRVC_start.o)
 .data          0x00000000        0x0 ../../../../../capi324v221-v1.09.002R\libcapi324v221.a(TMRSRVC_start.o)
 .bss           0x00000000        0x0 ../../../../../capi324v221-v1.09.002R\libcapi324v221.a(TMRSRVC_start.o)
 .data          0x00000000        0x0 ../../../../../capi324v221-v1.09.002R\libcapi324v221.a(__ISR_attach.o)
 .bss           0x00000000        0x0 ../../../../../capi324v221-v1.09.002R\libcapi324v221.a(__ISR_attach.o)
 .data          0x00000000        0x0 ../../../../../capi324v221-v1.09.002R\libcapi324v221.a(__ATMEGA_init.o)
 .bss           0x00000000        0x0 ../../../../../capi324v221-v1.09.002R\libcapi324v221.a(__ATMEGA_init.o)
 .data          0x00000000        0x0 ../../../../../capi324v221-v1.09.002R\libcapi324v221.a(SPI_cfgrs.o)
 .bss           0x00000000        0x0 ../../../../../capi324v221-v1.09.002R\libcapi324v221.a(SPI_cfgrs.o)
 .text          0x00000000        0x0 ../../../../../capi324v221-v1.09.002R\libcapi324v221.a(SPI_globals.o)
 .data          0x00000000        0x0 ../../../../../capi324v221-v1.09.002R\libcapi324v221.a(SPI_globals.o)
 .data          0x00000000        0x0 ../../../../../capi324v221-v1.09.002R\libcapi324v221.a(__SPI_init.o)
 .bss           0x00000000        0x0 ../../../../../capi324v221-v1.09.002R\libcapi324v221.a(__SPI_init.o)
 .data          0x00000000        0x0 ../../../../../capi324v221-v1.09.002R\libcapi324v221.a(STEPPER_set_decel_step_values.o)
 .bss           0x00000000        0x0 ../../../../../capi324v221-v1.09.002R\libcapi324v221.a(STEPPER_set_decel_step_values.o)
 .text          0x00000000        0x0 ../../../../../capi324v221-v1.09.002R\libcapi324v221.a(ATTINY_globals.o)
 .data          0x00000000        0x0 ../../../../../capi324v221-v1.09.002R\libcapi324v221.a(ATTINY_globals.o)
 .bss           0x00000000        0x0 ../../../../../capi324v221-v1.09.002R\libcapi324v221.a(ATTINY_globals.o)
 .data          0x00000000        0x0 ../../../../../capi324v221-v1.09.002R\libcapi324v221.a(ISR__TIMER0_COMPA_vect.o)
 .bss           0x00000000        0x0 ../../../../../capi324v221-v1.09.002R\libcapi324v221.a(ISR__TIMER0_COMPA_vect.o)
 .data          0x00000000        0x0 ../../../../../capi324v221-v1.09.002R\libcapi324v221.a(__TMRSRVC_init.o)
 .bss           0x00000000        0x0 ../../../../../capi324v221-v1.09.002R\libcapi324v221.a(__TMRSRVC_init.o)
 .data          0x00000000        0x0 ../../../../../capi324v221-v1.09.002R\libcapi324v221.a(TMRSRVC_tick.o)
 .bss           0x00000000        0x0 ../../../../../capi324v221-v1.09.002R\libcapi324v221.a(TMRSRVC_tick.o)
 .data          0x00000000        0x0 ../../../../../capi324v221-v1.09.002R\libcapi324v221.a(SPKR_beep_clk.o)
 .bss           0x00000000        0x0 ../../../../../capi324v221-v1.09.002R\libcapi324v221.a(SPKR_beep_clk.o)
 .text          0x00000000        0x0 ../../../../../capi324v221-v1.09.002R\libcapi324v221.a(SPKR_globals.o)
 .data          0x00000000       0x38 ../../../../../capi324v221-v1.09.002R\libcapi324v221.a(SPKR_globals.o)
 .data          0x00000000        0x0 ../../../../../capi324v221-v1.09.002R\libcapi324v221.a(STEPPER_clk.o)
 .bss           0x00000000        0x0 ../../../../../capi324v221-v1.09.002R\libcapi324v221.a(STEPPER_clk.o)
 .data          0x00000000        0x0 ../../../../../capi324v221-v1.09.002R\libcapi324v221.a(STEPPER_process_accel.o)
 .bss           0x00000000        0x0 ../../../../../capi324v221-v1.09.002R\libcapi324v221.a(STEPPER_process_accel.o)
 .data          0x00000000        0x0 ../../../../../capi324v221-v1.09.002R\libcapi324v221.a(STEPPER_process_run_mode.o)
 .data          0x00000000        0x0 ../../../../../capi324v221-v1.09.002R\libcapi324v221.a(STEPPER_process_step_mode.o)
 .bss           0x00000000        0x0 ../../../../../capi324v221-v1.09.002R\libcapi324v221.a(STEPPER_process_step_mode.o)
 .data          0x00000000        0x0 ../../../../../capi324v221-v1.09.002R\libcapi324v221.a(STEPPER_stop.o)
 .bss           0x00000000        0x0 ../../../../../capi324v221-v1.09.002R\libcapi324v221.a(STEPPER_stop.o)
 .data          0x00000000        0x0 ../../../../../capi324v221-v1.09.002R\libcapi324v221.a(TMRSRVC_process.o)
 .bss           0x00000000        0x0 ../../../../../capi324v221-v1.09.002R\libcapi324v221.a(TMRSRVC_process.o)
 .data          0x00000000        0x0 ../../../../../capi324v221-v1.09.002R\libcapi324v221.a(TMRSRVC_stop.o)
 .bss           0x00000000        0x0 ../../../../../capi324v221-v1.09.002R\libcapi324v221.a(TMRSRVC_stop.o)
 .data          0x00000000        0x0 ../../../../../capi324v221-v1.09.002R\libcapi324v221.a(STEPPER_process_pwm.o)
 .text          0x00000000        0x0 c:/program files (x86)/atmel/studio/7.0/toolchain/avr8/avr8-gnu-toolchain/bin/../lib/gcc/avr/5.4.0/../../../../avr/lib/avr5\libprintf_flt.a(vfprintf_flt.o)
 .data          0x00000000        0x0 c:/program files (x86)/atmel/studio/7.0/toolchain/avr8/avr8-gnu-toolchain/bin/../lib/gcc/avr/5.4.0/../../../../avr/lib/avr5\libprintf_flt.a(vfprintf_flt.o)
 .bss           0x00000000        0x0 c:/program files (x86)/atmel/studio/7.0/toolchain/avr8/avr8-gnu-toolchain/bin/../lib/gcc/avr/5.4.0/../../../../avr/lib/avr5\libprintf_flt.a(vfprintf_flt.o)
 .text          0x00000000        0x0 c:/program files (x86)/atmel/studio/7.0/toolchain/avr8/avr8-gnu-toolchain/bin/../lib/gcc/avr/5.4.0/../../../../avr/lib/avr5\libm.a(addsf3.o)
 .data          0x00000000        0x0 c:/program files (x86)/atmel/studio/7.0/toolchain/avr8/avr8-gnu-toolchain/bin/../lib/gcc/avr/5.4.0/../../../../avr/lib/avr5\libm.a(addsf3.o)
 .bss           0x00000000        0x0 c:/program files (x86)/atmel/studio/7.0/toolchain/avr8/avr8-gnu-toolchain/bin/../lib/gcc/avr/5.4.0/../../../../avr/lib/avr5\libm.a(addsf3.o)
 .text          0x00000000        0x0 c:/program files (x86)/atmel/studio/7.0/toolchain/avr8/avr8-gnu-toolchain/bin/../lib/gcc/avr/5.4.0/../../../../avr/lib/avr5\libm.a(addsf3x.o)
 .data          0x00000000        0x0 c:/program files (x86)/atmel/studio/7.0/toolchain/avr8/avr8-gnu-toolchain/bin/../lib/gcc/avr/5.4.0/../../../../avr/lib/avr5\libm.a(addsf3x.o)
 .bss           0x00000000        0x0 c:/program files (x86)/atmel/studio/7.0/toolchain/avr8/avr8-gnu-toolchain/bin/../lib/gcc/avr/5.4.0/../../../../avr/lib/avr5\libm.a(addsf3x.o)
 .text          0x00000000        0x0 c:/program files (x86)/atmel/studio/7.0/toolchain/avr8/avr8-gnu-toolchain/bin/../lib/gcc/avr/5.4.0/../../../../avr/lib/avr5\libm.a(divsf3.o)
 .data          0x00000000        0x0 c:/program files (x86)/atmel/studio/7.0/toolchain/avr8/avr8-gnu-toolchain/bin/../lib/gcc/avr/5.4.0/../../../../avr/lib/avr5\libm.a(divsf3.o)
 .bss           0x00000000        0x0 c:/program files (x86)/atmel/studio/7.0/toolchain/avr8/avr8-gnu-toolchain/bin/../lib/gcc/avr/5.4.0/../../../../avr/lib/avr5\libm.a(divsf3.o)
 .text          0x00000000        0x0 c:/program files (x86)/atmel/studio/7.0/toolchain/avr8/avr8-gnu-toolchain/bin/../lib/gcc/avr/5.4.0/../../../../avr/lib/avr5\libm.a(divsf3x.o)
 .data          0x00000000        0x0 c:/program files (x86)/atmel/studio/7.0/toolchain/avr8/avr8-gnu-toolchain/bin/../lib/gcc/avr/5.4.0/../../../../avr/lib/avr5\libm.a(divsf3x.o)
 .bss           0x00000000        0x0 c:/program files (x86)/atmel/studio/7.0/toolchain/avr8/avr8-gnu-toolchain/bin/../lib/gcc/avr/5.4.0/../../../../avr/lib/avr5\libm.a(divsf3x.o)
 .text          0x00000000        0x0 c:/program files (x86)/atmel/studio/7.0/toolchain/avr8/avr8-gnu-toolchain/bin/../lib/gcc/avr/5.4.0/../../../../avr/lib/avr5\libm.a(fixunssfsi.o)
 .data          0x00000000        0x0 c:/program files (x86)/atmel/studio/7.0/toolchain/avr8/avr8-gnu-toolchain/bin/../lib/gcc/avr/5.4.0/../../../../avr/lib/avr5\libm.a(fixunssfsi.o)
 .bss           0x00000000        0x0 c:/program files (x86)/atmel/studio/7.0/toolchain/avr8/avr8-gnu-toolchain/bin/../lib/gcc/avr/5.4.0/../../../../avr/lib/avr5\libm.a(fixunssfsi.o)
 .text          0x00000000        0x0 c:/program files (x86)/atmel/studio/7.0/toolchain/avr8/avr8-gnu-toolchain/bin/../lib/gcc/avr/5.4.0/../../../../avr/lib/avr5\libm.a(floor.o)
 .data          0x00000000        0x0 c:/program files (x86)/atmel/studio/7.0/toolchain/avr8/avr8-gnu-toolchain/bin/../lib/gcc/avr/5.4.0/../../../../avr/lib/avr5\libm.a(floor.o)
 .bss           0x00000000        0x0 c:/program files (x86)/atmel/studio/7.0/toolchain/avr8/avr8-gnu-toolchain/bin/../lib/gcc/avr/5.4.0/../../../../avr/lib/avr5\libm.a(floor.o)
 .text          0x00000000        0x0 c:/program files (x86)/atmel/studio/7.0/toolchain/avr8/avr8-gnu-toolchain/bin/../lib/gcc/avr/5.4.0/../../../../avr/lib/avr5\libm.a(fp_inf.o)
 .data          0x00000000        0x0 c:/program files (x86)/atmel/studio/7.0/toolchain/avr8/avr8-gnu-toolchain/bin/../lib/gcc/avr/5.4.0/../../../../avr/lib/avr5\libm.a(fp_inf.o)
 .bss           0x00000000        0x0 c:/program files (x86)/atmel/studio/7.0/toolchain/avr8/avr8-gnu-toolchain/bin/../lib/gcc/avr/5.4.0/../../../../avr/lib/avr5\libm.a(fp_inf.o)
 .text          0x00000000        0x0 c:/program files (x86)/atmel/studio/7.0/toolchain/avr8/avr8-gnu-toolchain/bin/../lib/gcc/avr/5.4.0/../../../../avr/lib/avr5\libm.a(fp_mintl.o)
 .data          0x00000000        0x0 c:/program files (x86)/atmel/studio/7.0/toolchain/avr8/avr8-gnu-toolchain/bin/../lib/gcc/avr/5.4.0/../../../../avr/lib/avr5\libm.a(fp_mintl.o)
 .bss           0x00000000        0x0 c:/program files (x86)/atmel/studio/7.0/toolchain/avr8/avr8-gnu-toolchain/bin/../lib/gcc/avr/5.4.0/../../../../avr/lib/avr5\libm.a(fp_mintl.o)
 .text          0x00000000        0x0 c:/program files (x86)/atmel/studio/7.0/toolchain/avr8/avr8-gnu-toolchain/bin/../lib/gcc/avr/5.4.0/../../../../avr/lib/avr5\libm.a(fp_mpack.o)
 .data          0x00000000        0x0 c:/program files (x86)/atmel/studio/7.0/toolchain/avr8/avr8-gnu-toolchain/bin/../lib/gcc/avr/5.4.0/../../../../avr/lib/avr5\libm.a(fp_mpack.o)
 .bss           0x00000000        0x0 c:/program files (x86)/atmel/studio/7.0/toolchain/avr8/avr8-gnu-toolchain/bin/../lib/gcc/avr/5.4.0/../../../../avr/lib/avr5\libm.a(fp_mpack.o)
 .text          0x00000000        0x0 c:/program files (x86)/atmel/studio/7.0/toolchain/avr8/avr8-gnu-toolchain/bin/../lib/gcc/avr/5.4.0/../../../../avr/lib/avr5\libm.a(fp_nan.o)
 .data          0x00000000        0x0 c:/program files (x86)/atmel/studio/7.0/toolchain/avr8/avr8-gnu-toolchain/bin/../lib/gcc/avr/5.4.0/../../../../avr/lib/avr5\libm.a(fp_nan.o)
 .bss           0x00000000        0x0 c:/program files (x86)/atmel/studio/7.0/toolchain/avr8/avr8-gnu-toolchain/bin/../lib/gcc/avr/5.4.0/../../../../avr/lib/avr5\libm.a(fp_nan.o)
 .text          0x00000000        0x0 c:/program files (x86)/atmel/studio/7.0/toolchain/avr8/avr8-gnu-toolchain/bin/../lib/gcc/avr/5.4.0/../../../../avr/lib/avr5\libm.a(fp_pscA.o)
 .data          0x00000000        0x0 c:/program files (x86)/atmel/studio/7.0/toolchain/avr8/avr8-gnu-toolchain/bin/../lib/gcc/avr/5.4.0/../../../../avr/lib/avr5\libm.a(fp_pscA.o)
 .bss           0x00000000        0x0 c:/program files (x86)/atmel/studio/7.0/toolchain/avr8/avr8-gnu-toolchain/bin/../lib/gcc/avr/5.4.0/../../../../avr/lib/avr5\libm.a(fp_pscA.o)
 .text          0x00000000        0x0 c:/program files (x86)/atmel/studio/7.0/toolchain/avr8/avr8-gnu-toolchain/bin/../lib/gcc/avr/5.4.0/../../../../avr/lib/avr5\libm.a(fp_pscB.o)
 .data          0x00000000        0x0 c:/program files (x86)/atmel/studio/7.0/toolchain/avr8/avr8-gnu-toolchain/bin/../lib/gcc/avr/5.4.0/../../../../avr/lib/avr5\libm.a(fp_pscB.o)
 .bss           0x00000000        0x0 c:/program files (x86)/atmel/studio/7.0/toolchain/avr8/avr8-gnu-toolchain/bin/../lib/gcc/avr/5.4.0/../../../../avr/lib/avr5\libm.a(fp_pscB.o)
 .text          0x00000000        0x0 c:/program files (x86)/atmel/studio/7.0/toolchain/avr8/avr8-gnu-toolchain/bin/../lib/gcc/avr/5.4.0/../../../../avr/lib/avr5\libm.a(fp_round.o)
 .data          0x00000000        0x0 c:/program files (x86)/atmel/studio/7.0/toolchain/avr8/avr8-gnu-toolchain/bin/../lib/gcc/avr/5.4.0/../../../../avr/lib/avr5\libm.a(fp_round.o)
 .bss           0x00000000        0x0 c:/program files (x86)/atmel/studio/7.0/toolchain/avr8/avr8-gnu-toolchain/bin/../lib/gcc/avr/5.4.0/../../../../avr/lib/avr5\libm.a(fp_round.o)
 .text          0x00000000        0x0 c:/program files (x86)/atmel/studio/7.0/toolchain/avr8/avr8-gnu-toolchain/bin/../lib/gcc/avr/5.4.0/../../../../avr/lib/avr5\libm.a(fp_split3.o)
 .data          0x00000000        0x0 c:/program files (x86)/atmel/studio/7.0/toolchain/avr8/avr8-gnu-toolchain/bin/../lib/gcc/avr/5.4.0/../../../../avr/lib/avr5\libm.a(fp_split3.o)
 .bss           0x00000000        0x0 c:/program files (x86)/atmel/studio/7.0/toolchain/avr8/avr8-gnu-toolchain/bin/../lib/gcc/avr/5.4.0/../../../../avr/lib/avr5\libm.a(fp_split3.o)
 .text          0x00000000        0x0 c:/program files (x86)/atmel/studio/7.0/toolchain/avr8/avr8-gnu-toolchain/bin/../lib/gcc/avr/5.4.0/../../../../avr/lib/avr5\libm.a(fp_trunc.o)
 .data          0x00000000        0x0 c:/program files (x86)/atmel/studio/7.0/toolchain/avr8/avr8-gnu-toolchain/bin/../lib/gcc/avr/5.4.0/../../../../avr/lib/avr5\libm.a(fp_trunc.o)
 .bss           0x00000000        0x0 c:/program files (x86)/atmel/studio/7.0/toolchain/avr8/avr8-gnu-toolchain/bin/../lib/gcc/avr/5.4.0/../../../../avr/lib/avr5\libm.a(fp_trunc.o)
 .text          0x00000000        0x0 c:/program files (x86)/atmel/studio/7.0/toolchain/avr8/avr8-gnu-toolchain/bin/../lib/gcc/avr/5.4.0/../../../../avr/lib/avr5\libm.a(fp_zero.o)
 .data          0x00000000        0x0 c:/program files (x86)/atmel/studio/7.0/toolchain/avr8/avr8-gnu-toolchain/bin/../lib/gcc/avr/5.4.0/../../../../avr/lib/avr5\libm.a(fp_zero.o)
 .bss           0x00000000        0x0 c:/program files (x86)/atmel/studio/7.0/toolchain/avr8/avr8-gnu-toolchain/bin/../lib/gcc/avr/5.4.0/../../../../avr/lib/avr5\libm.a(fp_zero.o)
 .text          0x00000000        0x0 c:/program files (x86)/atmel/studio/7.0/toolchain/avr8/avr8-gnu-toolchain/bin/../lib/gcc/avr/5.4.0/../../../../avr/lib/avr5\libm.a(mulsf3.o)
 .data          0x00000000        0x0 c:/program files (x86)/atmel/studio/7.0/toolchain/avr8/avr8-gnu-toolchain/bin/../lib/gcc/avr/5.4.0/../../../../avr/lib/avr5\libm.a(mulsf3.o)
 .bss           0x00000000        0x0 c:/program files (x86)/atmel/studio/7.0/toolchain/avr8/avr8-gnu-toolchain/bin/../lib/gcc/avr/5.4.0/../../../../avr/lib/avr5\libm.a(mulsf3.o)
 .text          0x00000000        0x0 c:/program files (x86)/atmel/studio/7.0/toolchain/avr8/avr8-gnu-toolchain/bin/../lib/gcc/avr/5.4.0/../../../../avr/lib/avr5\libm.a(mulsf3x.o)
 .data          0x00000000        0x0 c:/program files (x86)/atmel/studio/7.0/toolchain/avr8/avr8-gnu-toolchain/bin/../lib/gcc/avr/5.4.0/../../../../avr/lib/avr5\libm.a(mulsf3x.o)
 .bss           0x00000000        0x0 c:/program files (x86)/atmel/studio/7.0/toolchain/avr8/avr8-gnu-toolchain/bin/../lib/gcc/avr/5.4.0/../../../../avr/lib/avr5\libm.a(mulsf3x.o)
 .text          0x00000000        0x0 c:/program files (x86)/atmel/studio/7.0/toolchain/avr8/avr8-gnu-toolchain/bin/../lib/gcc/avr/5.4.0/avr5\libgcc.a(_mulsi3.o)
 .data          0x00000000        0x0 c:/program files (x86)/atmel/studio/7.0/toolchain/avr8/avr8-gnu-toolchain/bin/../lib/gcc/avr/5.4.0/avr5\libgcc.a(_mulsi3.o)
 .bss           0x00000000        0x0 c:/program files (x86)/atmel/studio/7.0/toolchain/avr8/avr8-gnu-toolchain/bin/../lib/gcc/avr/5.4.0/avr5\libgcc.a(_mulsi3.o)
 .text.libgcc.div
                0x00000000        0x0 c:/program files (x86)/atmel/studio/7.0/toolchain/avr8/avr8-gnu-toolchain/bin/../lib/gcc/avr/5.4.0/avr5\libgcc.a(_mulsi3.o)
 .text.libgcc   0x00000000        0x0 c:/program files (x86)/atmel/studio/7.0/toolchain/avr8/avr8-gnu-toolchain/bin/../lib/gcc/avr/5.4.0/avr5\libgcc.a(_mulsi3.o)
 .text.libgcc.prologue
                0x00000000        0x0 c:/program files (x86)/atmel/studio/7.0/toolchain/avr8/avr8-gnu-toolchain/bin/../lib/gcc/avr/5.4.0/avr5\libgcc.a(_mulsi3.o)
 .text.libgcc.builtins
                0x00000000        0x0 c:/program files (x86)/atmel/studio/7.0/toolchain/avr8/avr8-gnu-toolchain/bin/../lib/gcc/avr/5.4.0/avr5\libgcc.a(_mulsi3.o)
 .text.libgcc.fmul
                0x00000000        0x0 c:/program files (x86)/atmel/studio/7.0/toolchain/avr8/avr8-gnu-toolchain/bin/../lib/gcc/avr/5.4.0/avr5\libgcc.a(_mulsi3.o)
 .text.libgcc.fixed
                0x00000000        0x0 c:/program files (x86)/atmel/studio/7.0/toolchain/avr8/avr8-gnu-toolchain/bin/../lib/gcc/avr/5.4.0/avr5\libgcc.a(_mulsi3.o)
 .text          0x00000000        0x0 c:/program files (x86)/atmel/studio/7.0/toolchain/avr8/avr8-gnu-toolchain/bin/../lib/gcc/avr/5.4.0/avr5\libgcc.a(_udivmodsi4.o)
 .data          0x00000000        0x0 c:/program files (x86)/atmel/studio/7.0/toolchain/avr8/avr8-gnu-toolchain/bin/../lib/gcc/avr/5.4.0/avr5\libgcc.a(_udivmodsi4.o)
 .bss           0x00000000        0x0 c:/program files (x86)/atmel/studio/7.0/toolchain/avr8/avr8-gnu-toolchain/bin/../lib/gcc/avr/5.4.0/avr5\libgcc.a(_udivmodsi4.o)
 .text.libgcc.mul
                0x00000000        0x0 c:/program files (x86)/atmel/studio/7.0/toolchain/avr8/avr8-gnu-toolchain/bin/../lib/gcc/avr/5.4.0/avr5\libgcc.a(_udivmodsi4.o)
 .text.libgcc   0x00000000        0x0 c:/program files (x86)/atmel/studio/7.0/toolchain/avr8/avr8-gnu-toolchain/bin/../lib/gcc/avr/5.4.0/avr5\libgcc.a(_udivmodsi4.o)
 .text.libgcc.prologue
                0x00000000        0x0 c:/program files (x86)/atmel/studio/7.0/toolchain/avr8/avr8-gnu-toolchain/bin/../lib/gcc/avr/5.4.0/avr5\libgcc.a(_udivmodsi4.o)
 .text.libgcc.builtins
                0x00000000        0x0 c:/program files (x86)/atmel/studio/7.0/toolchain/avr8/avr8-gnu-toolchain/bin/../lib/gcc/avr/5.4.0/avr5\libgcc.a(_udivmodsi4.o)
 .text.libgcc.fmul
                0x00000000        0x0 c:/program files (x86)/atmel/studio/7.0/toolchain/avr8/avr8-gnu-toolchain/bin/../lib/gcc/avr/5.4.0/avr5\libgcc.a(_udivmodsi4.o)
 .text.libgcc.fixed
                0x00000000        0x0 c:/program files (x86)/atmel/studio/7.0/toolchain/avr8/avr8-gnu-toolchain/bin/../lib/gcc/avr/5.4.0/avr5\libgcc.a(_udivmodsi4.o)
 .text          0x00000000        0x0 c:/program files (x86)/atmel/studio/7.0/toolchain/avr8/avr8-gnu-toolchain/bin/../lib/gcc/avr/5.4.0/avr5\libgcc.a(_exit.o)
 .data          0x00000000        0x0 c:/program files (x86)/atmel/studio/7.0/toolchain/avr8/avr8-gnu-toolchain/bin/../lib/gcc/avr/5.4.0/avr5\libgcc.a(_exit.o)
 .bss           0x00000000        0x0 c:/program files (x86)/atmel/studio/7.0/toolchain/avr8/avr8-gnu-toolchain/bin/../lib/gcc/avr/5.4.0/avr5\libgcc.a(_exit.o)
 .text.libgcc.mul
                0x00000000        0x0 c:/program files (x86)/atmel/studio/7.0/toolchain/avr8/avr8-gnu-toolchain/bin/../lib/gcc/avr/5.4.0/avr5\libgcc.a(_exit.o)
 .text.libgcc.div
                0x00000000        0x0 c:/program files (x86)/atmel/studio/7.0/toolchain/avr8/avr8-gnu-toolchain/bin/../lib/gcc/avr/5.4.0/avr5\libgcc.a(_exit.o)
 .text.libgcc   0x00000000        0x0 c:/program files (x86)/atmel/studio/7.0/toolchain/avr8/avr8-gnu-toolchain/bin/../lib/gcc/avr/5.4.0/avr5\libgcc.a(_exit.o)
 .text.libgcc.prologue
                0x00000000        0x0 c:/program files (x86)/atmel/studio/7.0/toolchain/avr8/avr8-gnu-toolchain/bin/../lib/gcc/avr/5.4.0/avr5\libgcc.a(_exit.o)
 .text.libgcc.builtins
                0x00000000        0x0 c:/program files (x86)/atmel/studio/7.0/toolchain/avr8/avr8-gnu-toolchain/bin/../lib/gcc/avr/5.4.0/avr5\libgcc.a(_exit.o)
 .text.libgcc.fmul
                0x00000000        0x0 c:/program files (x86)/atmel/studio/7.0/toolchain/avr8/avr8-gnu-toolchain/bin/../lib/gcc/avr/5.4.0/avr5\libgcc.a(_exit.o)
 .text.libgcc.fixed
                0x00000000        0x0 c:/program files (x86)/atmel/studio/7.0/toolchain/avr8/avr8-gnu-toolchain/bin/../lib/gcc/avr/5.4.0/avr5\libgcc.a(_exit.o)
 .text          0x00000000        0x0 c:/program files (x86)/atmel/studio/7.0/toolchain/avr8/avr8-gnu-toolchain/bin/../lib/gcc/avr/5.4.0/avr5\libgcc.a(_copy_data.o)
 .data          0x00000000        0x0 c:/program files (x86)/atmel/studio/7.0/toolchain/avr8/avr8-gnu-toolchain/bin/../lib/gcc/avr/5.4.0/avr5\libgcc.a(_copy_data.o)
 .bss           0x00000000        0x0 c:/program files (x86)/atmel/studio/7.0/toolchain/avr8/avr8-gnu-toolchain/bin/../lib/gcc/avr/5.4.0/avr5\libgcc.a(_copy_data.o)
 .text.libgcc.mul
                0x00000000        0x0 c:/program files (x86)/atmel/studio/7.0/toolchain/avr8/avr8-gnu-toolchain/bin/../lib/gcc/avr/5.4.0/avr5\libgcc.a(_copy_data.o)
 .text.libgcc.div
                0x00000000        0x0 c:/program files (x86)/atmel/studio/7.0/toolchain/avr8/avr8-gnu-toolchain/bin/../lib/gcc/avr/5.4.0/avr5\libgcc.a(_copy_data.o)
 .text.libgcc   0x00000000        0x0 c:/program files (x86)/atmel/studio/7.0/toolchain/avr8/avr8-gnu-toolchain/bin/../lib/gcc/avr/5.4.0/avr5\libgcc.a(_copy_data.o)
 .text.libgcc.prologue
                0x00000000        0x0 c:/program files (x86)/atmel/studio/7.0/toolchain/avr8/avr8-gnu-toolchain/bin/../lib/gcc/avr/5.4.0/avr5\libgcc.a(_copy_data.o)
 .text.libgcc.builtins
                0x00000000        0x0 c:/program files (x86)/atmel/studio/7.0/toolchain/avr8/avr8-gnu-toolchain/bin/../lib/gcc/avr/5.4.0/avr5\libgcc.a(_copy_data.o)
 .text.libgcc.fmul
                0x00000000        0x0 c:/program files (x86)/atmel/studio/7.0/toolchain/avr8/avr8-gnu-toolchain/bin/../lib/gcc/avr/5.4.0/avr5\libgcc.a(_copy_data.o)
 .text.libgcc.fixed
                0x00000000        0x0 c:/program files (x86)/atmel/studio/7.0/toolchain/avr8/avr8-gnu-toolchain/bin/../lib/gcc/avr/5.4.0/avr5\libgcc.a(_copy_data.o)
 .text          0x00000000        0x0 c:/program files (x86)/atmel/studio/7.0/toolchain/avr8/avr8-gnu-toolchain/bin/../lib/gcc/avr/5.4.0/avr5\libgcc.a(_clear_bss.o)
 .data          0x00000000        0x0 c:/program files (x86)/atmel/studio/7.0/toolchain/avr8/avr8-gnu-toolchain/bin/../lib/gcc/avr/5.4.0/avr5\libgcc.a(_clear_bss.o)
 .bss           0x00000000        0x0 c:/program files (x86)/atmel/studio/7.0/toolchain/avr8/avr8-gnu-toolchain/bin/../lib/gcc/avr/5.4.0/avr5\libgcc.a(_clear_bss.o)
 .text.libgcc.mul
                0x00000000        0x0 c:/program files (x86)/atmel/studio/7.0/toolchain/avr8/avr8-gnu-toolchain/bin/../lib/gcc/avr/5.4.0/avr5\libgcc.a(_clear_bss.o)
 .text.libgcc.div
                0x00000000        0x0 c:/program files (x86)/atmel/studio/7.0/toolchain/avr8/avr8-gnu-toolchain/bin/../lib/gcc/avr/5.4.0/avr5\libgcc.a(_clear_bss.o)
 .text.libgcc   0x00000000        0x0 c:/program files (x86)/atmel/studio/7.0/toolchain/avr8/avr8-gnu-toolchain/bin/../lib/gcc/avr/5.4.0/avr5\libgcc.a(_clear_bss.o)
 .text.libgcc.prologue
                0x00000000        0x0 c:/program files (x86)/atmel/studio/7.0/toolchain/avr8/avr8-gnu-toolchain/bin/../lib/gcc/avr/5.4.0/avr5\libgcc.a(_clear_bss.o)
 .text.libgcc.builtins
                0x00000000        0x0 c:/program files (x86)/atmel/studio/7.0/toolchain/avr8/avr8-gnu-toolchain/bin/../lib/gcc/avr/5.4.0/avr5\libgcc.a(_clear_bss.o)
 .text.libgcc.fmul
                0x00000000        0x0 c:/program files (x86)/atmel/studio/7.0/toolchain/avr8/avr8-gnu-toolchain/bin/../lib/gcc/avr/5.4.0/avr5\libgcc.a(_clear_bss.o)
 .text.libgcc.fixed
                0x00000000        0x0 c:/program files (x86)/atmel/studio/7.0/toolchain/avr8/avr8-gnu-toolchain/bin/../lib/gcc/avr/5.4.0/avr5\libgcc.a(_clear_bss.o)
 .text          0x00000000        0x0 c:/program files (x86)/atmel/studio/7.0/toolchain/avr8/avr8-gnu-toolchain/bin/../lib/gcc/avr/5.4.0/avr5\libgcc.a(_muluhisi3.o)
 .data          0x00000000        0x0 c:/program files (x86)/atmel/studio/7.0/toolchain/avr8/avr8-gnu-toolchain/bin/../lib/gcc/avr/5.4.0/avr5\libgcc.a(_muluhisi3.o)
 .bss           0x00000000        0x0 c:/program files (x86)/atmel/studio/7.0/toolchain/avr8/avr8-gnu-toolchain/bin/../lib/gcc/avr/5.4.0/avr5\libgcc.a(_muluhisi3.o)
 .text.libgcc.div
                0x00000000        0x0 c:/program files (x86)/atmel/studio/7.0/toolchain/avr8/avr8-gnu-toolchain/bin/../lib/gcc/avr/5.4.0/avr5\libgcc.a(_muluhisi3.o)
 .text.libgcc   0x00000000        0x0 c:/program files (x86)/atmel/studio/7.0/toolchain/avr8/avr8-gnu-toolchain/bin/../lib/gcc/avr/5.4.0/avr5\libgcc.a(_muluhisi3.o)
 .text.libgcc.prologue
                0x00000000        0x0 c:/program files (x86)/atmel/studio/7.0/toolchain/avr8/avr8-gnu-toolchain/bin/../lib/gcc/avr/5.4.0/avr5\libgcc.a(_muluhisi3.o)
 .text.libgcc.builtins
                0x00000000        0x0 c:/program files (x86)/atmel/studio/7.0/toolchain/avr8/avr8-gnu-toolchain/bin/../lib/gcc/avr/5.4.0/avr5\libgcc.a(_muluhisi3.o)
 .text.libgcc.fmul
                0x00000000        0x0 c:/program files (x86)/atmel/studio/7.0/toolchain/avr8/avr8-gnu-toolchain/bin/../lib/gcc/avr/5.4.0/avr5\libgcc.a(_muluhisi3.o)
 .text.libgcc.fixed
                0x00000000        0x0 c:/program files (x86)/atmel/studio/7.0/toolchain/avr8/avr8-gnu-toolchain/bin/../lib/gcc/avr/5.4.0/avr5\libgcc.a(_muluhisi3.o)
 .text          0x00000000        0x0 c:/program files (x86)/atmel/studio/7.0/toolchain/avr8/avr8-gnu-toolchain/bin/../lib/gcc/avr/5.4.0/avr5\libgcc.a(_prologue.o)
 .data          0x00000000        0x0 c:/program files (x86)/atmel/studio/7.0/toolchain/avr8/avr8-gnu-toolchain/bin/../lib/gcc/avr/5.4.0/avr5\libgcc.a(_prologue.o)
 .bss           0x00000000        0x0 c:/program files (x86)/atmel/studio/7.0/toolchain/avr8/avr8-gnu-toolchain/bin/../lib/gcc/avr/5.4.0/avr5\libgcc.a(_prologue.o)
 .text.libgcc.mul
                0x00000000        0x0 c:/program files (x86)/atmel/studio/7.0/toolchain/avr8/avr8-gnu-toolchain/bin/../lib/gcc/avr/5.4.0/avr5\libgcc.a(_prologue.o)
 .text.libgcc.div
                0x00000000        0x0 c:/program files (x86)/atmel/studio/7.0/toolchain/avr8/avr8-gnu-toolchain/bin/../lib/gcc/avr/5.4.0/avr5\libgcc.a(_prologue.o)
 .text.libgcc   0x00000000        0x0 c:/program files (x86)/atmel/studio/7.0/toolchain/avr8/avr8-gnu-toolchain/bin/../lib/gcc/avr/5.4.0/avr5\libgcc.a(_prologue.o)
 .text.libgcc.builtins
                0x00000000        0x0 c:/program files (x86)/atmel/studio/7.0/toolchain/avr8/avr8-gnu-toolchain/bin/../lib/gcc/avr/5.4.0/avr5\libgcc.a(_prologue.o)
 .text.libgcc.fmul
                0x00000000        0x0 c:/program files (x86)/atmel/studio/7.0/toolchain/avr8/avr8-gnu-toolchain/bin/../lib/gcc/avr/5.4.0/avr5\libgcc.a(_prologue.o)
 .text.libgcc.fixed
                0x00000000        0x0 c:/program files (x86)/atmel/studio/7.0/toolchain/avr8/avr8-gnu-toolchain/bin/../lib/gcc/avr/5.4.0/avr5\libgcc.a(_prologue.o)
 .text          0x00000000        0x0 c:/program files (x86)/atmel/studio/7.0/toolchain/avr8/avr8-gnu-toolchain/bin/../lib/gcc/avr/5.4.0/avr5\libgcc.a(_epilogue.o)
 .data          0x00000000        0x0 c:/program files (x86)/atmel/studio/7.0/toolchain/avr8/avr8-gnu-toolchain/bin/../lib/gcc/avr/5.4.0/avr5\libgcc.a(_epilogue.o)
 .bss           0x00000000        0x0 c:/program files (x86)/atmel/studio/7.0/toolchain/avr8/avr8-gnu-toolchain/bin/../lib/gcc/avr/5.4.0/avr5\libgcc.a(_epilogue.o)
 .text.libgcc.mul
                0x00000000        0x0 c:/program files (x86)/atmel/studio/7.0/toolchain/avr8/avr8-gnu-toolchain/bin/../lib/gcc/avr/5.4.0/avr5\libgcc.a(_epilogue.o)
 .text.libgcc.div
                0x00000000        0x0 c:/program files (x86)/atmel/studio/7.0/toolchain/avr8/avr8-gnu-toolchain/bin/../lib/gcc/avr/5.4.0/avr5\libgcc.a(_epilogue.o)
 .text.libgcc   0x00000000        0x0 c:/program files (x86)/atmel/studio/7.0/toolchain/avr8/avr8-gnu-toolchain/bin/../lib/gcc/avr/5.4.0/avr5\libgcc.a(_epilogue.o)
 .text.libgcc.builtins
                0x00000000        0x0 c:/program files (x86)/atmel/studio/7.0/toolchain/avr8/avr8-gnu-toolchain/bin/../lib/gcc/avr/5.4.0/avr5\libgcc.a(_epilogue.o)
 .text.libgcc.fmul
                0x00000000        0x0 c:/program files (x86)/atmel/studio/7.0/toolchain/avr8/avr8-gnu-toolchain/bin/../lib/gcc/avr/5.4.0/avr5\libgcc.a(_epilogue.o)
 .text.libgcc.fixed
                0x00000000        0x0 c:/program files (x86)/atmel/studio/7.0/toolchain/avr8/avr8-gnu-toolchain/bin/../lib/gcc/avr/5.4.0/avr5\libgcc.a(_epilogue.o)
 .text          0x00000000        0x0 c:/program files (x86)/atmel/studio/7.0/toolchain/avr8/avr8-gnu-toolchain/bin/../lib/gcc/avr/5.4.0/avr5\libgcc.a(_umulhisi3.o)
 .data          0x00000000        0x0 c:/program files (x86)/atmel/studio/7.0/toolchain/avr8/avr8-gnu-toolchain/bin/../lib/gcc/avr/5.4.0/avr5\libgcc.a(_umulhisi3.o)
 .bss           0x00000000        0x0 c:/program files (x86)/atmel/studio/7.0/toolchain/avr8/avr8-gnu-toolchain/bin/../lib/gcc/avr/5.4.0/avr5\libgcc.a(_umulhisi3.o)
 .text.libgcc.div
                0x00000000        0x0 c:/program files (x86)/atmel/studio/7.0/toolchain/avr8/avr8-gnu-toolchain/bin/../lib/gcc/avr/5.4.0/avr5\libgcc.a(_umulhisi3.o)
 .text.libgcc   0x00000000        0x0 c:/program files (x86)/atmel/studio/7.0/toolchain/avr8/avr8-gnu-toolchain/bin/../lib/gcc/avr/5.4.0/avr5\libgcc.a(_umulhisi3.o)
 .text.libgcc.prologue
                0x00000000        0x0 c:/program files (x86)/atmel/studio/7.0/toolchain/avr8/avr8-gnu-toolchain/bin/../lib/gcc/avr/5.4.0/avr5\libgcc.a(_umulhisi3.o)
 .text.libgcc.builtins
                0x00000000        0x0 c:/program files (x86)/atmel/studio/7.0/toolchain/avr8/avr8-gnu-toolchain/bin/../lib/gcc/avr/5.4.0/avr5\libgcc.a(_umulhisi3.o)
 .text.libgcc.fmul
                0x00000000        0x0 c:/program files (x86)/atmel/studio/7.0/toolchain/avr8/avr8-gnu-toolchain/bin/../lib/gcc/avr/5.4.0/avr5\libgcc.a(_umulhisi3.o)
 .text.libgcc.fixed
                0x00000000        0x0 c:/program files (x86)/atmel/studio/7.0/toolchain/avr8/avr8-gnu-toolchain/bin/../lib/gcc/avr/5.4.0/avr5\libgcc.a(_umulhisi3.o)
 .text          0x00000000        0x0 c:/program files (x86)/atmel/studio/7.0/toolchain/avr8/avr8-gnu-toolchain/bin/../lib/gcc/avr/5.4.0/../../../../avr/lib/avr5\libc.a(malloc.o)
 .bss           0x00000000        0x0 c:/program files (x86)/atmel/studio/7.0/toolchain/avr8/avr8-gnu-toolchain/bin/../lib/gcc/avr/5.4.0/../../../../avr/lib/avr5\libc.a(malloc.o)
 .text          0x00000000        0x0 c:/program files (x86)/atmel/studio/7.0/toolchain/avr8/avr8-gnu-toolchain/bin/../lib/gcc/avr/5.4.0/../../../../avr/lib/avr5\libc.a(ftoa_engine.o)
 .data          0x00000000        0x0 c:/program files (x86)/atmel/studio/7.0/toolchain/avr8/avr8-gnu-toolchain/bin/../lib/gcc/avr/5.4.0/../../../../avr/lib/avr5\libc.a(ftoa_engine.o)
 .bss           0x00000000        0x0 c:/program files (x86)/atmel/studio/7.0/toolchain/avr8/avr8-gnu-toolchain/bin/../lib/gcc/avr/5.4.0/../../../../avr/lib/avr5\libc.a(ftoa_engine.o)
 .text          0x00000000        0x0 c:/program files (x86)/atmel/studio/7.0/toolchain/avr8/avr8-gnu-toolchain/bin/../lib/gcc/avr/5.4.0/../../../../avr/lib/avr5\libc.a(strnlen_P.o)
 .data          0x00000000        0x0 c:/program files (x86)/atmel/studio/7.0/toolchain/avr8/avr8-gnu-toolchain/bin/../lib/gcc/avr/5.4.0/../../../../avr/lib/avr5\libc.a(strnlen_P.o)
 .bss           0x00000000        0x0 c:/program files (x86)/atmel/studio/7.0/toolchain/avr8/avr8-gnu-toolchain/bin/../lib/gcc/avr/5.4.0/../../../../avr/lib/avr5\libc.a(strnlen_P.o)
 .text          0x00000000        0x0 c:/program files (x86)/atmel/studio/7.0/toolchain/avr8/avr8-gnu-toolchain/bin/../lib/gcc/avr/5.4.0/../../../../avr/lib/avr5\libc.a(strnlen.o)
 .data          0x00000000        0x0 c:/program files (x86)/atmel/studio/7.0/toolchain/avr8/avr8-gnu-toolchain/bin/../lib/gcc/avr/5.4.0/../../../../avr/lib/avr5\libc.a(strnlen.o)
 .bss           0x00000000        0x0 c:/program files (x86)/atmel/studio/7.0/toolchain/avr8/avr8-gnu-toolchain/bin/../lib/gcc/avr/5.4.0/../../../../avr/lib/avr5\libc.a(strnlen.o)
 .text          0x00000000        0x0 c:/program files (x86)/atmel/studio/7.0/toolchain/avr8/avr8-gnu-toolchain/bin/../lib/gcc/avr/5.4.0/../../../../avr/lib/avr5\libc.a(fputc.o)
 .data          0x00000000        0x0 c:/program files (x86)/atmel/studio/7.0/toolchain/avr8/avr8-gnu-toolchain/bin/../lib/gcc/avr/5.4.0/../../../../avr/lib/avr5\libc.a(fputc.o)
 .bss           0x00000000        0x0 c:/program files (x86)/atmel/studio/7.0/toolchain/avr8/avr8-gnu-toolchain/bin/../lib/gcc/avr/5.4.0/../../../../avr/lib/avr5\libc.a(fputc.o)
 .text          0x00000000        0x0 c:/program files (x86)/atmel/studio/7.0/toolchain/avr8/avr8-gnu-toolchain/bin/../lib/gcc/avr/5.4.0/../../../../avr/lib/avr5\libc.a(ultoa_invert.o)
 .data          0x00000000        0x0 c:/program files (x86)/atmel/studio/7.0/toolchain/avr8/avr8-gnu-toolchain/bin/../lib/gcc/avr/5.4.0/../../../../avr/lib/avr5\libc.a(ultoa_invert.o)
 .bss           0x00000000        0x0 c:/program files (x86)/atmel/studio/7.0/toolchain/avr8/avr8-gnu-toolchain/bin/../lib/gcc/avr/5.4.0/../../../../avr/lib/avr5\libc.a(ultoa_invert.o)

Memory Configuration

Name             Origin             Length             Attributes
text             0x00000000         0x00020000         xr
data             0x00800060         0x0000ffa0         rw !x
eeprom           0x00810000         0x00010000         rw !x
fuse             0x00820000         0x00000003         rw !x
lock             0x00830000         0x00000400         rw !x
signature        0x00840000         0x00000400         rw !x
user_signatures  0x00850000         0x00000400         rw !x
*default*        0x00000000         0xffffffff

Linker script and memory map

Address of section .data set to 0x800100
LOAD C:/Program Files (x86)/Atmel/Studio/7.0/Packs/atmel/ATmega_DFP/1.3.300/gcc/dev/atmega324p/avr5/crtatmega324p.o
LOAD main.o
LOAD src/apps.o
LOAD src/motor_control.o
START GROUP
LOAD ../../../../../capi324v221-v1.09.002R\libcapi324v221.a
LOAD c:/program files (x86)/atmel/studio/7.0/toolchain/avr8/avr8-gnu-toolchain/bin/../lib/gcc/avr/5.4.0/../../../../avr/lib/avr5\libprintf_flt.a
LOAD c:/program files (x86)/atmel/studio/7.0/toolchain/avr8/avr8-gnu-toolchain/bin/../lib/gcc/avr/5.4.0/../../../../avr/lib/avr5\libm.a
END GROUP
START GROUP
LOAD c:/program files (x86)/atmel/studio/7.0/toolchain/avr8/avr8-gnu-toolchain/bin/../lib/gcc/avr/5.4.0/avr5\libgcc.a
LOAD c:/program files (x86)/atmel/studio/7.0/toolchain/avr8/avr8-gnu-toolchain/bin/../lib/gcc/avr/5.4.0/../../../../avr/lib/avr5\libm.a
LOAD c:/program files (x86)/atmel/studio/7.0/toolchain/avr8/avr8-gnu-toolchain/bin/../lib/gcc/avr/5.4.0/../../../../avr/lib/avr5\libc.a
LOAD C:/Program Files (x86)/Atmel/Studio/7.0/Packs/atmel/ATmega_DFP/1.3.300/gcc/dev/atmega324p/avr5\libatmega324p.a
END GROUP
                0x00000000                __TEXT_REGION_ORIGIN__ = DEFINED (__TEXT_REGION_ORIGIN__)?__TEXT_REGION_ORIGIN__:0x0
                0x00800060                __DATA_REGION_ORIGIN__ = DEFINED (__DATA_REGION_ORIGIN__)?__DATA_REGION_ORIGIN__:0x800060
                0x00020000                __TEXT_REGION_LENGTH__ = DEFINED (__TEXT_REGION_LENGTH__)?__TEXT_REGION_LENGTH__:0x20000
                0x0000ffa0                __DATA_REGION_LENGTH__ = DEFINED (__DATA_REGION_LENGTH__)?__DATA_REGION_LENGTH__:0xffa0
                0x00010000                __EEPROM_REGION_LENGTH__ = DEFINED (__EEPROM_REGION_LENGTH__)?__EEPROM_REGION_LENGTH__:0x10000
                [0x00000003]                __FUSE_REGION_LENGTH__ = DEFINED (__FUSE_REGION_LENGTH__)?__FUSE_REGION_LENGTH__:0x400
                0x00000400                __LOCK_REGION_LENGTH__ = DEFINED (__LOCK_REGION_LENGTH__)?__LOCK_REGION_LENGTH__:0x400
                0x00000400                __SIGNATURE_REGION_LENGTH__ = DEFINED (__SIGNATURE_REGION_LENGTH__)?__SIGNATURE_REGION_LENGTH__:0x400
                0x00000400                __USER_SIGNATURE_REGION_LENGTH__ = DEFINED (__USER_SIGNATURE_REGION_LENGTH__)?__USER_SIGNATURE_REGION_LENGTH__:0x400

.hash
 *(.hash)

.dynsym
 *(.dynsym)

.dynstr
 *(.dynstr)

.gnu.version
 *(.gnu.version)

.gnu.version_d
 *(.gnu.version_d)

.gnu.version_r
 *(.gnu.version_r)

.rel.init
 *(.rel.init)

.rela.init
 *(.rela.init)

.rel.text
 *(.rel.text)
 *(.rel.text.*)
 *(.rel.gnu.linkonce.t*)

.rela.text
 *(.rela.text)
 *(.rela.text.*)
 *(.rela.gnu.linkonce.t*)

.rel.fini
 *(.rel.fini)

.rela.fini
 *(.rela.fini)

.rel.rodata
 *(.rel.rodata)
 *(.rel.rodata.*)
 *(.rel.gnu.linkonce.r*)

.rela.rodata
 *(.rela.rodata)
 *(.rela.rodata.*)
 *(.rela.gnu.linkonce.r*)

.rel.data
 *(.rel.data)
 *(.rel.data.*)
 *(.rel.gnu.linkonce.d*)

.rela.data
 *(.rela.data)
 *(.rela.data.*)
 *(.rela.gnu.linkonce.d*)

.rel.ctors
 *(.rel.ctors)

.rela.ctors
 *(.rela.ctors)

.rel.dtors
 *(.rel.dtors)

.rela.dtors
 *(.rela.dtors)

.rel.got
 *(.rel.got)

.rela.got
 *(.rela.got)

.rel.bss
 *(.rel.bss)

.rela.bss
 *(.rela.bss)

.rel.plt
 *(.rel.plt)

.rela.plt
 *(.rela.plt)

.text           0x00000000     0x325a
 *(.vectors)
 .vectors       0x00000000       0x7c C:/Program Files (x86)/Atmel/Studio/7.0/Packs/atmel/ATmega_DFP/1.3.300/gcc/dev/atmega324p/avr5/crtatmega324p.o
                0x00000000                __vector_default
                0x00000000                __vectors
 *(.vectors)
 *(.progmem.gcc*)
 .progmem.gcc_sw_table
                0x0000007c       0x26 ../../../../../capi324v221-v1.09.002R\libcapi324v221.a(SYS_get_state.o)
 .progmem.gcc_sw_table
                0x000000a2       0x26 ../../../../../capi324v221-v1.09.002R\libcapi324v221.a(SYS_set_state.o)
                0x000000c8                . = ALIGN (0x2)
                0x000000c8                __trampolines_start = .
 *(.trampolines)
 .trampolines   0x000000c8        0x0 linker stubs
 *(.trampolines*)
                0x000000c8                __trampolines_end = .
 *libprintf_flt.a:*(.progmem.data)
 .progmem.data  0x000000c8        0x8 c:/program files (x86)/atmel/studio/7.0/toolchain/avr8/avr8-gnu-toolchain/bin/../lib/gcc/avr/5.4.0/../../../../avr/lib/avr5\libprintf_flt.a(vfprintf_flt.o)
 *libc.a:*(.progmem.data)
 .progmem.data  0x000000d0       0xfa c:/program files (x86)/atmel/studio/7.0/toolchain/avr8/avr8-gnu-toolchain/bin/../lib/gcc/avr/5.4.0/../../../../avr/lib/avr5\libc.a(ftoa_engine.o)
 *(.progmem*)
                0x000001ca                . = ALIGN (0x2)
 *(.jumptables)
 *(.jumptables*)
 *(.lowtext)
 *(.lowtext*)
                0x000001ca                __ctors_start = .
 *(.ctors)
                0x000001ca                __ctors_end = .
                0x000001ca                __dtors_start = .
 *(.dtors)
                0x000001ca                __dtors_end = .
 SORT(*)(.ctors)
 SORT(*)(.dtors)
 *(.init0)
 .init0         0x000001ca        0x0 C:/Program Files (x86)/Atmel/Studio/7.0/Packs/atmel/ATmega_DFP/1.3.300/gcc/dev/atmega324p/avr5/crtatmega324p.o
                0x000001ca                __init
 *(.init0)
 *(.init1)
 *(.init1)
 *(.init2)
 .init2         0x000001ca        0xc C:/Program Files (x86)/Atmel/Studio/7.0/Packs/atmel/ATmega_DFP/1.3.300/gcc/dev/atmega324p/avr5/crtatmega324p.o
 *(.init2)
 *(.init3)
 *(.init3)
 *(.init4)
 .init4         0x000001d6       0x16 c:/program files (x86)/atmel/studio/7.0/toolchain/avr8/avr8-gnu-toolchain/bin/../lib/gcc/avr/5.4.0/avr5\libgcc.a(_copy_data.o)
                0x000001d6                __do_copy_data
 .init4         0x000001ec       0x10 c:/program files (x86)/atmel/studio/7.0/toolchain/avr8/avr8-gnu-toolchain/bin/../lib/gcc/avr/5.4.0/avr5\libgcc.a(_clear_bss.o)
                0x000001ec                __do_clear_bss
 *(.init4)
 *(.init5)
 *(.init5)
 *(.init6)
 *(.init6)
 *(.init7)
 *(.init7)
 *(.init8)
 *(.init8)
 *(.init9)
 .init9         0x000001fc        0x8 C:/Program Files (x86)/Atmel/Studio/7.0/Packs/atmel/ATmega_DFP/1.3.300/gcc/dev/atmega324p/avr5/crtatmega324p.o
 *(.init9)
 *(.text)
 .text          0x00000204        0x4 C:/Program Files (x86)/Atmel/Studio/7.0/Packs/atmel/ATmega_DFP/1.3.300/gcc/dev/atmega324p/avr5/crtatmega324p.o
                0x00000204                __vector_22
                0x00000204                __vector_28
                0x00000204                __vector_1
                0x00000204                __vector_24
                0x00000204                __bad_interrupt
                0x00000204                __vector_3
                0x00000204                __vector_23
                0x00000204                __vector_30
                0x00000204                __vector_25
                0x00000204                __vector_19
                0x00000204                __vector_27
                0x00000204                __vector_2
                0x00000204                __vector_21
                0x00000204                __vector_29
                0x00000204                __vector_8
                0x00000204                __vector_26
                0x00000204                __vector_20
 .text          0x00000208       0x18 main.o
                0x00000208                CBOT_main
 .text          0x00000220      0x13a src/apps.o
                0x00000220                app_lab_part1
                0x0000026c                app_lab_part2
                0x000002ae                app_lab_part3
                0x00000338                app_lab_part4
 .text          0x0000035a      0x24a src/motor_control.o
                0x0000035a                steps_per_distance
                0x00000368                move_forward_in_inches
                0x0000046c                turn_90_degrees
                0x00000532                turn_right_18_degrees
 .text          0x000005a4       0x12 ../../../../../capi324v221-v1.09.002R\libcapi324v221.a(CBOT_main.o)
                0x000005a4                main
 .text          0x000005b6       0x1c ../../../../../capi324v221-v1.09.002R\libcapi324v221.a(STEPPER_close.o)
                0x000005b6                STEPPER_close
 .text          0x000005d2      0x2c8 ../../../../../capi324v221-v1.09.002R\libcapi324v221.a(STEPPER_move.o)
                0x0000074c                STEPPER_move
 .text          0x0000089a       0xae ../../../../../capi324v221-v1.09.002R\libcapi324v221.a(STEPPER_open.o)
                0x0000089a                STEPPER_open
 .text          0x00000948       0x2e ../../../../../capi324v221-v1.09.002R\libcapi324v221.a(STEPPER_run.o)
                0x00000948                STEPPER_run
 .text          0x00000976       0x44 ../../../../../capi324v221-v1.09.002R\libcapi324v221.a(STEPPER_set_accel.o)
                0x00000976                STEPPER_set_accel
 .text          0x000009ba       0x2a ../../../../../capi324v221-v1.09.002R\libcapi324v221.a(STEPPER_set_dir.o)
                0x000009ba                STEPPER_set_dir
 .text          0x000009e4       0x2a ../../../../../capi324v221-v1.09.002R\libcapi324v221.a(STEPPER_set_mode.o)
                0x000009e4                STEPPER_set_mode
 .text          0x00000a0e       0x44 ../../../../../capi324v221-v1.09.002R\libcapi324v221.a(STEPPER_set_speed.o)
                0x00000a0e                STEPPER_set_speed
 .text          0x00000a52      0x118 ../../../../../capi324v221-v1.09.002R\libcapi324v221.a(STEPPER_step.o)
                0x00000a52                STEPPER_step
 .text          0x00000b6a       0x9c ../../../../../capi324v221-v1.09.002R\libcapi324v221.a(STEPPER_wait_and_then.o)
                0x00000b6a                STEPPER_wait_and_then
 .text          0x00000c06       0x90 ../../../../../capi324v221-v1.09.002R\libcapi324v221.a(SYS_get_state.o)
                0x00000c06                SYS_get_state
 .text          0x00000c96       0x8e ../../../../../capi324v221-v1.09.002R\libcapi324v221.a(SYS_set_state.o)
                0x00000c96                SYS_set_state
 .text          0x00000d24       0x42 ../../../../../capi324v221-v1.09.002R\libcapi324v221.a(TMRSRVC_delay.o)
                0x00000d24                TMRSRVC_delay
 .text          0x00000d66       0x7c ../../../../../capi324v221-v1.09.002R\libcapi324v221.a(TMRSRVC_new.o)
                0x00000d66                TMRSRVC_new
 .text          0x00000de2       0x1c ../../../../../capi324v221-v1.09.002R\libcapi324v221.a(CBOT_init.o)
                0x00000de2                CBOT_init
 .text          0x00000dfe      0x480 ../../../../../capi324v221-v1.09.002R\libcapi324v221.a(CBOT_isr.o)
                0x00000dfe                CBOT_ISR_init
                0x00000e02                __vector_16
                0x00000e54                __vector_17
                0x00000ea6                __vector_18
                0x00000ef8                __vector_9
                0x00000f4a                __vector_10
                0x00000f9c                __vector_11
                0x00000fee                __vector_13
                0x00001040                __vector_14
                0x00001092                __vector_12
                0x000010e4                __vector_15
                0x00001136                __vector_4
                0x00001188                __vector_5
                0x000011da                __vector_6
                0x0000122c                __vector_7
 .text          0x0000127e       0x28 ../../../../../capi324v221-v1.09.002R\libcapi324v221.a(ISR_open.o)
                0x0000127e                ISR_open
 .text          0x000012a6       0x24 ../../../../../capi324v221-v1.09.002R\libcapi324v221.a(ATMEGA_open.o)
                0x000012a6                ATMEGA_open
 .text          0x000012ca       0xa6 ../../../../../capi324v221-v1.09.002R\libcapi324v221.a(ATMEGA_set_clk_mode.o)
                0x000012ca                ATMEGA_set_clk_mode
 .text          0x00001370       0x72 ../../../../../capi324v221-v1.09.002R\libcapi324v221.a(SPI_open.o)
                0x00001370                SPI_open
 .text          0x000013e2       0x12 ../../../../../capi324v221-v1.09.002R\libcapi324v221.a(SPI_set_config_func.o)
                0x000013e2                SPI_set_config_func
 .text          0x000013f4       0xa2 ../../../../../capi324v221-v1.09.002R\libcapi324v221.a(SPI_set_slave_addr.o)
                0x000013f4                SPI_set_slave_addr
 .text          0x00001496       0x14 ../../../../../capi324v221-v1.09.002R\libcapi324v221.a(__STEPPER_close.o)
                0x00001496                __STEPPER_close
 .text          0x000014aa       0x2a ../../../../../capi324v221-v1.09.002R\libcapi324v221.a(STEPPER_go.o)
                0x000014aa                STEPPER_go
 .text          0x000014d4       0x14 ../../../../../capi324v221-v1.09.002R\libcapi324v221.a(__STEPPER_init.o)
                0x000014d4                __STEPPER_init
 .text          0x000014e8       0x36 ../../../../../capi324v221-v1.09.002R\libcapi324v221.a(STEPPER_set_steps.o)
                0x000014e8                STEPPER_set_steps
 .text          0x0000151e       0x2a ../../../../../capi324v221-v1.09.002R\libcapi324v221.a(STEPPER_set_stop_mode.o)
                0x0000151e                STEPPER_set_stop_mode
 .text          0x00001548       0x7a ../../../../../capi324v221-v1.09.002R\libcapi324v221.a(STEPPER_setup_decels.o)
                0x00001548                STEPPER_setup_decels
 .text          0x000015c2       0x46 ../../../../../capi324v221-v1.09.002R\libcapi324v221.a(SYS_init.o)
                0x000015c2                SYS_init
 .text          0x00001608       0x9e ../../../../../capi324v221-v1.09.002R\libcapi324v221.a(ATTINY_open.o)
                0x00001608                ATTINY_open
 .text          0x000016a6       0xd2 ../../../../../capi324v221-v1.09.002R\libcapi324v221.a(__TMRSRVC_insert.o)
                0x000016a6                TMRSRVC_insert
 .text          0x00001778       0x3e ../../../../../capi324v221-v1.09.002R\libcapi324v221.a(TMRSRVC_open.o)
                0x00001778                TMRSRVC_open
 .text          0x000017b6        0xc ../../../../../capi324v221-v1.09.002R\libcapi324v221.a(__TMRSRVC_start.o)
                0x000017b6                __TMRSRVC_start
 .text          0x000017c2        0x8 ../../../../../capi324v221-v1.09.002R\libcapi324v221.a(TMRSRVC_start.o)
                0x000017c2                TMRSRVC_start
 .text          0x000017ca       0x22 ../../../../../capi324v221-v1.09.002R\libcapi324v221.a(__ISR_attach.o)
                0x000017ca                __ISR_attach
 .text          0x000017ec        0x6 ../../../../../capi324v221-v1.09.002R\libcapi324v221.a(__ATMEGA_init.o)
                0x000017ec                __ATMEGA_init
 .text          0x000017f2       0x52 ../../../../../capi324v221-v1.09.002R\libcapi324v221.a(SPI_cfgrs.o)
                0x000017f2                SPI_default_config
                0x00001802                SPI_ATtiny0_config
                0x00001812                SPI_PSXC_config
                0x00001822                SPI_LCD_config
                0x00001832                SPI_FLASH_config
 .text          0x00001844        0xe ../../../../../capi324v221-v1.09.002R\libcapi324v221.a(__SPI_init.o)
                0x00001844                __SPI_init
 .text          0x00001852       0xda ../../../../../capi324v221-v1.09.002R\libcapi324v221.a(STEPPER_set_decel_step_values.o)
                0x00001852                STEPPER_set_decel_step_values
 .text          0x0000192c        0xe ../../../../../capi324v221-v1.09.002R\libcapi324v221.a(ISR__TIMER0_COMPA_vect.o)
                0x0000192c                __TIMER0_COMPA_vect
 .text          0x0000193a       0x12 ../../../../../capi324v221-v1.09.002R\libcapi324v221.a(__TMRSRVC_init.o)
                0x0000193a                __TMRSRVC_init
 .text          0x0000194c       0x32 ../../../../../capi324v221-v1.09.002R\libcapi324v221.a(TMRSRVC_tick.o)
                0x0000194c                TMRSRVC_tick
 .text          0x0000197e       0x4e ../../../../../capi324v221-v1.09.002R\libcapi324v221.a(SPKR_beep_clk.o)
                0x0000197e                SPKR_beep_clk
 .text          0x000019cc      0x162 ../../../../../capi324v221-v1.09.002R\libcapi324v221.a(STEPPER_clk.o)
                0x000019cc                STEPPER_clk
 .text          0x00001b2e       0x8a ../../../../../capi324v221-v1.09.002R\libcapi324v221.a(STEPPER_process_accel.o)
                0x00001b2e                STEPPER_process_accel
 .text          0x00001bb8      0x206 ../../../../../capi324v221-v1.09.002R\libcapi324v221.a(STEPPER_process_run_mode.o)
                0x00001bb8                STEPPER_process_run_mode
 .text          0x00001dbe       0xa8 ../../../../../capi324v221-v1.09.002R\libcapi324v221.a(STEPPER_process_step_mode.o)
                0x00001dbe                STEPPER_process_step_mode
 .text          0x00001e66       0x4a ../../../../../capi324v221-v1.09.002R\libcapi324v221.a(STEPPER_stop.o)
                0x00001e66                STEPPER_stop
 .text          0x00001eb0       0xd6 ../../../../../capi324v221-v1.09.002R\libcapi324v221.a(TMRSRVC_process.o)
                0x00001eb0                TMRSRVC_process
 .text          0x00001f86        0x6 ../../../../../capi324v221-v1.09.002R\libcapi324v221.a(TMRSRVC_stop.o)
                0x00001f86                TMRSRVC_stop
 .text          0x00001f8c      0x130 ../../../../../capi324v221-v1.09.002R\libcapi324v221.a(STEPPER_process_pwm.o)
                0x00001f8c                STEPPER_process_pwm
                0x000020bc                . = ALIGN (0x2)
 *(.text.*)
 .text.avr-libc
                0x000020bc      0x6fa c:/program files (x86)/atmel/studio/7.0/toolchain/avr8/avr8-gnu-toolchain/bin/../lib/gcc/avr/5.4.0/../../../../avr/lib/avr5\libprintf_flt.a(vfprintf_flt.o)
                0x000020bc                vfprintf
 .text.avr-libc.fplib
                0x000027b6        0xe c:/program files (x86)/atmel/studio/7.0/toolchain/avr8/avr8-gnu-toolchain/bin/../lib/gcc/avr/5.4.0/../../../../avr/lib/avr5\libm.a(addsf3.o)
                0x000027b6                __subsf3
                0x000027b8                __addsf3
 .text.avr-libc.fplib
                0x000027c4       0xcc c:/program files (x86)/atmel/studio/7.0/toolchain/avr8/avr8-gnu-toolchain/bin/../lib/gcc/avr/5.4.0/../../../../avr/lib/avr5\libm.a(addsf3x.o)
                0x000027e6                __addsf3x
 .text.avr-libc.fplib
                0x00002890        0x8 c:/program files (x86)/atmel/studio/7.0/toolchain/avr8/avr8-gnu-toolchain/bin/../lib/gcc/avr/5.4.0/../../../../avr/lib/avr5\libm.a(divsf3.o)
                0x00002890                __divsf3
 .text.avr-libc.fplib
                0x00002898       0xdc c:/program files (x86)/atmel/studio/7.0/toolchain/avr8/avr8-gnu-toolchain/bin/../lib/gcc/avr/5.4.0/../../../../avr/lib/avr5\libm.a(divsf3x.o)
                0x000028b8                __divsf3x
                0x000028be                __divsf3_pse
 .text.avr-libc.fplib
                0x00002974       0x5e c:/program files (x86)/atmel/studio/7.0/toolchain/avr8/avr8-gnu-toolchain/bin/../lib/gcc/avr/5.4.0/../../../../avr/lib/avr5\libm.a(fixunssfsi.o)
                0x00002974                __fixunssfsi
 .text.avr-libc.fplib
                0x000029d2       0x2e c:/program files (x86)/atmel/studio/7.0/toolchain/avr8/avr8-gnu-toolchain/bin/../lib/gcc/avr/5.4.0/../../../../avr/lib/avr5\libm.a(floor.o)
                0x000029d2                floor
 .text.avr-libc.fplib
                0x00002a00        0xc c:/program files (x86)/atmel/studio/7.0/toolchain/avr8/avr8-gnu-toolchain/bin/../lib/gcc/avr/5.4.0/../../../../avr/lib/avr5\libm.a(fp_inf.o)
                0x00002a00                __fp_inf
 .text.avr-libc.fplib
                0x00002a0c       0x36 c:/program files (x86)/atmel/studio/7.0/toolchain/avr8/avr8-gnu-toolchain/bin/../lib/gcc/avr/5.4.0/../../../../avr/lib/avr5\libm.a(fp_mintl.o)
                0x00002a0c                __fp_mintl
 .text.avr-libc.fplib
                0x00002a42       0x1c c:/program files (x86)/atmel/studio/7.0/toolchain/avr8/avr8-gnu-toolchain/bin/../lib/gcc/avr/5.4.0/../../../../avr/lib/avr5\libm.a(fp_mpack.o)
                0x00002a42                __fp_mpack
                0x00002a46                __fp_mpack_finite
 .text.avr-libc.fplib
                0x00002a5e        0x6 c:/program files (x86)/atmel/studio/7.0/toolchain/avr8/avr8-gnu-toolchain/bin/../lib/gcc/avr/5.4.0/../../../../avr/lib/avr5\libm.a(fp_nan.o)
                0x00002a5e                __fp_nan
 .text.avr-libc.fplib
                0x00002a64        0xe c:/program files (x86)/atmel/studio/7.0/toolchain/avr8/avr8-gnu-toolchain/bin/../lib/gcc/avr/5.4.0/../../../../avr/lib/avr5\libm.a(fp_pscA.o)
                0x00002a64                __fp_pscA
 .text.avr-libc.fplib
                0x00002a72        0xe c:/program files (x86)/atmel/studio/7.0/toolchain/avr8/avr8-gnu-toolchain/bin/../lib/gcc/avr/5.4.0/../../../../avr/lib/avr5\libm.a(fp_pscB.o)
                0x00002a72                __fp_pscB
 .text.avr-libc.fplib
                0x00002a80       0x22 c:/program files (x86)/atmel/studio/7.0/toolchain/avr8/avr8-gnu-toolchain/bin/../lib/gcc/avr/5.4.0/../../../../avr/lib/avr5\libm.a(fp_round.o)
                0x00002a80                __fp_round
 .text.avr-libc.fplib
                0x00002aa2       0x44 c:/program files (x86)/atmel/studio/7.0/toolchain/avr8/avr8-gnu-toolchain/bin/../lib/gcc/avr/5.4.0/../../../../avr/lib/avr5\libm.a(fp_split3.o)
                0x00002aa2                __fp_split3
                0x00002ab2                __fp_splitA
 .text.avr-libc.fplib
                0x00002ae6       0x30 c:/program files (x86)/atmel/studio/7.0/toolchain/avr8/avr8-gnu-toolchain/bin/../lib/gcc/avr/5.4.0/../../../../avr/lib/avr5\libm.a(fp_trunc.o)
                0x00002ae6                __fp_trunc
 .text.avr-libc.fplib
                0x00002b16        0xe c:/program files (x86)/atmel/studio/7.0/toolchain/avr8/avr8-gnu-toolchain/bin/../lib/gcc/avr/5.4.0/../../../../avr/lib/avr5\libm.a(fp_zero.o)
                0x00002b16                __fp_zero
                0x00002b18                __fp_szero
 .text.avr-libc.fplib
                0x00002b24        0x8 c:/program files (x86)/atmel/studio/7.0/toolchain/avr8/avr8-gnu-toolchain/bin/../lib/gcc/avr/5.4.0/../../../../avr/lib/avr5\libm.a(mulsf3.o)
                0x00002b24                __mulsf3
 .text.avr-libc.fplib
                0x00002b2c       0xd2 c:/program files (x86)/atmel/studio/7.0/toolchain/avr8/avr8-gnu-toolchain/bin/../lib/gcc/avr/5.4.0/../../../../avr/lib/avr5\libm.a(mulsf3x.o)
                0x00002b4a                __mulsf3x
                0x00002b50                __mulsf3_pse
 .text.libgcc.mul
                0x00002bfe       0x20 c:/program files (x86)/atmel/studio/7.0/toolchain/avr8/avr8-gnu-toolchain/bin/../lib/gcc/avr/5.4.0/avr5\libgcc.a(_mulsi3.o)
                0x00002bfe                __mulsi3
 .text.libgcc.div
                0x00002c1e       0x44 c:/program files (x86)/atmel/studio/7.0/toolchain/avr8/avr8-gnu-toolchain/bin/../lib/gcc/avr/5.4.0/avr5\libgcc.a(_udivmodsi4.o)
                0x00002c1e                __udivmodsi4
 .text.libgcc.mul
                0x00002c62       0x16 c:/program files (x86)/atmel/studio/7.0/toolchain/avr8/avr8-gnu-toolchain/bin/../lib/gcc/avr/5.4.0/avr5\libgcc.a(_muluhisi3.o)
                0x00002c62                __muluhisi3
 .text.libgcc.prologue
                0x00002c78       0x38 c:/program files (x86)/atmel/studio/7.0/toolchain/avr8/avr8-gnu-toolchain/bin/../lib/gcc/avr/5.4.0/avr5\libgcc.a(_prologue.o)
                0x00002c78                __prologue_saves__
 .text.libgcc.prologue
                0x00002cb0       0x36 c:/program files (x86)/atmel/studio/7.0/toolchain/avr8/avr8-gnu-toolchain/bin/../lib/gcc/avr/5.4.0/avr5\libgcc.a(_epilogue.o)
                0x00002cb0                __epilogue_restores__
 .text.libgcc.mul
                0x00002ce6       0x1e c:/program files (x86)/atmel/studio/7.0/toolchain/avr8/avr8-gnu-toolchain/bin/../lib/gcc/avr/5.4.0/avr5\libgcc.a(_umulhisi3.o)
                0x00002ce6                __umulhisi3
 .text.avr-libc
                0x00002d04      0x242 c:/program files (x86)/atmel/studio/7.0/toolchain/avr8/avr8-gnu-toolchain/bin/../lib/gcc/avr/5.4.0/../../../../avr/lib/avr5\libc.a(malloc.o)
                0x00002d04                malloc
                0x00002e34                free
 .text.avr-libc
                0x00002f46      0x1b0 c:/program files (x86)/atmel/studio/7.0/toolchain/avr8/avr8-gnu-toolchain/bin/../lib/gcc/avr/5.4.0/../../../../avr/lib/avr5\libc.a(ftoa_engine.o)
                0x00002f46                __ftoa_engine
 .text.avr-libc
                0x000030f6       0x16 c:/program files (x86)/atmel/studio/7.0/toolchain/avr8/avr8-gnu-toolchain/bin/../lib/gcc/avr/5.4.0/../../../../avr/lib/avr5\libc.a(strnlen_P.o)
                0x000030f6                strnlen_P
 .text.avr-libc
                0x0000310c       0x16 c:/program files (x86)/atmel/studio/7.0/toolchain/avr8/avr8-gnu-toolchain/bin/../lib/gcc/avr/5.4.0/../../../../avr/lib/avr5\libc.a(strnlen.o)
                0x0000310c                strnlen
 .text.avr-libc
                0x00003122       0x78 c:/program files (x86)/atmel/studio/7.0/toolchain/avr8/avr8-gnu-toolchain/bin/../lib/gcc/avr/5.4.0/../../../../avr/lib/avr5\libc.a(fputc.o)
                0x00003122                fputc
 .text.avr-libc
                0x0000319a       0xbc c:/program files (x86)/atmel/studio/7.0/toolchain/avr8/avr8-gnu-toolchain/bin/../lib/gcc/avr/5.4.0/../../../../avr/lib/avr5\libc.a(ultoa_invert.o)
                0x0000319a                __ultoa_invert
                0x00003256                . = ALIGN (0x2)
 *(.fini9)
 .fini9         0x00003256        0x0 c:/program files (x86)/atmel/studio/7.0/toolchain/avr8/avr8-gnu-toolchain/bin/../lib/gcc/avr/5.4.0/avr5\libgcc.a(_exit.o)
                0x00003256                _exit
                0x00003256                exit
 *(.fini9)
 *(.fini8)
 *(.fini8)
 *(.fini7)
 *(.fini7)
 *(.fini6)
 *(.fini6)
 *(.fini5)
 *(.fini5)
 *(.fini4)
 *(.fini4)
 *(.fini3)
 *(.fini3)
 *(.fini2)
 *(.fini2)
 *(.fini1)
 *(.fini1)
 *(.fini0)
 .fini0         0x00003256        0x4 c:/program files (x86)/atmel/studio/7.0/toolchain/avr8/avr8-gnu-toolchain/bin/../lib/gcc/avr/5.4.0/avr5\libgcc.a(_exit.o)
 *(.fini0)
                0x0000325a                _etext = .

.data           0x00800100        0xe load address 0x0000325a
                0x00800100                PROVIDE (__data_start, .)
 *(.data)
 .data          0x00800100        0x8 ../../../../../capi324v221-v1.09.002R\libcapi324v221.a(STEPPER_globals.o)
                0x00800100                Motor_L_LUT
                0x00800104                Motor_R_LUT
 .data          0x00800108        0x6 c:/program files (x86)/atmel/studio/7.0/toolchain/avr8/avr8-gnu-toolchain/bin/../lib/gcc/avr/5.4.0/../../../../avr/lib/avr5\libc.a(malloc.o)
                0x00800108                __malloc_heap_end
                0x0080010a                __malloc_heap_start
                0x0080010c                __malloc_margin
 *(.data*)
 *(.gnu.linkonce.d*)
 *(.rodata)
 *(.rodata*)
 *(.gnu.linkonce.r*)
                0x0080010e                . = ALIGN (0x2)
                0x0080010e                _edata = .
                0x0080010e                PROVIDE (__data_end, .)

.bss            0x0080010e       0xdb
                0x0080010e                PROVIDE (__bss_start, .)
 *(.bss)
 .bss           0x0080010e        0x2 ../../../../../capi324v221-v1.09.002R\libcapi324v221.a(STEPPER_step.o)
 .bss           0x00800110       0x40 ../../../../../capi324v221-v1.09.002R\libcapi324v221.a(ISR_globals.o)
                0x00800110                CBOT_ISR_vtable
 .bss           0x00800150        0x2 ../../../../../capi324v221-v1.09.002R\libcapi324v221.a(TMRSRVC_globals.o)
                0x00800150                timer_busy_status
                0x00800151                timer_run_status
 .bss           0x00800152       0x10 ../../../../../capi324v221-v1.09.002R\libcapi324v221.a(SPI_globals.o)
                0x00800152                spi_config_func_LUT
 .bss           0x00800162       0x10 ../../../../../capi324v221-v1.09.002R\libcapi324v221.a(SPKR_globals.o)
                0x00800162                tone_mode_active
                0x00800163                beep_mode_active
                0x00800164                spkr_accum32
                0x00800168                spkr_freq
                0x0080016c                beep_accum16
                0x0080016e                beep_freq
                0x00800170                p_Freq_LUT
 .bss           0x00800172        0x1 ../../../../../capi324v221-v1.09.002R\libcapi324v221.a(STEPPER_process_run_mode.o)
 .bss           0x00800173        0x4 ../../../../../capi324v221-v1.09.002R\libcapi324v221.a(STEPPER_process_pwm.o)
 *(.bss*)
 *(COMMON)
 COMMON         0x00800177       0x39 ../../../../../capi324v221-v1.09.002R\libcapi324v221.a(STEPPER_globals.o)
                0x00800177                STEPPER_params
                0x008001ae                step_done
 COMMON         0x008001b0       0x13 ../../../../../capi324v221-v1.09.002R\libcapi324v221.a(SYS_globals.o)
                0x008001b0                CBOT_system
 COMMON         0x008001c3        0x3 ../../../../../capi324v221-v1.09.002R\libcapi324v221.a(TMRSRVC_globals.o)
                0x008001c3                tmrNodes
 COMMON         0x008001c6        0x1 ../../../../../capi324v221-v1.09.002R\libcapi324v221.a(SPI_globals.o)
                0x008001c6                curr_spi_addr
 COMMON         0x008001c7       0x1e ../../../../../capi324v221-v1.09.002R\libcapi324v221.a(ATTINY_globals.o)
                0x008001c7                ATTINY_params
 COMMON         0x008001e5        0x4 c:/program files (x86)/atmel/studio/7.0/toolchain/avr8/avr8-gnu-toolchain/bin/../lib/gcc/avr/5.4.0/../../../../avr/lib/avr5\libc.a(malloc.o)
                0x008001e5                __brkval
                0x008001e7                __flp
                0x008001e9                PROVIDE (__bss_end, .)
                0x0000325a                __data_load_start = LOADADDR (.data)
                0x00003268                __data_load_end = (__data_load_start + SIZEOF (.data))

.noinit         0x008001e9        0x0
                [!provide]                PROVIDE (__noinit_start, .)
 *(.noinit*)
                [!provide]                PROVIDE (__noinit_end, .)
                0x008001e9                _end = .
                0x008001e9                PROVIDE (__heap_start, .)

.eeprom         0x00810000        0x0
 *(.eeprom*)
                0x00810000                __eeprom_end = .

.fuse
 *(.fuse)
 *(.lfuse)
 *(.hfuse)
 *(.efuse)

.lock
 *(.lock*)

.signature
 *(.signature*)

.user_signatures
 *(.user_signatures*)

.stab
 *(.stab)

.stabstr
 *(.stabstr)

.stab.excl
 *(.stab.excl)

.stab.exclstr
 *(.stab.exclstr)

.stab.index
 *(.stab.index)

.stab.indexstr
 *(.stab.indexstr)

.comment        0x00000000       0x5c
 *(.comment)
 .comment       0x00000000       0x30 main.o
                                 0x31 (size before relaxing)
 .comment       0x00000030       0x31 src/apps.o
 .comment       0x00000030       0x31 src/motor_control.o
 .comment       0x00000030       0x2c c:/program files (x86)/atmel/studio/7.0/toolchain/avr8/avr8-gnu-toolchain/bin/../lib/gcc/avr/5.4.0/../../../../avr/lib/avr5\libprintf_flt.a(vfprintf_flt.o)
                                 0x2d (size before relaxing)
 .comment       0x0000005c       0x31 c:/program files (x86)/atmel/studio/7.0/toolchain/avr8/avr8-gnu-toolchain/bin/../lib/gcc/avr/5.4.0/../../../../avr/lib/avr5\libc.a(malloc.o)
 .comment       0x0000005c       0x31 c:/program files (x86)/atmel/studio/7.0/toolchain/avr8/avr8-gnu-toolchain/bin/../lib/gcc/avr/5.4.0/../../../../avr/lib/avr5\libc.a(fputc.o)

.note.gnu.avr.deviceinfo
                0x00000000       0x40
 .note.gnu.avr.deviceinfo
                0x00000000       0x40 C:/Program Files (x86)/Atmel/Studio/7.0/Packs/atmel/ATmega_DFP/1.3.300/gcc/dev/atmega324p/avr5/crtatmega324p.o

.note.gnu.build-id
 *(.note.gnu.build-id)

.debug
 *(.debug)

.line
 *(.line)

.debug_srcinfo
 *(.debug_srcinfo)

.debug_sfnames
 *(.debug_sfnames)

.debug_aranges
 *(.debug_aranges)

.debug_pubnames
 *(.debug_pubnames)

.debug_info     0x00000000      0x6cc
 *(.debug_info .gnu.linkonce.wi.*)
 .debug_info    0x00000000      0x6cc C:/Program Files (x86)/Atmel/Studio/7.0/Packs/atmel/ATmega_DFP/1.3.300/gcc/dev/atmega324p/avr5/crtatmega324p.o

.debug_abbrev   0x00000000      0x66e
 *(.debug_abbrev)
 .debug_abbrev  0x00000000      0x66e C:/Program Files (x86)/Atmel/Studio/7.0/Packs/atmel/ATmega_DFP/1.3.300/gcc/dev/atmega324p/avr5/crtatmega324p.o

.debug_line     0x00000000      0x151
 *(.debug_line .debug_line.* .debug_line_end)
 .debug_line    0x00000000      0x151 C:/Program Files (x86)/Atmel/Studio/7.0/Packs/atmel/ATmega_DFP/1.3.300/gcc/dev/atmega324p/avr5/crtatmega324p.o

.debug_frame
 *(.debug_frame)

.debug_str      0x00000000      0x255
 *(.debug_str)
 .debug_str     0x00000000      0x255 C:/Program Files (x86)/Atmel/Studio/7.0/Packs/atmel/ATmega_DFP/1.3.300/gcc/dev/atmega324p/avr5/crtatmega324p.o

.debug_loc
 *(.debug_loc)

.debug_macinfo
 *(.debug_macinfo)

.debug_weaknames
 *(.debug_weaknames)

.debug_funcnames
 *(.debug_funcnames)

.debug_typenames
 *(.debug_typenames)

.debug_varnames
 *(.debug_varnames)

.debug_pubtypes
 *(.debug_pubtypes)

.debug_ranges
 *(.debug_ranges)

.debug_macro
 *(.debug_macro)
OUTPUT(CEENBot-Project.elf elf32-avr)
LOAD linker stubs
