Archive member included to satisfy reference by file (symbol)

../../../../../../Desktop/capi324v221-v1.09.002R\libcapi324v221.a(ADC_open.o)
                              main.o (ADC_open)
../../../../../../Desktop/capi324v221-v1.09.002R\libcapi324v221.a(ADC_sample.o)
                              src/app.o (ADC_sample)
../../../../../../Desktop/capi324v221-v1.09.002R\libcapi324v221.a(ADC_set_channel.o)
                              src/app.o (ADC_set_channel)
../../../../../../Desktop/capi324v221-v1.09.002R\libcapi324v221.a(ADC_set_VREF.o)
                              main.o (ADC_set_VREF)
../../../../../../Desktop/capi324v221-v1.09.002R\libcapi324v221.a(CBOT_main.o)
                              c:/program files (x86)/atmel/studio/7.0/toolchain/avr8/avr8-gnu-toolchain/bin/../lib/gcc/avr/5.4.0/../../../../avr/lib/avr5/crtatmega324p.o (main)
../../../../../../Desktop/capi324v221-v1.09.002R\libcapi324v221.a(LCD_clear.o)
                              src/app.o (LCD_clear)
../../../../../../Desktop/capi324v221-v1.09.002R\libcapi324v221.a(LCD_open.o)
                              main.o (LCD_open)
../../../../../../Desktop/capi324v221-v1.09.002R\libcapi324v221.a(LCD_set_backlight.o)
                              ../../../../../../Desktop/capi324v221-v1.09.002R\libcapi324v221.a(LCD_open.o) (LCD_set_backlight)
../../../../../../Desktop/capi324v221-v1.09.002R\libcapi324v221.a(LCD_set_next_PGC.o)
                              ../../../../../../Desktop/capi324v221-v1.09.002R\libcapi324v221.a(LCD_clear.o) (LCD_set_next_PGC)
../../../../../../Desktop/capi324v221-v1.09.002R\libcapi324v221.a(LCD_set_PGC_addr.o)
                              ../../../../../../Desktop/capi324v221-v1.09.002R\libcapi324v221.a(LCD_clear.o) (LCD_set_PGC_addr)
../../../../../../Desktop/capi324v221-v1.09.002R\libcapi324v221.a(LCD_write.o)
                              ../../../../../../Desktop/capi324v221-v1.09.002R\libcapi324v221.a(LCD_clear.o) (LCD_write)
../../../../../../Desktop/capi324v221-v1.09.002R\libcapi324v221.a(SPI_set_slave_addr.o)
                              ../../../../../../Desktop/capi324v221-v1.09.002R\libcapi324v221.a(LCD_set_backlight.o) (SPI_set_slave_addr)
../../../../../../Desktop/capi324v221-v1.09.002R\libcapi324v221.a(SPI_transmit.o)
                              ../../../../../../Desktop/capi324v221-v1.09.002R\libcapi324v221.a(LCD_set_backlight.o) (SPI_transmit)
../../../../../../Desktop/capi324v221-v1.09.002R\libcapi324v221.a(STEPPER_move.o)
                              src/motor_control.o (STEPPER_move)
../../../../../../Desktop/capi324v221-v1.09.002R\libcapi324v221.a(STEPPER_open.o)
                              main.o (STEPPER_open)
../../../../../../Desktop/capi324v221-v1.09.002R\libcapi324v221.a(STEPPER_run.o)
                              ../../../../../../Desktop/capi324v221-v1.09.002R\libcapi324v221.a(STEPPER_move.o) (STEPPER_run)
../../../../../../Desktop/capi324v221-v1.09.002R\libcapi324v221.a(STEPPER_set_accel.o)
                              ../../../../../../Desktop/capi324v221-v1.09.002R\libcapi324v221.a(STEPPER_move.o) (STEPPER_set_accel)
../../../../../../Desktop/capi324v221-v1.09.002R\libcapi324v221.a(STEPPER_set_dir.o)
                              ../../../../../../Desktop/capi324v221-v1.09.002R\libcapi324v221.a(STEPPER_run.o) (STEPPER_set_dir)
../../../../../../Desktop/capi324v221-v1.09.002R\libcapi324v221.a(STEPPER_set_mode.o)
                              ../../../../../../Desktop/capi324v221-v1.09.002R\libcapi324v221.a(STEPPER_move.o) (STEPPER_set_mode)
../../../../../../Desktop/capi324v221-v1.09.002R\libcapi324v221.a(STEPPER_set_speed.o)
                              src/motor_control.o (STEPPER_set_speed)
../../../../../../Desktop/capi324v221-v1.09.002R\libcapi324v221.a(STEPPER_step.o)
                              ../../../../../../Desktop/capi324v221-v1.09.002R\libcapi324v221.a(STEPPER_move.o) (STEPPER_step)
../../../../../../Desktop/capi324v221-v1.09.002R\libcapi324v221.a(STEPPER_stop.o)
                              src/app.o (STEPPER_stop)
../../../../../../Desktop/capi324v221-v1.09.002R\libcapi324v221.a(STEPPER_wait_and_then.o)
                              ../../../../../../Desktop/capi324v221-v1.09.002R\libcapi324v221.a(STEPPER_move.o) (STEPPER_wait_and_then)
../../../../../../Desktop/capi324v221-v1.09.002R\libcapi324v221.a(SYS_get_state.o)
                              ../../../../../../Desktop/capi324v221-v1.09.002R\libcapi324v221.a(ADC_open.o) (SYS_get_state)
../../../../../../Desktop/capi324v221-v1.09.002R\libcapi324v221.a(SYS_globals.o)
                              ../../../../../../Desktop/capi324v221-v1.09.002R\libcapi324v221.a(SYS_get_state.o) (CBOT_system)
../../../../../../Desktop/capi324v221-v1.09.002R\libcapi324v221.a(SYS_set_state.o)
                              ../../../../../../Desktop/capi324v221-v1.09.002R\libcapi324v221.a(ADC_open.o) (SYS_set_state)
../../../../../../Desktop/capi324v221-v1.09.002R\libcapi324v221.a(ATTINY_get_IR_state.o)
[...]
Memory Configuration

Name             Origin             Length             Attributes
text             0x00000000         0x00008000         xr
data             0x00800100         0x00000800         rw !x
eeprom           0x00810000         0x00000400         rw !x
fuse             0x00820000         0x00000003         rw !x
lock             0x00830000         0x00000400         rw !x
signature        0x00840000         0x00000400         rw !x
user_signatures  0x00850000         0x00000400         rw !x
*default*        0x00000000         0xffffffff

Linker script and memory map

Address of section .data set to 0x800100
LOAD c:/program files (x86)/atmel/studio/7.0/toolchain/avr8/avr8-gnu-toolchain/bin/../lib/gcc/avr/5.4.0/../../../../avr/lib/avr5/crtatmega324p.o
LOAD main.o
LOAD src/app.o
LOAD src/motor_control.o
START GROUP
LOAD ../../../../../../Desktop/capi324v221-v1.09.002R\libcapi324v221.a
LOAD c:/program files (x86)/atmel/studio/7.0/toolchain/avr8/avr8-gnu-toolchain/bin/../lib/gcc/avr/5.4.0/../../../../avr/lib/avr5\libprintf_flt.a
LOAD c:/program files (x86)/atmel/studio/7.0/toolchain/avr8/avr8-gnu-toolchain/bin/../lib/gcc/avr/5.4.0/../../../../avr/lib/avr5\libm.a
END GROUP
START GROUP
LOAD c:/program files (x86)/atmel/studio/7.0/toolchain/avr8/avr8-gnu-toolchain/bin/../lib/gcc/avr/5.4.0/avr5\libgcc.a
LOAD c:/program files (x86)/atmel/studio/7.0/toolchain/avr8/avr8-gnu-toolchain/bin/../lib/gcc/avr/5.4.0/../../../../avr/lib/avr5\libm.a
LOAD c:/program files (x86)/atmel/studio/7.0/toolchain/avr8/avr8-gnu-toolchain/bin/../lib/gcc/avr/5.4.0/../../../../avr/lib/avr5\libc.a
LOAD c:/program files (x86)/atmel/studio/7.0/toolchain/avr8/avr8-gnu-toolchain/bin/../lib/gcc/avr/5.4.0/../../../../avr/lib/avr5\libatmega324p.a
END GROUP
                [0x00000000]                __TEXT_REGION_ORIGIN__ = DEFINED (__TEXT_REGION_ORIGIN__)?__TEXT_REGION_ORIGIN__:0x0
                [0x00800100]                __DATA_REGION_ORIGIN__ = DEFINED (__DATA_REGION_ORIGIN__)?__DATA_REGION_ORIGIN__:0x800060
                [0x00008000]                __TEXT_REGION_LENGTH__ = DEFINED (__TEXT_REGION_LENGTH__)?__TEXT_REGION_LENGTH__:0x20000
                [0x00000800]                __DATA_REGION_LENGTH__ = DEFINED (__DATA_REGION_LENGTH__)?__DATA_REGION_LENGTH__:0xffa0
                [0x00000400]                __EEPROM_REGION_LENGTH__ = DEFINED (__EEPROM_REGION_LENGTH__)?__EEPROM_REGION_LENGTH__:0x10000
                [0x00000003]                __FUSE_REGION_LENGTH__ = DEFINED (__FUSE_REGION_LENGTH__)?__FUSE_REGION_LENGTH__:0x400
                0x00000400                __LOCK_REGION_LENGTH__ = DEFINED (__LOCK_REGION_LENGTH__)?__LOCK_REGION_LENGTH__:0x400
                0x00000400                __SIGNATURE_REGION_LENGTH__ = DEFINED (__SIGNATURE_REGION_LENGTH__)?__SIGNATURE_REGION_LENGTH__:0x400
                0x00000400                __USER_SIGNATURE_REGION_LENGTH__ = DEFINED (__USER_SIGNATURE_REGION_LENGTH__)?__USER_SIGNATURE_REGION_LENGTH__:0x400

.hash
 *(.hash)

.dynsym
 *(.dynsym)

.dynstr
 *(.dynstr)

.gnu.version
 *(.gnu.version)

.gnu.version_d
 *(.gnu.version_d)

.gnu.version_r
 *(.gnu.version_r)

.rel.init
 *(.rel.init)

.rela.init
 *(.rela.init)

.rel.text
 *(.rel.text)
 *(.rel.text.*)
 *(.rel.gnu.linkonce.t*)

.rela.text
 *(.rela.text)
 *(.rela.text.*)
 *(.rela.gnu.linkonce.t*)

.rel.fini
 *(.rel.fini)

.rela.fini
 *(.rela.fini)

.rel.rodata
 *(.rel.rodata)
 *(.rel.rodata.*)
 *(.rel.gnu.linkonce.r*)

.rela.rodata
 *(.rela.rodata)
 *(.rela.rodata.*)
 *(.rela.gnu.linkonce.r*)

.rel.data
 *(.rel.data)
 *(.rel.data.*)
 *(.rel.gnu.linkonce.d*)

.rela.data
 *(.rela.data)
 *(.rela.data.*)
 *(.rela.gnu.linkonce.d*)

.rel.ctors
 *(.rel.ctors)

.rela.ctors
 *(.rela.ctors)

.rel.dtors
 *(.rel.dtors)

.rela.dtors
 *(.rela.dtors)

.rel.got
 *(.rel.got)

.rela.got
 *(.rela.got)

.rel.bss
 *(.rel.bss)

.rela.bss
 *(.rela.bss)

.rel.plt
 *(.rel.plt)

.rela.plt
 *(.rela.plt)

.text           0x00000000     0x47ae
 *(.vectors)
 .vectors       0x00000000       0x7c c:/program files (x86)/atmel/studio/7.0/toolchain/avr8/avr8-gnu-toolchain/bin/../lib/gcc/avr/5.4.0/../../../../avr/lib/avr5/crtatmega324p.o
                0x00000000                __vector_default
                0x00000000                __vectors
 *(.vectors)
 *(.progmem.gcc*)
 .progmem.gcc_sw_table
                0x0000007c       0x26 ../../../../../../Desktop/capi324v221-v1.09.002R\libcapi324v221.a(SYS_get_state.o)
 .progmem.gcc_sw_table
                0x000000a2       0x26 ../../../../../../Desktop/capi324v221-v1.09.002R\libcapi324v221.a(SYS_set_state.o)
 .progmem.gcc_fplib
                0x000000c8       0x28 c:/program files (x86)/atmel/studio/7.0/toolchain/avr8/avr8-gnu-toolchain/bin/../lib/gcc/avr/5.4.0/../../../../avr/lib/avr5\libm.a(exp.o)
 .progmem.gcc_fplib
                0x000000f0       0x5a c:/program files (x86)/atmel/studio/7.0/toolchain/avr8/avr8-gnu-toolchain/bin/../lib/gcc/avr/5.4.0/../../../../avr/lib/avr5\libm.a(log.o)
                0x0000014a                . = ALIGN (0x2)
                0x0000014a                __trampolines_start = .
 *(.trampolines)
 .trampolines   0x0000014a        0x0 linker stubs
 *(.trampolines*)
                0x0000014a                __trampolines_end = .
 *libprintf_flt.a:*(.progmem.data)
 .progmem.data  0x0000014a        0x8 c:/program files (x86)/atmel/studio/7.0/toolchain/avr8/avr8-gnu-toolchain/bin/../lib/gcc/avr/5.4.0/../../../../avr/lib/avr5\libprintf_flt.a(vfprintf_flt.o)
 *libc.a:*(.progmem.data)
 .progmem.data  0x00000152       0xfa c:/program files (x86)/atmel/studio/7.0/toolchain/avr8/avr8-gnu-toolchain/bin/../lib/gcc/avr/5.4.0/../../../../avr/lib/avr5\libc.a(ftoa_engine.o)
 *(.progmem*)
 .progmem.data  0x0000024c      0x415 ../../../../../../Desktop/capi324v221-v1.09.002R\libcapi324v221.a(LCD_globals.o)
                0x0000024c                char_bitmap
                0x00000461                CEENBoT_Inc_logo_bitmap
                0x00000662                . = ALIGN (0x2)
 *fill*         0x00000661        0x1 
 *(.jumptables)
 *(.jumptables*)
 *(.lowtext)
 *(.lowtext*)
                0x00000662                __ctors_start = .
 *(.ctors)
                0x00000662                __ctors_end = .
                0x00000662                __dtors_start = .
 *(.dtors)
                0x00000662                __dtors_end = .
 SORT(*)(.ctors)
 SORT(*)(.dtors)
 *(.init0)
 .init0         0x00000662        0x0 c:/program files (x86)/atmel/studio/7.0/toolchain/avr8/avr8-gnu-toolchain/bin/../lib/gcc/avr/5.4.0/../../../../avr/lib/avr5/crtatmega324p.o
                0x00000662                __init
 *(.init0)
 *(.init1)
 *(.init1)
 *(.init2)
 .init2         0x00000662        0xc c:/program files (x86)/atmel/studio/7.0/toolchain/avr8/avr8-gnu-toolchain/bin/../lib/gcc/avr/5.4.0/../../../../avr/lib/avr5/crtatmega324p.o
 *(.init2)
 *(.init3)
 *(.init3)
 *(.init4)
 .init4         0x0000066e       0x16 c:/program files (x86)/atmel/studio/7.0/toolchain/avr8/avr8-gnu-toolchain/bin/../lib/gcc/avr/5.4.0/avr5\libgcc.a(_copy_data.o)
                0x0000066e                __do_copy_data
 .init4         0x00000684       0x10 c:/program files (x86)/atmel/studio/7.0/toolchain/avr8/avr8-gnu-toolchain/bin/../lib/gcc/avr/5.4.0/avr5\libgcc.a(_clear_bss.o)
                0x00000684                __do_clear_bss
 *(.init4)
 *(.init5)
 *(.init5)
 *(.init6)
 *(.init6)
 *(.init7)
 *(.init7)
 *(.init8)
 *(.init8)
 *(.init9)
 .init9         0x00000694        0x8 c:/program files (x86)/atmel/studio/7.0/toolchain/avr8/avr8-gnu-toolchain/bin/../lib/gcc/avr/5.4.0/../../../../avr/lib/avr5/crtatmega324p.o
 *(.init9)
 *(.text)
 .text          0x0000069c        0x4 c:/program files (x86)/atmel/studio/7.0/toolchain/avr8/avr8-gnu-toolchain/bin/../lib/gcc/avr/5.4.0/../../../../avr/lib/avr5/crtatmega324p.o
                0x0000069c                __vector_22
                0x0000069c                __vector_28
                0x0000069c                __vector_1
                0x0000069c                __vector_24
                0x0000069c                __bad_interrupt
                0x0000069c                __vector_3
                0x0000069c                __vector_23
                0x0000069c                __vector_30
                0x0000069c                __vector_25
                0x0000069c                __vector_19
                0x0000069c                __vector_27
                0x0000069c                __vector_2
                0x0000069c                __vector_21
                0x0000069c                __vector_29
                0x0000069c                __vector_8
                0x0000069c                __vector_26
                0x0000069c                __vector_20
 .text          0x000006a0       0x18 main.o
                0x000006a0                CBOT_main
 .text          0x000006b8      0x228 src/app.o
                0x000006b8                read_right_pr_sensor_voltage
                0x000006e6                read_left_pr_sensor_voltage
                0x00000714                display_pr_readings
                0x0000077e                app_main
                0x0000088c                ss_excititory_CRUISE
                0x0000088e                IR_AVOID
 .text          0x000008e0      0x488 src/motor_control.o
                0x000008e0                steps_per_distance
                0x000008ee                move_forward_in_inches_stwt
                0x000009f2                move_forward_in_inches_stnb
                0x00000ad8                move_backwards_in_inches_stwt
                0x00000bc2                turn_90_degrees
                0x00000c88                reverse_backup_60_degrees
                0x00000d4c                set_motor_speeds
 .text          0x00000d68       0x1c ../../../../../../Desktop/capi324v221-v1.09.002R\libcapi324v221.a(ADC_open.o)
                0x00000d68                ADC_open
 .text          0x00000d84       0x3a ../../../../../../Desktop/capi324v221-v1.09.002R\libcapi324v221.a(ADC_sample.o)
                0x00000d84                ADC_sample
 .text          0x00000dbe       0x6e ../../../../../../Desktop/capi324v221-v1.09.002R\libcapi324v221.a(ADC_set_channel.o)
                0x00000dbe                ADC_set_channel
 .text          0x00000e2c       0x16 ../../../../../../Desktop/capi324v221-v1.09.002R\libcapi324v221.a(ADC_set_VREF.o)
                0x00000e2c                ADC_set_VREF
 .text          0x00000e42       0x12 ../../../../../../Desktop/capi324v221-v1.09.002R\libcapi324v221.a(CBOT_main.o)
                0x00000e42                main
 .text          0x00000e54       0x3a ../../../../../../Desktop/capi324v221-v1.09.002R\libcapi324v221.a(LCD_clear.o)
                0x00000e54                LCD_clear
 .text          0x00000e8e      0x102 ../../../../../../Desktop/capi324v221-v1.09.002R\libcapi324v221.a(LCD_open.o)
                0x00000e8e                LCD_open
 .text          0x00000f90       0x42 ../../../../../../Desktop/capi324v221-v1.09.002R\libcapi324v221.a(LCD_set_backlight.o)
                0x00000f90                LCD_set_backlight
 .text          0x00000fd2        0xe ../../../../../../Desktop/capi324v221-v1.09.002R\libcapi324v221.a(LCD_set_next_PGC.o)
                0x00000fd2                LCD_set_next_PGC
 .text          0x00000fe0       0x32 ../../../../../../Desktop/capi324v221-v1.09.002R\libcapi324v221.a(LCD_set_PGC_addr.o)
                0x00000fe0                LCD_set_PGC_addr
 .text          0x00001012       0x36 ../../../../../../Desktop/capi324v221-v1.09.002R\libcapi324v221.a(LCD_write.o)
                0x00001012                LCD_write
 .text          0x00001048       0xa2 ../../../../../../Desktop/capi324v221-v1.09.002R\libcapi324v221.a(SPI_set_slave_addr.o)
                0x00001048                SPI_set_slave_addr
 .text          0x000010ea       0x1e ../../../../../../Desktop/capi324v221-v1.09.002R\libcapi324v221.a(SPI_transmit.o)
                0x000010ea                SPI_transmit
 .text          0x00001108      0x2c8 ../../../../../../Desktop/capi324v221-v1.09.002R\libcapi324v221.a(STEPPER_move.o)
                0x00001282                STEPPER_move
 .text          0x000013d0       0xae ../../../../../../Desktop/capi324v221-v1.09.002R\libcapi324v221.a(STEPPER_open.o)
                0x000013d0                STEPPER_open
 .text          0x0000147e       0x2e ../../../../../../Desktop/capi324v221-v1.09.002R\libcapi324v221.a(STEPPER_run.o)
                0x0000147e                STEPPER_run
 .text          0x000014ac       0x44 ../../../../../../Desktop/capi324v221-v1.09.002R\libcapi324v221.a(STEPPER_set_accel.o)
                0x000014ac                STEPPER_set_accel
 .text          0x000014f0       0x2a ../../../../../../Desktop/capi324v221-v1.09.002R\libcapi324v221.a(STEPPER_set_dir.o)
                0x000014f0                STEPPER_set_dir
 .text          0x0000151a       0x2a ../../../../../../Desktop/capi324v221-v1.09.002R\libcapi324v221.a(STEPPER_set_mode.o)
                0x0000151a                STEPPER_set_mode
 .text          0x00001544       0x44 ../../../../../../Desktop/capi324v221-v1.09.002R\libcapi324v221.a(STEPPER_set_speed.o)
                0x00001544                STEPPER_set_speed
 .text          0x00001588      0x118 ../../../../../../Desktop/capi324v221-v1.09.002R\libcapi324v221.a(STEPPER_step.o)
                0x00001588                STEPPER_step
 .text          0x000016a0       0x4a ../../../../../../Desktop/capi324v221-v1.09.002R\libcapi324v221.a(STEPPER_stop.o)
                0x000016a0                STEPPER_stop
 .text          0x000016ea       0x9c ../../../../../../Desktop/capi324v221-v1.09.002R\libcapi324v221.a(STEPPER_wait_and_then.o)
                0x000016ea                STEPPER_wait_and_then
 .text          0x00001786       0x90 ../../../../../../Desktop/capi324v221-v1.09.002R\libcapi324v221.a(SYS_get_state.o)
                0x00001786                SYS_get_state
 .text          0x00001816       0x8e ../../../../../../Desktop/capi324v221-v1.09.002R\libcapi324v221.a(SYS_set_state.o)
                0x00001816                SYS_set_state
 .text          0x000018a4       0x6a ../../../../../../Desktop/capi324v221-v1.09.002R\libcapi324v221.a(ATTINY_get_IR_state.o)
                0x000018a4                ATTINY_get_IR_state
 .text          0x0000190e       0x62 ../../../../../../Desktop/capi324v221-v1.09.002R\libcapi324v221.a(ATTINY_get_sensors.o)
                0x0000190e                ATTINY_get_sensors
 .text          0x00001970       0x7c ../../../../../../Desktop/capi324v221-v1.09.002R\libcapi324v221.a(TMRSRVC_new.o)
                0x00001970                TMRSRVC_new
 .text          0x000019ec       0x16 ../../../../../../Desktop/capi324v221-v1.09.002R\libcapi324v221.a(__ADC_init.o)
                0x000019ec                __ADC_init
 .text          0x00001a02       0x1c ../../../../../../Desktop/capi324v221-v1.09.002R\libcapi324v221.a(CBOT_init.o)
                0x00001a02                CBOT_init
 .text          0x00001a1e      0x480 ../../../../../../Desktop/capi324v221-v1.09.002R\libcapi324v221.a(CBOT_isr.o)
                0x00001a1e                CBOT_ISR_init
                0x00001a22                __vector_16
                0x00001a74                __vector_17
                0x00001ac6                __vector_18
                0x00001b18                __vector_9
                0x00001b6a                __vector_10
                0x00001bbc                __vector_11
                0x00001c0e                __vector_13
                0x00001c60                __vector_14
                0x00001cb2                __vector_12
                0x00001d04                __vector_15
                0x00001d56                __vector_4
                0x00001da8                __vector_5
                0x00001dfa                __vector_6
                0x00001e4c                __vector_7
 .text          0x00001e9e       0x28 ../../../../../../Desktop/capi324v221-v1.09.002R\libcapi324v221.a(ISR_open.o)
                0x00001e9e                ISR_open
 .text          0x00001ec6        0x4 ../../../../../../Desktop/capi324v221-v1.09.002R\libcapi324v221.a(__LCD_init.o)
                0x00001ec6                __LCD_init
 .text          0x00001eca      0x15a ../../../../../../Desktop/capi324v221-v1.09.002R\libcapi324v221.a(__LCD_putchar.o)
                0x00001eca                __LCD_putchar
 .text          0x00002024       0x24 ../../../../../../Desktop/capi324v221-v1.09.002R\libcapi324v221.a(ATMEGA_open.o)
                0x00002024                ATMEGA_open
 .text          0x00002048       0xa6 ../../../../../../Desktop/capi324v221-v1.09.002R\libcapi324v221.a(ATMEGA_set_clk_mode.o)
                0x00002048                ATMEGA_set_clk_mode
 .text          0x000020ee       0x72 ../../../../../../Desktop/capi324v221-v1.09.002R\libcapi324v221.a(SPI_open.o)
                0x000020ee                SPI_open
 .text          0x00002160       0x24 ../../../../../../Desktop/capi324v221-v1.09.002R\libcapi324v221.a(SPI_receive.o)
                0x00002160                SPI_receive
 .text          0x00002184       0x12 ../../../../../../Desktop/capi324v221-v1.09.002R\libcapi324v221.a(SPI_set_config_func.o)
                0x00002184                SPI_set_config_func
 .text          0x00002196       0x72 ../../../../../../Desktop/capi324v221-v1.09.002R\libcapi324v221.a(SPKR_close.o)
                0x00002196                __SPKR_close_beep_mode
                0x000021b2                __SPKR_close_tone_mode
                0x000021f4                SPKR_close
 .text          0x00002208      0x13c ../../../../../../Desktop/capi324v221-v1.09.002R\libcapi324v221.a(SPKR_open.o)
                0x00002208                __SPKR_set_up_freq_LUT
                0x000022a6                __SPKR_open_beep_mode
                0x000022d2                __SPKR_open_tone_mode
                0x0000232a                SPKR_open
 .text          0x00002344       0x9a ../../../../../../Desktop/capi324v221-v1.09.002R\libcapi324v221.a(SPKR_play_beep.o)
                0x00002344                SPKR_play_beep
 .text          0x000023de        0xc ../../../../../../Desktop/capi324v221-v1.09.002R\libcapi324v221.a(__SPKR_stop.o)
                0x000023de                __SPKR_stop
 .text          0x000023ea       0x2a ../../../../../../Desktop/capi324v221-v1.09.002R\libcapi324v221.a(STEPPER_go.o)
                0x000023ea                STEPPER_go
 .text          0x00002414       0x14 ../../../../../../Desktop/capi324v221-v1.09.002R\libcapi324v221.a(__STEPPER_init.o)
                0x00002414                __STEPPER_init
 .text          0x00002428       0x36 ../../../../../../Desktop/capi324v221-v1.09.002R\libcapi324v221.a(STEPPER_set_steps.o)
                0x00002428                STEPPER_set_steps
 .text          0x0000245e       0x2a ../../../../../../Desktop/capi324v221-v1.09.002R\libcapi324v221.a(STEPPER_set_stop_mode.o)
                0x0000245e                STEPPER_set_stop_mode
 .text          0x00002488       0x7a ../../../../../../Desktop/capi324v221-v1.09.002R\libcapi324v221.a(STEPPER_setup_decels.o)
                0x00002488                STEPPER_setup_decels
 .text          0x00002502       0x46 ../../../../../../Desktop/capi324v221-v1.09.002R\libcapi324v221.a(SYS_init.o)
                0x00002502                SYS_init
 .text          0x00002548       0x9e ../../../../../../Desktop/capi324v221-v1.09.002R\libcapi324v221.a(ATTINY_open.o)
                0x00002548                ATTINY_open
 .text          0x000025e6       0x42 ../../../../../../Desktop/capi324v221-v1.09.002R\libcapi324v221.a(TMRSRVC_delay.o)
                0x000025e6                TMRSRVC_delay
 .text          0x00002628       0xd2 ../../../../../../Desktop/capi324v221-v1.09.002R\libcapi324v221.a(__TMRSRVC_insert.o)
                0x00002628                TMRSRVC_insert
 .text          0x000026fa       0x3e ../../../../../../Desktop/capi324v221-v1.09.002R\libcapi324v221.a(TMRSRVC_open.o)
                0x000026fa                TMRSRVC_open
 .text          0x00002738        0xc ../../../../../../Desktop/capi324v221-v1.09.002R\libcapi324v221.a(__TMRSRVC_start.o)
                0x00002738                __TMRSRVC_start
 .text          0x00002744        0x8 ../../../../../../Desktop/capi324v221-v1.09.002R\libcapi324v221.a(TMRSRVC_start.o)
                0x00002744                TMRSRVC_start
 .text          0x0000274c       0x22 ../../../../../../Desktop/capi324v221-v1.09.002R\libcapi324v221.a(__ISR_attach.o)
                0x0000274c                __ISR_attach
 .text          0x0000276e       0x28 ../../../../../../Desktop/capi324v221-v1.09.002R\libcapi324v221.a(ISR_attach.o)
                0x0000276e                ISR_attach
 .text          0x00002796        0x6 ../../../../../../Desktop/capi324v221-v1.09.002R\libcapi324v221.a(__ATMEGA_init.o)
                0x00002796                __ATMEGA_init
 .text          0x0000279c       0x52 ../../../../../../Desktop/capi324v221-v1.09.002R\libcapi324v221.a(SPI_cfgrs.o)
                0x0000279c                SPI_default_config
                0x000027ac                SPI_ATtiny0_config
                0x000027bc                SPI_PSXC_config
                0x000027cc                SPI_LCD_config
                0x000027dc                SPI_FLASH_config
 .text          0x000027ee        0xe ../../../../../../Desktop/capi324v221-v1.09.002R\libcapi324v221.a(__SPI_init.o)
                0x000027ee                __SPI_init
 .text          0x000027fc        0x6 ../../../../../../Desktop/capi324v221-v1.09.002R\libcapi324v221.a(ISR__SPKR__TIMER1_COMPA_vect.o)
                0x000027fc                __SPKR_TIMER1_COMPA_vect
 .text          0x00002802       0x2e ../../../../../../Desktop/capi324v221-v1.09.002R\libcapi324v221.a(SPKR_beep.o)
                0x00002802                SPKR_beep
 .text          0x00002830       0x82 ../../../../../../Desktop/capi324v221-v1.09.002R\libcapi324v221.a(SPKR_clk.o)
                0x00002830                SPKR_clk
 .text          0x000028b2       0x38 ../../../../../../Desktop/capi324v221-v1.09.002R\libcapi324v221.a(__SPKR_close.o)
                0x000028b2                __SPKR_close
 .text          0x000028ea       0x54 ../../../../../../Desktop/capi324v221-v1.09.002R\libcapi324v221.a(__SPKR_init.o)
                0x000028ea                __SPKR_init
 .text          0x0000293e       0xda ../../../../../../Desktop/capi324v221-v1.09.002R\libcapi324v221.a(STEPPER_set_decel_step_values.o)
                0x0000293e                STEPPER_set_decel_step_values
 .text          0x00002a18        0xe ../../../../../../Desktop/capi324v221-v1.09.002R\libcapi324v221.a(ISR__TIMER0_COMPA_vect.o)
                0x00002a18                __TIMER0_COMPA_vect
 .text          0x00002a26       0x12 ../../../../../../Desktop/capi324v221-v1.09.002R\libcapi324v221.a(__TMRSRVC_init.o)
                0x00002a26                __TMRSRVC_init
 .text          0x00002a38       0x32 ../../../../../../Desktop/capi324v221-v1.09.002R\libcapi324v221.a(TMRSRVC_tick.o)
                0x00002a38                TMRSRVC_tick
 .text          0x00002a6a       0x4e ../../../../../../Desktop/capi324v221-v1.09.002R\libcapi324v221.a(SPKR_beep_clk.o)
                0x00002a6a                SPKR_beep_clk
 .text          0x00002ab8      0x162 ../../../../../../Desktop/capi324v221-v1.09.002R\libcapi324v221.a(STEPPER_clk.o)
                0x00002ab8                STEPPER_clk
 .text          0x00002c1a       0x8a ../../../../../../Desktop/capi324v221-v1.09.002R\libcapi324v221.a(STEPPER_process_accel.o)
                0x00002c1a                STEPPER_process_accel
 .text          0x00002ca4      0x206 ../../../../../../Desktop/capi324v221-v1.09.002R\libcapi324v221.a(STEPPER_process_run_mode.o)
                0x00002ca4                STEPPER_process_run_mode
 .text          0x00002eaa       0xa8 ../../../../../../Desktop/capi324v221-v1.09.002R\libcapi324v221.a(STEPPER_process_step_mode.o)
                0x00002eaa                STEPPER_process_step_mode
 .text          0x00002f52       0xd6 ../../../../../../Desktop/capi324v221-v1.09.002R\libcapi324v221.a(TMRSRVC_process.o)
                0x00002f52                TMRSRVC_process
 .text          0x00003028        0x6 ../../../../../../Desktop/capi324v221-v1.09.002R\libcapi324v221.a(TMRSRVC_stop.o)
                0x00003028                TMRSRVC_stop
 .text          0x0000302e      0x130 ../../../../../../Desktop/capi324v221-v1.09.002R\libcapi324v221.a(STEPPER_process_pwm.o)
                0x0000302e                STEPPER_process_pwm
                0x0000315e                . = ALIGN (0x2)
 *(.text.*)
 .text.avr-libc
                0x0000315e      0x6fa c:/program files (x86)/atmel/studio/7.0/toolchain/avr8/avr8-gnu-toolchain/bin/../lib/gcc/avr/5.4.0/../../../../avr/lib/avr5\libprintf_flt.a(vfprintf_flt.o)
                0x0000315e                vfprintf
 .text.avr-libc.fplib
                0x00003858        0xe c:/program files (x86)/atmel/studio/7.0/toolchain/avr8/avr8-gnu-toolchain/bin/../lib/gcc/avr/5.4.0/../../../../avr/lib/avr5\libm.a(addsf3.o)
                0x00003858                __subsf3
                0x0000385a                __addsf3
 .text.avr-libc.fplib
                0x00003866       0xcc c:/program files (x86)/atmel/studio/7.0/toolchain/avr8/avr8-gnu-toolchain/bin/../lib/gcc/avr/5.4.0/../../../../avr/lib/avr5\libm.a(addsf3x.o)
                0x00003888                __addsf3x
 .text.avr-libc.fplib
                0x00003932        0x8 c:/program files (x86)/atmel/studio/7.0/toolchain/avr8/avr8-gnu-toolchain/bin/../lib/gcc/avr/5.4.0/../../../../avr/lib/avr5\libm.a(divsf3.o)
                0x00003932                __divsf3
 .text.avr-libc.fplib
                0x0000393a       0xdc c:/program files (x86)/atmel/studio/7.0/toolchain/avr8/avr8-gnu-toolchain/bin/../lib/gcc/avr/5.4.0/../../../../avr/lib/avr5\libm.a(divsf3x.o)
                0x0000395a                __divsf3x
                0x00003960                __divsf3_pse
 .text.avr-libc.fplib
                0x00003a16        0xe c:/program files (x86)/atmel/studio/7.0/toolchain/avr8/avr8-gnu-toolchain/bin/../lib/gcc/avr/5.4.0/../../../../avr/lib/avr5\libm.a(fixsfsi.o)
                0x00003a16                __fixsfsi
 .text.avr-libc.fplib
                0x00003a24       0x5e c:/program files (x86)/atmel/studio/7.0/toolchain/avr8/avr8-gnu-toolchain/bin/../lib/gcc/avr/5.4.0/../../../../avr/lib/avr5\libm.a(fixunssfsi.o)
                0x00003a24                __fixunssfsi
 .text.avr-libc.fplib
                0x00003a82       0x7a c:/program files (x86)/atmel/studio/7.0/toolchain/avr8/avr8-gnu-toolchain/bin/../lib/gcc/avr/5.4.0/../../../../avr/lib/avr5\libm.a(floatsisf.o)
                0x00003a82                __floatunsisf
                0x00003a86                __floatsisf
 .text.avr-libc.fplib
                0x00003afc       0x2e c:/program files (x86)/atmel/studio/7.0/toolchain/avr8/avr8-gnu-toolchain/bin/../lib/gcc/avr/5.4.0/../../../../avr/lib/avr5\libm.a(floor.o)
                0x00003afc                floor
 .text.avr-libc.fplib
                0x00003b2a        0xc c:/program files (x86)/atmel/studio/7.0/toolchain/avr8/avr8-gnu-toolchain/bin/../lib/gcc/avr/5.4.0/../../../../avr/lib/avr5\libm.a(fp_inf.o)
                0x00003b2a                __fp_inf
 .text.avr-libc.fplib
                0x00003b36       0x36 c:/program files (x86)/atmel/studio/7.0/toolchain/avr8/avr8-gnu-toolchain/bin/../lib/gcc/avr/5.4.0/../../../../avr/lib/avr5\libm.a(fp_mintl.o)
                0x00003b36                __fp_mintl
 .text.avr-libc.fplib
                0x00003b6c       0x1c c:/program files (x86)/atmel/studio/7.0/toolchain/avr8/avr8-gnu-toolchain/bin/../lib/gcc/avr/5.4.0/../../../../avr/lib/avr5\libm.a(fp_mpack.o)
                0x00003b6c                __fp_mpack
                0x00003b70                __fp_mpack_finite
 .text.avr-libc.fplib
                0x00003b88        0x6 c:/program files (x86)/atmel/studio/7.0/toolchain/avr8/avr8-gnu-toolchain/bin/../lib/gcc/avr/5.4.0/../../../../avr/lib/avr5\libm.a(fp_nan.o)
                0x00003b88                __fp_nan
 .text.avr-libc.fplib
                0x00003b8e        0xe c:/program files (x86)/atmel/studio/7.0/toolchain/avr8/avr8-gnu-toolchain/bin/../lib/gcc/avr/5.4.0/../../../../avr/lib/avr5\libm.a(fp_pscA.o)
                0x00003b8e                __fp_pscA
 .text.avr-libc.fplib
                0x00003b9c        0xe c:/program files (x86)/atmel/studio/7.0/toolchain/avr8/avr8-gnu-toolchain/bin/../lib/gcc/avr/5.4.0/../../../../avr/lib/avr5\libm.a(fp_pscB.o)
                0x00003b9c                __fp_pscB
 .text.avr-libc.fplib
                0x00003baa       0x22 c:/program files (x86)/atmel/studio/7.0/toolchain/avr8/avr8-gnu-toolchain/bin/../lib/gcc/avr/5.4.0/../../../../avr/lib/avr5\libm.a(fp_round.o)
                0x00003baa                __fp_round
 .text.avr-libc.fplib
                0x00003bcc       0x44 c:/program files (x86)/atmel/studio/7.0/toolchain/avr8/avr8-gnu-toolchain/bin/../lib/gcc/avr/5.4.0/../../../../avr/lib/avr5\libm.a(fp_split3.o)
                0x00003bcc                __fp_split3
                0x00003bdc                __fp_splitA
 .text.avr-libc.fplib
                0x00003c10       0x30 c:/program files (x86)/atmel/studio/7.0/toolchain/avr8/avr8-gnu-toolchain/bin/../lib/gcc/avr/5.4.0/../../../../avr/lib/avr5\libm.a(fp_trunc.o)
                0x00003c10                __fp_trunc
 .text.avr-libc.fplib
                0x00003c40        0xe c:/program files (x86)/atmel/studio/7.0/toolchain/avr8/avr8-gnu-toolchain/bin/../lib/gcc/avr/5.4.0/../../../../avr/lib/avr5\libm.a(fp_zero.o)
                0x00003c40                __fp_zero
                0x00003c42                __fp_szero
 .text.avr-libc.fplib
                0x00003c4e        0xa c:/program files (x86)/atmel/studio/7.0/toolchain/avr8/avr8-gnu-toolchain/bin/../lib/gcc/avr/5.4.0/../../../../avr/lib/avr5\libm.a(gesf2.o)
                0x00003c4e                __gesf2
                0x00003c4e                __gtsf2
 .text.avr-libc.fplib
                0x00003c58       0x7a c:/program files (x86)/atmel/studio/7.0/toolchain/avr8/avr8-gnu-toolchain/bin/../lib/gcc/avr/5.4.0/../../../../avr/lib/avr5\libm.a(lrint.o)
                0x00003c58                lrint
 .text.avr-libc.fplib
                0x00003cd2        0x8 c:/program files (x86)/atmel/studio/7.0/toolchain/avr8/avr8-gnu-toolchain/bin/../lib/gcc/avr/5.4.0/../../../../avr/lib/avr5\libm.a(mulsf3.o)
                0x00003cd2                __mulsf3
 .text.avr-libc.fplib
                0x00003cda       0xd2 c:/program files (x86)/atmel/studio/7.0/toolchain/avr8/avr8-gnu-toolchain/bin/../lib/gcc/avr/5.4.0/../../../../avr/lib/avr5\libm.a(mulsf3x.o)
                0x00003cf8                __mulsf3x
                0x00003cfe                __mulsf3_pse
 .text.avr-libc.fplib
                0x00003dac       0xa0 c:/program files (x86)/atmel/studio/7.0/toolchain/avr8/avr8-gnu-toolchain/bin/../lib/gcc/avr/5.4.0/../../../../avr/lib/avr5\libm.a(pow.o)
                0x00003dac                pow
 .text.avr-libc.fplib
                0x00003e4c       0x74 c:/program files (x86)/atmel/studio/7.0/toolchain/avr8/avr8-gnu-toolchain/bin/../lib/gcc/avr/5.4.0/../../../../avr/lib/avr5\libm.a(exp.o)
                0x00003e5c                exp
 .text.avr-libc.fplib
                0x00003ec0       0x48 c:/program files (x86)/atmel/studio/7.0/toolchain/avr8/avr8-gnu-toolchain/bin/../lib/gcc/avr/5.4.0/../../../../avr/lib/avr5\libm.a(fp_cmp.o)
                0x00003ec0                __fp_cmp
 .text.avr-libc.fplib
                0x00003f08       0x4e c:/program files (x86)/atmel/studio/7.0/toolchain/avr8/avr8-gnu-toolchain/bin/../lib/gcc/avr/5.4.0/../../../../avr/lib/avr5\libm.a(fp_powser.o)
                0x00003f08                __fp_powser
 .text.avr-libc.fplib
                0x00003f56       0x10 c:/program files (x86)/atmel/studio/7.0/toolchain/avr8/avr8-gnu-toolchain/bin/../lib/gcc/avr/5.4.0/../../../../avr/lib/avr5\libm.a(inverse.o)
                0x00003f56                inverse
 .text.avr-libc.fplib
                0x00003f66       0x74 c:/program files (x86)/atmel/studio/7.0/toolchain/avr8/avr8-gnu-toolchain/bin/../lib/gcc/avr/5.4.0/../../../../avr/lib/avr5\libm.a(ldexp.o)
                0x00003f6e                ldexp
 .text.avr-libc.fplib
                0x00003fda       0xa0 c:/program files (x86)/atmel/studio/7.0/toolchain/avr8/avr8-gnu-toolchain/bin/../lib/gcc/avr/5.4.0/../../../../avr/lib/avr5\libm.a(log.o)
                0x00003fea                log
 .text.avr-libc.fplib
                0x0000407a       0x68 c:/program files (x86)/atmel/studio/7.0/toolchain/avr8/avr8-gnu-toolchain/bin/../lib/gcc/avr/5.4.0/../../../../avr/lib/avr5\libm.a(modf.o)
                0x0000407a                modf
                0x0000407a                modff
 .text.libgcc.mul
                0x000040e2       0x20 c:/program files (x86)/atmel/studio/7.0/toolchain/avr8/avr8-gnu-toolchain/bin/../lib/gcc/avr/5.4.0/avr5\libgcc.a(_mulsi3.o)
                0x000040e2                __mulsi3
 .text.libgcc.div
                0x00004102       0x44 c:/program files (x86)/atmel/studio/7.0/toolchain/avr8/avr8-gnu-toolchain/bin/../lib/gcc/avr/5.4.0/avr5\libgcc.a(_udivmodsi4.o)
                0x00004102                __udivmodsi4
 .text.libgcc.mul
                0x00004146       0x16 c:/program files (x86)/atmel/studio/7.0/toolchain/avr8/avr8-gnu-toolchain/bin/../lib/gcc/avr/5.4.0/avr5\libgcc.a(_muluhisi3.o)
                0x00004146                __muluhisi3
 .text.libgcc.prologue
                0x0000415c       0x38 c:/program files (x86)/atmel/studio/7.0/toolchain/avr8/avr8-gnu-toolchain/bin/../lib/gcc/avr/5.4.0/avr5\libgcc.a(_prologue.o)
                0x0000415c                __prologue_saves__
 .text.libgcc.prologue
                0x00004194       0x36 c:/program files (x86)/atmel/studio/7.0/toolchain/avr8/avr8-gnu-toolchain/bin/../lib/gcc/avr/5.4.0/avr5\libgcc.a(_epilogue.o)
                0x00004194                __epilogue_restores__
 .text.libgcc.mul
                0x000041ca       0x1e c:/program files (x86)/atmel/studio/7.0/toolchain/avr8/avr8-gnu-toolchain/bin/../lib/gcc/avr/5.4.0/avr5\libgcc.a(_umulhisi3.o)
                0x000041ca                __umulhisi3
 .text.avr-libc
                0x000041e8      0x242 c:/program files (x86)/atmel/studio/7.0/toolchain/avr8/avr8-gnu-toolchain/bin/../lib/gcc/avr/5.4.0/../../../../avr/lib/avr5\libc.a(malloc.o)
                0x000041e8                malloc
                0x00004318                free
 .text.avr-libc
                0x0000442a      0x1b0 c:/program files (x86)/atmel/studio/7.0/toolchain/avr8/avr8-gnu-toolchain/bin/../lib/gcc/avr/5.4.0/../../../../avr/lib/avr5\libc.a(ftoa_engine.o)
                0x0000442a                __ftoa_engine
 .text.avr-libc
                0x000045da       0x16 c:/program files (x86)/atmel/studio/7.0/toolchain/avr8/avr8-gnu-toolchain/bin/../lib/gcc/avr/5.4.0/../../../../avr/lib/avr5\libc.a(strnlen_P.o)
                0x000045da                strnlen_P
 .text.avr-libc
                0x000045f0       0x16 c:/program files (x86)/atmel/studio/7.0/toolchain/avr8/avr8-gnu-toolchain/bin/../lib/gcc/avr/5.4.0/../../../../avr/lib/avr5\libc.a(strnlen.o)
                0x000045f0                strnlen
 .text.avr-libc
                0x00004606       0x78 c:/program files (x86)/atmel/studio/7.0/toolchain/avr8/avr8-gnu-toolchain/bin/../lib/gcc/avr/5.4.0/../../../../avr/lib/avr5\libc.a(fputc.o)
                0x00004606                fputc
 .text.avr-libc
                0x0000467e       0x2c c:/program files (x86)/atmel/studio/7.0/toolchain/avr8/avr8-gnu-toolchain/bin/../lib/gcc/avr/5.4.0/../../../../avr/lib/avr5\libc.a(printf.o)
                0x0000467e                printf
 .text.avr-libc
                0x000046aa       0x44 c:/program files (x86)/atmel/studio/7.0/toolchain/avr8/avr8-gnu-toolchain/bin/../lib/gcc/avr/5.4.0/../../../../avr/lib/avr5\libc.a(sprintf.o)
                0x000046aa                sprintf
 .text.avr-libc
                0x000046ee       0xbc c:/program files (x86)/atmel/studio/7.0/toolchain/avr8/avr8-gnu-toolchain/bin/../lib/gcc/avr/5.4.0/../../../../avr/lib/avr5\libc.a(ultoa_invert.o)
                0x000046ee                __ultoa_invert
                0x000047aa                . = ALIGN (0x2)
 *(.fini9)
 .fini9         0x000047aa        0x0 c:/program files (x86)/atmel/studio/7.0/toolchain/avr8/avr8-gnu-toolchain/bin/../lib/gcc/avr/5.4.0/avr5\libgcc.a(_exit.o)
                0x000047aa                _exit
                0x000047aa                exit
 *(.fini9)
 *(.fini8)
 *(.fini8)
 *(.fini7)
 *(.fini7)
 *(.fini6)
 *(.fini6)
 *(.fini5)
 *(.fini5)
 *(.fini4)
 *(.fini4)
 *(.fini3)
 *(.fini3)
 *(.fini2)
 *(.fini2)
 *(.fini1)
 *(.fini1)
 *(.fini0)
 .fini0         0x000047aa        0x4 c:/program files (x86)/atmel/studio/7.0/toolchain/avr8/avr8-gnu-toolchain/bin/../lib/gcc/avr/5.4.0/avr5\libgcc.a(_exit.o)
 *(.fini0)
                0x000047ae                _etext = .

.data           0x00800100       0x4e load address 0x000047ae
                0x00800100                PROVIDE (__data_start, .)
 *(.data)
 .data          0x00800100        0x1 ../../../../../../Desktop/capi324v221-v1.09.002R\libcapi324v221.a(ADC_set_channel.o)
 .data          0x00800101        0x4 ../../../../../../Desktop/capi324v221-v1.09.002R\libcapi324v221.a(ATTINY_get_IR_state.o)
 .data          0x00800105        0xe ../../../../../../Desktop/capi324v221-v1.09.002R\libcapi324v221.a(LCD_globals.o)
                0x00800105                LCD_stdout
 .data          0x00800113        0x8 ../../../../../../Desktop/capi324v221-v1.09.002R\libcapi324v221.a(STEPPER_globals.o)
                0x00800113                Motor_L_LUT
                0x00800117                Motor_R_LUT
 .data          0x0080011b        0x6 c:/program files (x86)/atmel/studio/7.0/toolchain/avr8/avr8-gnu-toolchain/bin/../lib/gcc/avr/5.4.0/../../../../avr/lib/avr5\libc.a(malloc.o)
                0x0080011b                __malloc_heap_end
                0x0080011d                __malloc_heap_start
                0x0080011f                __malloc_margin
 *(.data*)
 *(.gnu.linkonce.d*)
 *(.rodata)
 *(.rodata*)
 .rodata.str1.1
                0x00800121       0x2d src/app.o
 *(.gnu.linkonce.r*)
                0x0080014e                . = ALIGN (0x2)
                0x0080014e                _edata = .
                0x0080014e                PROVIDE (__data_end, .)

.bss            0x0080014e       0xf1
                0x0080014e                PROVIDE (__bss_start, .)
 *(.bss)
 .bss           0x0080014e        0x2 ../../../../../../Desktop/capi324v221-v1.09.002R\libcapi324v221.a(STEPPER_step.o)
 .bss           0x00800150        0xb ../../../../../../Desktop/capi324v221-v1.09.002R\libcapi324v221.a(ATTINY_get_IR_state.o)
 .bss           0x0080015b       0x40 ../../../../../../Desktop/capi324v221-v1.09.002R\libcapi324v221.a(ISR_globals.o)
                0x0080015b                CBOT_ISR_vtable
 .bss           0x0080019b       0x10 ../../../../../../Desktop/capi324v221-v1.09.002R\libcapi324v221.a(SPI_globals.o)
                0x0080019b                spi_config_func_LUT
 .bss           0x008001ab       0x10 ../../../../../../Desktop/capi324v221-v1.09.002R\libcapi324v221.a(SPKR_globals.o)
                0x008001ab                tone_mode_active
                0x008001ac                beep_mode_active
                0x008001ad                spkr_accum32
                0x008001b1                spkr_freq
                0x008001b5                beep_accum16
                0x008001b7                beep_freq
                0x008001b9                p_Freq_LUT
 .bss           0x008001bb        0x2 ../../../../../../Desktop/capi324v221-v1.09.002R\libcapi324v221.a(TMRSRVC_globals.o)
                0x008001bb                timer_busy_status
                0x008001bc                timer_run_status
 .bss           0x008001bd        0x1 ../../../../../../Desktop/capi324v221-v1.09.002R\libcapi324v221.a(STEPPER_process_run_mode.o)
 .bss           0x008001be        0x4 ../../../../../../Desktop/capi324v221-v1.09.002R\libcapi324v221.a(STEPPER_process_pwm.o)
 *(.bss*)
 *(COMMON)
 COMMON         0x008001c2       0x13 ../../../../../../Desktop/capi324v221-v1.09.002R\libcapi324v221.a(SYS_globals.o)
                0x008001c2                CBOT_system
 COMMON         0x008001d5        0x5 ../../../../../../Desktop/capi324v221-v1.09.002R\libcapi324v221.a(LCD_globals.o)
                0x008001d5                LCD_params
 COMMON         0x008001da        0x1 ../../../../../../Desktop/capi324v221-v1.09.002R\libcapi324v221.a(SPI_globals.o)
                0x008001da                curr_spi_addr
 COMMON         0x008001db       0x39 ../../../../../../Desktop/capi324v221-v1.09.002R\libcapi324v221.a(STEPPER_globals.o)
                0x008001db                STEPPER_params
                0x00800212                step_done
 COMMON         0x00800214        0x3 ../../../../../../Desktop/capi324v221-v1.09.002R\libcapi324v221.a(TMRSRVC_globals.o)
                0x00800214                tmrNodes
 COMMON         0x00800217       0x1e ../../../../../../Desktop/capi324v221-v1.09.002R\libcapi324v221.a(ATTINY_globals.o)
                0x00800217                ATTINY_params
 COMMON         0x00800235        0x4 c:/program files (x86)/atmel/studio/7.0/toolchain/avr8/avr8-gnu-toolchain/bin/../lib/gcc/avr/5.4.0/../../../../avr/lib/avr5\libc.a(malloc.o)
                0x00800235                __brkval
                0x00800237                __flp
 COMMON         0x00800239        0x6 c:/program files (x86)/atmel/studio/7.0/toolchain/avr8/avr8-gnu-toolchain/bin/../lib/gcc/avr/5.4.0/../../../../avr/lib/avr5\libc.a(iob.o)
                0x00800239                __iob
                0x0080023f                PROVIDE (__bss_end, .)
                0x000047ae                __data_load_start = LOADADDR (.data)
                0x000047fc                __data_load_end = (__data_load_start + SIZEOF (.data))

.noinit         0x0080023f        0x0
                [!provide]                PROVIDE (__noinit_start, .)
 *(.noinit*)
                [!provide]                PROVIDE (__noinit_end, .)
                0x0080023f                _end = .
                0x0080023f                PROVIDE (__heap_start, .)

.eeprom         0x00810000        0x0
 *(.eeprom*)
                0x00810000                __eeprom_end = .

.fuse
 *(.fuse)
 *(.lfuse)
 *(.hfuse)
 *(.efuse)

.lock
 *(.lock*)

.signature
 *(.signature*)

.user_signatures
 *(.user_signatures*)

.stab
 *(.stab)

.stabstr
 *(.stabstr)

.stab.excl
 *(.stab.excl)

.stab.exclstr
 *(.stab.exclstr)

.stab.index
 *(.stab.index)

.stab.indexstr
 *(.stab.indexstr)

.comment        0x00000000       0x5c
 *(.comment)
 .comment       0x00000000       0x30 main.o
                                 0x31 (size before relaxing)
 .comment       0x00000030       0x31 src/app.o
 .comment       0x00000030       0x31 src/motor_control.o
 .comment       0x00000030       0x2c c:/program files (x86)/atmel/studio/7.0/toolchain/avr8/avr8-gnu-toolchain/bin/../lib/gcc/avr/5.4.0/../../../../avr/lib/avr5\libprintf_flt.a(vfprintf_flt.o)
                                 0x2d (size before relaxing)
 .comment       0x0000005c       0x31 c:/program files (x86)/atmel/studio/7.0/toolchain/avr8/avr8-gnu-toolchain/bin/../lib/gcc/avr/5.4.0/../../../../avr/lib/avr5\libc.a(malloc.o)
 .comment       0x0000005c       0x31 c:/program files (x86)/atmel/studio/7.0/toolchain/avr8/avr8-gnu-toolchain/bin/../lib/gcc/avr/5.4.0/../../../../avr/lib/avr5\libc.a(fputc.o)
 .comment       0x0000005c       0x31 c:/program files (x86)/atmel/studio/7.0/toolchain/avr8/avr8-gnu-toolchain/bin/../lib/gcc/avr/5.4.0/../../../../avr/lib/avr5\libc.a(iob.o)
 .comment       0x0000005c       0x31 c:/program files (x86)/atmel/studio/7.0/toolchain/avr8/avr8-gnu-toolchain/bin/../lib/gcc/avr/5.4.0/../../../../avr/lib/avr5\libc.a(printf.o)
 .comment       0x0000005c       0x31 c:/program files (x86)/atmel/studio/7.0/toolchain/avr8/avr8-gnu-toolchain/bin/../lib/gcc/avr/5.4.0/../../../../avr/lib/avr5\libc.a(sprintf.o)

.note.gnu.avr.deviceinfo
                0x00000000       0x40
 .note.gnu.avr.deviceinfo
                0x00000000       0x40 c:/program files (x86)/atmel/studio/7.0/toolchain/avr8/avr8-gnu-toolchain/bin/../lib/gcc/avr/5.4.0/../../../../avr/lib/avr5/crtatmega324p.o

.note.gnu.build-id
 *(.note.gnu.build-id)

.debug
 *(.debug)

.line
 *(.line)

.debug_srcinfo
 *(.debug_srcinfo)

.debug_sfnames
 *(.debug_sfnames)

.debug_aranges
 *(.debug_aranges)

.debug_pubnames
 *(.debug_pubnames)

.debug_info     0x00000000      0x6cc
 *(.debug_info .gnu.linkonce.wi.*)
 .debug_info    0x00000000      0x6cc c:/program files (x86)/atmel/studio/7.0/toolchain/avr8/avr8-gnu-toolchain/bin/../lib/gcc/avr/5.4.0/../../../../avr/lib/avr5/crtatmega324p.o

.debug_abbrev   0x00000000      0x66e
 *(.debug_abbrev)
 .debug_abbrev  0x00000000      0x66e c:/program files (x86)/atmel/studio/7.0/toolchain/avr8/avr8-gnu-toolchain/bin/../lib/gcc/avr/5.4.0/../../../../avr/lib/avr5/crtatmega324p.o

.debug_line     0x00000000       0x1a
 *(.debug_line .debug_line.* .debug_line_end)
 .debug_line    0x00000000       0x1a c:/program files (x86)/atmel/studio/7.0/toolchain/avr8/avr8-gnu-toolchain/bin/../lib/gcc/avr/5.4.0/../../../../avr/lib/avr5/crtatmega324p.o

.debug_frame
 *(.debug_frame)

.debug_str      0x00000000      0x255
 *(.debug_str)
 .debug_str     0x00000000      0x255 c:/program files (x86)/atmel/studio/7.0/toolchain/avr8/avr8-gnu-toolchain/bin/../lib/gcc/avr/5.4.0/../../../../avr/lib/avr5/crtatmega324p.o

.debug_loc
 *(.debug_loc)

.debug_macinfo
 *(.debug_macinfo)

.debug_weaknames
 *(.debug_weaknames)

.debug_funcnames
 *(.debug_funcnames)

.debug_typenames
 *(.debug_typenames)

.debug_varnames
 *(.debug_varnames)

.debug_pubtypes
 *(.debug_pubtypes)

.debug_ranges
 *(.debug_ranges)

.debug_macro
 *(.debug_macro)
OUTPUT(CEENBot-Project.elf elf32-avr)
LOAD linker stubs
