Archive member included to satisfy reference by file (symbol)

../../../../../capi324v221-v1.09.002R\libcapi324v221.a(CBOT_main.o)
                              C:/Program Files (x86)/Atmel/Studio/7.0/Packs/atmel/ATmega_DFP/1.3.300/gcc/dev/atmega324p/avr5/crtatmega324p.o (main)
../../../../../capi324v221-v1.09.002R\libcapi324v221.a(LCD_clear.o)
                              main.o (LCD_clear)
../../../../../capi324v221-v1.09.002R\libcapi324v221.a(LCD_open.o)
                              main.o (LCD_open)
../../../../../capi324v221-v1.09.002R\libcapi324v221.a(LCD_set_backlight.o)
                              ../../../../../capi324v221-v1.09.002R\libcapi324v221.a(LCD_open.o) (LCD_set_backlight)
../../../../../capi324v221-v1.09.002R\libcapi324v221.a(LCD_set_next_PGC.o)
                              ../../../../../capi324v221-v1.09.002R\libcapi324v221.a(LCD_clear.o) (LCD_set_next_PGC)
../../../../../capi324v221-v1.09.002R\libcapi324v221.a(LCD_set_PGC_addr.o)
                              ../../../../../capi324v221-v1.09.002R\libcapi324v221.a(LCD_clear.o) (LCD_set_PGC_addr)
../../../../../capi324v221-v1.09.002R\libcapi324v221.a(LCD_write.o)
                              ../../../../../capi324v221-v1.09.002R\libcapi324v221.a(LCD_clear.o) (LCD_write)
../../../../../capi324v221-v1.09.002R\libcapi324v221.a(SPI_set_slave_addr.o)
                              ../../../../../capi324v221-v1.09.002R\libcapi324v221.a(LCD_set_backlight.o) (SPI_set_slave_addr)
../../../../../capi324v221-v1.09.002R\libcapi324v221.a(SPI_transmit.o)
                              ../../../../../capi324v221-v1.09.002R\libcapi324v221.a(LCD_set_backlight.o) (SPI_transmit)
../../../../../capi324v221-v1.09.002R\libcapi324v221.a(SYS_get_state.o)
                              ../../../../../capi324v221-v1.09.002R\libcapi324v221.a(LCD_open.o) (SYS_get_state)
../../../../../capi324v221-v1.09.002R\libcapi324v221.a(SYS_globals.o)
                              ../../../../../capi324v221-v1.09.002R\libcapi324v221.a(SYS_get_state.o) (CBOT_system)
../../../../../capi324v221-v1.09.002R\libcapi324v221.a(SYS_set_state.o)
                              ../../../../../capi324v221-v1.09.002R\libcapi324v221.a(LCD_open.o) (SYS_set_state)
../../../../../capi324v221-v1.09.002R\libcapi324v221.a(CBOT_init.o)
                              ../../../../../capi324v221-v1.09.002R\libcapi324v221.a(CBOT_main.o) (CBOT_init)
../../../../../capi324v221-v1.09.002R\libcapi324v221.a(CBOT_isr.o)
                              ../../../../../capi324v221-v1.09.002R\libcapi324v221.a(CBOT_main.o) (CBOT_ISR_init)
../../../../../capi324v221-v1.09.002R\libcapi324v221.a(ISR_globals.o)
                              ../../../../../capi324v221-v1.09.002R\libcapi324v221.a(CBOT_isr.o) (CBOT_ISR_vtable)
../../../../../capi324v221-v1.09.002R\libcapi324v221.a(ISR_open.o)
                              ../../../../../capi324v221-v1.09.002R\libcapi324v221.a(CBOT_init.o) (ISR_open)
../../../../../capi324v221-v1.09.002R\libcapi324v221.a(LCD_globals.o)
                              ../../../../../capi324v221-v1.09.002R\libcapi324v221.a(LCD_open.o) (LCD_stdout)
../../../../../capi324v221-v1.09.002R\libcapi324v221.a(__LCD_init.o)
                              ../../../../../capi324v221-v1.09.002R\libcapi324v221.a(LCD_open.o) (__LCD_init)
../../../../../capi324v221-v1.09.002R\libcapi324v221.a(__LCD_putchar.o)
                              ../../../../../capi324v221-v1.09.002R\libcapi324v221.a(LCD_globals.o) (__LCD_putchar)
../../../../../capi324v221-v1.09.002R\libcapi324v221.a(ATMEGA_open.o)
                              ../../../../../capi324v221-v1.09.002R\libcapi324v221.a(CBOT_init.o) (ATMEGA_open)
../../../../../capi324v221-v1.09.002R\libcapi324v221.a(ATMEGA_set_clk_mode.o)
                              ../../../../../capi324v221-v1.09.002R\libcapi324v221.a(ATMEGA_open.o) (ATMEGA_set_clk_mode)
../../../../../capi324v221-v1.09.002R\libcapi324v221.a(SPI_globals.o)
                              ../../../../../capi324v221-v1.09.002R\libcapi324v221.a(SPI_set_slave_addr.o) (spi_config_func_LUT)
../../../../../capi324v221-v1.09.002R\libcapi324v221.a(SPI_open.o)
                              ../../../../../capi324v221-v1.09.002R\libcapi324v221.a(CBOT_init.o) (SPI_open)
../../../../../capi324v221-v1.09.002R\libcapi324v221.a(SPI_set_config_func.o)
                              ../../../../../capi324v221-v1.09.002R\libcapi324v221.a(SPI_open.o) (SPI_set_config_func)
../../../../../capi324v221-v1.09.002R\libcapi324v221.a(SPKR_close.o)
                              ../../../../../capi324v221-v1.09.002R\libcapi324v221.a(__LCD_putchar.o) (SPKR_close)
../../../../../capi324v221-v1.09.002R\libcapi324v221.a(SPKR_globals.o)
                              ../../../../../capi324v221-v1.09.002R\libcapi324v221.a(SPKR_close.o) (tone_mode_active)
../../../../../capi324v221-v1.09.002R\libcapi324v221.a(SPKR_open.o)
                              ../../../../../capi324v221-v1.09.002R\libcapi324v221.a(__LCD_putchar.o) (SPKR_open)
[...]
Memory Configuration

Name             Origin             Length             Attributes
text             0x00000000         0x00020000         xr
data             0x00800060         0x0000ffa0         rw !x
eeprom           0x00810000         0x00010000         rw !x
fuse             0x00820000         0x00000003         rw !x
lock             0x00830000         0x00000400         rw !x
signature        0x00840000         0x00000400         rw !x
user_signatures  0x00850000         0x00000400         rw !x
*default*        0x00000000         0xffffffff

Linker script and memory map

Address of section .data set to 0x800100
LOAD C:/Program Files (x86)/Atmel/Studio/7.0/Packs/atmel/ATmega_DFP/1.3.300/gcc/dev/atmega324p/avr5/crtatmega324p.o
LOAD main.o
START GROUP
LOAD ../../../../../capi324v221-v1.09.002R\libcapi324v221.a
LOAD c:/program files (x86)/atmel/studio/7.0/toolchain/avr8/avr8-gnu-toolchain/bin/../lib/gcc/avr/5.4.0/../../../../avr/lib/avr5\libprintf_flt.a
LOAD c:/program files (x86)/atmel/studio/7.0/toolchain/avr8/avr8-gnu-toolchain/bin/../lib/gcc/avr/5.4.0/../../../../avr/lib/avr5\libm.a
END GROUP
START GROUP
LOAD c:/program files (x86)/atmel/studio/7.0/toolchain/avr8/avr8-gnu-toolchain/bin/../lib/gcc/avr/5.4.0/avr5\libgcc.a
LOAD c:/program files (x86)/atmel/studio/7.0/toolchain/avr8/avr8-gnu-toolchain/bin/../lib/gcc/avr/5.4.0/../../../../avr/lib/avr5\libm.a
LOAD c:/program files (x86)/atmel/studio/7.0/toolchain/avr8/avr8-gnu-toolchain/bin/../lib/gcc/avr/5.4.0/../../../../avr/lib/avr5\libc.a
LOAD C:/Program Files (x86)/Atmel/Studio/7.0/Packs/atmel/ATmega_DFP/1.3.300/gcc/dev/atmega324p/avr5\libatmega324p.a
END GROUP
                0x00000000                __TEXT_REGION_ORIGIN__ = DEFINED (__TEXT_REGION_ORIGIN__)?__TEXT_REGION_ORIGIN__:0x0
                0x00800060                __DATA_REGION_ORIGIN__ = DEFINED (__DATA_REGION_ORIGIN__)?__DATA_REGION_ORIGIN__:0x800060
                0x00020000                __TEXT_REGION_LENGTH__ = DEFINED (__TEXT_REGION_LENGTH__)?__TEXT_REGION_LENGTH__:0x20000
                0x0000ffa0                __DATA_REGION_LENGTH__ = DEFINED (__DATA_REGION_LENGTH__)?__DATA_REGION_LENGTH__:0xffa0
                0x00010000                __EEPROM_REGION_LENGTH__ = DEFINED (__EEPROM_REGION_LENGTH__)?__EEPROM_REGION_LENGTH__:0x10000
                [0x00000003]                __FUSE_REGION_LENGTH__ = DEFINED (__FUSE_REGION_LENGTH__)?__FUSE_REGION_LENGTH__:0x400
                0x00000400                __LOCK_REGION_LENGTH__ = DEFINED (__LOCK_REGION_LENGTH__)?__LOCK_REGION_LENGTH__:0x400
                0x00000400                __SIGNATURE_REGION_LENGTH__ = DEFINED (__SIGNATURE_REGION_LENGTH__)?__SIGNATURE_REGION_LENGTH__:0x400
                0x00000400                __USER_SIGNATURE_REGION_LENGTH__ = DEFINED (__USER_SIGNATURE_REGION_LENGTH__)?__USER_SIGNATURE_REGION_LENGTH__:0x400

.hash
 *(.hash)

.dynsym
 *(.dynsym)

.dynstr
 *(.dynstr)

.gnu.version
 *(.gnu.version)

.gnu.version_d
 *(.gnu.version_d)

.gnu.version_r
 *(.gnu.version_r)

.rel.init
 *(.rel.init)

.rela.init
 *(.rela.init)

.rel.text
 *(.rel.text)
 *(.rel.text.*)
 *(.rel.gnu.linkonce.t*)

.rela.text
 *(.rela.text)
 *(.rela.text.*)
 *(.rela.gnu.linkonce.t*)

.rel.fini
 *(.rel.fini)

.rela.fini
 *(.rela.fini)

.rel.rodata
 *(.rel.rodata)
 *(.rel.rodata.*)
 *(.rel.gnu.linkonce.r*)

.rela.rodata
 *(.rela.rodata)
 *(.rela.rodata.*)
 *(.rela.gnu.linkonce.r*)

.rel.data
 *(.rel.data)
 *(.rel.data.*)
 *(.rel.gnu.linkonce.d*)

.rela.data
 *(.rela.data)
 *(.rela.data.*)
 *(.rela.gnu.linkonce.d*)

.rel.ctors
 *(.rel.ctors)

.rela.ctors
 *(.rela.ctors)

.rel.dtors
 *(.rel.dtors)

.rela.dtors
 *(.rela.dtors)

.rel.got
 *(.rel.got)

.rela.got
 *(.rela.got)

.rel.bss
 *(.rel.bss)

.rela.bss
 *(.rela.bss)

.rel.plt
 *(.rel.plt)

.rela.plt
 *(.rela.plt)

.text           0x00000000     0x360a
 *(.vectors)
 .vectors       0x00000000       0x7c C:/Program Files (x86)/Atmel/Studio/7.0/Packs/atmel/ATmega_DFP/1.3.300/gcc/dev/atmega324p/avr5/crtatmega324p.o
                0x00000000                __vector_default
                0x00000000                __vectors
 *(.vectors)
 *(.progmem.gcc*)
 .progmem.gcc_sw_table
                0x0000007c       0x26 ../../../../../capi324v221-v1.09.002R\libcapi324v221.a(SYS_get_state.o)
 .progmem.gcc_sw_table
                0x000000a2       0x26 ../../../../../capi324v221-v1.09.002R\libcapi324v221.a(SYS_set_state.o)
 .progmem.gcc_fplib
                0x000000c8       0x28 c:/program files (x86)/atmel/studio/7.0/toolchain/avr8/avr8-gnu-toolchain/bin/../lib/gcc/avr/5.4.0/../../../../avr/lib/avr5\libm.a(exp.o)
 .progmem.gcc_fplib
                0x000000f0       0x5a c:/program files (x86)/atmel/studio/7.0/toolchain/avr8/avr8-gnu-toolchain/bin/../lib/gcc/avr/5.4.0/../../../../avr/lib/avr5\libm.a(log.o)
                0x0000014a                . = ALIGN (0x2)
                0x0000014a                __trampolines_start = .
 *(.trampolines)
 .trampolines   0x0000014a        0x0 linker stubs
 *(.trampolines*)
                0x0000014a                __trampolines_end = .
 *libprintf_flt.a:*(.progmem.data)
 .progmem.data  0x0000014a        0x8 c:/program files (x86)/atmel/studio/7.0/toolchain/avr8/avr8-gnu-toolchain/bin/../lib/gcc/avr/5.4.0/../../../../avr/lib/avr5\libprintf_flt.a(vfprintf_flt.o)
 *libc.a:*(.progmem.data)
 .progmem.data  0x00000152       0xfa c:/program files (x86)/atmel/studio/7.0/toolchain/avr8/avr8-gnu-toolchain/bin/../lib/gcc/avr/5.4.0/../../../../avr/lib/avr5\libc.a(ftoa_engine.o)
 *(.progmem*)
 .progmem.data  0x0000024c      0x415 ../../../../../capi324v221-v1.09.002R\libcapi324v221.a(LCD_globals.o)
                0x0000024c                char_bitmap
                0x00000461                CEENBoT_Inc_logo_bitmap
                0x00000662                . = ALIGN (0x2)
 *fill*         0x00000661        0x1 
 *(.jumptables)
 *(.jumptables*)
 *(.lowtext)
 *(.lowtext*)
                0x00000662                __ctors_start = .
 *(.ctors)
                0x00000662                __ctors_end = .
                0x00000662                __dtors_start = .
 *(.dtors)
                0x00000662                __dtors_end = .
 SORT(*)(.ctors)
 SORT(*)(.dtors)
 *(.init0)
 .init0         0x00000662        0x0 C:/Program Files (x86)/Atmel/Studio/7.0/Packs/atmel/ATmega_DFP/1.3.300/gcc/dev/atmega324p/avr5/crtatmega324p.o
                0x00000662                __init
 *(.init0)
 *(.init1)
 *(.init1)
 *(.init2)
 .init2         0x00000662        0xc C:/Program Files (x86)/Atmel/Studio/7.0/Packs/atmel/ATmega_DFP/1.3.300/gcc/dev/atmega324p/avr5/crtatmega324p.o
 *(.init2)
 *(.init3)
 *(.init3)
 *(.init4)
 .init4         0x0000066e       0x16 c:/program files (x86)/atmel/studio/7.0/toolchain/avr8/avr8-gnu-toolchain/bin/../lib/gcc/avr/5.4.0/avr5\libgcc.a(_copy_data.o)
                0x0000066e                __do_copy_data
 .init4         0x00000684       0x10 c:/program files (x86)/atmel/studio/7.0/toolchain/avr8/avr8-gnu-toolchain/bin/../lib/gcc/avr/5.4.0/avr5\libgcc.a(_clear_bss.o)
                0x00000684                __do_clear_bss
 *(.init4)
 *(.init5)
 *(.init5)
 *(.init6)
 *(.init6)
 *(.init7)
 *(.init7)
 *(.init8)
 *(.init8)
 *(.init9)
 .init9         0x00000694        0x8 C:/Program Files (x86)/Atmel/Studio/7.0/Packs/atmel/ATmega_DFP/1.3.300/gcc/dev/atmega324p/avr5/crtatmega324p.o
 *(.init9)
 *(.text)
 .text          0x0000069c        0x4 C:/Program Files (x86)/Atmel/Studio/7.0/Packs/atmel/ATmega_DFP/1.3.300/gcc/dev/atmega324p/avr5/crtatmega324p.o
                0x0000069c                __vector_22
                0x0000069c                __vector_28
                0x0000069c                __vector_1
                0x0000069c                __vector_24
                0x0000069c                __bad_interrupt
                0x0000069c                __vector_3
                0x0000069c                __vector_23
                0x0000069c                __vector_30
                0x0000069c                __vector_25
                0x0000069c                __vector_19
                0x0000069c                __vector_27
                0x0000069c                __vector_2
                0x0000069c                __vector_21
                0x0000069c                __vector_29
                0x0000069c                __vector_8
                0x0000069c                __vector_26
                0x0000069c                __vector_20
 .text          0x000006a0       0x12 main.o
                0x000006a0                CBOT_main
 .text          0x000006b2       0x12 ../../../../../capi324v221-v1.09.002R\libcapi324v221.a(CBOT_main.o)
                0x000006b2                main
 .text          0x000006c4       0x3a ../../../../../capi324v221-v1.09.002R\libcapi324v221.a(LCD_clear.o)
                0x000006c4                LCD_clear
 .text          0x000006fe      0x102 ../../../../../capi324v221-v1.09.002R\libcapi324v221.a(LCD_open.o)
                0x000006fe                LCD_open
 .text          0x00000800       0x42 ../../../../../capi324v221-v1.09.002R\libcapi324v221.a(LCD_set_backlight.o)
                0x00000800                LCD_set_backlight
 .text          0x00000842        0xe ../../../../../capi324v221-v1.09.002R\libcapi324v221.a(LCD_set_next_PGC.o)
                0x00000842                LCD_set_next_PGC
 .text          0x00000850       0x32 ../../../../../capi324v221-v1.09.002R\libcapi324v221.a(LCD_set_PGC_addr.o)
                0x00000850                LCD_set_PGC_addr
 .text          0x00000882       0x36 ../../../../../capi324v221-v1.09.002R\libcapi324v221.a(LCD_write.o)
                0x00000882                LCD_write
 .text          0x000008b8       0xa2 ../../../../../capi324v221-v1.09.002R\libcapi324v221.a(SPI_set_slave_addr.o)
                0x000008b8                SPI_set_slave_addr
 .text          0x0000095a       0x1e ../../../../../capi324v221-v1.09.002R\libcapi324v221.a(SPI_transmit.o)
                0x0000095a                SPI_transmit
 .text          0x00000978       0x90 ../../../../../capi324v221-v1.09.002R\libcapi324v221.a(SYS_get_state.o)
                0x00000978                SYS_get_state
 .text          0x00000a08       0x8e ../../../../../capi324v221-v1.09.002R\libcapi324v221.a(SYS_set_state.o)
                0x00000a08                SYS_set_state
 .text          0x00000a96       0x1c ../../../../../capi324v221-v1.09.002R\libcapi324v221.a(CBOT_init.o)
                0x00000a96                CBOT_init
 .text          0x00000ab2      0x480 ../../../../../capi324v221-v1.09.002R\libcapi324v221.a(CBOT_isr.o)
                0x00000ab2                CBOT_ISR_init
                0x00000ab6                __vector_16
                0x00000b08                __vector_17
                0x00000b5a                __vector_18
                0x00000bac                __vector_9
                0x00000bfe                __vector_10
                0x00000c50                __vector_11
                0x00000ca2                __vector_13
                0x00000cf4                __vector_14
                0x00000d46                __vector_12
                0x00000d98                __vector_15
                0x00000dea                __vector_4
                0x00000e3c                __vector_5
                0x00000e8e                __vector_6
                0x00000ee0                __vector_7
 .text          0x00000f32       0x28 ../../../../../capi324v221-v1.09.002R\libcapi324v221.a(ISR_open.o)
                0x00000f32                ISR_open
 .text          0x00000f5a        0x4 ../../../../../capi324v221-v1.09.002R\libcapi324v221.a(__LCD_init.o)
                0x00000f5a                __LCD_init
 .text          0x00000f5e      0x15a ../../../../../capi324v221-v1.09.002R\libcapi324v221.a(__LCD_putchar.o)
                0x00000f5e                __LCD_putchar
 .text          0x000010b8       0x24 ../../../../../capi324v221-v1.09.002R\libcapi324v221.a(ATMEGA_open.o)
                0x000010b8                ATMEGA_open
 .text          0x000010dc       0xa6 ../../../../../capi324v221-v1.09.002R\libcapi324v221.a(ATMEGA_set_clk_mode.o)
                0x000010dc                ATMEGA_set_clk_mode
 .text          0x00001182       0x72 ../../../../../capi324v221-v1.09.002R\libcapi324v221.a(SPI_open.o)
                0x00001182                SPI_open
 .text          0x000011f4       0x12 ../../../../../capi324v221-v1.09.002R\libcapi324v221.a(SPI_set_config_func.o)
                0x000011f4                SPI_set_config_func
 .text          0x00001206       0x72 ../../../../../capi324v221-v1.09.002R\libcapi324v221.a(SPKR_close.o)
                0x00001206                __SPKR_close_beep_mode
                0x00001222                __SPKR_close_tone_mode
                0x00001264                SPKR_close
 .text          0x00001278      0x13c ../../../../../capi324v221-v1.09.002R\libcapi324v221.a(SPKR_open.o)
                0x00001278                __SPKR_set_up_freq_LUT
                0x00001316                __SPKR_open_beep_mode
                0x00001342                __SPKR_open_tone_mode
                0x0000139a                SPKR_open
 .text          0x000013b4       0x9a ../../../../../capi324v221-v1.09.002R\libcapi324v221.a(SPKR_play_beep.o)
                0x000013b4                SPKR_play_beep
 .text          0x0000144e        0xc ../../../../../capi324v221-v1.09.002R\libcapi324v221.a(__SPKR_stop.o)
                0x0000144e                __SPKR_stop
 .text          0x0000145a       0x46 ../../../../../capi324v221-v1.09.002R\libcapi324v221.a(SYS_init.o)
                0x0000145a                SYS_init
 .text          0x000014a0       0x9e ../../../../../capi324v221-v1.09.002R\libcapi324v221.a(ATTINY_open.o)
                0x000014a0                ATTINY_open
 .text          0x0000153e       0x42 ../../../../../capi324v221-v1.09.002R\libcapi324v221.a(TMRSRVC_delay.o)
                0x0000153e                TMRSRVC_delay
 .text          0x00001580       0x7c ../../../../../capi324v221-v1.09.002R\libcapi324v221.a(TMRSRVC_new.o)
                0x00001580                TMRSRVC_new
 .text          0x000015fc       0x3e ../../../../../capi324v221-v1.09.002R\libcapi324v221.a(TMRSRVC_open.o)
                0x000015fc                TMRSRVC_open
 .text          0x0000163a        0xc ../../../../../capi324v221-v1.09.002R\libcapi324v221.a(__TMRSRVC_start.o)
                0x0000163a                __TMRSRVC_start
 .text          0x00001646       0x22 ../../../../../capi324v221-v1.09.002R\libcapi324v221.a(__ISR_attach.o)
                0x00001646                __ISR_attach
 .text          0x00001668       0x28 ../../../../../capi324v221-v1.09.002R\libcapi324v221.a(ISR_attach.o)
                0x00001668                ISR_attach
 .text          0x00001690        0x6 ../../../../../capi324v221-v1.09.002R\libcapi324v221.a(__ATMEGA_init.o)
                0x00001690                __ATMEGA_init
 .text          0x00001696       0x52 ../../../../../capi324v221-v1.09.002R\libcapi324v221.a(SPI_cfgrs.o)
                0x00001696                SPI_default_config
                0x000016a6                SPI_ATtiny0_config
                0x000016b6                SPI_PSXC_config
                0x000016c6                SPI_LCD_config
                0x000016d6                SPI_FLASH_config
 .text          0x000016e8        0xe ../../../../../capi324v221-v1.09.002R\libcapi324v221.a(__SPI_init.o)
                0x000016e8                __SPI_init
 .text          0x000016f6        0x6 ../../../../../capi324v221-v1.09.002R\libcapi324v221.a(ISR__SPKR__TIMER1_COMPA_vect.o)
                0x000016f6                __SPKR_TIMER1_COMPA_vect
 .text          0x000016fc       0x2e ../../../../../capi324v221-v1.09.002R\libcapi324v221.a(SPKR_beep.o)
                0x000016fc                SPKR_beep
 .text          0x0000172a       0x82 ../../../../../capi324v221-v1.09.002R\libcapi324v221.a(SPKR_clk.o)
                0x0000172a                SPKR_clk
 .text          0x000017ac       0x38 ../../../../../capi324v221-v1.09.002R\libcapi324v221.a(__SPKR_close.o)
                0x000017ac                __SPKR_close
 .text          0x000017e4       0x54 ../../../../../capi324v221-v1.09.002R\libcapi324v221.a(__SPKR_init.o)
                0x000017e4                __SPKR_init
 .text          0x00001838        0xe ../../../../../capi324v221-v1.09.002R\libcapi324v221.a(ISR__TIMER0_COMPA_vect.o)
                0x00001838                __TIMER0_COMPA_vect
 .text          0x00001846       0x12 ../../../../../capi324v221-v1.09.002R\libcapi324v221.a(__TMRSRVC_init.o)
                0x00001846                __TMRSRVC_init
 .text          0x00001858       0xd2 ../../../../../capi324v221-v1.09.002R\libcapi324v221.a(__TMRSRVC_insert.o)
                0x00001858                TMRSRVC_insert
 .text          0x0000192a        0x8 ../../../../../capi324v221-v1.09.002R\libcapi324v221.a(TMRSRVC_start.o)
                0x0000192a                TMRSRVC_start
 .text          0x00001932       0x32 ../../../../../capi324v221-v1.09.002R\libcapi324v221.a(TMRSRVC_tick.o)
                0x00001932                TMRSRVC_tick
 .text          0x00001964       0x4e ../../../../../capi324v221-v1.09.002R\libcapi324v221.a(SPKR_beep_clk.o)
                0x00001964                SPKR_beep_clk
 .text          0x000019b2      0x162 ../../../../../capi324v221-v1.09.002R\libcapi324v221.a(STEPPER_clk.o)
                0x000019b2                STEPPER_clk
 .text          0x00001b14       0x8a ../../../../../capi324v221-v1.09.002R\libcapi324v221.a(STEPPER_process_accel.o)
                0x00001b14                STEPPER_process_accel
 .text          0x00001b9e      0x206 ../../../../../capi324v221-v1.09.002R\libcapi324v221.a(STEPPER_process_run_mode.o)
                0x00001b9e                STEPPER_process_run_mode
 .text          0x00001da4       0xa8 ../../../../../capi324v221-v1.09.002R\libcapi324v221.a(STEPPER_process_step_mode.o)
                0x00001da4                STEPPER_process_step_mode
 .text          0x00001e4c       0x44 ../../../../../capi324v221-v1.09.002R\libcapi324v221.a(STEPPER_set_speed.o)
                0x00001e4c                STEPPER_set_speed
 .text          0x00001e90       0x4a ../../../../../capi324v221-v1.09.002R\libcapi324v221.a(STEPPER_stop.o)
                0x00001e90                STEPPER_stop
 .text          0x00001eda       0xd6 ../../../../../capi324v221-v1.09.002R\libcapi324v221.a(TMRSRVC_process.o)
                0x00001eda                TMRSRVC_process
 .text          0x00001fb0        0x6 ../../../../../capi324v221-v1.09.002R\libcapi324v221.a(TMRSRVC_stop.o)
                0x00001fb0                TMRSRVC_stop
 .text          0x00001fb6      0x130 ../../../../../capi324v221-v1.09.002R\libcapi324v221.a(STEPPER_process_pwm.o)
                0x00001fb6                STEPPER_process_pwm
 .text          0x000020e6       0x36 ../../../../../capi324v221-v1.09.002R\libcapi324v221.a(STEPPER_set_steps.o)
                0x000020e6                STEPPER_set_steps
                0x0000211c                . = ALIGN (0x2)
 *(.text.*)
 .text.avr-libc
                0x0000211c      0x6fa c:/program files (x86)/atmel/studio/7.0/toolchain/avr8/avr8-gnu-toolchain/bin/../lib/gcc/avr/5.4.0/../../../../avr/lib/avr5\libprintf_flt.a(vfprintf_flt.o)
                0x0000211c                vfprintf
 .text.avr-libc.fplib
                0x00002816        0x8 c:/program files (x86)/atmel/studio/7.0/toolchain/avr8/avr8-gnu-toolchain/bin/../lib/gcc/avr/5.4.0/../../../../avr/lib/avr5\libm.a(divsf3.o)
                0x00002816                __divsf3
 .text.avr-libc.fplib
                0x0000281e       0xdc c:/program files (x86)/atmel/studio/7.0/toolchain/avr8/avr8-gnu-toolchain/bin/../lib/gcc/avr/5.4.0/../../../../avr/lib/avr5\libm.a(divsf3x.o)
                0x0000283e                __divsf3x
                0x00002844                __divsf3_pse
 .text.avr-libc.fplib
                0x000028fa       0x7a c:/program files (x86)/atmel/studio/7.0/toolchain/avr8/avr8-gnu-toolchain/bin/../lib/gcc/avr/5.4.0/../../../../avr/lib/avr5\libm.a(floatsisf.o)
                0x000028fa                __floatunsisf
                0x000028fe                __floatsisf
 .text.avr-libc.fplib
                0x00002974        0xc c:/program files (x86)/atmel/studio/7.0/toolchain/avr8/avr8-gnu-toolchain/bin/../lib/gcc/avr/5.4.0/../../../../avr/lib/avr5\libm.a(fp_inf.o)
                0x00002974                __fp_inf
 .text.avr-libc.fplib
                0x00002980        0x6 c:/program files (x86)/atmel/studio/7.0/toolchain/avr8/avr8-gnu-toolchain/bin/../lib/gcc/avr/5.4.0/../../../../avr/lib/avr5\libm.a(fp_nan.o)
                0x00002980                __fp_nan
 .text.avr-libc.fplib
                0x00002986        0xe c:/program files (x86)/atmel/studio/7.0/toolchain/avr8/avr8-gnu-toolchain/bin/../lib/gcc/avr/5.4.0/../../../../avr/lib/avr5\libm.a(fp_pscA.o)
                0x00002986                __fp_pscA
 .text.avr-libc.fplib
                0x00002994        0xe c:/program files (x86)/atmel/studio/7.0/toolchain/avr8/avr8-gnu-toolchain/bin/../lib/gcc/avr/5.4.0/../../../../avr/lib/avr5\libm.a(fp_pscB.o)
                0x00002994                __fp_pscB
 .text.avr-libc.fplib
                0x000029a2       0x22 c:/program files (x86)/atmel/studio/7.0/toolchain/avr8/avr8-gnu-toolchain/bin/../lib/gcc/avr/5.4.0/../../../../avr/lib/avr5\libm.a(fp_round.o)
                0x000029a2                __fp_round
 .text.avr-libc.fplib
                0x000029c4       0x44 c:/program files (x86)/atmel/studio/7.0/toolchain/avr8/avr8-gnu-toolchain/bin/../lib/gcc/avr/5.4.0/../../../../avr/lib/avr5\libm.a(fp_split3.o)
                0x000029c4                __fp_split3
                0x000029d4                __fp_splitA
 .text.avr-libc.fplib
                0x00002a08        0xe c:/program files (x86)/atmel/studio/7.0/toolchain/avr8/avr8-gnu-toolchain/bin/../lib/gcc/avr/5.4.0/../../../../avr/lib/avr5\libm.a(fp_zero.o)
                0x00002a08                __fp_zero
                0x00002a0a                __fp_szero
 .text.avr-libc.fplib
                0x00002a16       0x7a c:/program files (x86)/atmel/studio/7.0/toolchain/avr8/avr8-gnu-toolchain/bin/../lib/gcc/avr/5.4.0/../../../../avr/lib/avr5\libm.a(lrint.o)
                0x00002a16                lrint
 .text.avr-libc.fplib
                0x00002a90        0x8 c:/program files (x86)/atmel/studio/7.0/toolchain/avr8/avr8-gnu-toolchain/bin/../lib/gcc/avr/5.4.0/../../../../avr/lib/avr5\libm.a(mulsf3.o)
                0x00002a90                __mulsf3
 .text.avr-libc.fplib
                0x00002a98       0xd2 c:/program files (x86)/atmel/studio/7.0/toolchain/avr8/avr8-gnu-toolchain/bin/../lib/gcc/avr/5.4.0/../../../../avr/lib/avr5\libm.a(mulsf3x.o)
                0x00002ab6                __mulsf3x
                0x00002abc                __mulsf3_pse
 .text.avr-libc.fplib
                0x00002b6a       0xa0 c:/program files (x86)/atmel/studio/7.0/toolchain/avr8/avr8-gnu-toolchain/bin/../lib/gcc/avr/5.4.0/../../../../avr/lib/avr5\libm.a(pow.o)
                0x00002b6a                pow
 .text.avr-libc.fplib
                0x00002c0a       0x74 c:/program files (x86)/atmel/studio/7.0/toolchain/avr8/avr8-gnu-toolchain/bin/../lib/gcc/avr/5.4.0/../../../../avr/lib/avr5\libm.a(exp.o)
                0x00002c1a                exp
 .text.avr-libc.fplib
                0x00002c7e       0x4e c:/program files (x86)/atmel/studio/7.0/toolchain/avr8/avr8-gnu-toolchain/bin/../lib/gcc/avr/5.4.0/../../../../avr/lib/avr5\libm.a(fp_powser.o)
                0x00002c7e                __fp_powser
 .text.avr-libc.fplib
                0x00002ccc       0x10 c:/program files (x86)/atmel/studio/7.0/toolchain/avr8/avr8-gnu-toolchain/bin/../lib/gcc/avr/5.4.0/../../../../avr/lib/avr5\libm.a(inverse.o)
                0x00002ccc                inverse
 .text.avr-libc.fplib
                0x00002cdc       0x74 c:/program files (x86)/atmel/studio/7.0/toolchain/avr8/avr8-gnu-toolchain/bin/../lib/gcc/avr/5.4.0/../../../../avr/lib/avr5\libm.a(ldexp.o)
                0x00002ce4                ldexp
 .text.avr-libc.fplib
                0x00002d50       0xa0 c:/program files (x86)/atmel/studio/7.0/toolchain/avr8/avr8-gnu-toolchain/bin/../lib/gcc/avr/5.4.0/../../../../avr/lib/avr5\libm.a(log.o)
                0x00002d60                log
 .text.avr-libc.fplib
                0x00002df0       0x68 c:/program files (x86)/atmel/studio/7.0/toolchain/avr8/avr8-gnu-toolchain/bin/../lib/gcc/avr/5.4.0/../../../../avr/lib/avr5\libm.a(modf.o)
                0x00002df0                modf
                0x00002df0                modff
 .text.avr-libc.fplib
                0x00002e58        0xe c:/program files (x86)/atmel/studio/7.0/toolchain/avr8/avr8-gnu-toolchain/bin/../lib/gcc/avr/5.4.0/../../../../avr/lib/avr5\libm.a(addsf3.o)
                0x00002e58                __subsf3
                0x00002e5a                __addsf3
 .text.avr-libc.fplib
                0x00002e66       0xcc c:/program files (x86)/atmel/studio/7.0/toolchain/avr8/avr8-gnu-toolchain/bin/../lib/gcc/avr/5.4.0/../../../../avr/lib/avr5\libm.a(addsf3x.o)
                0x00002e88                __addsf3x
 .text.avr-libc.fplib
                0x00002f32       0x1c c:/program files (x86)/atmel/studio/7.0/toolchain/avr8/avr8-gnu-toolchain/bin/../lib/gcc/avr/5.4.0/../../../../avr/lib/avr5\libm.a(fp_mpack.o)
                0x00002f32                __fp_mpack
                0x00002f36                __fp_mpack_finite
 .text.libgcc.mul
                0x00002f4e       0x20 c:/program files (x86)/atmel/studio/7.0/toolchain/avr8/avr8-gnu-toolchain/bin/../lib/gcc/avr/5.4.0/avr5\libgcc.a(_mulsi3.o)
                0x00002f4e                __mulsi3
 .text.libgcc.div
                0x00002f6e       0x44 c:/program files (x86)/atmel/studio/7.0/toolchain/avr8/avr8-gnu-toolchain/bin/../lib/gcc/avr/5.4.0/avr5\libgcc.a(_udivmodsi4.o)
                0x00002f6e                __udivmodsi4
 .text.libgcc.mul
                0x00002fb2       0x16 c:/program files (x86)/atmel/studio/7.0/toolchain/avr8/avr8-gnu-toolchain/bin/../lib/gcc/avr/5.4.0/avr5\libgcc.a(_muluhisi3.o)
                0x00002fb2                __muluhisi3
 .text.libgcc.prologue
                0x00002fc8       0x38 c:/program files (x86)/atmel/studio/7.0/toolchain/avr8/avr8-gnu-toolchain/bin/../lib/gcc/avr/5.4.0/avr5\libgcc.a(_prologue.o)
                0x00002fc8                __prologue_saves__
 .text.libgcc.prologue
                0x00003000       0x36 c:/program files (x86)/atmel/studio/7.0/toolchain/avr8/avr8-gnu-toolchain/bin/../lib/gcc/avr/5.4.0/avr5\libgcc.a(_epilogue.o)
                0x00003000                __epilogue_restores__
 .text.libgcc.mul
                0x00003036       0x1e c:/program files (x86)/atmel/studio/7.0/toolchain/avr8/avr8-gnu-toolchain/bin/../lib/gcc/avr/5.4.0/avr5\libgcc.a(_umulhisi3.o)
                0x00003036                __umulhisi3
 .text.avr-libc
                0x00003054      0x242 c:/program files (x86)/atmel/studio/7.0/toolchain/avr8/avr8-gnu-toolchain/bin/../lib/gcc/avr/5.4.0/../../../../avr/lib/avr5\libc.a(malloc.o)
                0x00003054                malloc
                0x00003184                free
 .text.avr-libc
                0x00003296      0x1b0 c:/program files (x86)/atmel/studio/7.0/toolchain/avr8/avr8-gnu-toolchain/bin/../lib/gcc/avr/5.4.0/../../../../avr/lib/avr5\libc.a(ftoa_engine.o)
                0x00003296                __ftoa_engine
 .text.avr-libc
                0x00003446       0x16 c:/program files (x86)/atmel/studio/7.0/toolchain/avr8/avr8-gnu-toolchain/bin/../lib/gcc/avr/5.4.0/../../../../avr/lib/avr5\libc.a(strnlen_P.o)
                0x00003446                strnlen_P
 .text.avr-libc
                0x0000345c       0x16 c:/program files (x86)/atmel/studio/7.0/toolchain/avr8/avr8-gnu-toolchain/bin/../lib/gcc/avr/5.4.0/../../../../avr/lib/avr5\libc.a(strnlen.o)
                0x0000345c                strnlen
 .text.avr-libc
                0x00003472       0x78 c:/program files (x86)/atmel/studio/7.0/toolchain/avr8/avr8-gnu-toolchain/bin/../lib/gcc/avr/5.4.0/../../../../avr/lib/avr5\libc.a(fputc.o)
                0x00003472                fputc
 .text.avr-libc
                0x000034ea       0x60 c:/program files (x86)/atmel/studio/7.0/toolchain/avr8/avr8-gnu-toolchain/bin/../lib/gcc/avr/5.4.0/../../../../avr/lib/avr5\libc.a(puts.o)
                0x000034ea                puts
 .text.avr-libc
                0x0000354a       0xbc c:/program files (x86)/atmel/studio/7.0/toolchain/avr8/avr8-gnu-toolchain/bin/../lib/gcc/avr/5.4.0/../../../../avr/lib/avr5\libc.a(ultoa_invert.o)
                0x0000354a                __ultoa_invert
                0x00003606                . = ALIGN (0x2)
 *(.fini9)
 .fini9         0x00003606        0x0 c:/program files (x86)/atmel/studio/7.0/toolchain/avr8/avr8-gnu-toolchain/bin/../lib/gcc/avr/5.4.0/avr5\libgcc.a(_exit.o)
                0x00003606                _exit
                0x00003606                exit
 *(.fini9)
 *(.fini8)
 *(.fini8)
 *(.fini7)
 *(.fini7)
 *(.fini6)
 *(.fini6)
 *(.fini5)
 *(.fini5)
 *(.fini4)
 *(.fini4)
 *(.fini3)
 *(.fini3)
 *(.fini2)
 *(.fini2)
 *(.fini1)
 *(.fini1)
 *(.fini0)
 .fini0         0x00003606        0x4 c:/program files (x86)/atmel/studio/7.0/toolchain/avr8/avr8-gnu-toolchain/bin/../lib/gcc/avr/5.4.0/avr5\libgcc.a(_exit.o)
 *(.fini0)
                0x0000360a                _etext = .

.data           0x00800100       0x30 load address 0x0000360a
                0x00800100                PROVIDE (__data_start, .)
 *(.data)
 .data          0x00800100        0xe ../../../../../capi324v221-v1.09.002R\libcapi324v221.a(LCD_globals.o)
                0x00800100                LCD_stdout
 .data          0x0080010e        0x8 ../../../../../capi324v221-v1.09.002R\libcapi324v221.a(STEPPER_globals.o)
                0x0080010e                Motor_L_LUT
                0x00800112                Motor_R_LUT
 .data          0x00800116        0x6 c:/program files (x86)/atmel/studio/7.0/toolchain/avr8/avr8-gnu-toolchain/bin/../lib/gcc/avr/5.4.0/../../../../avr/lib/avr5\libc.a(malloc.o)
                0x00800116                __malloc_heap_end
                0x00800118                __malloc_heap_start
                0x0080011a                __malloc_margin
 *(.data*)
 *(.gnu.linkonce.d*)
 *(.rodata)
 *(.rodata*)
 .rodata.str1.1
                0x0080011c       0x14 main.o
 *(.gnu.linkonce.r*)
                0x00800130                . = ALIGN (0x2)
                0x00800130                _edata = .
                0x00800130                PROVIDE (__data_end, .)

.bss            0x00800130       0xe4
                0x00800130                PROVIDE (__bss_start, .)
 *(.bss)
 .bss           0x00800130       0x40 ../../../../../capi324v221-v1.09.002R\libcapi324v221.a(ISR_globals.o)
                0x00800130                CBOT_ISR_vtable
 .bss           0x00800170       0x10 ../../../../../capi324v221-v1.09.002R\libcapi324v221.a(SPI_globals.o)
                0x00800170                spi_config_func_LUT
 .bss           0x00800180       0x10 ../../../../../capi324v221-v1.09.002R\libcapi324v221.a(SPKR_globals.o)
                0x00800180                tone_mode_active
                0x00800181                beep_mode_active
                0x00800182                spkr_accum32
                0x00800186                spkr_freq
                0x0080018a                beep_accum16
                0x0080018c                beep_freq
                0x0080018e                p_Freq_LUT
 .bss           0x00800190        0x2 ../../../../../capi324v221-v1.09.002R\libcapi324v221.a(TMRSRVC_globals.o)
                0x00800190                timer_busy_status
                0x00800191                timer_run_status
 .bss           0x00800192        0x1 ../../../../../capi324v221-v1.09.002R\libcapi324v221.a(STEPPER_process_run_mode.o)
 .bss           0x00800193        0x4 ../../../../../capi324v221-v1.09.002R\libcapi324v221.a(STEPPER_process_pwm.o)
 *(.bss*)
 *(COMMON)
 COMMON         0x00800197       0x13 ../../../../../capi324v221-v1.09.002R\libcapi324v221.a(SYS_globals.o)
                0x00800197                CBOT_system
 COMMON         0x008001aa        0x5 ../../../../../capi324v221-v1.09.002R\libcapi324v221.a(LCD_globals.o)
                0x008001aa                LCD_params
 COMMON         0x008001af        0x1 ../../../../../capi324v221-v1.09.002R\libcapi324v221.a(SPI_globals.o)
                0x008001af                curr_spi_addr
 COMMON         0x008001b0       0x1e ../../../../../capi324v221-v1.09.002R\libcapi324v221.a(ATTINY_globals.o)
                0x008001b0                ATTINY_params
 COMMON         0x008001ce        0x3 ../../../../../capi324v221-v1.09.002R\libcapi324v221.a(TMRSRVC_globals.o)
                0x008001ce                tmrNodes
 COMMON         0x008001d1       0x39 ../../../../../capi324v221-v1.09.002R\libcapi324v221.a(STEPPER_globals.o)
                0x008001d1                STEPPER_params
                0x00800208                step_done
 COMMON         0x0080020a        0x4 c:/program files (x86)/atmel/studio/7.0/toolchain/avr8/avr8-gnu-toolchain/bin/../lib/gcc/avr/5.4.0/../../../../avr/lib/avr5\libc.a(malloc.o)
                0x0080020a                __brkval
                0x0080020c                __flp
 COMMON         0x0080020e        0x6 c:/program files (x86)/atmel/studio/7.0/toolchain/avr8/avr8-gnu-toolchain/bin/../lib/gcc/avr/5.4.0/../../../../avr/lib/avr5\libc.a(iob.o)
                0x0080020e                __iob
                0x00800214                PROVIDE (__bss_end, .)
                0x0000360a                __data_load_start = LOADADDR (.data)
                0x0000363a                __data_load_end = (__data_load_start + SIZEOF (.data))

.noinit         0x00800214        0x0
                [!provide]                PROVIDE (__noinit_start, .)
 *(.noinit*)
                [!provide]                PROVIDE (__noinit_end, .)
                0x00800214                _end = .
                0x00800214                PROVIDE (__heap_start, .)

.eeprom         0x00810000        0x0
 *(.eeprom*)
                0x00810000                __eeprom_end = .

.fuse
 *(.fuse)
 *(.lfuse)
 *(.hfuse)
 *(.efuse)

.lock
 *(.lock*)

.signature
 *(.signature*)

.user_signatures
 *(.user_signatures*)

.stab
 *(.stab)

.stabstr
 *(.stabstr)

.stab.excl
 *(.stab.excl)

.stab.exclstr
 *(.stab.exclstr)

.stab.index
 *(.stab.index)

.stab.indexstr
 *(.stab.indexstr)

.comment        0x00000000       0x5c
 *(.comment)
 .comment       0x00000000       0x30 main.o
                                 0x31 (size before relaxing)
 .comment       0x00000030       0x2c c:/program files (x86)/atmel/studio/7.0/toolchain/avr8/avr8-gnu-toolchain/bin/../lib/gcc/avr/5.4.0/../../../../avr/lib/avr5\libprintf_flt.a(vfprintf_flt.o)
                                 0x2d (size before relaxing)
 .comment       0x0000005c       0x31 c:/program files (x86)/atmel/studio/7.0/toolchain/avr8/avr8-gnu-toolchain/bin/../lib/gcc/avr/5.4.0/../../../../avr/lib/avr5\libc.a(malloc.o)
 .comment       0x0000005c       0x31 c:/program files (x86)/atmel/studio/7.0/toolchain/avr8/avr8-gnu-toolchain/bin/../lib/gcc/avr/5.4.0/../../../../avr/lib/avr5\libc.a(fputc.o)
 .comment       0x0000005c       0x31 c:/program files (x86)/atmel/studio/7.0/toolchain/avr8/avr8-gnu-toolchain/bin/../lib/gcc/avr/5.4.0/../../../../avr/lib/avr5\libc.a(iob.o)
 .comment       0x0000005c       0x31 c:/program files (x86)/atmel/studio/7.0/toolchain/avr8/avr8-gnu-toolchain/bin/../lib/gcc/avr/5.4.0/../../../../avr/lib/avr5\libc.a(puts.o)

.note.gnu.avr.deviceinfo
                0x00000000       0x40
 .note.gnu.avr.deviceinfo
                0x00000000       0x40 C:/Program Files (x86)/Atmel/Studio/7.0/Packs/atmel/ATmega_DFP/1.3.300/gcc/dev/atmega324p/avr5/crtatmega324p.o

.note.gnu.build-id
 *(.note.gnu.build-id)

.debug
 *(.debug)

.line
 *(.line)

.debug_srcinfo
 *(.debug_srcinfo)

.debug_sfnames
 *(.debug_sfnames)

.debug_aranges
 *(.debug_aranges)

.debug_pubnames
 *(.debug_pubnames)

.debug_info     0x00000000      0x6cc
 *(.debug_info .gnu.linkonce.wi.*)
 .debug_info    0x00000000      0x6cc C:/Program Files (x86)/Atmel/Studio/7.0/Packs/atmel/ATmega_DFP/1.3.300/gcc/dev/atmega324p/avr5/crtatmega324p.o

.debug_abbrev   0x00000000      0x66e
 *(.debug_abbrev)
 .debug_abbrev  0x00000000      0x66e C:/Program Files (x86)/Atmel/Studio/7.0/Packs/atmel/ATmega_DFP/1.3.300/gcc/dev/atmega324p/avr5/crtatmega324p.o

.debug_line     0x00000000      0x151
 *(.debug_line .debug_line.* .debug_line_end)
 .debug_line    0x00000000      0x151 C:/Program Files (x86)/Atmel/Studio/7.0/Packs/atmel/ATmega_DFP/1.3.300/gcc/dev/atmega324p/avr5/crtatmega324p.o

.debug_frame
 *(.debug_frame)

.debug_str      0x00000000      0x255
 *(.debug_str)
 .debug_str     0x00000000      0x255 C:/Program Files (x86)/Atmel/Studio/7.0/Packs/atmel/ATmega_DFP/1.3.300/gcc/dev/atmega324p/avr5/crtatmega324p.o

.debug_loc
 *(.debug_loc)

.debug_macinfo
 *(.debug_macinfo)

.debug_weaknames
 *(.debug_weaknames)

.debug_funcnames
 *(.debug_funcnames)

.debug_typenames
 *(.debug_typenames)

.debug_varnames
 *(.debug_varnames)

.debug_pubtypes
 *(.debug_pubtypes)

.debug_ranges
 *(.debug_ranges)

.debug_macro
 *(.debug_macro)
OUTPUT(HelloDolly.elf elf32-avr)
LOAD linker stubs
