Archive member included to satisfy reference by file (symbol)

../../../../../ECEN 345/CeenBot/capi324v22x-v2.06.000R\libcapi324v22x.a(ADC_open.o)
                              main.o (ADC_open)
../../../../../ECEN 345/CeenBot/capi324v22x-v2.06.000R\libcapi324v22x.a(ADC_sample.o)
                              main.o (ADC_sample)
../../../../../ECEN 345/CeenBot/capi324v22x-v2.06.000R\libcapi324v22x.a(ADC_set_VREF.o)
                              main.o (ADC_set_VREF)
../../../../../ECEN 345/CeenBot/capi324v22x-v2.06.000R\libcapi324v22x.a(ADC_set_channel.o)
                              main.o (ADC_set_channel)
../../../../../ECEN 345/CeenBot/capi324v22x-v2.06.000R\libcapi324v22x.a(__ADC_init.o)
                              ../../../../../ECEN 345/CeenBot/capi324v22x-v2.06.000R\libcapi324v22x.a(ADC_open.o) (__ADC_init)
../../../../../ECEN 345/CeenBot/capi324v22x-v2.06.000R\libcapi324v22x.a(CBOT_main.o)
                              C:/Users/akrs7/OneDrive/Documents/ECEN 345/CeenBot/7.0/Packs/atmel/ATmega_DFP/1.3.300/gcc/dev/atmega324p/avr5/crtatmega324p.o (main)
../../../../../ECEN 345/CeenBot/capi324v22x-v2.06.000R\libcapi324v22x.a(LCD_clear.o)
                              main.o (LCD_clear)
../../../../../ECEN 345/CeenBot/capi324v22x-v2.06.000R\libcapi324v22x.a(LCD_open.o)
                              main.o (LCD_open)
../../../../../ECEN 345/CeenBot/capi324v22x-v2.06.000R\libcapi324v22x.a(LCD_set_PGC_addr.o)
                              ../../../../../ECEN 345/CeenBot/capi324v22x-v2.06.000R\libcapi324v22x.a(LCD_clear.o) (LCD_set_PGC_addr)
../../../../../ECEN 345/CeenBot/capi324v22x-v2.06.000R\libcapi324v22x.a(LCD_set_backlight.o)
                              ../../../../../ECEN 345/CeenBot/capi324v22x-v2.06.000R\libcapi324v22x.a(LCD_open.o) (LCD_set_backlight)
../../../../../ECEN 345/CeenBot/capi324v22x-v2.06.000R\libcapi324v22x.a(LCD_set_next_PGC.o)
                              ../../../../../ECEN 345/CeenBot/capi324v22x-v2.06.000R\libcapi324v22x.a(LCD_clear.o) (LCD_set_next_PGC)
../../../../../ECEN 345/CeenBot/capi324v22x-v2.06.000R\libcapi324v22x.a(LCD_write.o)
                              ../../../../../ECEN 345/CeenBot/capi324v22x-v2.06.000R\libcapi324v22x.a(LCD_clear.o) (LCD_write)
../../../../../ECEN 345/CeenBot/capi324v22x-v2.06.000R\libcapi324v22x.a(__LCD_init.o)
                              ../../../../../ECEN 345/CeenBot/capi324v22x-v2.06.000R\libcapi324v22x.a(LCD_open.o) (__LCD_init)
../../../../../ECEN 345/CeenBot/capi324v22x-v2.06.000R\libcapi324v22x.a(LED_open.o)
                              main.o (LED_open)
../../../../../ECEN 345/CeenBot/capi324v22x-v2.06.000R\libcapi324v22x.a(LED_tog_pattern.o)
                              main.o (LED_tog_pattern)
../../../../../ECEN 345/CeenBot/capi324v22x-v2.06.000R\libcapi324v22x.a(__LED_init.o)
                              ../../../../../ECEN 345/CeenBot/capi324v22x-v2.06.000R\libcapi324v22x.a(LED_open.o) (__LED_init)
../../../../../ECEN 345/CeenBot/capi324v22x-v2.06.000R\libcapi324v22x.a(__LED_tog_pattern.o)
                              ../../../../../ECEN 345/CeenBot/capi324v22x-v2.06.000R\libcapi324v22x.a(LED_tog_pattern.o) (__LED_tog_pattern)
../../../../../ECEN 345/CeenBot/capi324v22x-v2.06.000R\libcapi324v22x.a(SPI_open.o)
                              ../../../../../ECEN 345/CeenBot/capi324v22x-v2.06.000R\libcapi324v22x.a(LCD_open.o) (SPI_open)
../../../../../ECEN 345/CeenBot/capi324v22x-v2.06.000R\libcapi324v22x.a(SPI_set_config_func.o)
                              ../../../../../ECEN 345/CeenBot/capi324v22x-v2.06.000R\libcapi324v22x.a(SPI_open.o) (SPI_set_config_func)
../../../../../ECEN 345/CeenBot/capi324v22x-v2.06.000R\libcapi324v22x.a(SPI_set_slave_addr.o)
                              ../../../../../ECEN 345/CeenBot/capi324v22x-v2.06.000R\libcapi324v22x.a(LCD_set_backlight.o) (SPI_set_slave_addr)
../../../../../ECEN 345/CeenBot/capi324v22x-v2.06.000R\libcapi324v22x.a(SPI_transmit.o)
                              ../../../../../ECEN 345/CeenBot/capi324v22x-v2.06.000R\libcapi324v22x.a(LCD_set_backlight.o) (SPI_transmit)
../../../../../ECEN 345/CeenBot/capi324v22x-v2.06.000R\libcapi324v22x.a(__SPI_init.o)
                              ../../../../../ECEN 345/CeenBot/capi324v22x-v2.06.000R\libcapi324v22x.a(SPI_open.o) (__SPI_init)
../../../../../ECEN 345/CeenBot/capi324v22x-v2.06.000R\libcapi324v22x.a(STEPPER_move.o)
                              main.o (STEPPER_move)
../../../../../ECEN 345/CeenBot/capi324v22x-v2.06.000R\libcapi324v22x.a(STEPPER_open.o)
                              main.o (STEPPER_open)
../../../../../ECEN 345/CeenBot/capi324v22x-v2.06.000R\libcapi324v22x.a(STEPPER_run.o)
                              ../../../../../ECEN 345/CeenBot/capi324v22x-v2.06.000R\libcapi324v22x.a(STEPPER_move.o) (STEPPER_run)
../../../../../ECEN 345/CeenBot/capi324v22x-v2.06.000R\libcapi324v22x.a(STEPPER_run2.o)
[...]
Memory Configuration

Name             Origin             Length             Attributes
text             0x00000000         0x00020000         xr
data             0x00800060         0x0000ffa0         rw !x
eeprom           0x00810000         0x00010000         rw !x
fuse             0x00820000         0x00000003         rw !x
lock             0x00830000         0x00000400         rw !x
signature        0x00840000         0x00000400         rw !x
user_signatures  0x00850000         0x00000400         rw !x
*default*        0x00000000         0xffffffff

Linker script and memory map

Address of section .data set to 0x800100
LOAD C:/Users/akrs7/OneDrive/Documents/ECEN 345/CeenBot/7.0/Packs/atmel/ATmega_DFP/1.3.300/gcc/dev/atmega324p/avr5/crtatmega324p.o
LOAD main.o
START GROUP
LOAD ../../../../../ECEN 345/CeenBot/capi324v22x-v2.06.000R\libcapi324v22x.a
LOAD c:/users/akrs7/onedrive/documents/ecen 345/ceenbot/7.0/toolchain/avr8/avr8-gnu-toolchain/bin/../lib/gcc/avr/5.4.0/../../../../avr/lib/avr5\libprintf_flt.a
LOAD c:/users/akrs7/onedrive/documents/ecen 345/ceenbot/7.0/toolchain/avr8/avr8-gnu-toolchain/bin/../lib/gcc/avr/5.4.0/../../../../avr/lib/avr5\libm.a
END GROUP
START GROUP
LOAD c:/users/akrs7/onedrive/documents/ecen 345/ceenbot/7.0/toolchain/avr8/avr8-gnu-toolchain/bin/../lib/gcc/avr/5.4.0/avr5\libgcc.a
LOAD c:/users/akrs7/onedrive/documents/ecen 345/ceenbot/7.0/toolchain/avr8/avr8-gnu-toolchain/bin/../lib/gcc/avr/5.4.0/../../../../avr/lib/avr5\libm.a
LOAD c:/users/akrs7/onedrive/documents/ecen 345/ceenbot/7.0/toolchain/avr8/avr8-gnu-toolchain/bin/../lib/gcc/avr/5.4.0/../../../../avr/lib/avr5\libc.a
LOAD C:/Users/akrs7/OneDrive/Documents/ECEN 345/CeenBot/7.0/Packs/atmel/ATmega_DFP/1.3.300/gcc/dev/atmega324p/avr5\libatmega324p.a
END GROUP
                0x00000000                __TEXT_REGION_ORIGIN__ = DEFINED (__TEXT_REGION_ORIGIN__)?__TEXT_REGION_ORIGIN__:0x0
                0x00800060                __DATA_REGION_ORIGIN__ = DEFINED (__DATA_REGION_ORIGIN__)?__DATA_REGION_ORIGIN__:0x800060
                0x00020000                __TEXT_REGION_LENGTH__ = DEFINED (__TEXT_REGION_LENGTH__)?__TEXT_REGION_LENGTH__:0x20000
                0x0000ffa0                __DATA_REGION_LENGTH__ = DEFINED (__DATA_REGION_LENGTH__)?__DATA_REGION_LENGTH__:0xffa0
                0x00010000                __EEPROM_REGION_LENGTH__ = DEFINED (__EEPROM_REGION_LENGTH__)?__EEPROM_REGION_LENGTH__:0x10000
                [0x00000003]                __FUSE_REGION_LENGTH__ = DEFINED (__FUSE_REGION_LENGTH__)?__FUSE_REGION_LENGTH__:0x400
                0x00000400                __LOCK_REGION_LENGTH__ = DEFINED (__LOCK_REGION_LENGTH__)?__LOCK_REGION_LENGTH__:0x400
                0x00000400                __SIGNATURE_REGION_LENGTH__ = DEFINED (__SIGNATURE_REGION_LENGTH__)?__SIGNATURE_REGION_LENGTH__:0x400
                0x00000400                __USER_SIGNATURE_REGION_LENGTH__ = DEFINED (__USER_SIGNATURE_REGION_LENGTH__)?__USER_SIGNATURE_REGION_LENGTH__:0x400

.hash
 *(.hash)

.dynsym
 *(.dynsym)

.dynstr
 *(.dynstr)

.gnu.version
 *(.gnu.version)

.gnu.version_d
 *(.gnu.version_d)

.gnu.version_r
 *(.gnu.version_r)

.rel.init
 *(.rel.init)

.rela.init
 *(.rela.init)

.rel.text
 *(.rel.text)
 *(.rel.text.*)
 *(.rel.gnu.linkonce.t*)

.rela.text
 *(.rela.text)
 *(.rela.text.*)
 *(.rela.gnu.linkonce.t*)

.rel.fini
 *(.rel.fini)

.rela.fini
 *(.rela.fini)

.rel.rodata
 *(.rel.rodata)
 *(.rel.rodata.*)
 *(.rel.gnu.linkonce.r*)

.rela.rodata
 *(.rela.rodata)
 *(.rela.rodata.*)
 *(.rela.gnu.linkonce.r*)

.rel.data
 *(.rel.data)
 *(.rel.data.*)
 *(.rel.gnu.linkonce.d*)

.rela.data
 *(.rela.data)
 *(.rela.data.*)
 *(.rela.gnu.linkonce.d*)

.rel.ctors
 *(.rel.ctors)

.rela.ctors
 *(.rela.ctors)

.rel.dtors
 *(.rel.dtors)

.rela.dtors
 *(.rela.dtors)

.rel.got
 *(.rel.got)

.rela.got
 *(.rela.got)

.rel.bss
 *(.rel.bss)

.rela.bss
 *(.rela.bss)

.rel.plt
 *(.rel.plt)

.rela.plt
 *(.rela.plt)

.text           0x00000000     0x4904
 *(.vectors)
 .vectors       0x00000000       0x7c C:/Users/akrs7/OneDrive/Documents/ECEN 345/CeenBot/7.0/Packs/atmel/ATmega_DFP/1.3.300/gcc/dev/atmega324p/avr5/crtatmega324p.o
                0x00000000                __vector_default
                0x00000000                __vectors
 *(.vectors)
 *(.progmem.gcc*)
 .progmem.gcc_fplib
                0x0000007c       0x28 c:/users/akrs7/onedrive/documents/ecen 345/ceenbot/7.0/toolchain/avr8/avr8-gnu-toolchain/bin/../lib/gcc/avr/5.4.0/../../../../avr/lib/avr5\libm.a(exp.o)
 .progmem.gcc_fplib
                0x000000a4       0x5a c:/users/akrs7/onedrive/documents/ecen 345/ceenbot/7.0/toolchain/avr8/avr8-gnu-toolchain/bin/../lib/gcc/avr/5.4.0/../../../../avr/lib/avr5\libm.a(log.o)
                0x000000fe                . = ALIGN (0x2)
                0x000000fe                __trampolines_start = .
 *(.trampolines)
 .trampolines   0x000000fe        0x0 linker stubs
 *(.trampolines*)
                0x000000fe                __trampolines_end = .
 *libprintf_flt.a:*(.progmem.data)
 .progmem.data  0x000000fe        0x8 c:/users/akrs7/onedrive/documents/ecen 345/ceenbot/7.0/toolchain/avr8/avr8-gnu-toolchain/bin/../lib/gcc/avr/5.4.0/../../../../avr/lib/avr5\libprintf_flt.a(vfprintf_flt.o)
 *libc.a:*(.progmem.data)
 .progmem.data  0x00000106       0xfa c:/users/akrs7/onedrive/documents/ecen 345/ceenbot/7.0/toolchain/avr8/avr8-gnu-toolchain/bin/../lib/gcc/avr/5.4.0/../../../../avr/lib/avr5\libc.a(ftoa_engine.o)
 *(.progmem*)
 .progmem.data  0x00000200      0x415 ../../../../../ECEN 345/CeenBot/capi324v22x-v2.06.000R\libcapi324v22x.a(LCD_globals.o)
                0x00000200                char_bitmap
                0x00000415                CEENBoT_Inc_logo_bitmap
                0x00000616                . = ALIGN (0x2)
 *fill*         0x00000615        0x1 
 *(.jumptables)
 *(.jumptables*)
 *(.lowtext)
 *(.lowtext*)
                0x00000616                __ctors_start = .
 *(.ctors)
                0x00000616                __ctors_end = .
                0x00000616                __dtors_start = .
 *(.dtors)
                0x00000616                __dtors_end = .
 SORT(*)(.ctors)
 SORT(*)(.dtors)
 *(.init0)
 .init0         0x00000616        0x0 C:/Users/akrs7/OneDrive/Documents/ECEN 345/CeenBot/7.0/Packs/atmel/ATmega_DFP/1.3.300/gcc/dev/atmega324p/avr5/crtatmega324p.o
                0x00000616                __init
 *(.init0)
 *(.init1)
 *(.init1)
 *(.init2)
 .init2         0x00000616        0xc C:/Users/akrs7/OneDrive/Documents/ECEN 345/CeenBot/7.0/Packs/atmel/ATmega_DFP/1.3.300/gcc/dev/atmega324p/avr5/crtatmega324p.o
 *(.init2)
 *(.init3)
 *(.init3)
 *(.init4)
 .init4         0x00000622       0x16 c:/users/akrs7/onedrive/documents/ecen 345/ceenbot/7.0/toolchain/avr8/avr8-gnu-toolchain/bin/../lib/gcc/avr/5.4.0/avr5\libgcc.a(_copy_data.o)
                0x00000622                __do_copy_data
 .init4         0x00000638       0x10 c:/users/akrs7/onedrive/documents/ecen 345/ceenbot/7.0/toolchain/avr8/avr8-gnu-toolchain/bin/../lib/gcc/avr/5.4.0/avr5\libgcc.a(_clear_bss.o)
                0x00000638                __do_clear_bss
 *(.init4)
 *(.init5)
 *(.init5)
 *(.init6)
 *(.init6)
 *(.init7)
 *(.init7)
 *(.init8)
 *(.init8)
 *(.init9)
 .init9         0x00000648        0x8 C:/Users/akrs7/OneDrive/Documents/ECEN 345/CeenBot/7.0/Packs/atmel/ATmega_DFP/1.3.300/gcc/dev/atmega324p/avr5/crtatmega324p.o
 *(.init9)
 *(.text)
 .text          0x00000650        0x4 C:/Users/akrs7/OneDrive/Documents/ECEN 345/CeenBot/7.0/Packs/atmel/ATmega_DFP/1.3.300/gcc/dev/atmega324p/avr5/crtatmega324p.o
                0x00000650                __vector_22
                0x00000650                __vector_28
                0x00000650                __vector_1
                0x00000650                __vector_24
                0x00000650                __bad_interrupt
                0x00000650                __vector_3
                0x00000650                __vector_23
                0x00000650                __vector_30
                0x00000650                __vector_25
                0x00000650                __vector_19
                0x00000650                __vector_27
                0x00000650                __vector_2
                0x00000650                __vector_21
                0x00000650                __vector_29
                0x00000650                __vector_8
                0x00000650                __vector_26
                0x00000650                __vector_20
 .text          0x00000654      0x5ee main.o
                0x00000654                info_display
                0x000006ac                compare_actions
                0x00000706                IR_sense
                0x00000752                Photo_sense
                0x00000810                explore
                0x00000830                IR_avoid
                0x00000a6e                isLightIntenseEnough
                0x00000a9a                LIGHT_FOLLOW
                0x00000b58                act
                0x00000b98                CBOT_main
 .text          0x00000c42       0x16 ../../../../../ECEN 345/CeenBot/capi324v22x-v2.06.000R\libcapi324v22x.a(ADC_open.o)
                0x00000c42                ADC_open
 .text          0x00000c58       0x3a ../../../../../ECEN 345/CeenBot/capi324v22x-v2.06.000R\libcapi324v22x.a(ADC_sample.o)
                0x00000c58                ADC_sample
 .text          0x00000c92       0x16 ../../../../../ECEN 345/CeenBot/capi324v22x-v2.06.000R\libcapi324v22x.a(ADC_set_VREF.o)
                0x00000c92                ADC_set_VREF
 .text          0x00000ca8       0x6e ../../../../../ECEN 345/CeenBot/capi324v22x-v2.06.000R\libcapi324v22x.a(ADC_set_channel.o)
                0x00000ca8                ADC_set_channel
 .text          0x00000d16       0x16 ../../../../../ECEN 345/CeenBot/capi324v22x-v2.06.000R\libcapi324v22x.a(__ADC_init.o)
                0x00000d16                __ADC_init
 .text          0x00000d2c       0x12 ../../../../../ECEN 345/CeenBot/capi324v22x-v2.06.000R\libcapi324v22x.a(CBOT_main.o)
                0x00000d2c                main
 .text          0x00000d3e       0x44 ../../../../../ECEN 345/CeenBot/capi324v22x-v2.06.000R\libcapi324v22x.a(LCD_clear.o)
                0x00000d3e                LCD_clear
 .text          0x00000d82      0x10c ../../../../../ECEN 345/CeenBot/capi324v22x-v2.06.000R\libcapi324v22x.a(LCD_open.o)
                0x00000d82                LCD_open
 .text          0x00000e8e       0x44 ../../../../../ECEN 345/CeenBot/capi324v22x-v2.06.000R\libcapi324v22x.a(LCD_set_PGC_addr.o)
                0x00000e8e                LCD_set_PGC_addr
 .text          0x00000ed2       0x42 ../../../../../ECEN 345/CeenBot/capi324v22x-v2.06.000R\libcapi324v22x.a(LCD_set_backlight.o)
                0x00000ed2                LCD_set_backlight
 .text          0x00000f14       0x24 ../../../../../ECEN 345/CeenBot/capi324v22x-v2.06.000R\libcapi324v22x.a(LCD_set_next_PGC.o)
                0x00000f14                LCD_set_next_PGC
 .text          0x00000f38       0x36 ../../../../../ECEN 345/CeenBot/capi324v22x-v2.06.000R\libcapi324v22x.a(LCD_write.o)
                0x00000f38                LCD_write
 .text          0x00000f6e        0x4 ../../../../../ECEN 345/CeenBot/capi324v22x-v2.06.000R\libcapi324v22x.a(__LCD_init.o)
                0x00000f6e                __LCD_init
 .text          0x00000f72       0x16 ../../../../../ECEN 345/CeenBot/capi324v22x-v2.06.000R\libcapi324v22x.a(LED_open.o)
                0x00000f72                LED_open
 .text          0x00000f88       0x18 ../../../../../ECEN 345/CeenBot/capi324v22x-v2.06.000R\libcapi324v22x.a(LED_tog_pattern.o)
                0x00000f88                LED_tog_pattern
 .text          0x00000fa0       0x12 ../../../../../ECEN 345/CeenBot/capi324v22x-v2.06.000R\libcapi324v22x.a(__LED_init.o)
                0x00000fa0                __LED_init
 .text          0x00000fb2       0x1c ../../../../../ECEN 345/CeenBot/capi324v22x-v2.06.000R\libcapi324v22x.a(__LED_tog_pattern.o)
                0x00000fb2                __LED_tog_pattern
 .text          0x00000fce       0x72 ../../../../../ECEN 345/CeenBot/capi324v22x-v2.06.000R\libcapi324v22x.a(SPI_open.o)
                0x00000fce                SPI_open
 .text          0x00001040       0x12 ../../../../../ECEN 345/CeenBot/capi324v22x-v2.06.000R\libcapi324v22x.a(SPI_set_config_func.o)
                0x00001040                SPI_set_config_func
 .text          0x00001052       0xa2 ../../../../../ECEN 345/CeenBot/capi324v22x-v2.06.000R\libcapi324v22x.a(SPI_set_slave_addr.o)
                0x00001052                SPI_set_slave_addr
 .text          0x000010f4       0x1e ../../../../../ECEN 345/CeenBot/capi324v22x-v2.06.000R\libcapi324v22x.a(SPI_transmit.o)
                0x000010f4                SPI_transmit
 .text          0x00001112        0xe ../../../../../ECEN 345/CeenBot/capi324v22x-v2.06.000R\libcapi324v22x.a(__SPI_init.o)
                0x00001112                __SPI_init
 .text          0x00001120      0x28e ../../../../../ECEN 345/CeenBot/capi324v22x-v2.06.000R\libcapi324v22x.a(STEPPER_move.o)
                0x0000127c                STEPPER_move
 .text          0x000013ae       0xea ../../../../../ECEN 345/CeenBot/capi324v22x-v2.06.000R\libcapi324v22x.a(STEPPER_open.o)
                0x000013ae                STEPPER_open
 .text          0x00001498       0x2e ../../../../../ECEN 345/CeenBot/capi324v22x-v2.06.000R\libcapi324v22x.a(STEPPER_run.o)
                0x00001498                STEPPER_run
 .text          0x000014c6       0x3a ../../../../../ECEN 345/CeenBot/capi324v22x-v2.06.000R\libcapi324v22x.a(STEPPER_run2.o)
                0x000014c6                STEPPER_run2
 .text          0x00001500       0x82 ../../../../../ECEN 345/CeenBot/capi324v22x-v2.06.000R\libcapi324v22x.a(STEPPER_runn.o)
                0x00001500                STEPPER_runn
 .text          0x00001582       0x44 ../../../../../ECEN 345/CeenBot/capi324v22x-v2.06.000R\libcapi324v22x.a(STEPPER_set_accel.o)
                0x00001582                STEPPER_set_accel
 .text          0x000015c6       0x3c ../../../../../ECEN 345/CeenBot/capi324v22x-v2.06.000R\libcapi324v22x.a(STEPPER_set_accel2.o)
                0x000015c6                STEPPER_set_accel2
 .text          0x00001602       0x2a ../../../../../ECEN 345/CeenBot/capi324v22x-v2.06.000R\libcapi324v22x.a(STEPPER_set_dir.o)
                0x00001602                STEPPER_set_dir
 .text          0x0000162c       0x14 ../../../../../ECEN 345/CeenBot/capi324v22x-v2.06.000R\libcapi324v22x.a(STEPPER_set_dir2.o)
                0x0000162c                STEPPER_set_dir2
 .text          0x00001640       0x2a ../../../../../ECEN 345/CeenBot/capi324v22x-v2.06.000R\libcapi324v22x.a(STEPPER_set_mode.o)
                0x00001640                STEPPER_set_mode
 .text          0x0000166a       0x5a ../../../../../ECEN 345/CeenBot/capi324v22x-v2.06.000R\libcapi324v22x.a(STEPPER_set_speed.o)
                0x0000166a                STEPPER_set_speed
 .text          0x000016c4       0x3e ../../../../../ECEN 345/CeenBot/capi324v22x-v2.06.000R\libcapi324v22x.a(STEPPER_set_speed2.o)
                0x000016c4                STEPPER_set_speed2
 .text          0x00001702      0x126 ../../../../../ECEN 345/CeenBot/capi324v22x-v2.06.000R\libcapi324v22x.a(STEPPER_step.o)
                0x00001702                STEPPER_step
 .text          0x00001828      0x10a ../../../../../ECEN 345/CeenBot/capi324v22x-v2.06.000R\libcapi324v22x.a(STEPPER_step2.o)
                0x00001828                STEPPER_step2
 .text          0x00001932       0x4a ../../../../../ECEN 345/CeenBot/capi324v22x-v2.06.000R\libcapi324v22x.a(STEPPER_stop.o)
                0x00001932                STEPPER_stop
 .text          0x0000197c       0xa6 ../../../../../ECEN 345/CeenBot/capi324v22x-v2.06.000R\libcapi324v22x.a(STEPPER_wait_and_then.o)
                0x0000197c                STEPPER_wait_and_then
 .text          0x00001a22       0x14 ../../../../../ECEN 345/CeenBot/capi324v22x-v2.06.000R\libcapi324v22x.a(__STEPPER_init.o)
                0x00001a22                __STEPPER_init
 .text          0x00001a36       0x20 ../../../../../ECEN 345/CeenBot/capi324v22x-v2.06.000R\libcapi324v22x.a(SYS_decrement_refcount.o)
                0x00001a36                SYS_decrement_refcount
 .text          0x00001a56       0x1a ../../../../../ECEN 345/CeenBot/capi324v22x-v2.06.000R\libcapi324v22x.a(SYS_increment_refcount.o)
                0x00001a56                SYS_increment_refcount
 .text          0x00001a70       0x18 ../../../../../ECEN 345/CeenBot/capi324v22x-v2.06.000R\libcapi324v22x.a(SYS_isOpen.o)
                0x00001a70                SYS_isOpen
 .text          0x00001a88       0x6a ../../../../../ECEN 345/CeenBot/capi324v22x-v2.06.000R\libcapi324v22x.a(ATTINY_get_IR_state.o)
                0x00001a88                ATTINY_get_IR_state
 .text          0x00001af2       0x62 ../../../../../ECEN 345/CeenBot/capi324v22x-v2.06.000R\libcapi324v22x.a(ATTINY_get_sensors.o)
                0x00001af2                ATTINY_get_sensors
 .text          0x00001b54       0x48 ../../../../../ECEN 345/CeenBot/capi324v22x-v2.06.000R\libcapi324v22x.a(ATTINY_open.o)
                0x00001b54                ATTINY_open
 .text          0x00001b9c       0x82 ../../../../../ECEN 345/CeenBot/capi324v22x-v2.06.000R\libcapi324v22x.a(__ATTINY_initialize_params.o)
                0x00001b9c                __ATTINY_initialize_params
 .text          0x00001c1e       0x5a ../../../../../ECEN 345/CeenBot/capi324v22x-v2.06.000R\libcapi324v22x.a(TMRSRVC_delay.o)
                0x00001c1e                TMRSRVC_delay
 .text          0x00001c78       0x7c ../../../../../ECEN 345/CeenBot/capi324v22x-v2.06.000R\libcapi324v22x.a(TMRSRVC_new.o)
                0x00001c78                TMRSRVC_new
 .text          0x00001cf4       0xd2 ../../../../../ECEN 345/CeenBot/capi324v22x-v2.06.000R\libcapi324v22x.a(__TMRSRVC_insert.o)
                0x00001cf4                TMRSRVC_insert
 .text          0x00001dc6       0x1c ../../../../../ECEN 345/CeenBot/capi324v22x-v2.06.000R\libcapi324v22x.a(CBOT_init.o)
                0x00001dc6                CBOT_init
 .text          0x00001de2      0x480 ../../../../../ECEN 345/CeenBot/capi324v22x-v2.06.000R\libcapi324v22x.a(CBOT_isr.o)
                0x00001de2                CBOT_ISR_init
                0x00001de6                __vector_16
                0x00001e38                __vector_17
                0x00001e8a                __vector_18
                0x00001edc                __vector_9
                0x00001f2e                __vector_10
                0x00001f80                __vector_11
                0x00001fd2                __vector_13
                0x00002024                __vector_14
                0x00002076                __vector_12
                0x000020c8                __vector_15
                0x0000211a                __vector_4
                0x0000216c                __vector_5
                0x000021be                __vector_6
                0x00002210                __vector_7
 .text          0x00002262       0x22 ../../../../../ECEN 345/CeenBot/capi324v22x-v2.06.000R\libcapi324v22x.a(ISR_open.o)
                0x00002262                ISR_open
 .text          0x00002284      0x15a ../../../../../ECEN 345/CeenBot/capi324v22x-v2.06.000R\libcapi324v22x.a(__LCD_putchar.o)
                0x00002284                __LCD_putchar
 .text          0x000023de       0x18 ../../../../../ECEN 345/CeenBot/capi324v22x-v2.06.000R\libcapi324v22x.a(LED_clr_pattern.o)
                0x000023de                LED_clr_pattern
 .text          0x000023f6        0xa ../../../../../ECEN 345/CeenBot/capi324v22x-v2.06.000R\libcapi324v22x.a(__LED_clr_pattern.o)
                0x000023f6                __LED_clr_pattern
 .text          0x00002400       0x10 ../../../../../ECEN 345/CeenBot/capi324v22x-v2.06.000R\libcapi324v22x.a(ATMEGA_open.o)
                0x00002400                ATMEGA_open
 .text          0x00002410       0xa6 ../../../../../ECEN 345/CeenBot/capi324v22x-v2.06.000R\libcapi324v22x.a(ATMEGA_set_clk_mode.o)
                0x00002410                ATMEGA_set_clk_mode
 .text          0x000024b6        0x6 ../../../../../ECEN 345/CeenBot/capi324v22x-v2.06.000R\libcapi324v22x.a(__ATMEGA_init.o)
                0x000024b6                __ATMEGA_init
 .text          0x000024bc       0x52 ../../../../../ECEN 345/CeenBot/capi324v22x-v2.06.000R\libcapi324v22x.a(SPI_cfgrs.o)
                0x000024bc                SPI_default_config
                0x000024cc                SPI_ATtiny0_config
                0x000024dc                SPI_PSXC_config
                0x000024ec                SPI_LCD_config
                0x000024fc                SPI_FLASH_config
 .text          0x0000250e       0x20 ../../../../../ECEN 345/CeenBot/capi324v22x-v2.06.000R\libcapi324v22x.a(SPI_receive.o)
                0x0000250e                SPI_receive
 .text          0x0000252e       0x64 ../../../../../ECEN 345/CeenBot/capi324v22x-v2.06.000R\libcapi324v22x.a(SPKR_close.o)
                0x0000252e                __SPKR_close_beep_mode
                0x00002544                __SPKR_close_tone_mode
                0x0000257e                SPKR_close
 .text          0x00002592      0x136 ../../../../../ECEN 345/CeenBot/capi324v22x-v2.06.000R\libcapi324v22x.a(SPKR_open.o)
                0x00002592                __SPKR_set_up_freq_LUT
                0x00002630                __SPKR_open_beep_mode
                0x00002654                __SPKR_open_tone_mode
                0x000026b0                SPKR_open
 .text          0x000026c8       0xac ../../../../../ECEN 345/CeenBot/capi324v22x-v2.06.000R\libcapi324v22x.a(SPKR_play_beep.o)
                0x000026c8                SPKR_play_beep
 .text          0x00002774       0x38 ../../../../../ECEN 345/CeenBot/capi324v22x-v2.06.000R\libcapi324v22x.a(__SPKR_close.o)
                0x00002774                __SPKR_close
 .text          0x000027ac       0x54 ../../../../../ECEN 345/CeenBot/capi324v22x-v2.06.000R\libcapi324v22x.a(__SPKR_init.o)
                0x000027ac                __SPKR_init
 .text          0x00002800        0xc ../../../../../ECEN 345/CeenBot/capi324v22x-v2.06.000R\libcapi324v22x.a(__SPKR_stop.o)
                0x00002800                __SPKR_stop
 .text          0x0000280c       0x2a ../../../../../ECEN 345/CeenBot/capi324v22x-v2.06.000R\libcapi324v22x.a(STEPPER_go.o)
                0x0000280c                STEPPER_go
 .text          0x00002836       0x36 ../../../../../ECEN 345/CeenBot/capi324v22x-v2.06.000R\libcapi324v22x.a(STEPPER_set_steps.o)
                0x00002836                STEPPER_set_steps
 .text          0x0000286c       0x1a ../../../../../ECEN 345/CeenBot/capi324v22x-v2.06.000R\libcapi324v22x.a(STEPPER_set_steps2.o)
                0x0000286c                STEPPER_set_steps2
 .text          0x00002886       0x2a ../../../../../ECEN 345/CeenBot/capi324v22x-v2.06.000R\libcapi324v22x.a(STEPPER_set_stop_mode.o)
                0x00002886                STEPPER_set_stop_mode
 .text          0x000028b0       0x7a ../../../../../ECEN 345/CeenBot/capi324v22x-v2.06.000R\libcapi324v22x.a(STEPPER_setup_decels.o)
                0x000028b0                STEPPER_setup_decels
 .text          0x0000292a       0x1e ../../../../../ECEN 345/CeenBot/capi324v22x-v2.06.000R\libcapi324v22x.a(SYS_init.o)
                0x0000292a                SYS_init
 .text          0x00002948       0x10 ../../../../../ECEN 345/CeenBot/capi324v22x-v2.06.000R\libcapi324v22x.a(SYS_set_refcount.o)
                0x00002948                SYS_set_refcount
 .text          0x00002958       0x7a ../../../../../ECEN 345/CeenBot/capi324v22x-v2.06.000R\libcapi324v22x.a(ATTINY_get_firm_rev.o)
                0x00002958                ATTINY_get_firm_rev
 .text          0x000029d2       0x38 ../../../../../ECEN 345/CeenBot/capi324v22x-v2.06.000R\libcapi324v22x.a(TMRSRVC_open.o)
                0x000029d2                TMRSRVC_open
 .text          0x00002a0a        0x8 ../../../../../ECEN 345/CeenBot/capi324v22x-v2.06.000R\libcapi324v22x.a(TMRSRVC_start.o)
                0x00002a0a                TMRSRVC_start
 .text          0x00002a12       0x12 ../../../../../ECEN 345/CeenBot/capi324v22x-v2.06.000R\libcapi324v22x.a(__TMRSRVC_init.o)
                0x00002a12                __TMRSRVC_init
 .text          0x00002a24        0xc ../../../../../ECEN 345/CeenBot/capi324v22x-v2.06.000R\libcapi324v22x.a(__TMRSRVC_start.o)
                0x00002a24                __TMRSRVC_start
 .text          0x00002a30       0x28 ../../../../../ECEN 345/CeenBot/capi324v22x-v2.06.000R\libcapi324v22x.a(ISR_attach.o)
                0x00002a30                ISR_attach
 .text          0x00002a58       0x22 ../../../../../ECEN 345/CeenBot/capi324v22x-v2.06.000R\libcapi324v22x.a(__ISR_attach.o)
                0x00002a58                __ISR_attach
 .text          0x00002a7a        0x6 ../../../../../ECEN 345/CeenBot/capi324v22x-v2.06.000R\libcapi324v22x.a(ISR__SPKR__TIMER1_COMPA_vect.o)
                0x00002a7a                __SPKR_TIMER1_COMPA_vect
 .text          0x00002a80       0x48 ../../../../../ECEN 345/CeenBot/capi324v22x-v2.06.000R\libcapi324v22x.a(SPKR_beep.o)
                0x00002a80                SPKR_beep
 .text          0x00002ac8       0x82 ../../../../../ECEN 345/CeenBot/capi324v22x-v2.06.000R\libcapi324v22x.a(SPKR_clk.o)
                0x00002ac8                SPKR_clk
 .text          0x00002b4a       0xda ../../../../../ECEN 345/CeenBot/capi324v22x-v2.06.000R\libcapi324v22x.a(STEPPER_set_decel_step_values.o)
                0x00002b4a                STEPPER_set_decel_step_values
 .text          0x00002c24        0xe ../../../../../ECEN 345/CeenBot/capi324v22x-v2.06.000R\libcapi324v22x.a(ISR__TIMER0_COMPA_vect.o)
                0x00002c24                __TIMER0_COMPA_vect
 .text          0x00002c32       0x32 ../../../../../ECEN 345/CeenBot/capi324v22x-v2.06.000R\libcapi324v22x.a(TMRSRVC_tick.o)
                0x00002c32                TMRSRVC_tick
 .text          0x00002c64       0x4e ../../../../../ECEN 345/CeenBot/capi324v22x-v2.06.000R\libcapi324v22x.a(SPKR_beep_clk.o)
                0x00002c64                SPKR_beep_clk
 .text          0x00002cb2      0x162 ../../../../../ECEN 345/CeenBot/capi324v22x-v2.06.000R\libcapi324v22x.a(STEPPER_clk.o)
                0x00002cb2                STEPPER_clk
 .text          0x00002e14       0x8a ../../../../../ECEN 345/CeenBot/capi324v22x-v2.06.000R\libcapi324v22x.a(STEPPER_process_accel.o)
                0x00002e14                STEPPER_process_accel
 .text          0x00002e9e      0x206 ../../../../../ECEN 345/CeenBot/capi324v22x-v2.06.000R\libcapi324v22x.a(STEPPER_process_run_mode.o)
                0x00002e9e                STEPPER_process_run_mode
 .text          0x000030a4       0xa8 ../../../../../ECEN 345/CeenBot/capi324v22x-v2.06.000R\libcapi324v22x.a(STEPPER_process_step_mode.o)
                0x000030a4                STEPPER_process_step_mode
 .text          0x0000314c       0xd6 ../../../../../ECEN 345/CeenBot/capi324v22x-v2.06.000R\libcapi324v22x.a(TMRSRVC_process.o)
                0x0000314c                TMRSRVC_process
 .text          0x00003222        0x6 ../../../../../ECEN 345/CeenBot/capi324v22x-v2.06.000R\libcapi324v22x.a(TMRSRVC_stop.o)
                0x00003222                TMRSRVC_stop
 .text          0x00003228      0x130 ../../../../../ECEN 345/CeenBot/capi324v22x-v2.06.000R\libcapi324v22x.a(STEPPER_process_pwm.o)
                0x00003228                STEPPER_process_pwm
                0x00003358                . = ALIGN (0x2)
 *(.text.*)
 .text.avr-libc
                0x00003358      0x6fa c:/users/akrs7/onedrive/documents/ecen 345/ceenbot/7.0/toolchain/avr8/avr8-gnu-toolchain/bin/../lib/gcc/avr/5.4.0/../../../../avr/lib/avr5\libprintf_flt.a(vfprintf_flt.o)
                0x00003358                vfprintf
 .text.avr-libc.fplib
                0x00003a52        0xe c:/users/akrs7/onedrive/documents/ecen 345/ceenbot/7.0/toolchain/avr8/avr8-gnu-toolchain/bin/../lib/gcc/avr/5.4.0/../../../../avr/lib/avr5\libm.a(addsf3.o)
                0x00003a52                __subsf3
                0x00003a54                __addsf3
 .text.avr-libc.fplib
                0x00003a60       0xcc c:/users/akrs7/onedrive/documents/ecen 345/ceenbot/7.0/toolchain/avr8/avr8-gnu-toolchain/bin/../lib/gcc/avr/5.4.0/../../../../avr/lib/avr5\libm.a(addsf3x.o)
                0x00003a82                __addsf3x
 .text.avr-libc.fplib
                0x00003b2c        0x8 c:/users/akrs7/onedrive/documents/ecen 345/ceenbot/7.0/toolchain/avr8/avr8-gnu-toolchain/bin/../lib/gcc/avr/5.4.0/../../../../avr/lib/avr5\libm.a(divsf3.o)
                0x00003b2c                __divsf3
 .text.avr-libc.fplib
                0x00003b34       0xdc c:/users/akrs7/onedrive/documents/ecen 345/ceenbot/7.0/toolchain/avr8/avr8-gnu-toolchain/bin/../lib/gcc/avr/5.4.0/../../../../avr/lib/avr5\libm.a(divsf3x.o)
                0x00003b54                __divsf3x
                0x00003b5a                __divsf3_pse
 .text.avr-libc.fplib
                0x00003c10        0xe c:/users/akrs7/onedrive/documents/ecen 345/ceenbot/7.0/toolchain/avr8/avr8-gnu-toolchain/bin/../lib/gcc/avr/5.4.0/../../../../avr/lib/avr5\libm.a(fixsfsi.o)
                0x00003c10                __fixsfsi
 .text.avr-libc.fplib
                0x00003c1e       0x5e c:/users/akrs7/onedrive/documents/ecen 345/ceenbot/7.0/toolchain/avr8/avr8-gnu-toolchain/bin/../lib/gcc/avr/5.4.0/../../../../avr/lib/avr5\libm.a(fixunssfsi.o)
                0x00003c1e                __fixunssfsi
 .text.avr-libc.fplib
                0x00003c7c       0x7a c:/users/akrs7/onedrive/documents/ecen 345/ceenbot/7.0/toolchain/avr8/avr8-gnu-toolchain/bin/../lib/gcc/avr/5.4.0/../../../../avr/lib/avr5\libm.a(floatsisf.o)
                0x00003c7c                __floatunsisf
                0x00003c80                __floatsisf
 .text.avr-libc.fplib
                0x00003cf6        0xc c:/users/akrs7/onedrive/documents/ecen 345/ceenbot/7.0/toolchain/avr8/avr8-gnu-toolchain/bin/../lib/gcc/avr/5.4.0/../../../../avr/lib/avr5\libm.a(fp_inf.o)
                0x00003cf6                __fp_inf
 .text.avr-libc.fplib
                0x00003d02        0x6 c:/users/akrs7/onedrive/documents/ecen 345/ceenbot/7.0/toolchain/avr8/avr8-gnu-toolchain/bin/../lib/gcc/avr/5.4.0/../../../../avr/lib/avr5\libm.a(fp_nan.o)
                0x00003d02                __fp_nan
 .text.avr-libc.fplib
                0x00003d08        0xe c:/users/akrs7/onedrive/documents/ecen 345/ceenbot/7.0/toolchain/avr8/avr8-gnu-toolchain/bin/../lib/gcc/avr/5.4.0/../../../../avr/lib/avr5\libm.a(fp_pscA.o)
                0x00003d08                __fp_pscA
 .text.avr-libc.fplib
                0x00003d16        0xe c:/users/akrs7/onedrive/documents/ecen 345/ceenbot/7.0/toolchain/avr8/avr8-gnu-toolchain/bin/../lib/gcc/avr/5.4.0/../../../../avr/lib/avr5\libm.a(fp_pscB.o)
                0x00003d16                __fp_pscB
 .text.avr-libc.fplib
                0x00003d24       0x22 c:/users/akrs7/onedrive/documents/ecen 345/ceenbot/7.0/toolchain/avr8/avr8-gnu-toolchain/bin/../lib/gcc/avr/5.4.0/../../../../avr/lib/avr5\libm.a(fp_round.o)
                0x00003d24                __fp_round
 .text.avr-libc.fplib
                0x00003d46       0x44 c:/users/akrs7/onedrive/documents/ecen 345/ceenbot/7.0/toolchain/avr8/avr8-gnu-toolchain/bin/../lib/gcc/avr/5.4.0/../../../../avr/lib/avr5\libm.a(fp_split3.o)
                0x00003d46                __fp_split3
                0x00003d56                __fp_splitA
 .text.avr-libc.fplib
                0x00003d8a        0xe c:/users/akrs7/onedrive/documents/ecen 345/ceenbot/7.0/toolchain/avr8/avr8-gnu-toolchain/bin/../lib/gcc/avr/5.4.0/../../../../avr/lib/avr5\libm.a(fp_zero.o)
                0x00003d8a                __fp_zero
                0x00003d8c                __fp_szero
 .text.avr-libc.fplib
                0x00003d98        0xa c:/users/akrs7/onedrive/documents/ecen 345/ceenbot/7.0/toolchain/avr8/avr8-gnu-toolchain/bin/../lib/gcc/avr/5.4.0/../../../../avr/lib/avr5\libm.a(gesf2.o)
                0x00003d98                __gesf2
                0x00003d98                __gtsf2
 .text.avr-libc.fplib
                0x00003da2       0x7a c:/users/akrs7/onedrive/documents/ecen 345/ceenbot/7.0/toolchain/avr8/avr8-gnu-toolchain/bin/../lib/gcc/avr/5.4.0/../../../../avr/lib/avr5\libm.a(lrint.o)
                0x00003da2                lrint
 .text.avr-libc.fplib
                0x00003e1c        0x8 c:/users/akrs7/onedrive/documents/ecen 345/ceenbot/7.0/toolchain/avr8/avr8-gnu-toolchain/bin/../lib/gcc/avr/5.4.0/../../../../avr/lib/avr5\libm.a(mulsf3.o)
                0x00003e1c                __mulsf3
 .text.avr-libc.fplib
                0x00003e24       0xd2 c:/users/akrs7/onedrive/documents/ecen 345/ceenbot/7.0/toolchain/avr8/avr8-gnu-toolchain/bin/../lib/gcc/avr/5.4.0/../../../../avr/lib/avr5\libm.a(mulsf3x.o)
                0x00003e42                __mulsf3x
                0x00003e48                __mulsf3_pse
 .text.avr-libc.fplib
                0x00003ef6       0xa0 c:/users/akrs7/onedrive/documents/ecen 345/ceenbot/7.0/toolchain/avr8/avr8-gnu-toolchain/bin/../lib/gcc/avr/5.4.0/../../../../avr/lib/avr5\libm.a(pow.o)
                0x00003ef6                pow
 .text.avr-libc.fplib
                0x00003f96       0x74 c:/users/akrs7/onedrive/documents/ecen 345/ceenbot/7.0/toolchain/avr8/avr8-gnu-toolchain/bin/../lib/gcc/avr/5.4.0/../../../../avr/lib/avr5\libm.a(exp.o)
                0x00003fa6                exp
 .text.avr-libc.fplib
                0x0000400a       0x48 c:/users/akrs7/onedrive/documents/ecen 345/ceenbot/7.0/toolchain/avr8/avr8-gnu-toolchain/bin/../lib/gcc/avr/5.4.0/../../../../avr/lib/avr5\libm.a(fp_cmp.o)
                0x0000400a                __fp_cmp
 .text.avr-libc.fplib
                0x00004052       0x4e c:/users/akrs7/onedrive/documents/ecen 345/ceenbot/7.0/toolchain/avr8/avr8-gnu-toolchain/bin/../lib/gcc/avr/5.4.0/../../../../avr/lib/avr5\libm.a(fp_powser.o)
                0x00004052                __fp_powser
 .text.avr-libc.fplib
                0x000040a0       0x10 c:/users/akrs7/onedrive/documents/ecen 345/ceenbot/7.0/toolchain/avr8/avr8-gnu-toolchain/bin/../lib/gcc/avr/5.4.0/../../../../avr/lib/avr5\libm.a(inverse.o)
                0x000040a0                inverse
 .text.avr-libc.fplib
                0x000040b0       0x74 c:/users/akrs7/onedrive/documents/ecen 345/ceenbot/7.0/toolchain/avr8/avr8-gnu-toolchain/bin/../lib/gcc/avr/5.4.0/../../../../avr/lib/avr5\libm.a(ldexp.o)
                0x000040b8                ldexp
 .text.avr-libc.fplib
                0x00004124       0xa0 c:/users/akrs7/onedrive/documents/ecen 345/ceenbot/7.0/toolchain/avr8/avr8-gnu-toolchain/bin/../lib/gcc/avr/5.4.0/../../../../avr/lib/avr5\libm.a(log.o)
                0x00004134                log
 .text.avr-libc.fplib
                0x000041c4       0x68 c:/users/akrs7/onedrive/documents/ecen 345/ceenbot/7.0/toolchain/avr8/avr8-gnu-toolchain/bin/../lib/gcc/avr/5.4.0/../../../../avr/lib/avr5\libm.a(modf.o)
                0x000041c4                modf
                0x000041c4                modff
 .text.avr-libc.fplib
                0x0000422c       0x1c c:/users/akrs7/onedrive/documents/ecen 345/ceenbot/7.0/toolchain/avr8/avr8-gnu-toolchain/bin/../lib/gcc/avr/5.4.0/../../../../avr/lib/avr5\libm.a(fp_mpack.o)
                0x0000422c                __fp_mpack
                0x00004230                __fp_mpack_finite
 .text.libgcc.mul
                0x00004248       0x20 c:/users/akrs7/onedrive/documents/ecen 345/ceenbot/7.0/toolchain/avr8/avr8-gnu-toolchain/bin/../lib/gcc/avr/5.4.0/avr5\libgcc.a(_mulsi3.o)
                0x00004248                __mulsi3
 .text.libgcc.div
                0x00004268       0x44 c:/users/akrs7/onedrive/documents/ecen 345/ceenbot/7.0/toolchain/avr8/avr8-gnu-toolchain/bin/../lib/gcc/avr/5.4.0/avr5\libgcc.a(_udivmodsi4.o)
                0x00004268                __udivmodsi4
 .text.libgcc.mul
                0x000042ac       0x16 c:/users/akrs7/onedrive/documents/ecen 345/ceenbot/7.0/toolchain/avr8/avr8-gnu-toolchain/bin/../lib/gcc/avr/5.4.0/avr5\libgcc.a(_muluhisi3.o)
                0x000042ac                __muluhisi3
 .text.libgcc.prologue
                0x000042c2       0x38 c:/users/akrs7/onedrive/documents/ecen 345/ceenbot/7.0/toolchain/avr8/avr8-gnu-toolchain/bin/../lib/gcc/avr/5.4.0/avr5\libgcc.a(_prologue.o)
                0x000042c2                __prologue_saves__
 .text.libgcc.prologue
                0x000042fa       0x36 c:/users/akrs7/onedrive/documents/ecen 345/ceenbot/7.0/toolchain/avr8/avr8-gnu-toolchain/bin/../lib/gcc/avr/5.4.0/avr5\libgcc.a(_epilogue.o)
                0x000042fa                __epilogue_restores__
 .text.libgcc.mul
                0x00004330       0x1e c:/users/akrs7/onedrive/documents/ecen 345/ceenbot/7.0/toolchain/avr8/avr8-gnu-toolchain/bin/../lib/gcc/avr/5.4.0/avr5\libgcc.a(_umulhisi3.o)
                0x00004330                __umulhisi3
 .text.avr-libc
                0x0000434e      0x242 c:/users/akrs7/onedrive/documents/ecen 345/ceenbot/7.0/toolchain/avr8/avr8-gnu-toolchain/bin/../lib/gcc/avr/5.4.0/../../../../avr/lib/avr5\libc.a(malloc.o)
                0x0000434e                malloc
                0x0000447e                free
 .text.avr-libc
                0x00004590      0x1b0 c:/users/akrs7/onedrive/documents/ecen 345/ceenbot/7.0/toolchain/avr8/avr8-gnu-toolchain/bin/../lib/gcc/avr/5.4.0/../../../../avr/lib/avr5\libc.a(ftoa_engine.o)
                0x00004590                __ftoa_engine
 .text.avr-libc
                0x00004740       0x16 c:/users/akrs7/onedrive/documents/ecen 345/ceenbot/7.0/toolchain/avr8/avr8-gnu-toolchain/bin/../lib/gcc/avr/5.4.0/../../../../avr/lib/avr5\libc.a(strnlen_P.o)
                0x00004740                strnlen_P
 .text.avr-libc
                0x00004756       0x16 c:/users/akrs7/onedrive/documents/ecen 345/ceenbot/7.0/toolchain/avr8/avr8-gnu-toolchain/bin/../lib/gcc/avr/5.4.0/../../../../avr/lib/avr5\libc.a(strnlen.o)
                0x00004756                strnlen
 .text.avr-libc
                0x0000476c       0x78 c:/users/akrs7/onedrive/documents/ecen 345/ceenbot/7.0/toolchain/avr8/avr8-gnu-toolchain/bin/../lib/gcc/avr/5.4.0/../../../../avr/lib/avr5\libc.a(fputc.o)
                0x0000476c                fputc
 .text.avr-libc
                0x000047e4       0x60 c:/users/akrs7/onedrive/documents/ecen 345/ceenbot/7.0/toolchain/avr8/avr8-gnu-toolchain/bin/../lib/gcc/avr/5.4.0/../../../../avr/lib/avr5\libc.a(puts.o)
                0x000047e4                puts
 .text.avr-libc
                0x00004844       0xbc c:/users/akrs7/onedrive/documents/ecen 345/ceenbot/7.0/toolchain/avr8/avr8-gnu-toolchain/bin/../lib/gcc/avr/5.4.0/../../../../avr/lib/avr5\libc.a(ultoa_invert.o)
                0x00004844                __ultoa_invert
                0x00004900                . = ALIGN (0x2)
 *(.fini9)
 .fini9         0x00004900        0x0 c:/users/akrs7/onedrive/documents/ecen 345/ceenbot/7.0/toolchain/avr8/avr8-gnu-toolchain/bin/../lib/gcc/avr/5.4.0/avr5\libgcc.a(_exit.o)
                0x00004900                _exit
                0x00004900                exit
 *(.fini9)
 *(.fini8)
 *(.fini8)
 *(.fini7)
 *(.fini7)
 *(.fini6)
 *(.fini6)
 *(.fini5)
 *(.fini5)
 *(.fini4)
 *(.fini4)
 *(.fini3)
 *(.fini3)
 *(.fini2)
 *(.fini2)
 *(.fini1)
 *(.fini1)
 *(.fini0)
 .fini0         0x00004900        0x4 c:/users/akrs7/onedrive/documents/ecen 345/ceenbot/7.0/toolchain/avr8/avr8-gnu-toolchain/bin/../lib/gcc/avr/5.4.0/avr5\libgcc.a(_exit.o)
 *(.fini0)
                0x00004904                _etext = .

.data           0x00800100       0x78 load address 0x00004904
                0x00800100                PROVIDE (__data_start, .)
 *(.data)
 .data          0x00800100        0x1 ../../../../../ECEN 345/CeenBot/capi324v22x-v2.06.000R\libcapi324v22x.a(ADC_set_channel.o)
 .data          0x00800101        0x4 ../../../../../ECEN 345/CeenBot/capi324v22x-v2.06.000R\libcapi324v22x.a(ATTINY_get_IR_state.o)
 .data          0x00800105        0xe ../../../../../ECEN 345/CeenBot/capi324v22x-v2.06.000R\libcapi324v22x.a(LCD_globals.o)
                0x00800105                LCD_stdout
 .data          0x00800113        0x8 ../../../../../ECEN 345/CeenBot/capi324v22x-v2.06.000R\libcapi324v22x.a(STEPPER_globals.o)
                0x00800113                Motor_L_LUT
                0x00800117                Motor_R_LUT
 .data          0x0080011b        0x6 c:/users/akrs7/onedrive/documents/ecen 345/ceenbot/7.0/toolchain/avr8/avr8-gnu-toolchain/bin/../lib/gcc/avr/5.4.0/../../../../avr/lib/avr5\libc.a(malloc.o)
                0x0080011b                __malloc_heap_end
                0x0080011d                __malloc_heap_start
                0x0080011f                __malloc_margin
 *(.data*)
 *(.gnu.linkonce.d*)
 *(.rodata)
 *(.rodata*)
 .rodata.str1.1
                0x00800121       0x56 main.o
 *(.gnu.linkonce.r*)
                0x00800178                . = ALIGN (0x2)
 *fill*         0x00800177        0x1 
                0x00800178                _edata = .
                0x00800178                PROVIDE (__data_end, .)

.bss            0x00800178      0x11c
                0x00800178                PROVIDE (__bss_start, .)
 *(.bss)
 .bss           0x00800178        0x2 ../../../../../ECEN 345/CeenBot/capi324v22x-v2.06.000R\libcapi324v22x.a(STEPPER_step.o)
 .bss           0x0080017a        0x2 ../../../../../ECEN 345/CeenBot/capi324v22x-v2.06.000R\libcapi324v22x.a(STEPPER_step2.o)
 .bss           0x0080017c        0xb ../../../../../ECEN 345/CeenBot/capi324v22x-v2.06.000R\libcapi324v22x.a(ATTINY_get_IR_state.o)
 .bss           0x00800187       0x40 ../../../../../ECEN 345/CeenBot/capi324v22x-v2.06.000R\libcapi324v22x.a(ISR_globals.o)
                0x00800187                CBOT_ISR_vtable
 .bss           0x008001c7       0x10 ../../../../../ECEN 345/CeenBot/capi324v22x-v2.06.000R\libcapi324v22x.a(SPI_globals.o)
                0x008001c7                spi_config_func_LUT
 .bss           0x008001d7       0x10 ../../../../../ECEN 345/CeenBot/capi324v22x-v2.06.000R\libcapi324v22x.a(SPKR_globals.o)
                0x008001d7                tone_mode_active
                0x008001d8                beep_mode_active
                0x008001d9                spkr_accum32
                0x008001dd                spkr_freq
                0x008001e1                beep_accum16
                0x008001e3                beep_freq
                0x008001e5                p_Freq_LUT
 .bss           0x008001e7        0x2 ../../../../../ECEN 345/CeenBot/capi324v22x-v2.06.000R\libcapi324v22x.a(TMRSRVC_globals.o)
                0x008001e7                timer_busy_status
                0x008001e8                timer_run_status
 .bss           0x008001e9        0x1 ../../../../../ECEN 345/CeenBot/capi324v22x-v2.06.000R\libcapi324v22x.a(STEPPER_process_run_mode.o)
 .bss           0x008001ea        0x4 ../../../../../ECEN 345/CeenBot/capi324v22x-v2.06.000R\libcapi324v22x.a(STEPPER_process_pwm.o)
 *(.bss*)
 .bss.previous_action.3794
                0x008001ee        0x9 main.o
 .bss.sense_timer.3769
                0x008001f7        0x9 main.o
 .bss.timer_started.3768
                0x00800200        0x1 main.o
 .bss.sense_timer.3763
                0x00800201        0x9 main.o
 .bss.timer_started.3762
                0x0080020a        0x1 main.o
 .bss.previous_state.3746
                0x0080020b        0x1 main.o
 *(COMMON)
 COMMON         0x0080020c        0x9 main.o
                0x0080020c                action
 COMMON         0x00800215       0x15 ../../../../../ECEN 345/CeenBot/capi324v22x-v2.06.000R\libcapi324v22x.a(SYS_globals.o)
                0x00800215                CBOT_SYSTEM_refcount
 COMMON         0x0080022a        0x5 ../../../../../ECEN 345/CeenBot/capi324v22x-v2.06.000R\libcapi324v22x.a(LCD_globals.o)
                0x0080022a                LCD_params
 COMMON         0x0080022f        0x1 ../../../../../ECEN 345/CeenBot/capi324v22x-v2.06.000R\libcapi324v22x.a(SPI_globals.o)
                0x0080022f                curr_spi_addr
 COMMON         0x00800230       0x39 ../../../../../ECEN 345/CeenBot/capi324v22x-v2.06.000R\libcapi324v22x.a(STEPPER_globals.o)
                0x00800230                STEPPER_params
                0x00800267                step_done
 COMMON         0x00800269       0x1e ../../../../../ECEN 345/CeenBot/capi324v22x-v2.06.000R\libcapi324v22x.a(ATTINY_globals.o)
                0x00800269                ATTINY_params
 COMMON         0x00800287        0x3 ../../../../../ECEN 345/CeenBot/capi324v22x-v2.06.000R\libcapi324v22x.a(TMRSRVC_globals.o)
                0x00800287                tmrNodes
 COMMON         0x0080028a        0x4 c:/users/akrs7/onedrive/documents/ecen 345/ceenbot/7.0/toolchain/avr8/avr8-gnu-toolchain/bin/../lib/gcc/avr/5.4.0/../../../../avr/lib/avr5\libc.a(malloc.o)
                0x0080028a                __brkval
                0x0080028c                __flp
 COMMON         0x0080028e        0x6 c:/users/akrs7/onedrive/documents/ecen 345/ceenbot/7.0/toolchain/avr8/avr8-gnu-toolchain/bin/../lib/gcc/avr/5.4.0/../../../../avr/lib/avr5\libc.a(iob.o)
                0x0080028e                __iob
                0x00800294                PROVIDE (__bss_end, .)
                0x00004904                __data_load_start = LOADADDR (.data)
                0x0000497c                __data_load_end = (__data_load_start + SIZEOF (.data))

.noinit         0x00800294        0x0
                [!provide]                PROVIDE (__noinit_start, .)
 *(.noinit*)
                [!provide]                PROVIDE (__noinit_end, .)
                0x00800294                _end = .
                0x00800294                PROVIDE (__heap_start, .)

.eeprom         0x00810000        0x0
 *(.eeprom*)
                0x00810000                __eeprom_end = .

.fuse
 *(.fuse)
 *(.lfuse)
 *(.hfuse)
 *(.efuse)

.lock
 *(.lock*)

.signature
 *(.signature*)

.user_signatures
 *(.user_signatures*)

.stab
 *(.stab)

.stabstr
 *(.stabstr)

.stab.excl
 *(.stab.excl)

.stab.exclstr
 *(.stab.exclstr)

.stab.index
 *(.stab.index)

.stab.indexstr
 *(.stab.indexstr)

.comment        0x00000000       0x5c
 *(.comment)
 .comment       0x00000000       0x30 main.o
                                 0x31 (size before relaxing)
 .comment       0x00000030       0x2c c:/users/akrs7/onedrive/documents/ecen 345/ceenbot/7.0/toolchain/avr8/avr8-gnu-toolchain/bin/../lib/gcc/avr/5.4.0/../../../../avr/lib/avr5\libprintf_flt.a(vfprintf_flt.o)
                                 0x2d (size before relaxing)
 .comment       0x0000005c       0x31 c:/users/akrs7/onedrive/documents/ecen 345/ceenbot/7.0/toolchain/avr8/avr8-gnu-toolchain/bin/../lib/gcc/avr/5.4.0/../../../../avr/lib/avr5\libc.a(malloc.o)
 .comment       0x0000005c       0x31 c:/users/akrs7/onedrive/documents/ecen 345/ceenbot/7.0/toolchain/avr8/avr8-gnu-toolchain/bin/../lib/gcc/avr/5.4.0/../../../../avr/lib/avr5\libc.a(fputc.o)
 .comment       0x0000005c       0x31 c:/users/akrs7/onedrive/documents/ecen 345/ceenbot/7.0/toolchain/avr8/avr8-gnu-toolchain/bin/../lib/gcc/avr/5.4.0/../../../../avr/lib/avr5\libc.a(iob.o)
 .comment       0x0000005c       0x31 c:/users/akrs7/onedrive/documents/ecen 345/ceenbot/7.0/toolchain/avr8/avr8-gnu-toolchain/bin/../lib/gcc/avr/5.4.0/../../../../avr/lib/avr5\libc.a(puts.o)

.note.gnu.avr.deviceinfo
                0x00000000       0x40
 .note.gnu.avr.deviceinfo
                0x00000000       0x40 C:/Users/akrs7/OneDrive/Documents/ECEN 345/CeenBot/7.0/Packs/atmel/ATmega_DFP/1.3.300/gcc/dev/atmega324p/avr5/crtatmega324p.o

.note.gnu.build-id
 *(.note.gnu.build-id)

.debug
 *(.debug)

.line
 *(.line)

.debug_srcinfo
 *(.debug_srcinfo)

.debug_sfnames
 *(.debug_sfnames)

.debug_aranges  0x00000000       0x20
 *(.debug_aranges)
 .debug_aranges
                0x00000000       0x20 main.o

.debug_pubnames
 *(.debug_pubnames)

.debug_info     0x00000000     0x122b
 *(.debug_info .gnu.linkonce.wi.*)
 .debug_info    0x00000000      0x6cc C:/Users/akrs7/OneDrive/Documents/ECEN 345/CeenBot/7.0/Packs/atmel/ATmega_DFP/1.3.300/gcc/dev/atmega324p/avr5/crtatmega324p.o
 .debug_info    0x000006cc      0xb5f main.o

.debug_abbrev   0x00000000      0x966
 *(.debug_abbrev)
 .debug_abbrev  0x00000000      0x66e C:/Users/akrs7/OneDrive/Documents/ECEN 345/CeenBot/7.0/Packs/atmel/ATmega_DFP/1.3.300/gcc/dev/atmega324p/avr5/crtatmega324p.o
 .debug_abbrev  0x0000066e      0x2f8 main.o

.debug_line     0x00000000      0x561
 *(.debug_line .debug_line.* .debug_line_end)
 .debug_line    0x00000000      0x151 C:/Users/akrs7/OneDrive/Documents/ECEN 345/CeenBot/7.0/Packs/atmel/ATmega_DFP/1.3.300/gcc/dev/atmega324p/avr5/crtatmega324p.o
 .debug_line    0x00000151      0x410 main.o

.debug_frame    0x00000000      0x234
 *(.debug_frame)
 .debug_frame   0x00000000      0x234 main.o

.debug_str      0x00000000      0x946
 *(.debug_str)
 .debug_str     0x00000000      0x255 C:/Users/akrs7/OneDrive/Documents/ECEN 345/CeenBot/7.0/Packs/atmel/ATmega_DFP/1.3.300/gcc/dev/atmega324p/avr5/crtatmega324p.o
 .debug_str     0x00000255      0x6f1 main.o
                                0x73c (size before relaxing)

.debug_loc      0x00000000      0xa21
 *(.debug_loc)
 .debug_loc     0x00000000      0xa21 main.o

.debug_macinfo
 *(.debug_macinfo)

.debug_weaknames
 *(.debug_weaknames)

.debug_funcnames
 *(.debug_funcnames)

.debug_typenames
 *(.debug_typenames)

.debug_varnames
 *(.debug_varnames)

.debug_pubtypes
 *(.debug_pubtypes)

.debug_ranges
 *(.debug_ranges)

.debug_macro
 *(.debug_macro)
OUTPUT(CEENBoT-Project.elf elf32-avr)
LOAD linker stubs
